5d 53 4c 49 4e 56 5c 65 68 69 6a 6c 6b 6c 39 d 3d 6a 6b 6b 6a 6a 69 6b 6b 69 4e e 26 6a 6c 6b 6a 67 65 65 67 6a 6a 6b 6b 30 d 47 6a 6b 6a 6a 69 66 62 5f 59 56 54 53 53 50 5a 5e 5e 60 5f 5d
4a 43 4c 5b 63 66 66 68 6b 6a 6b 46 d 2e 6a 6c 6b 6a 68 67 68 69 63 48 2c 36 54 64 68 68 68 68 69 69 65 4a 25 33 58 67 6a 6b 6a 6a 6a 68 42 14 35 66 6c 6b 69 68 66 5f 56 4a 44 4c 54 5b 61 64
55 4e 46 47 57 60 62 65 66 63 5c 47 2c 37 5b 67 69 68 67 68 67 4e 1c 2a 5d 68 6a 6a 68 68 61 28 18 4d 66 6a 6a 6a 68 67 5a 22 1e 55 68 69 67 68 67 67 65 43 23 36 58 66 69 68 63 61 5d 53 43 44
53 49 42 4a 5b 63 66 6a 6a 6a 67 4a 14 2d 66 6b 6a 68 68 68 69 69 5d 29 1d 4f 68 6b 69 69 69 6a 5c 35 28 48 61 6a 6a 69 69 62 3b 1c 3f 65 6a 6a 68 65 60 57 4c 41 43 54 5f 63 61 61 5f 58 50 4d
62 66 63 61 58 44 38 46 5b 64 67 69 69 67 67 64 39 1e 44 62 66 68 67 67 69 69 66 53 25 29 55 66 6a 69 68 67 66 64 59 32 28 4d 63 68 6a 6a 6a 6a 6a 59 f 1a 66 6b 6b 6a 69 67 62 5c 4f 42 45 50
4f 59 62 63 66 68 69 6a 69 54 1c 24 5e 6b 6c 6b 69 64 61 62 63 5f 56 48 41 4a 55 5c 64 65 66 67 69 6a 6b 63 22 18 55 67 6c 6a 69 69 6a 6a 67 47 15 30 65 6b 6b 69 68 68 66 62 55 41 3c 4d 5e 62
5c 56 49 41 4a 58 63 66 66 68 6b 6a 6a 4d 15 29 62 6b 6a 68 68 6b 69 6a 6a 2f d 46 6a 6c 6b 6a 69 68 67 5d 39 27 43 5d 68 69 68 68 68 69 66 3d 1b 3a 63 69 69 69 69 67 64 59 48 3f 46 55 5d 62
5a 5c 58 46 43 52 5f 63 64 62 60 59 42 34 45 5c 66 67 66 67 64 56 36 2f 4c 60 65 66 67 68 69 5d 25 1e 53 67 6b 69 69 67 5a 34 26 49 64 69 6a 6a 6a 57 13 1e 62 6b 6a 69 69 65 54 31 2e 4f 61 66
50 57 5d 60 62 65 62 55 37 31 50 5f 65 67 67 69 68 61 2d 18 4b 66 6a 6a 67 68 67 53 1e 25 5c 68 69 69 68 65 60 40 22 3a 5f 67 68 68 68 68 66 4a 17 2d 62 69 69 68 65 65 5f 46 30 3d 58 61 65 63
5f 62 60 59 3c 30 4a 60 68 6b 6a 59 26 22 53 67 6a 6a 68 42 1c 37 5f 68 6a 6a 66 44 16 32 63 69 69 68 69 5f 3d 23 3c 5d 67 67 64 66 61 48 38 3d 4e 5e 63 63 63 63 5a 43 34 46 5b 62 62 5f 5b 50
4c 40 43 53 61 65 66 64 60 4c 2c 34 58 66 66 66 66 68 65 48 20 2f 5c 68 67 67 67 67 5c 33 24 47 62 69 68 68 65 4f 24 2b 58 65 68 69 69 66 4b 1b 2b 5e 68 68 67 67 64 56 35 2c 49 5e 64 64 63 5e
65 66 61 56 44 39 47 5a 64 67 69 68 69 69 6b 66 2c 13 49 69 6b 6b 69 67 67 67 66 65 54 32 2f 4c 62 68 67 67 69 69 69 66 4f 25 2a 57 6a 6a 69 68 6a 6a 69 56 24 23 55 69 6b 6a 67 65 62 5d 52 49
5f 63 63 62 61 61 5b 46 3a 49 5a 61 66 67 68 6a 6a 6a 5b 1b 1b 5c 6b 6b 6a 67 68 6a 69 66 50 20 28 5b 69 6b 69 67 66 6b 6a 6c 60 12 15 63 6b 6c 69 67 67 66 62 5d 51 3d 40 55 5c 61 64 63 62 5e
4e 55 5a 5a 53 3e 3b 4f 5f 64 60 52 38 32 4b 5f 64 63 58 3c 29 41 5d 66 67 5f 37 21 40 60 6a 68 59 31 21 47 63 68 66 57 2e 24 4a 64 69 65 51 29 2a 53 65 66 61 55 3b 30 46 5c 62 5e 58 4a 3f 48
5c 63 65 63 59 40 31 40 5c 66 68 6a 68 63 3e 1a 39 62 69 68 67 67 65 58 31 28 4b 61 67 69 69 68 5b 2e 20 49 65 69 68 67 5b 3c 2d 41 5c 68 6a 6a 66 37 14 3e 67 6a 69 65 5b 4a 43 45 4e 5b 60 59
65 68 69 68 68 66 59 39 2a 46 63 69 6a 6a 6a 69 6a 6b 6b 65 26 11 4f 6c 6b 6a 68 67 68 6a 6a 6b 6b 6c 2b d 4c 69 6c 6a 69 69 69 6a 6a 62 4b 38 41 57 60 61 60 63 67 66 62 5e 57 51 51 53 58 5c
61 58 3c 2f 48 62 66 66 69 69 60 35 1d 43 64 68 68 68 67 5e 3f 25 3c 5d 67 68 65 63 5c 3f 2d 41 5b 64 69 67 61 44 28 3a 59 65 69 6a 69 4b 1f 2e 59 67 6a 6a 67 53 23 29 59 68 68 66 60 4d 3e 46
5d 61 64 64 62 61 59 48 36 41 5b 64 66 68 68 69 6a 69 58 16 1e 61 6a 6a 69 66 66 67 67 60 3f 24 3c 5e 68 6a 69 68 6a 6b 62 1d 15 59 6b 6b 69 69 68 65 61 4e 2c 34 59 67 67 66 64 5f 5b 58 55 52
53 4f 4d 4c 52 5a 5d 5d 57 4d 40 44 51 59 61 65 65 52 30 2e 4d 61 67 67 65 45 20 36 5c 67 69 68 5b 2b 20 4e 65 69 69 66 4d 1e 29 5a 67 6a 69 66 44 1a 32 5f 68 69 66 5d 48 37 3c 51 61 64 5e 55
44 40 4f 5c 62 64 64 66 60 41 25 3c 60 68 69 69 68 67 54 22 23 55 67 6a 69 69 67 63 4b 23 2c 58 68 69 68 69 65 62 49 26 32 56 64 67 67 68 68 68 58 24 1d 50 69 6a 69 68 62 5e 50 3e 3b 4a 5c 62
55 48 3c 48 5b 65 68 69 60 37 24 45 63 6a 6b 65 40 1d 3b 62 6a 6b 69 57 25 24 55 67 6a 69 68 61 3a 1e 3d 60 68 66 66 69 6a 5d 2a 1d 4a 64 6a 68 60 58 55 54 50 4c 47 4c 54 59 5b 5d 5c 58 53 50
5d 60 5a 55 55 49 46 53 5d 64 67 6a 6b 59 31 28 4a 64 6a 6b 6a 69 58 22 24 58 66 68 69 6b 6a 67 4d 19 2b 61 69 6a 69 6a 6a 69 5e 25 1e 53 65 6b 69 69 69 69 63 43 29 3c 58 65 68 67 64 61 57 4c
53 4f 4a 50 5c 5f 63 68 69 69 69 67 69 6b 59 31 22 49 6a 6b 6b 6b 6a 6b 69 6a 6a 6a 6b 3e 1b 3b 5c 6b 6a 6a 6b 6a 6a 6a 6b 6b 6a 48 f 2e 69 6c 6b 6b 6b 69 68 66 62 5c 53 4d 4c 4f 56 5c 61 65
5d 60 62 63 5b 4d 40 42 4f 5c 63 65 68 6a 6a 60 24 1a 53 68 6b 69 68 68 67 63 44 1f 35 5f 69 69 67 67 67 68 60 2d 1d 4c 65 6a 69 69 6a 69 58 1a 1d 5c 6a 6b 69 66 65 61 54 40 3a 48 58 63 65 64
61 64 62 5f 54 36 33 50 61 65 67 6a 68 68 56 22 23 55 68 6a 68 68 65 63 57 33 29 4a 61 66 68 67 65 66 65 54 25 27 57 68 69 68 67 67 66 50 1d 27 5b 68 6a 68 66 66 62 4c 25 2e 58 67 69 67 60 5a
4a 50 57 5e 67 69 6a 6a 6a 6b 6b 6b 3d b 39 6a 6c 6c 6b 6b 6a 69 6a 6a 69 60 46 32 36 50 68 6b 6a 6a 69 69 69 6a 6b 6b 6c 36 b 40 6b 6c 6b 6a 6a 69 69 65 60 5c 52 4b 4f 51 55 5d 62 65 65 64
5e 54 4c 43 45 55 5e 64 67 69 69 69 68 5b 2c 1f 4c 66 6a 69 64 5f 60 66 68 6a 6b 2c f 4a 68 6b 6a 69 6a 68 5b 33 20 46 65 6a 6a 68 69 65 5f 4e 2e 31 56 68 67 66 65 64 5f 59 54 48 42 4e 5e 61
60 5d 5b 57 56 58 57 54 58 5c 61 63 64 63 61 5e 58 4d 40 49 5c 64 67 67 67 69 6b 69 65 3b 1a 3f 65 6b 6b 6a 69 68 6b 6a 6b 61 f 14 67 6c 6c 6a 67 64 62 65 69 6b 6b 69 3e 1b 3c 5f 69 6a 6a 69
63 60 5a 4f 43 47 5b 64 64 66 68 67 60 5d 5e 5b 51 49 50 5b 60 58 54 5c 62 65 68 69 6b 6a 6c 6c 10 b 65 6c 6c 6b 6b 69 69 6b 6b 6b 4a e 2b 68 6c 6b 6c 6b 68 67 66 61 5d 53 47 45 48 57 66 67
56 5a 5f 60 5f 52 3e 44 56 5f 62 65 69 69 5a 2c 24 50 65 69 69 65 64 60 4f 32 37 55 62 67 68 6b 6a 62 2b 17 4a 67 69 6a 69 68 58 26 26 57 66 6a 6b 6b 69 47 16 2d 60 69 6a 68 65 57 45 41 4d 57
4c 55 5e 63 66 62 50 33 36 54 66 6b 6a 69 5f 30 1d 48 65 6a 6a 69 65 4b 26 31 59 67 6a 6b 69 61 33 16 41 67 6b 69 69 67 5c 3b 27 41 5e 66 66 65 67 69 65 3d 1c 39 5e 69 69 66 63 5b 4d 42 47 52
57 5a 5c 5e 5f 60 62 62 61 58 4c 44 49 57 5f 65 68 69 6a 6a 6b 5c 25 1e 52 68 6b 6b 69 69 6a 6a 6b 63 27 13 4f 6b 6b 6b 69 67 67 6a 6b 6b 6c 35 d 41 69 6b 6b 6a 68 66 65 63 5d 54 47 45 50 5c
50 59 61 66 68 68 67 66 67 5b 3e 2e 43 5e 69 6b 67 65 65 66 66 65 63 51 39 40 52 5b 62 63 64 65 66 66 68 69 6b 52 23 2d 59 68 6a 6a 68 69 6a 6a 6b 60 d 15 69 6c 6c 6a 69 69 68 65 62 5c 49 3e
5a 57 54 57 5a 5d 61 62 5d 5b 59 51 4c 4a 52 62 66 67 69 6a 6b 61 27 1a 52 6a 6b 6a 66 68 69 6a 65 33 15 43 68 6b 6b 68 66 67 6a 6a 6c 61 10 14 65 6b 6c 6a 67 65 63 62 5f 59 4c 41 47 56 5f 63
60 63 60 52 36 34 50 5f 66 67 65 66 64 55 22 21 57 6a 6a 68 67 68 67 5c 1b 19 5c 69 6b 67 64 66 66 5f 37 1f 43 60 69 67 66 67 67 5b 24 20 55 65 67 67 65 64 5f 47 2f 3c 58 63 65 64 5e 5b 51 4d
4d 46 4b 57 5e 63 62 55 36 35 50 61 67 68 63 3c 24 43 60 67 66 60 3e 2b 43 5f 66 66 5b 40 2b 40 5f 66 67 65 59 32 26 48 62 68 69 68 57 28 24 50 64 69 69 68 50 21 29 58 66 69 66 5c 4a 37 3e 55
68 67 63 5f 56 44 3b 4a 5e 65 68 6a 6a 6a 6a 6b 6b 6b 5c 15 19 61 6c 6c 6b 6b 6a 69 69 69 6a 6a 6a 43 e 33 6a 6c 6b 6b 6a 6a 68 67 68 69 63 57 49 3e 45 54 5f 66 67 69 68 66 66 62 5c 53 50 53
5b 58 49 41 53 62 66 69 67 54 2f 2b 50 67 6b 6a 68 4f 28 34 59 68 6a 6a 68 45 18 34 62 69 69 69 69 67 54 26 25 51 67 69 67 67 69 69 58 24 22 53 66 68 66 65 65 62 57 41 39 48 57 60 64 63 61 58
61 62 5f 5c 59 53 4d 4a 4f 59 5f 64 67 69 6a 6a 46 21 39 5b 67 69 69 69 6a 6a 5b 27 21 51 66 69 69 68 68 69 69 64 43 1c 35 61 69 6b 67 64 64 6a 69 6b 6b 27 d 4f 6a 6b 69 69 65 60 5c 56 52 50
5c 57 53 50 4f 54 5f 63 64 66 61 4b 37 3f 57 64 69 6a 69 6b 65 30 15 47 68 6b 6a 6a 6a 69 65 40 1a 37 62 69 6a 68 69 6a 6a 69 4e 15 26 62 6a 6b 68 64 66 68 68 67 51 30 33 4f 60 66 68 68 66 60
5b 5f 60 61 5f 58 53 4b 45 4d 5a 62 66 69 69 6b 5d 2a 21 4e 66 6b 6a 6b 6a 6a 56 20 21 58 68 69 69 6a 6a 6a 67 48 19 2f 5e 69 6a 69 68 6a 6b 6b 60 21 16 53 6b 6a 6a 68 65 61 5b 51 4a 4b 4f 54
5e 4f 3f 41 51 5d 61 64 67 69 6b 6b 69 4a e 2a 69 6b 6b 68 66 67 69 69 5f 3e 20 3b 62 69 69 68 66 67 69 68 60 40 1e 37 64 6b 6a 66 64 67 6a 6b 6b 5a 21 1c 55 6a 6b 67 65 65 65 62 59 4f 48 4a
68 64 5c 55 48 3b 45 5c 67 6a 6b 6a 6a 6a 69 6a 6b 6a 57 28 20 4f 6b 6c 6c 6b 6a 69 68 69 69 6a 6a 6b 6c 3a 13 3f 65 6b 6a 6b 6a 69 6a 67 66 65 5b 50 4c 4f 55 59 5d 61 63 65 66 62 5f 5f 5d 5a
61 63 64 65 63 5f 5c 54 47 41 4e 5d 63 68 68 6a 69 6a 6b 69 3d 15 3b 65 6a 6b 6b 6b 6b 6b 6b 6b 59 c 1b 6a 6b 6c 6a 6a 6a 69 69 6a 6a 69 57 2e 29 4f 63 67 69 69 68 68 65 64 5e 55 4e 4e 50 52
5b 5f 60 64 64 62 5c 4a 3d 42 54 64 67 65 62 62 66 6a 6a 66 41 1d 38 5f 69 6b 68 61 5f 64 68 6a 6c 46 14 31 63 6b 6a 69 6a 6a 63 42 1f 34 60 6b 6b 6a 69 69 68 60 38 1f 42 63 69 69 68 65 60 5a
4d 4e 55 5a 5f 65 68 6a 6b 6a 69 6a 68 63 52 32 29 4d 6a 6c 6b 6c 6b 6a 6a 6a 6a 6a 6a 6a 5f 34 1e 44 66 6b 6b 6c 6b 6b 6a 6b 6a 6a 6a 6a 5d 42 32 41 58 63 68 69 6a 6a 67 66 66 63 5d 57 54 53
5b 58 56 4b 46 52 5f 65 67 68 69 6a 6b 6a 24 10 54 68 6b 6a 6b 6a 6a 6b 69 58 18 1e 5f 6b 6a 6a 68 68 69 69 6a 6a 65 39 12 3e 6a 6a 6a 69 67 66 65 65 65 60 53 3f 3b 51 5e 62 66 65 64 64 61 5d
57 4c 3d 42 58 63 68 6a 69 69 58 20 1f 57 69 6a 66 62 61 61 5c 48 35 3f 54 60 65 64 65 69 60 40 27 3d 5e 68 6a 6a 67 4d 26 32 59 67 6b 6a 69 5b 1e 1c 58 6a 6b 68 65 5e 48 3e 47 4f 59 60 62 5d
57 5e 63 65 63 5f 50 34 36 55 67 67 67 69 6a 6a 5c 21 1e 55 67 69 69 6a 6a 64 41 22 3c 5d 67 6a 6a 6a 68 4a 18 2c 61 69 6a 68 67 68 66 55 28 27 56 67 6a 68 66 65 64 5c 45 3a 45 54 5f 63 65 60
4d 55 61 65 64 61 51 39 37 4e 63 69 69 69 67 52 2a 2e 54 65 69 6a 6a 67 44 18 34 62 69 6b 69 69 66 48 1e 32 5e 67 67 67 68 68 67 59 2b 20 4c 66 69 69 69 67 67 62 47 2e 3d 58 60 64 63 64 5e 57
5c 54 48 49 51 58 5c 61 67 6a 69 57 26 28 54 65 68 69 6a 65 4d 28 34 5d 67 69 68 69 64 4d 24 2c 5b 69 6a 69 68 66 57 2a 2b 56 64 68 67 66 68 6a 67 33 12 41 66 6a 69 65 63 64 5c 4c 40 44 51 5d
3e 3a 36 3c 3c 35 39 3b 3f 3b 34 36 3a 37 3b 3b 3d 38 33 39 3c 36 36 39 3b 3b 36 39 3a 32 37 3c 3f 3b 33 35 3a 36 3b 3b 3c 38 33 3b 3c 35 36 38 3d 3d 36 39 39 31 38 3f 41 39 32 38 3c 38 3c 3c
4e 53 5e 65 68 69 69 68 68 68 67 63 55 40 37 48 5c 66 6a 6b 6b 6a 6b 6a 69 6a 6b 69 5a 28 1d 51 69 6b 6b 6a 6b 6b 6a 6a 6a 6a 6a 6a 6d 57 26 28 55 65 67 69 6b 6a 6a 6a 68 65 61 5a 52 4d 4d 52
52 55 59 5f 62 63 63 64 63 60 5b 4f 42 46 56 61 67 65 68 6a 6a 6a 65 3d 20 41 61 6a 6a 6a 6a 6a 6b 6b 6b 55 d 1f 6a 6c 6c 6b 69 67 66 67 69 6a 6b 6c 39 11 3f 65 6a 6a 6a 69 67 64 62 5c 56 53
43 46 59 5e 59 54 49 3f 47 58 5e 64 5f 45 2b 38 59 68 69 63 4a 22 2e 5b 67 68 64 4f 2a 2c 55 67 68 63 4f 27 2b 55 66 68 65 53 25 26 58 67 69 65 53 2d 24 4d 66 67 63 55 42 39 44 57 5e 5c 56 4d
5f 5c 58 4f 48 52 5c 62 66 66 68 69 67 67 63 55 3d 2f 48 65 68 6a 6a 69 68 69 6b 6a 6a 5d 2a 1a 4f 6b 6c 6a 69 68 67 69 69 6b 6b 6c 6c 19 b 5e 6c 6c 6b 6a 69 68 68 65 5c 55 4f 4d 4f 54 5a 60
51 53 5c 61 5f 50 3d 3f 4f 60 65 66 5d 3b 2e 49 61 68 67 5e 3c 24 41 63 6a 6a 61 3a 1d 3f 63 6a 6a 69 61 32 1b 44 63 69 6a 67 62 3f 20 3a 5d 68 6a 69 65 3e 23 3e 5d 66 64 60 59 4f 47 42 4c 5a
68 68 66 61 59 4e 49 49 4f 5c 63 68 6a 6b 6b 6a 6a 6a 6a 6a 49 c 2c 6b 6c 6b 6b 6a 67 67 69 69 69 6a 6a 6b 6c 3b 19 40 5f 68 6a 6b 6a 6a 6a 67 64 5f 5a 53 52 55 57 59 58 5d 64 64 62 60 60 5e
49 45 4d 5a 64 67 68 68 67 68 69 57 26 25 55 6a 6b 6a 68 66 66 68 67 62 4c 2f 37 55 63 67 69 68 69 6a 6a 69 5e 2c 1c 4e 68 6a 69 68 69 6b 6b 6a 4b 13 2a 65 6b 6b 6a 69 67 65 61 5b 51 42 43 54
66 68 69 68 66 64 5f 53 41 37 48 62 6a 6a 6a 6a 6b 6a 6a 6b 6a 6c 31 b 45 6b 6c 6b 6c 6b 6a 6a 6a 6b 6b 6b 6c 2a b 4c 6b 6c 6b 6c 6a 69 67 65 63 5d 57 51 48 4d 58 5d 61 63 63 65 64 62 61 5a
5d 60 5e 5e 5c 54 4b 45 4b 5b 65 6a 6a 6a 6b 53 20 2a 59 66 6a 6a 6b 6a 63 36 1b 43 66 68 68 68 6a 6a 6a 60 26 19 51 68 6a 68 66 66 69 69 69 67 38 16 40 65 6a 69 67 65 62 5e 59 53 4c 4a 4e 56
67 66 67 68 66 49 1f 35 63 69 6a 6a 66 65 6a 6a 6b 60 1f 17 58 6a 6c 6a 68 64 62 66 6a 6a 6c 65 13 12 64 6c 6c 69 66 66 65 61 53 44 47 58 63 65 5f 56 56 58 5c 5e 5d 5a 54 54 59 5e 60 5b 5a 5b
62 63 61 60 5b 50 42 46 55 5f 64 68 68 68 69 6a 6a 57 25 23 54 68 6a 6a 6a 6a 6a 6a 6a 65 3e 12 38 6b 6b 6b 6a 69 69 68 6a 6a 6c 67 1a f 5d 6b 6b 6b 69 68 66 65 62 5c 55 4b 47 4c 53 5f 64 65
52 3b 38 50 61 64 67 67 5b 34 20 43 64 69 69 67 69 5f 2c 1d 4a 62 67 68 67 5e 42 2d 3e 59 66 66 66 5d 3b 2a 43 5f 66 67 67 5e 38 27 43 5d 65 68 69 65 50 21 29 5a 67 69 68 63 59 3b 32 4a 5b 61
3d 45 55 60 65 67 65 5c 35 26 47 61 67 68 69 67 58 26 22 53 67 68 67 66 64 53 2a 2c 55 63 65 65 66 67 61 3e 22 3d 5d 67 68 68 66 4b 23 33 5c 66 69 69 67 5c 2c 20 4d 64 68 64 62 62 58 42 37 49
55 60 65 66 69 68 66 57 2b 25 52 6a 6b 69 65 65 6a 6a 6a 5c 23 1b 53 6a 6b 69 69 68 67 5e 3d 2b 47 61 68 69 6a 6a 69 4c 18 2c 62 6a 6a 69 68 63 57 41 39 4d 5f 64 64 60 5c 5a 55 51 51 52 58 59
61 5a 4a 3e 43 53 60 66 69 6a 6a 6a 69 2e f 47 69 6b 6a 6a 6b 69 69 53 10 22 67 6a 6a 69 68 68 68 68 62 41 23 3a 5e 67 68 68 68 67 69 67 53 33 2e 4b 62 6a 68 66 66 64 61 54 41 40 50 5c 61 5f
5e 61 63 61 5c 52 47 49 4f 57 60 64 67 68 6a 6b 69 56 24 22 54 69 6c 6a 68 68 6a 6a 64 3f 1b 38 62 6b 6b 69 67 68 6b 6a 64 3e 15 37 68 6b 6b 69 67 67 6a 6b 6a 54 20 21 57 6b 6c 69 68 67 64 5f
45 45 54 63 68 68 69 6b 6b 5a 27 21 4f 66 6b 6a 6a 6b 6a 63 2e 15 4a 69 6a 69 68 69 6b 6a 66 3d 16 39 65 6b 6a 68 65 64 66 68 69 67 48 23 32 59 69 69 68 67 64 60 5a 51 50 55 56 53 52 59 60 60
63 63 56 36 30 48 5b 65 68 69 63 30 19 45 64 6a 69 67 57 25 21 53 66 69 68 66 54 25 23 54 67 6a 67 62 4f 2a 2f 55 63 66 65 5b 42 2d 3e 5d 67 67 60 4d 34 34 4e 61 67 64 5a 47 3b 42 50 5d 61 5a
63 66 66 66 63 5e 50 3c 3b 4f 63 6a 69 69 69 6b 6b 6b 65 22 12 54 6a 6c 6b 6b 69 6a 6a 6a 68 48 10 2e 6a 6b 6b 6a 68 67 69 6a 6a 6b 6a 49 21 33 5a 68 69 69 68 68 65 63 61 5b 4d 4b 51 54 5b 5f
66 67 62 4f 28 31 5b 69 6a 6a 69 6a 65 30 15 47 67 69 68 65 64 62 59 41 32 44 59 64 67 68 69 66 4b 28 31 57 67 68 68 69 66 56 2c 2b 53 65 68 69 69 69 66 39 1a 40 62 68 68 65 60 5a 52 4c 48 4d
64 64 5f 52 3a 38 50 61 67 68 67 69 6a 6b 6a 20 d 55 6b 6b 6a 69 6a 6a 6a 58 1a 1e 5e 69 6a 69 68 68 68 6a 68 48 1c 30 5e 69 6a 68 65 65 68 67 5e 49 37 3e 55 61 65 66 66 61 5e 5b 56 50 51 54
57 42 34 44 5a 64 67 69 6a 5a 26 1e 4e 66 68 67 69 65 56 2a 25 50 62 68 68 69 67 43 18 34 60 69 6a 68 66 4d 24 2f 55 65 68 67 66 57 35 29 46 60 65 64 64 65 57 38 30 49 5f 62 62 5e 5a 50 45 48
64 68 6a 6a 69 68 67 63 5a 4c 3c 37 53 6b 6b 6b 6b 6b 6a 6b 6a 6a 6b 6b 6c 42 b 34 6c 6c 6b 6c 6a 6a 6a 6a 6a 6a 6a 68 5e 45 38 41 53 63 66 68 6a 6a 6a 68 66 63 5e 57 51 51 55 57 59 5e 62 64
62 61 5a 4b 43 48 53 5e 64 67 68 69 6a 6a 6b 68 1e f 59 6b 6b 6a 68 68 6a 6a 67 55 26 2b 59 65 68 69 69 67 65 66 68 67 5c 38 24 47 66 69 68 66 65 65 69 69 6a 66 52 34 35 52 5f 63 66 68 69 67
52 47 3e 4b 5d 66 67 66 50 24 2b 56 67 6a 69 68 4e 1e 2a 59 67 69 66 59 3c 2c 43 5d 65 64 5d 48 34 3b 52 61 67 68 5f 39 1f 3f 64 6b 6b 68 5b 24 1f 54 67 69 65 5b 4d 3e 3e 4e 5b 5e 5a 56 53 4e
61 5e 54 44 3a 45 5c 66 68 69 66 41 1a 37 62 69 68 68 66 56 31 28 4d 62 64 64 65 66 58 29 25 51 65 68 67 61 40 2b 43 5c 69 6a 66 4a 1f 2d 5c 68 69 69 65 4f 2d 30 53 63 65 64 5d 52 44 41 4b 56
40 45 55 63 67 65 5c 38 21 43 63 68 69 67 5d 34 21 44 60 68 69 65 54 28 26 53 64 68 68 63 44 21 35 5c 67 68 66 59 3a 2b 40 5d 66 67 67 5f 31 21 47 60 67 68 65 5f 45 2d 39 56 63 66 65 5b 4a 3c
61 64 67 66 5e 4e 32 34 55 66 69 67 65 69 6a 6a 5b 29 21 4e 66 6a 69 66 64 67 68 67 51 26 2c 56 67 6a 6a 69 69 62 46 24 38 5f 68 6a 69 69 67 52 1b 27 60 6a 69 6a 65 5e 56 51 51 4c 49 54 5e 5f
67 67 68 67 64 5f 56 4f 4b 49 4e 5d 66 6a 6b 6b 6b 6a 6a 6b 6b 6b 4e c 27 6c 6c 6c 6b 6b 6a 69 68 69 67 68 69 6a 63 3c 2c 43 58 66 68 6a 6a 69 6a 6a 69 65 5d 57 54 4c 4a 53 5b 63 65 65 66 65
55 5b 5f 60 5a 4f 3b 38 50 61 66 68 68 5e 31 20 45 61 68 68 67 67 5e 38 21 42 60 66 67 67 67 58 2b 28 4e 62 68 68 67 58 32 25 47 63 69 69 66 4a 1d 31 5f 68 69 66 5c 39 26 46 61 65 62 59 4f 4a
68 69 69 69 69 66 61 5c 50 3c 38 50 67 6b 6b 6a 6b 6a 6a 69 6b 6a 6c 6c d a 6a 6b 6c 6b 6c 6b 6a 69 69 68 65 65 61 51 3f 42 50 5c 62 66 66 67 68 66 67 65 60 58 53 54 54 56 5a 5e 60 61 65 65
60 60 5d 55 44 3b 44 57 65 68 67 67 59 2f 22 4a 65 68 68 68 64 4d 27 30 53 62 67 69 69 63 3e 21 3a 5b 68 69 69 63 45 23 34 5a 68 6b 6b 64 3d 1a 38 61 69 68 69 66 56 2f 27 4b 65 69 66 5e 53 48
5e 5f 5f 5a 57 55 4c 4a 52 5a 62 68 6a 6b 65 35 20 4b 65 6a 6a 69 6b 5f 35 24 47 63 67 66 67 6a 6a 68 49 15 2c 63 6a 6a 68 65 66 69 6a 64 38 19 3e 63 6b 6a 67 63 63 65 64 5c 47 39 45 56 5f 64
59 5d 61 62 5f 51 31 36 5a 67 69 68 68 54 25 29 58 67 68 69 68 5d 29 22 55 67 6a 69 6a 63 32 1b 48 65 68 65 58 54 60 68 6a 5d 28 1c 4f 67 6a 67 65 64 57 46 3e 48 56 5c 60 62 5f 5a 4f 49 4e 54
48 4c 5a 61 62 66 66 64 5c 3a 2f 4d 61 67 68 6a 6a 69 5a 22 21 59 68 6a 69 6a 6a 68 51 1e 29 5d 69 6a 68 69 68 67 5e 33 21 48 63 68 67 62 60 64 69 6a 6a 49 1b 32 5f 68 68 67 65 62 5d 59 50 4b
49 54 5f 66 69 69 69 67 63 4d 21 2d 5d 6a 6b 6a 69 69 6a 6a 66 4c 2a 30 51 65 6b 69 66 65 67 69 69 66 45 1a 33 61 6b 6b 6a 6a 6a 69 65 35 17 41 67 6c 6b 69 68 67 63 5e 4d 36 39 53 63 66 67 64
65 68 68 66 64 60 57 4b 40 45 56 63 69 6a 68 69 68 69 6a 6b 64 3c 19 3c 67 6b 6b 6a 6a 69 6a 6a 6b 6a 6c 68 c e 6a 6c 6b 6a 6b 6b 6a 68 66 62 5c 52 4d 53 4d 4b 5b 65 68 67 64 63 62 5e 5a 58
56 5a 5a 5c 61 63 64 63 65 64 5a 4d 48 4f 57 5f 66 66 65 65 67 6b 66 57 40 33 48 61 68 6a 6a 6a 6a 6a 6b 6a 6b 53 d 23 6a 6c 6c 6b 6a 68 66 67 68 6a 6b 6b 6c 37 11 40 66 6b 6b 6a 6a 68 66 62
58 5b 58 4f 4a 55 5e 5d 5d 57 4d 44 49 57 63 67 68 5a 34 2c 4e 65 6a 6a 69 4c 21 31 5c 67 69 6a 69 4d 18 29 5f 68 69 69 69 67 55 23 23 55 67 68 66 67 6a 69 52 22 25 54 67 69 69 64 5a 4f 48 4a
64 63 59 3d 31 48 5d 66 6a 6a 69 55 1c 21 5b 69 6a 69 68 5e 3b 25 3f 5f 68 69 69 67 57 34 25 45 64 68 66 67 67 5f 43 27 3b 5a 65 68 69 69 68 4e 19 29 5e 69 69 67 67 61 4d 33 34 50 63 66 63 5e
53 55 5d 62 63 63 62 5e 57 42 3b 4e 5c 60 65 67 68 69 6a 64 24 16 55 69 6b 6a 69 69 69 66 47 16 2f 65 6b 6b 69 69 6a 69 6a 59 14 1d 62 6b 6b 6a 68 66 66 63 59 3d 31 4b 5f 63 64 65 62 61 5d 57
54 57 5b 5f 63 65 66 66 65 62 57 49 3f 43 59 66 68 69 68 67 68 6a 6b 5f 3b 2a 42 5c 68 6b 6a 6a 6a 6a 6b 6b 6a 43 d 33 6a 6c 6b 6c 6a 68 69 6b 6b 6b 6c 3b c 3b 6a 6c 6b 6b 6a 69 67 63 5e 57
52 57 5d 61 5d 53 47 43 4e 5a 5f 64 67 60 47 2d 3e 5f 69 69 66 56 32 30 4e 62 69 6a 68 50 26 2b 56 68 69 69 69 62 31 19 46 65 6a 6a 68 69 66 4c 1d 2a 5c 67 69 68 68 68 62 48 27 35 59 65 67 66
64 60 53 35 2d 4b 62 67 67 62 41 22 37 5c 68 69 64 4a 20 2d 5d 6a 69 5f 37 20 41 60 67 67 5f 39 22 41 5e 66 67 5b 3d 2b 40 5d 64 64 5b 42 2e 40 59 61 61 59 4e 3d 3c 54 5c 5b 5d 53 47 49 4e 53
60 65 66 67 68 66 65 5c 34 24 4c 68 6a 69 67 67 69 69 69 60 37 23 45 61 68 69 68 69 69 68 66 55 25 26 57 68 6a 6a 68 69 6b 6a 69 56 17 20 60 6b 6c 6a 68 67 68 68 66 60 43 29 3e 5e 67 68 69 67
54 44 3f 4f 5c 63 65 66 68 68 6a 6a 6a 64 31 15 46 6a 6c 6b 68 66 66 67 69 6a 69 6c 50 1c 2a 5c 69 6b 6a 6a 69 6a 6b 6a 58 20 1e 58 6b 6c 6a 69 67 67 66 64 5e 4a 37 41 56 61 66 66 66 66 63 5f
60 61 5d 50 44 48 53 5c 61 65 66 62 53 3a 36 4d 62 6a 6a 69 5d 36 2a 4e 65 69 6b 6a 68 48 1a 30 61 69 68 67 69 6a 6a 5a 1c 1d 5a 69 6a 69 64 64 66 68 67 40 1c 39 5e 68 69 69 66 5e 56 4f 49 4d
52 53 5d 63 65 65 67 67 66 63 5a 40 31 43 5f 6a 6b 69 69 6a 6a 6b 6b 6b 57 12 1e 63 6b 6c 6b 6b 69 69 69 6a 6b 6b 6b 2f c 46 6a 6c 6b 6b 6a 68 67 66 64 5b 4f 4a 4a 4d 57 5f 62 66 65 64 64 61
49 53 5f 5f 5e 52 36 34 51 61 67 66 5e 4a 2e 37 57 60 64 61 57 50 4a 3d 42 52 5d 63 63 62 54 32 31 50 62 68 67 59 32 25 4a 66 6a 69 54 1f 23 58 69 6a 69 5a 2b 1e 4a 67 6a 67 5f 42 26 3e 5d 62
46 50 5f 64 66 66 63 51 2d 2e 55 68 68 64 63 66 66 56 2e 2c 51 62 67 65 67 68 60 40 2a 41 5b 65 67 68 67 58 33 2c 4c 62 69 6a 69 66 4c 16 2b 65 69 69 67 67 68 5d 2d 1f 4d 65 68 66 63 60 57 4c
5f 63 65 64 5c 48 2f 3b 5a 66 68 68 69 69 66 4d 1f 2e 5d 68 68 66 67 68 68 5a 2a 26 51 65 68 67 68 68 63 3a 22 45 5f 67 69 68 67 5e 34 24 47 63 69 6a 68 69 65 45 20 35 5f 68 69 67 61 5a 4e 44
65 64 62 55 43 3e 4c 5c 62 67 68 68 68 6a 6a 6b 58 19 20 5f 6b 6a 6a 69 68 69 69 69 63 44 2a 3b 56 64 6a 69 68 67 67 6b 6b 6c 6a 14 d 63 6c 6c 6a 6a 69 65 61 5f 5c 54 49 4b 55 55 5b 64 64 63
55 58 5a 5e 62 64 65 61 5b 57 54 48 44 53 5e 63 65 66 68 6b 6a 6b 68 26 11 50 6a 6c 6b 6a 68 6a 69 6a 65 30 14 48 6a 6b 6b 69 67 68 69 6a 6a 6b 4d e 2a 6a 6b 6a 6a 68 65 65 65 60 57 4e 4a 4c
66 64 5f 52 3f 3c 4f 60 67 69 69 6b 6a 6a 6a 6b 68 3b 12 3b 68 6c 6b 6a 6a 69 68 69 6a 69 61 40 2d 43 59 61 66 6a 69 68 69 69 69 6b 6b 6c 45 13 33 65 6b 6b 6a 69 69 68 66 63 5e 55 4f 4b 4e 55
5d 64 66 62 60 5c 51 3c 38 52 63 67 68 69 69 6a 6b 61 17 14 5e 6b 6b 6a 69 67 68 67 5a 32 25 4b 65 69 68 68 68 69 67 55 20 24 5a 68 6b 6a 68 67 67 63 45 24 37 5f 69 68 66 66 64 5f 56 4e 43 47
46 41 50 5b 63 68 68 68 68 64 4e 25 2d 59 67 6a 69 69 69 6a 6a 5a 21 1e 57 68 6a 6b 69 68 67 65 59 29 25 54 63 68 69 68 69 6a 6b 5f 1b 17 5c 6a 6b 6a 68 64 62 5b 4c 3f 44 56 5e 60 60 5f 5f 5f
54 54 52 51 56 5c 5a 55 51 4e 51 5a 62 65 5e 45 36 43 59 66 69 69 58 28 2c 5b 69 6b 6a 68 48 16 2d 60 68 69 6a 68 68 53 1f 24 57 66 69 67 67 69 68 4d 1c 2a 5b 67 69 66 65 64 5e 49 32 3c 58 62
61 64 63 5b 3e 2d 41 5b 66 67 69 69 5d 29 1f 51 66 69 66 65 64 52 2f 2e 4f 63 67 67 68 66 5a 2d 24 4f 62 68 68 67 65 56 2f 27 4d 64 68 68 6a 68 53 1f 25 59 68 69 67 69 61 3f 25 3e 5e 66 67 62
5f 62 65 66 65 64 60 5a 4e 3f 41 55 63 68 6a 6a 6a 6b 6b 6b 67 2e 10 49 6b 6b 6b 6a 6b 6a 6a 6b 6b 6a 4c d 2a 6b 6c 6b 6a 6a 68 68 68 6a 6a 6a 60 3c 28 40 5b 68 69 69 6a 68 67 64 5f 58 50 4d
46 47 54 5f 66 68 68 69 6a 6b 6a 6a 43 d 32 6a 6b 6b 6a 6a 69 69 6a 6a 6a 6a 3d 19 3b 5e 6b 6b 6a 6a 6a 6b 6a 6c 68 3e f 38 6a 6c 6b 6a 69 69 66 62 5e 53 4a 4d 51 55 5a 61 63 63 63 62 5f 5b
63 68 6a 6a 6a 6b 6a 6a 67 5d 3f 1b 3a 6b 6c 6b 6b 6b 69 69 68 6a 69 69 6b 6b 6d 30 c 47 6b 6c 6c 6b 6b 6a 6a 6a 6a 66 5d 52 4c 4c 50 59 5d 5f 63 66 67 67 65 64 62 5c 58 55 52 53 58 5e 60 63
58 5e 63 62 52 38 33 4a 5c 66 69 6b 61 31 1a 44 65 68 68 66 5b 2b 1f 4c 65 69 69 67 57 21 20 55 68 6a 69 65 50 22 26 55 67 69 67 66 59 38 2a 45 5d 63 65 65 5d 4c 3a 3e 4f 5c 5f 5e 5f 57 48 47
60 64 63 5f 5b 51 4c 4c 4f 58 60 66 65 66 68 67 68 64 51 35 33 4d 62 69 6a 67 63 65 67 6a 6a 6c 6d 16 a 60 6c 6c 6a 69 69 6a 6a 6a 5e 24 1a 53 6a 6c 6a 69 69 68 68 66 56 3a 38 4c 59 63 68 67
4a 3f 45 57 60 66 68 69 6b 67 34 12 40 67 6b 6a 69 69 68 5f 2a 1a 4d 67 6a 69 68 69 65 54 2b 28 52 65 67 66 68 69 69 66 39 15 3c 65 6a 6a 67 65 65 5f 45 39 48 56 5b 5d 61 61 5f 5a 52 4b 4c 54
51 48 44 4b 58 5e 5e 57 49 39 41 56 60 62 5b 41 2f 42 5a 63 65 5d 3b 24 3f 5d 67 66 5e 3d 22 3c 5f 66 66 5e 38 1f 3d 5f 67 67 5e 37 1d 3e 62 68 67 5e 38 1e 3e 62 69 65 57 3e 2e 3f 5a 61 5e 58
5f 61 61 64 61 57 4c 48 4c 56 60 65 64 64 68 68 5b 39 30 4c 62 67 69 6a 6b 6a 69 4e 1b 2a 5e 6a 69 6a 69 69 69 6a 69 55 18 21 5f 6a 6b 6a 67 66 67 6a 6a 6b 61 2a 1a 4f 67 6a 69 69 69 63 60 5c
4c 48 4b 54 5f 64 66 66 58 34 2b 4c 64 68 67 67 66 54 2f 2d 4d 62 68 68 67 68 60 37 1e 41 63 68 69 66 67 68 5a 27 22 52 65 69 67 69 6a 63 20 15 56 69 69 68 67 63 55 31 30 52 61 64 62 5f 59 51
5b 52 49 45 4a 5a 63 65 68 6a 6a 6b 5e 2e 19 47 68 6a 69 66 65 67 69 6b 68 2e 13 48 67 6b 6a 6a 69 66 56 2d 2a 52 64 67 69 6a 6a 66 56 26 23 56 6a 6a 69 68 65 5c 4e 40 43 55 5c 5f 62 5f 5c 57
41 44 57 62 66 67 60 3f 23 3c 5d 67 68 67 67 57 27 23 52 67 69 69 67 59 32 27 47 5e 67 69 68 57 2b 29 51 64 69 6a 67 4e 27 2b 4e 65 68 68 67 63 44 1e 32 5d 69 67 66 67 61 41 26 3a 5b 66 67 60
49 54 5c 5f 65 65 63 62 5d 48 35 3f 57 62 66 67 67 69 69 67 51 21 28 59 69 6a 68 67 67 68 6a 65 2b 16 4e 67 6b 6a 68 68 68 5f 35 1d 45 67 6a 6a 69 69 68 5c 3b 22 3f 63 6a 69 67 65 61 58 4d 48
5a 54 4d 4a 4d 5a 65 68 69 6a 6a 6b 6b 6b 46 14 32 63 6a 6b 6b 6a 6a 69 6b 6a 6a 5c d 19 69 6c 6c 6b 6a 68 64 65 67 69 6b 68 55 30 2b 4b 63 6a 6b 6a 67 67 66 62 60 5b 53 4b 4b 55 5a 5d 62 64
59 51 42 43 53 61 69 6a 68 69 6a 6a 6a 6a 69 69 57 26 20 52 6b 6c 6c 6b 6b 6a 6a 6a 6a 6a 6a 68 60 35 21 45 63 6a 6b 6b 6a 6a 6a 69 69 68 65 61 52 3e 42 53 5c 61 65 67 67 67 66 65 63 60 58 51
44 4f 5a 5e 5f 60 5e 4b 33 3a 54 61 65 67 68 67 46 16 2f 61 69 68 68 67 5f 37 21 41 5f 66 67 67 64 50 29 2d 53 64 68 6a 68 54 27 24 50 67 68 68 68 5d 2e 1f 49 63 69 67 64 5a 46 38 41 55 60 62
5c 58 4b 47 49 54 60 65 68 67 67 6a 6a 6c 54 f 20 66 6b 6b 69 67 66 69 69 6a 68 36 14 41 64 6b 69 68 67 69 6a 6b 63 30 14 46 6b 6b 6a 68 66 68 66 61 57 43 39 49 5c 63 62 63 63 63 5f 5c 58 54
58 4e 42 44 54 61 65 67 68 67 67 60 39 21 41 61 68 69 69 69 69 69 60 2b 16 4a 69 6b 69 69 69 67 66 52 24 28 57 66 69 69 68 6a 6a 68 4d 16 29 62 6a 6a 69 67 66 63 5f 50 36 37 52 60 64 67 66 62
4d 54 5e 66 68 69 6b 6a 6a 6b 6b 6c 40 d 36 6a 6c 6b 6b 6b 6b 6b 6a 69 69 69 5e 43 33 43 55 5e 68 6b 6a 69 6a 69 68 6a 6a 6b 6c 3b 12 3c 65 6c 6c 6b 6b 6a 69 65 5f 5d 58 53 51 53 54 58 5e 62
