65 68 66 63 57 34 27 4b 67 6a 6a 68 68 6a 67 55 30 2a 4e 63 67 67 64 68 69 6b 6b 30 e 45 67 6b 6a 6a 68 5d 3a 28 43 60 68 69 69 68 64 52 28 2a 57 68 69 65 65 61 5d 51 41 44 52 5b 5e 62 63 5d
64 67 66 5b 37 27 44 5e 68 6a 6a 69 62 2c 17 4a 66 6a 68 67 67 62 3b 20 3c 5e 68 68 68 68 65 46 21 34 5a 67 68 67 67 5a 38 2c 46 5c 66 67 68 67 5b 32 20 48 66 6a 68 68 62 4a 31 3b 54 60 63 61
45 3e 4a 5a 64 68 6a 6a 5f 2b 19 4a 67 69 69 69 69 64 3e 20 3b 5e 69 6a 69 69 63 39 1d 3f 62 68 69 69 66 5f 3c 22 42 63 68 68 67 67 64 54 28 29 55 63 66 67 68 67 65 47 2b 3c 56 61 64 66 63 5a
63 61 5b 50 41 44 54 5f 65 67 67 68 69 6b 67 2e 16 4a 66 6b 6a 6a 6a 6a 69 67 41 16 36 65 6b 6b 69 69 69 6b 6a 69 4f 11 26 68 6b 6b 69 68 67 66 66 65 60 50 3b 3d 4f 5d 64 67 67 64 61 5f 5b 57
43 45 57 63 68 6a 6a 6a 6a 6b 6a 6b 63 d 12 6a 6c 6c 6a 6a 6a 6b 6a 69 69 69 63 4a 29 35 58 67 6a 6b 68 68 68 69 69 69 68 59 3d 33 47 5a 64 69 69 69 68 67 66 60 59 54 50 4f 55 59 5d 61 62 64
3e 3c 50 60 64 64 66 67 61 3d 21 40 62 69 69 69 6a 68 58 19 1d 5e 6a 6a 68 69 69 66 54 21 25 5a 67 69 68 68 67 63 47 20 33 5e 67 68 68 69 68 5c 36 23 46 65 68 66 65 63 5b 4f 41 3f 50 5d 62 62
5b 53 47 44 52 5a 61 65 66 65 64 65 63 56 32 2d 52 64 67 68 68 68 6a 6b 69 64 1d 12 5a 6a 6b 6a 69 6a 6b 6a 63 3e 17 38 68 69 6a 67 65 66 69 69 69 5d 21 1b 58 6a 6a 68 66 66 65 63 5c 53 48 45
63 63 61 5c 53 46 3f 4c 5d 65 68 68 68 69 69 67 57 32 28 4a 64 6b 6a 67 62 60 64 67 69 6c 56 1b 24 5e 6a 6a 6a 6a 6b 6a 68 39 13 3e 68 6b 6b 6a 69 6a 68 60 47 2a 3a 5c 65 68 66 66 63 5e 58 54
62 67 68 67 66 63 5e 48 30 3d 5a 67 69 6a 69 69 6a 6a 6a 61 25 17 53 69 6a 6a 69 67 68 69 69 6a 6b 30 11 49 67 6b 6a 6a 6a 6a 69 67 58 30 25 4f 6b 6a 68 67 66 64 5f 5a 56 4e 4d 51 53 5b 62 64
62 60 54 47 43 48 55 62 67 68 6a 6b 63 33 1a 44 65 6a 6a 6a 6a 68 57 20 21 59 68 6a 6a 69 6a 68 56 1e 24 5b 68 69 68 69 69 6a 66 44 1d 33 5f 69 69 67 66 66 67 5f 4a 36 3e 54 5e 63 65 65 61 5c
4a 56 61 66 68 68 61 3b 22 42 62 69 68 67 67 66 57 32 2c 4e 63 67 67 65 66 62 47 2a 3b 58 65 68 67 68 67 55 26 28 56 67 69 69 69 68 4f 1a 28 5f 6a 6a 69 68 68 5a 36 25 45 63 68 67 66 61 56 48
5e 60 5c 58 53 4e 51 54 58 5e 63 69 68 60 43 2f 45 5f 67 69 69 6a 68 51 2b 2e 53 67 69 68 69 6a 6a 69 48 13 2e 66 6b 6b 69 65 65 69 6a 6b 64 1e 12 58 6a 6b 6a 67 65 62 5f 5c 58 50 46 48 55 5f
5f 5b 52 4a 48 53 5e 64 66 66 66 66 64 5a 2e 28 55 69 69 68 69 6b 6a 6b 5d 13 1a 65 6b 6a 6a 69 6a 6a 69 63 40 22 3c 5f 67 69 66 65 66 69 6a 6b 63 24 1b 55 66 6a 6a 67 65 63 61 5d 51 46 49 55
52 4f 48 41 4e 5b 57 49 3a 3e 50 5d 60 50 34 2d 4a 62 64 51 2d 29 51 66 64 50 2a 22 4d 65 64 51 29 25 4f 66 65 55 2c 1f 4c 65 64 57 35 27 47 60 60 58 3e 2e 47 5e 5d 55 46 35 40 55 58 57 4c 44
61 66 67 68 6a 66 3f 16 36 65 6a 6a 68 69 69 69 60 32 1f 48 64 69 68 68 68 65 5f 4a 32 37 51 64 67 66 65 67 67 68 5b 2a 21 4f 66 6a 69 67 66 67 69 66 42 1c 39 61 67 67 66 65 62 60 5d 52 43 45
4f 57 5f 62 60 51 3a 38 4f 64 69 65 56 32 30 51 63 69 66 55 2f 2a 4f 66 6a 68 58 2c 25 4e 66 6a 69 65 4f 22 27 57 67 68 68 65 5d 39 25 41 5c 64 66 66 67 59 2c 21 4d 66 67 66 63 5d 48 36 43 55
60 5e 55 47 40 46 51 5d 63 67 67 5c 3b 27 3e 5e 67 68 67 64 4f 2b 2e 53 63 68 67 67 5a 31 26 49 5f 68 68 67 5b 33 22 48 62 69 6a 68 54 22 23 56 67 6a 6a 68 56 1d 1f 5a 68 6b 67 60 56 3f 35 4a
5c 60 5f 56 45 33 3e 5a 65 69 68 50 25 29 56 68 6a 68 5a 2b 22 4d 65 6a 69 5b 36 28 46 5f 67 67 5e 3f 28 3d 5b 66 68 66 5d 3d 24 3f 5f 65 67 67 62 47 26 31 58 65 67 66 60 48 36 41 52 5d 5f 5b
54 52 52 56 5d 5f 5f 5e 56 49 41 4b 5d 68 6a 69 60 31 25 50 65 69 6a 69 65 40 1a 3a 65 69 69 69 6a 67 56 1a 20 5d 69 6a 68 67 69 68 5f 38 1f 41 62 69 68 65 65 67 66 5b 3e 32 45 57 62 67 66 61
3e 38 37 3b 3d 37 37 39 3b 38 36 39 3c 37 34 39 3d 36 36 39 3b 38 34 38 3d 37 34 38 3a 35 36 3b 3b 36 33 36 3d 37 35 39 3b 34 35 3b 3d 37 34 36 3d 37 35 3b 3c 35 37 3b 3c 36 35 3c 3f 38 35 39
62 64 65 65 65 64 5d 4d 3e 42 54 62 67 69 6a 6a 69 6a 6b 6b 5a 1d 1d 5d 6c 6b 6b 6a 6b 6a 6a 6a 6a 68 49 1d 30 5e 6a 6a 6a 6a 69 69 68 69 69 6a 69 3f 1f 3d 5d 68 6a 6a 6a 68 66 64 60 5a 51 4d
62 5e 55 4d 45 48 57 64 68 69 6a 6b 69 6b 6a 6c 65 d 10 6a 6c 6b 6b 6b 6a 68 68 69 6a 68 65 46 29 3a 57 66 6a 6a 69 68 67 69 6a 6a 6a 59 3f 32 44 5d 62 68 69 69 68 66 66 63 5c 54 4d 4d 54 5a
4f 53 56 5a 5f 61 67 6a 58 38 32 4a 60 68 69 6a 6a 63 32 1c 4a 67 69 69 6a 6a 67 47 19 30 62 6a 69 68 68 69 69 66 43 1d 36 5e 67 69 68 66 67 68 69 5e 39 24 41 5f 68 6a 68 66 60 59 52 4e 4d 50
59 5d 5c 57 54 50 49 48 53 5c 61 65 62 59 4e 3f 41 54 5d 62 66 63 51 37 3a 53 63 69 68 61 3c 22 41 62 69 6a 69 62 2f 1a 48 66 69 69 69 69 5c 1f 1a 56 69 69 68 69 6b 63 31 17 42 64 6a 69 64 5d
54 56 58 5a 5c 5e 5d 5c 5b 55 4c 46 4a 55 60 67 69 69 69 69 4b e 2a 69 6a 6b 68 67 67 68 63 4b 2d 33 51 63 69 69 69 69 69 65 3d 18 39 63 6a 6b 69 69 6a 6a 69 36 d 3e 6a 6b 6b 69 65 60 5a 53
54 50 4d 4f 58 60 64 67 68 68 64 5f 42 22 3d 64 69 6a 69 69 69 6a 6a 61 27 1b 54 66 69 69 69 67 68 6a 67 58 31 27 4d 64 68 68 69 69 6a 6a 6b 65 16 10 5f 6b 6b 6a 69 67 65 60 58 4e 49 4b 52 5a
63 62 62 61 5d 5a 4b 40 49 57 60 65 68 69 6a 6a 6a 64 1d 12 5a 6b 6c 6a 69 69 6a 69 62 43 1b 34 64 69 6a 69 68 68 6a 6a 69 63 1b 11 5c 6b 6c 6a 68 67 66 65 62 5c 4c 43 45 4c 5a 63 67 67 64 62
45 51 5e 65 68 64 4e 2a 31 55 66 6b 6a 68 55 1f 23 58 68 6a 6a 68 60 32 1d 45 63 68 69 69 68 61 33 18 42 64 6a 69 68 66 60 46 29 38 58 61 65 65 68 67 5e 38 21 40 61 69 69 66 5e 4f 41 42 51 59
66 69 6b 6a 69 69 69 66 59 3d 21 3f 6b 6c 6b 6b 6b 6b 6a 6a 69 6a 6a 6b 6c 31 b 46 6b 6c 6b 6b 6a 6a 6a 69 6a 69 67 57 47 48 4b 50 5b 62 66 68 69 68 66 63 61 5d 58 53 54 57 5a 5c 5d 61 63 62
5b 54 4e 4d 52 5b 61 60 60 63 61 5b 57 4f 42 46 5a 62 61 60 64 66 66 65 5d 33 23 4c 64 69 69 68 68 69 69 63 28 17 51 66 6a 69 69 6a 69 6a 64 10 10 66 6b 6b 69 69 68 66 64 56 32 2d 4f 63 67 66
69 68 68 67 62 5b 4d 3d 3e 53 64 69 69 6a 6b 6b 6b 6a 6a 6b 69 43 e 34 6b 6c 6b 6b 6b 6b 6b 69 69 6a 6a 6a 65 41 28 3f 5a 65 68 6a 6a 6a 68 68 67 65 5f 58 54 4f 4d 54 5b 5e 62 65 65 65 64 60
64 64 64 60 5a 52 48 43 4e 5d 65 68 69 69 6a 6a 6b 6b 44 10 32 67 6b 6b 6b 6b 6a 6a 6b 6a 6a 4c f 2a 69 6c 6b 6a 6a 69 68 68 69 6b 6a 51 2f 34 4f 61 67 68 69 68 67 65 64 60 57 4f 4e 51 56 5c
5b 56 50 51 54 5b 60 62 64 66 66 66 64 59 38 33 50 60 67 68 69 68 68 6a 6a 66 4c 1c 2e 62 69 6a 6a 6a 69 69 6a 6b 6b 69 c c 6b 6b 6c 6b 69 68 68 65 64 62 5d 50 43 43 4e 5d 66 68 65 64 65 63
5e 61 62 63 66 65 63 62 5c 4f 44 48 54 5e 66 68 69 68 67 6a 6b 69 4d 1c 2d 63 6b 6b 6b 6b 6b 6a 6b 6a 6a 60 30 17 48 6c 6b 6b 6a 69 65 66 68 69 6a 6b 6c 4d 21 2d 59 6a 6a 6a 69 69 67 66 60 59
4d 59 5f 61 62 56 39 2f 4a 62 66 66 67 5c 2b 20 4d 65 68 67 63 54 31 2e 4e 62 66 67 5b 43 35 41 58 64 64 62 53 37 33 4a 5f 68 6a 63 3d 1f 3b 60 69 6a 67 4b 1c 2d 60 69 68 64 55 3b 31 47 5e 63
50 51 50 4d 4f 53 56 59 5d 55 4b 43 48 50 57 5b 5d 61 5e 4a 33 38 53 62 68 67 56 2c 27 50 63 69 69 5e 2f 1e 4a 66 6a 68 58 27 21 52 66 69 6a 5d 25 19 4f 68 6a 68 5c 3b 24 3f 60 69 64 5d 49 3d
3d 40 53 62 66 69 67 60 39 1c 3f 63 69 69 69 68 5e 35 20 43 61 68 68 67 67 56 2a 24 51 65 69 68 68 5f 40 23 3a 5e 67 68 65 64 5c 3b 26 41 60 66 67 68 69 66 44 1e 33 5a 66 68 66 63 5c 4c 3d 41
5e 55 4b 47 4f 5a 60 66 68 68 67 69 6b 68 3d 1b 3e 63 6a 6a 6b 6a 69 6b 6a 68 58 22 21 5a 68 69 6a 69 68 68 68 6a 6a 6b 6c 23 b 55 6b 6c 6a 6a 69 67 64 61 57 4f 4f 54 56 54 5b 60 61 63 61 5f
62 61 58 4a 3d 40 58 67 68 66 66 67 65 66 62 4d 2d 33 57 66 68 67 65 65 66 67 69 66 3e 1e 3f 61 68 68 66 67 68 68 66 4e 25 2b 58 6a 6b 6a 68 69 6b 68 44 11 32 69 6b 6a 68 66 66 64 5c 50 43 42
61 5f 4c 36 3f 56 63 67 69 6a 5b 26 22 52 63 69 6a 68 60 3b 22 3f 60 69 6a 6a 67 4f 19 28 5f 68 69 68 67 66 58 2e 26 4b 61 67 66 65 66 66 57 31 26 4a 62 66 65 65 65 5e 4e 38 39 51 5f 61 62 60
5e 5f 5d 58 52 50 54 58 5a 5e 63 62 62 64 64 5e 4c 3b 41 55 62 67 68 6a 6a 6a 6a 69 3e 13 39 67 6b 6b 6a 6a 6a 6b 6b 6a 54 d 20 6a 6b 6b 6a 69 66 66 69 6b 6b 5d 35 28 47 5f 67 68 69 67 65 62
5e 5a 4a 3b 44 57 61 66 68 62 42 28 3f 5f 67 68 67 5e 37 20 42 65 69 6a 67 62 4a 2a 34 56 63 67 67 6a 69 53 1f 24 56 67 69 69 68 61 3a 21 42 61 67 68 68 69 50 1d 27 59 68 69 68 63 57 3f 38 4c
66 67 67 67 66 63 5c 56 4e 46 46 54 64 69 69 69 6a 6a 6b 6a 6b 6a 6a 4a d 2d 6c 6c 6c 6b 6b 6a 69 69 69 68 69 69 6a 6a 43 26 3d 57 65 69 6a 6a 6a 6a 68 66 62 5a 55 53 52 53 56 5d 61 61 63 63
63 63 60 5d 52 3f 3e 50 5b 62 64 66 69 68 68 61 33 18 44 66 6a 6a 68 68 67 66 5a 2b 21 4f 64 68 69 69 69 68 68 56 1c 20 5b 69 69 69 69 69 68 68 60 2d 19 4a 66 69 69 68 67 64 60 56 41 3e 4e 59
5f 66 68 69 6a 6a 6a 69 68 65 58 36 23 49 6c 6c 6b 6b 6b 6a 6a 6a 6a 6a 6a 69 5f 38 23 44 62 69 6a 6c 6a 6a 6b 6a 69 69 68 68 5b 3d 32 49 5c 62 68 6a 6b 6a 69 69 68 64 5e 54 4b 4d 51 59 5f 63
5b 52 48 49 52 5d 62 65 67 6a 6b 5a 30 25 4c 67 6a 6a 6a 6b 6a 58 1b 22 5f 68 6a 69 67 6a 6a 6a 5c 20 1b 57 69 6b 69 66 63 64 68 69 69 56 2a 2a 50 64 6a 68 66 64 64 61 58 4e 4a 4d 56 59 5b 5f
54 58 58 59 5e 61 63 65 66 65 62 58 48 40 45 57 65 66 67 68 69 6a 6b 6b 64 2a 18 50 69 6a 6a 6a 6b 6a 6b 6b 6b 60 f 16 69 6c 6b 6b 6a 67 66 67 68 6a 66 54 36 30 4d 63 67 68 68 67 67 64 60 59
5c 53 47 3c 46 5d 63 63 5e 4b 2d 35 58 64 67 64 4f 28 30 5a 66 67 65 46 1f 31 5d 68 69 66 4f 1e 29 5c 67 69 66 50 20 27 5b 67 69 65 52 27 29 55 62 64 61 58 3e 30 47 5e 61 5e 59 48 3e 49 54 59
4e 41 44 55 60 66 68 68 66 67 63 46 1c 33 65 6b 6a 69 68 68 69 68 5f 27 1b 52 67 6a 69 69 67 67 66 5d 2c 1e 50 67 6a 69 6a 69 68 65 48 1a 30 63 6a 69 69 66 62 61 5a 4c 3c 42 57 61 62 63 63 5f
54 4f 4b 4e 59 64 67 68 69 69 6a 6b 6a 6b 41 d 36 6c 6c 6b 6b 6a 69 69 69 69 68 62 54 3e 3a 4a 58 65 69 69 68 67 67 69 6a 6a 6b 6c 3a c 3e 6b 6c 6b 6b 6b 6a 68 65 5f 5a 55 50 4e 52 56 5c 60
42 3f 4f 5f 66 67 65 52 2a 27 52 66 69 6b 67 59 27 20 4f 66 69 69 66 59 28 20 51 65 69 69 63 49 27 33 58 65 69 69 5e 37 1f 42 64 6a 68 63 4e 2d 30 53 65 68 65 5b 49 35 3d 55 5f 60 5e 56 4e 4a
5b 5b 58 57 56 4e 45 48 56 61 66 69 6a 57 21 22 57 69 6b 6a 66 4b 28 37 5b 67 69 6a 65 4b 1e 2e 5e 68 69 68 69 66 4b 1c 2d 5e 68 68 67 68 68 64 3c 22 3d 5b 68 66 64 62 62 5a 45 3b 47 58 61 60
59 5d 5e 62 64 65 63 61 5d 54 47 43 4f 5b 61 66 68 6a 6a 6a 6a 6b 4d 17 29 61 6b 6b 6a 6b 6a 6b 6a 69 63 48 28 31 58 6a 6a 6a 6a 6a 6a 6b 6b 6b 6c 2d b 49 6c 6b 6b 6a 6a 69 66 61 5b 53 4f 4d
62 63 5e 54 43 39 48 5d 66 67 68 68 65 50 27 2a 55 68 69 67 67 66 63 54 31 2f 51 62 66 67 68 67 65 51 22 2b 5a 68 68 68 69 67 48 21 36 5e 69 6a 6a 67 4d 19 2c 62 6a 69 67 61 56 3e 39 4f 5f 62
63 65 63 53 34 30 4d 63 69 6a 6a 5e 24 1b 53 68 6b 6a 64 41 22 3c 5d 66 69 68 5c 36 24 47 62 67 69 68 62 49 26 31 58 66 67 67 65 61 50 2a 2e 53 63 66 66 67 68 62 3f 22 3c 5b 67 67 63 5e 54 4a
5c 56 47 40 4f 5b 62 65 66 66 67 68 5e 28 1d 53 68 6a 6a 68 68 68 67 57 29 25 52 65 69 68 6a 69 68 67 4a 11 2c 6a 6b 6a 67 68 68 67 65 4a 1a 2f 65 69 68 67 65 61 60 5e 5b 4a 3a 45 59 63 63 62
62 63 5a 46 2e 38 59 67 69 69 66 66 5a 38 24 3f 61 68 69 67 65 64 5a 3b 27 3f 5d 67 69 69 66 64 48 24 2f 55 65 68 69 69 62 51 2d 2a 4c 61 68 69 69 69 66 57 1f 1f 53 63 6a 6a 69 67 5e 4a 31 3c
54 5b 5e 61 63 5e 52 43 42 50 5c 63 67 69 6a 6a 45 1d 37 5f 69 6a 6a 69 67 4c 20 31 5f 67 68 68 69 6a 6b 5c 1f 1a 57 6a 6a 67 61 5d 63 69 6a 6a 40 18 37 60 6a 69 67 64 5f 58 52 52 54 54 50 52
63 63 60 5c 53 4c 48 4e 5a 60 66 68 67 68 6a 6b 6b 3b 15 41 65 6a 69 6a 69 6a 6b 6b 6b 5c c 19 6a 6c 6b 6a 68 66 65 67 69 6a 6a 5b 34 28 47 63 69 6a 69 67 66 63 61 5d 55 4d 4b 51 57 5c 62 62
54 58 5f 63 66 68 69 6a 69 69 66 60 54 40 38 46 5d 6a 6a 6a 6a 6a 6b 6a 6a 6a 6a 6a 67 42 19 35 62 6b 6b 6b 6b 6b 6b 6a 6a 6a 6a 6a 69 5b 38 2d 49 5e 64 68 6a 6a 6a 6a 68 65 62 5d 56 50 4e 53
4b 4d 54 5b 60 63 5b 44 37 45 56 62 68 68 62 3a 21 41 61 6a 6a 69 5b 24 1f 54 68 6a 69 67 53 1f 23 57 67 6a 69 69 66 49 1e 2e 5a 66 68 66 66 67 5c 36 25 43 5d 66 68 66 63 57 44 3a 41 56 63 61
43 36 42 56 65 67 67 63 4c 25 2b 55 67 69 67 64 5d 43 28 37 58 63 67 68 64 52 2a 2c 52 62 68 68 66 57 26 25 53 63 69 6a 65 55 26 24 53 64 67 69 65 5a 27 1f 51 65 68 69 63 59 3d 2f 45 5a 63 63
5f 60 5f 59 4d 40 42 53 62 68 6a 6a 62 34 1e 47 65 6a 6a 69 67 4f 22 2d 5c 67 6a 6a 6a 67 44 17 32 62 69 6a 69 69 67 63 47 27 35 57 64 67 66 67 68 69 60 38 23 43 5d 67 68 67 64 5e 53 46 46 4e
55 5d 61 62 62 64 61 54 39 35 4f 60 66 67 68 68 69 69 58 22 1f 55 69 6a 69 69 69 68 67 48 20 32 5c 67 68 68 68 68 68 62 42 1f 37 60 68 69 68 69 69 6a 68 3b 11 3b 69 6b 69 68 67 63 5e 55 49 45
41 43 54 61 66 69 69 6a 6a 6b 5f 20 17 56 6a 6c 6b 6a 6a 6a 6a 67 51 22 28 59 68 69 69 69 68 69 69 67 51 2b 2f 53 62 68 6a 69 68 69 6a 6a 5d 28 1c 52 6b 6a 69 69 67 66 63 5d 55 43 40 51 5c 61
5e 62 61 60 5c 50 3e 40 55 61 64 65 66 68 69 60 3e 21 3e 63 68 68 67 66 67 66 60 54 32 2e 51 64 66 67 65 67 69 6a 5c 25 1f 53 68 6a 6a 6a 69 5a 22 20 58 6a 6b 6a 68 67 5e 42 2d 3d 5a 65 67 65
5c 64 68 67 63 43 1e 34 5f 69 69 68 68 67 4e 24 2c 54 65 68 67 68 68 61 3a 20 40 60 68 69 67 64 4b 29 35 54 64 69 68 65 51 2a 2a 50 64 69 69 67 5d 33 21 48 65 67 66 64 5b 47 39 42 54 5f 62 5d
5e 65 67 67 67 66 63 60 57 38 2e 52 68 69 69 69 69 69 6a 69 68 5b 2a 22 54 68 6a 6a 68 67 67 69 68 66 5d 3d 2a 43 5f 6a 6a 69 69 6a 6b 6b 6b 56 f 21 69 6b 6b 6b 6a 68 65 61 5c 57 4e 48 4e 57
63 63 63 5b 4b 3e 43 52 5d 62 65 69 6a 6a 57 2a 25 51 67 6a 6a 6a 69 60 36 1e 41 63 6a 6a 69 69 67 5b 30 23 4a 64 68 68 68 69 6a 6a 5d 1d 18 59 6a 6b 69 67 67 68 61 46 2e 3d 58 61 64 66 61 5d
61 5a 3e 30 44 5b 65 67 68 5c 33 25 45 61 69 68 63 46 29 36 5a 68 68 62 48 2b 37 58 67 69 67 4e 25 2a 55 67 6a 68 63 44 21 34 5b 66 68 67 64 4f 28 2b 51 64 68 67 64 59 40 34 45 57 61 64 5e 55
4e 4e 57 60 62 63 64 65 64 61 5f 50 3e 3f 52 61 65 67 68 69 6a 6a 6b 68 28 12 51 6a 6b 6a 6a 6a 6a 6b 6b 68 4f 18 27 61 6b 6b 6a 69 67 68 6a 6b 6b 69 43 1a 37 61 69 69 6a 69 67 65 62 5d 58 50
52 4f 4a 4e 5d 62 63 65 65 63 5c 44 2f 43 60 64 65 67 68 69 6a 6c 2c 10 4c 67 6a 69 69 69 68 5a 2d 28 51 62 69 69 68 6a 68 60 35 1d 44 66 6a 6a 67 68 6a 69 59 2c 26 51 66 68 67 65 63 5e 56 50
5d 60 61 62 5d 4d 31 33 55 64 69 69 66 67 60 3b 1d 3b 63 68 68 67 67 67 65 46 10 2b 68 6a 6a 68 66 66 66 56 27 24 52 65 6a 68 66 67 66 59 20 1d 58 69 6a 68 62 5f 57 4a 3f 45 55 5c 5f 5d 5b 58
4a 52 5f 64 67 68 65 63 5d 3c 22 43 68 69 68 66 66 69 6a 67 4a 21 2f 5a 69 6b 68 65 66 67 62 49 2d 38 56 64 68 69 69 67 63 4e 2c 30 55 68 69 69 6a 6a 68 46 12 31 68 6b 6a 69 67 61 5a 4e 42 47
4c 4d 4e 56 61 63 66 68 67 68 66 50 23 2d 5d 69 6a 6a 68 61 56 54 5c 61 60 5d 52 45 41 4e 5e 65 67 68 69 6a 6a 5d 1b 1d 5f 69 6a 6a 6a 6a 6a 6a 59 19 1f 5f 6a 6b 69 67 67 66 63 58 46 3b 46 5a
47 42 50 5e 63 65 61 60 5e 58 32 29 53 64 68 68 66 67 67 5f 26 1a 52 66 6a 69 66 68 62 45 1f 30 5e 68 69 69 66 65 60 3e 22 3c 5f 67 68 69 66 67 66 4f 1c 25 5c 69 6a 69 65 64 5f 50 3a 3a 4f 5b
63 5d 52 48 44 4b 5c 65 67 69 6a 6a 6a 6a 6b 6a 6a 54 d 22 6b 6c 6c 6b 6a 6b 6b 6a 6a 6a 6a 6a 67 44 29 3d 56 64 69 6a 6a 6a 6a 69 68 65 61 5c 50 47 4b 54 5c 60 65 66 65 65 64 61 60 5c 58 56
5b 55 43 39 4d 62 67 67 68 67 61 48 23 34 5f 68 68 65 66 69 66 56 2e 28 4e 64 69 69 69 68 64 4d 2d 35 52 63 68 68 69 67 58 32 28 4a 64 6a 6a 6a 69 56 19 21 5e 69 6a 68 66 64 57 42 35 44 5a 62
4f 5a 5e 61 68 68 68 67 66 6a 6a 4f 22 2d 5c 6c 6b 6a 6a 6a 6a 6a 6b 6a 6b 5b 1c 1d 5c 6a 6b 6b 6a 69 68 69 69 69 6a 6b 5d 26 1c 53 6a 6b 6b 6a 69 68 68 64 5e 59 51 4d 4e 51 59 61 63 64 66 63
56 59 58 50 3d 39 4c 5b 63 62 53 39 2e 49 60 63 62 59 36 29 4b 60 63 64 52 2a 2e 55 63 66 63 51 29 26 53 68 67 64 52 21 22 5a 67 67 63 49 1e 2b 5e 68 68 61 4f 23 28 59 65 65 61 52 33 30 50 5c
51 46 43 4a 58 5f 5e 58 49 33 3c 59 62 64 5f 44 2a 3a 5b 64 64 61 44 21 36 5d 68 68 61 45 21 34 5e 66 66 5e 3b 1f 3d 63 69 66 5a 2f 21 47 65 68 65 5c 32 1e 44 65 68 64 53 39 33 47 5e 60 5a 55
68 66 63 5b 4d 40 42 53 60 66 69 6a 6a 6b 6a 6a 6b 6a 6b 4d 10 28 67 6c 6b 6b 6b 6a 69 69 6a 69 69 6a 68 4d 2b 35 53 64 69 6a 6a 6a 6a 69 67 67 63 58 50 4c 4d 54 5c 60 61 64 65 65 64 63 5e 5b
53 5b 61 65 66 66 67 65 5d 44 25 3a 64 6b 6b 68 66 67 69 69 68 4f 1e 2a 5c 69 6b 6a 67 67 69 69 66 55 2a 28 53 65 6a 69 67 68 69 6a 6a 50 15 26 65 6b 6b 69 67 66 65 64 5d 4a 3a 43 56 5f 64 65
62 61 58 49 37 39 55 65 68 69 67 51 21 28 58 65 69 68 66 5a 2d 20 4b 64 68 67 66 61 42 24 3a 5b 66 68 67 5c 31 26 4c 61 68 68 61 3f 22 3b 60 68 6a 64 53 2f 27 4c 66 6a 66 5f 4b 37 3d 51 5d 5e
61 65 67 67 68 67 64 5f 57 44 35 47 60 68 6a 6a 6a 6a 69 6a 6a 6b 67 33 f 44 6c 6b 6b 6b 6a 6a 6a 69 6a 6b 6b 68 2d e 49 6c 6c 6b 6a 6a 69 68 65 62 5d 56 51 4e 4f 52 59 61 65 66 64 62 61 5f
5e 62 63 63 62 60 5a 49 3a 45 59 62 67 68 68 6b 6a 6b 68 13 d 63 6b 6b 6a 67 67 6a 6a 66 56 27 22 54 69 6a 69 67 67 6a 6a 6a 60 31 1b 47 67 6b 6a 68 65 63 61 5f 56 4a 48 4d 53 5c 61 62 63 61
63 65 65 65 61 5d 55 4b 45 4c 58 5e 64 69 69 69 6a 6a 6b 6b 3d 10 3a 67 6b 6b 6a 6b 6b 6a 6a 69 60 3d 22 3d 60 6a 6a 6a 6a 6a 6a 6a 6b 6b 69 2d d 49 6b 6c 6b 6a 69 69 66 63 5f 55 4c 4b 4f 53
53 56 5e 62 63 64 62 5c 4f 3c 3c 53 61 63 64 66 68 69 66 49 1f 32 5e 68 6a 69 6a 69 69 5e 26 1b 51 67 6a 6a 69 6a 69 68 5a 2b 1f 4c 68 6a 68 66 65 66 69 69 69 41 17 38 62 69 69 68 66 64 60 59
53 5c 5f 62 65 61 4a 2f 38 56 64 67 68 69 6a 57 1c 21 59 68 6a 67 68 69 62 35 1e 44 61 69 68 68 67 60 3a 24 42 5c 67 68 68 64 50 2b 30 55 63 68 68 69 5f 3c 1f 3d 63 69 68 65 5f 4e 3e 43 52 5c
65 63 52 37 33 4c 5e 65 69 6a 69 55 1c 21 59 69 6a 69 68 65 4b 23 2d 56 66 68 68 69 66 53 24 27 57 65 68 68 68 65 56 30 2a 4c 5f 65 67 68 68 5f 3a 23 41 5d 66 67 68 68 5c 41 30 40 59 64 63 60
62 60 5c 4e 3d 40 56 62 67 68 67 66 67 65 4f 24 2e 5d 67 68 69 69 68 68 68 61 35 20 48 62 68 6a 6a 69 69 67 5b 25 1d 54 68 6b 69 69 6a 69 69 59 18 1c 61 6a 6a 6a 68 66 61 5c 52 3e 3f 52 5c 63
5e 55 46 44 50 5e 65 67 66 65 63 5e 49 33 3d 59 65 67 68 68 6a 69 66 55 2f 2d 50 60 67 68 65 65 68 6a 6b 6c 2d e 4a 69 6b 6b 6a 69 69 55 19 23 61 6b 6b 6a 67 65 60 51 3f 3e 4e 5d 62 61 62 61
5b 60 61 61 61 5c 56 4b 3a 43 5c 66 66 66 68 6a 6b 62 2f 16 47 6a 6b 6a 67 66 69 69 65 4f 29 2f 55 66 69 68 68 69 68 56 25 25 54 69 6b 6b 6a 69 62 3c 1a 3e 67 6a 69 66 65 63 5f 4d 3a 3f 54 60
53 4e 4d 50 53 5a 61 63 5d 4b 36 3b 56 67 69 69 57 2d 2c 53 65 6a 69 61 38 1f 42 63 69 69 68 64 40 1b 37 60 67 68 68 68 64 48 20 2e 59 68 69 68 69 69 57 24 21 51 67 68 66 62 5c 53 45 42 4a 53
57 55 57 57 54 50 48 48 54 60 64 65 61 4a 2e 35 54 65 66 67 67 66 52 28 26 51 66 68 66 67 64 53 2c 29 4e 63 68 68 68 63 43 1f 34 5d 6a 6a 69 59 1e 21 5c 68 6a 69 61 37 1e 42 63 67 64 5d 50 49
61 60 5d 56 4f 49 49 53 60 65 67 69 6a 6a 6b 6b 38 d 3e 6b 6b 6b 6a 69 6a 6a 69 65 45 14 31 69 6b 6b 69 68 66 66 68 6a 6b 6b 35 c 42 6a 6c 6b 69 68 66 63 5f 59 55 4f 4e 53 58 58 5c 62 62 60
59 52 49 46 4c 56 5e 60 63 64 5c 44 35 41 55 60 64 66 67 66 59 30 22 47 64 69 67 67 66 5f 40 21 38 5f 68 69 69 6a 5d 2c 1c 49 66 6a 6a 66 52 20 28 5c 69 6a 6a 65 4f 23 2a 59 68 6a 65 59 4c 45
64 63 60 59 50 46 44 52 5f 64 67 68 69 69 6a 6a 6a 47 10 2f 6a 6b 6b 69 67 66 66 68 68 69 6c 40 18 3a 60 6a 6b 6a 69 69 6a 6b 6b 4b 18 2b 60 6b 6b 6a 69 68 67 65 60 54 42 3e 4b 5b 62 64 65 66
4b 45 4b 53 5e 66 67 68 69 6a 6b 69 5e 29 19 4f 6c 6b 6b 6a 68 68 68 69 66 5f 3d 25 42 60 69 6a 69 69 6a 6b 6b 6c 67 17 f 61 6b 6b 6b 6a 68 69 66 62 57 3e 39 4c 5d 66 66 65 63 61 61 5d 57 53
52 45 41 50 60 64 65 63 60 58 40 31 45 5f 66 66 67 69 68 5a 20 1d 57 69 6a 68 69 69 65 34 1a 45 63 6a 6a 69 68 52 1e 28 5c 67 69 69 68 61 3d 22 3d 60 68 67 65 66 64 50 2f 32 54 61 64 62 60 5b
52 5f 65 64 5e 42 26 36 5a 69 6a 69 67 55 25 22 50 66 68 69 66 5f 46 27 32 57 66 68 66 64 51 2c 2e 52 64 68 67 5c 41 29 3c 5d 68 6a 65 52 29 28 51 66 69 6a 67 53 24 22 51 67 69 66 60 52 3d 3c
52 52 4b 4e 58 5e 61 60 57 48 40 48 58 62 63 66 68 60 3c 22 3f 61 67 67 64 63 5c 4d 3e 3e 4f 5b 62 62 63 67 68 4b 22 30 59 68 6a 69 68 58 26 25 56 68 6a 6a 6b 5f 16 15 5d 6a 6b 6a 65 59 3f 3a
5d 5f 5d 5a 58 50 4f 56 5b 5f 62 63 62 63 60 5b 50 42 46 54 5f 63 64 67 6a 6a 6a 66 3e 18 3b 66 6b 6a 68 68 6a 6a 6a 58 17 1d 61 6b 6b 6b 68 67 69 6a 6b 6b 30 b 46 6b 6b 6a 69 68 64 5f 5d 55
45 39 47 5d 66 69 69 67 52 24 26 54 67 69 67 64 60 57 4a 35 38 52 61 66 66 68 65 59 34 26 47 61 69 6a 67 62 43 25 3a 5d 67 69 68 59 2f 26 4b 64 6a 69 67 54 24 27 56 67 6a 68 64 54 37 36 50 5d
44 3c 4a 5e 66 69 66 4a 1f 2e 5b 68 6a 68 5e 2b 1d 4c 65 69 68 5d 33 21 44 64 69 69 5f 41 24 38 5c 66 66 64 5d 3d 26 3e 5c 65 66 66 5f 43 2a 3a 57 63 67 67 60 43 30 3c 55 63 63 60 5c 4e 43 46
63 5d 45 2e 3d 5a 67 69 6a 66 40 1a 38 5f 69 6b 68 5b 2c 21 4d 66 6a 6a 68 47 1a 2f 5d 67 6a 6a 67 4f 14 26 62 69 69 66 64 5e 4e 32 34 51 60 63 61 62 61 57 47 40 45 50 5b 60 5f 5d 55 4b 4b 4f
50 50 56 5b 58 48 42 4d 56 58 59 56 4a 3f 4b 5b 5f 5d 50 3a 3a 50 5e 67 67 56 27 24 51 64 6a 68 58 21 1d 55 68 69 68 55 20 22 57 68 69 67 55 20 20 58 67 69 66 58 37 2b 48 5d 62 60 5b 48 3d 4a
5a 61 64 67 66 62 56 3a 27 40 63 69 68 66 63 67 67 63 2b 15 4c 65 6a 69 65 67 66 58 26 20 54 66 6a 69 67 65 60 3f 1b 37 64 68 69 67 66 65 61 4d 23 2a 5a 69 69 66 63 62 5c 50 40 40 4f 59 60 61
4b 51 5a 60 64 67 65 4f 2b 33 56 67 69 69 69 69 56 1b 23 5f 6a 6a 68 68 68 66 55 21 26 5a 65 69 68 68 68 68 5d 2a 20 51 65 69 66 68 69 68 57 1f 24 5c 68 68 66 65 64 5c 4c 3c 42 52 5b 61 63 60
41 42 51 5c 64 68 68 55 2f 29 4b 63 67 67 66 60 40 22 3a 5f 67 69 68 63 4e 28 2d 56 64 68 69 68 51 24 27 55 67 69 69 66 52 23 26 56 67 69 6a 66 4f 1e 28 5c 69 68 67 60 50 39 38 4e 5a 60 62 5d
5a 4f 3d 3c 4f 5e 63 64 61 57 3c 2d 46 60 67 67 67 62 45 21 34 5b 64 68 68 66 5d 28 1b 50 66 6a 69 68 5e 22 18 54 67 6a 69 66 52 20 27 59 67 69 67 60 47 25 34 5c 65 65 63 5b 4a 38 3e 55 60 5f
4a 4c 5a 62 65 66 65 63 60 53 3d 34 49 63 69 68 67 68 68 68 67 4c 1b 2d 61 69 69 69 69 69 69 67 54 22 24 58 69 6b 6a 69 6a 6a 6a 5d 16 18 61 6b 6b 6a 68 66 64 62 58 3f 37 4b 5b 63 64 63 63 60
54 4e 4b 4e 54 5d 65 68 69 6a 6a 6b 6b 6b 44 b 32 6b 6c 6b 6a 6b 6a 69 69 68 68 65 46 2e 3a 51 65 6a 6a 6a 69 69 6a 6a 6a 6a 40 e 37 6b 6c 6b 6a 6a 68 66 63 5f 57 51 4e 4b 51 5b 61 62 64 64
4f 42 43 54 60 65 68 68 66 5b 2f 21 4d 66 68 66 64 66 68 63 42 22 38 5c 68 69 67 5f 44 36 4a 5f 68 6a 66 4b 24 32 59 68 69 69 69 5f 3d 24 3d 60 69 68 68 69 68 5c 2b 22 4f 64 67 67 64 5c 51 4b
4a 4a 54 5c 62 67 69 6a 6a 6a 69 69 68 63 56 37 24 48 6b 6c 6b 6b 6b 6a 6a 6b 6a 6a 6a 6a 69 4d 27 31 54 65 6b 6b 6b 6b 6a 6a 6a 6a 6b 6a 60 4e 3e 40 4e 5b 64 67 69 69 69 69 67 63 5e 59 55 54
67 66 62 5f 59 4b 3f 46 58 64 67 69 69 6a 6a 6b 6a 6b 6a d b 6a 6c 6b 6b 6b 69 69 69 69 6a 6b 6b 3e 15 39 63 6c 6b 6a 6a 69 67 65 63 61 56 4a 49 4e 58 5e 61 64 64 65 63 60 5e 5b 57 54 55 59
5a 4b 39 3e 53 62 68 6a 68 68 62 2a 12 48 69 6b 6b 6a 67 64 48 21 31 58 66 69 69 69 64 5e 43 28 38 56 64 67 69 68 65 61 4d 2e 32 50 62 68 68 68 67 68 64 41 16 33 64 6a 69 67 63 5f 58 4b 3e 45
49 47 57 63 66 67 69 69 6a 6b 6b 47 19 33 60 6a 6b 6b 6a 6a 6a 6a 6a 69 49 17 2e 62 6a 6b 6a 69 67 68 69 69 6a 6b 67 2c 10 4c 6b 6a 6a 6a 69 67 66 64 5f 59 57 52 49 4a 56 5e 62 65 65 63 60 5e
59 5d 60 65 64 61 5f 5a 50 48 49 51 5b 63 68 69 6a 6a 6b 69 30 12 49 69 6b 6a 6a 6b 6b 6b 6b 4c d 29 6b 6c 6c 6a 69 69 69 6a 6b 6a 49 1c 2e 5c 6c 6b 6a 69 68 65 62 5b 51 4a 4c 52 56 5d 63 63
5e 57 51 4a 46 50 5f 67 69 69 6a 6a 6b 6a 6b 6b d a 6b 6c 6c 6b 6b 6b 69 69 69 69 67 56 32 2e 4e 61 68 6a 69 68 68 68 68 68 65 5a 3f 35 46 5b 67 68 6a 69 67 68 65 5e 56 50 4d 50 56 5d 61 63
58 59 5a 5b 5d 5e 5e 5c 59 55 51 4e 50 57 5e 65 68 69 6a 6a 4a 1f 33 5d 69 6a 69 6a 6a 68 5b 32 26 4b 64 69 68 69 69 6a 6a 68 47 12 2e 68 6b 6b 69 65 65 68 6a 6a 6b 46 1f 35 59 67 69 6a 69 64
52 56 5b 5e 5f 5b 55 4c 49 4e 57 60 64 67 65 4f 30 3a 59 66 69 6a 68 55 28 2a 56 67 6a 6a 69 69 58 1b 1f 5c 6a 6a 68 69 69 69 53 19 24 5f 69 6a 65 65 67 69 66 48 27 34 57 65 67 67 63 5f 56 4c
57 5a 5f 5a 53 51 4e 50 59 5f 62 66 63 5a 48 40 49 54 5d 62 64 66 67 66 57 32 2f 4f 64 68 68 69 69 67 42 1b 38 62 68 69 6a 6a 69 56 17 22 63 6b 6b 68 68 6a 6b 6b 2b e 4b 68 6b 6a 65 61 5e 57
48 4f 5b 62 65 66 64 60 52 39 37 4e 60 67 65 64 67 69 6a 66 3f 18 36 62 6b 6a 68 67 66 64 5e 3a 29 49 63 69 69 69 67 5b 31 24 4c 65 6b 6b 6a 66 48 23 36 60 6a 69 69 66 5c 49 35 3f 57 61 65 64
5d 60 5d 59 52 47 47 52 5c 62 65 67 64 5d 45 28 3a 5e 67 69 69 69 66 5e 43 2c 3e 5b 66 66 66 65 64 62 4b 2a 36 56 63 68 69 69 68 55 26 27 55 68 69 6a 6a 6a 5b e 19 67 6a 6b 69 66 5f 53 42 3e
43 4a 59 5c 4d 37 34 4c 5f 5c 4e 35 2e 4a 62 61 51 31 26 46 5f 63 54 2f 24 49 63 66 52 2a 1f 4a 67 66 53 28 20 4c 64 64 52 36 27 45 61 60 56 3a 2b 43 5b 61 56 41 35 47 58 59 55 44 39 47 58 58
5b 63 67 62 48 2b 36 56 64 69 6a 6a 5a 21 1f 55 67 69 68 65 55 2a 26 4f 65 69 69 66 52 27 2b 54 65 69 69 67 56 2b 27 4f 64 66 65 65 64 5d 3c 26 3f 5c 64 67 68 67 5d 3b 2a 44 5b 63 64 61 5a 4e
43 46 58 60 60 5a 42 2f 3f 5a 65 67 64 50 26 27 52 66 6a 68 57 29 21 4e 66 68 68 59 2e 23 4d 65 69 67 5a 31 25 4a 63 69 68 5b 31 25 4d 63 66 65 5c 3d 29 42 5e 65 62 58 4c 3d 41 53 5a 5a 58 53
