48 41 48 52 5f 63 6a 69 6d 59 19 21 65 6a 69 64 43 2b 42 5b 68 5c 5b 59 4c 3b 36 4b 65 64 65 63 61 4b 2a 2d 58 68 67 67 69 53 15 21 5f 6a 6a 62 51 41 39 41 5d 65 67 65 4e 35 42 58 57 58 5e 5b
4c 53 57 58 63 65 63 63 61 64 5f 39 2b 4b 64 6c 6a 63 5b 4f 52 62 69 6b 6c 6d 33 f 44 68 6d 6a 68 6b 6b 6a 64 27 13 4e 69 6c 6b 6a 68 69 6b 6a 60 2f 21 4f 66 69 69 62 62 62 59 5a 5c 5b 59 51
67 68 68 67 67 64 60 55 44 3b 4a 62 68 67 6b 6b 6a 69 6b 6c 67 52 16 25 64 6c 6c 6b 6c 6a 67 68 6a 6c 6a 6c 5e 1a 18 5c 6c 6d 6c 6a 68 67 66 65 65 67 6a 62 48 39 41 52 64 66 65 65 65 69 66 65
5b 5f 62 67 63 5a 4e 4d 51 5a 5e 60 5e 5b 62 67 60 58 40 3d 5a 65 68 6a 6b 6a 6a 5f 21 1c 59 6d 6a 68 68 68 6a 6a 6b 57 13 1d 61 6c 6c 69 66 66 67 66 6a 6b 67 48 15 2c 62 6b 6d 6a 6a 67 65 62
64 65 67 69 6a 6a 6a 54 16 21 60 6b 6d 6b 6b 66 50 4f 64 6a 6c 6a 6c 6a 1f d 54 6a 6d 6c 6b 68 68 6b 68 61 48 35 43 55 62 64 68 67 63 63 64 61 5a 41 3f 55 62 67 63 5c 5b 5e 5f 57 56 5b 5b 5a
5b 60 5e 5a 58 5c 62 60 55 50 56 5c 57 53 54 55 5d 65 68 6b 6b 6c 59 17 1f 61 6a 6b 69 68 6a 6b 6c 64 26 16 4d 66 6d 6a 68 69 66 6a 6a 67 52 17 27 63 69 6c 69 68 67 65 67 68 69 55 2a 30 53 63
68 6a 69 69 63 3f 2a 3a 55 68 6b 6c 6c 69 6a 5e 1c 1a 58 67 6d 6a 6b 6a 68 61 3e 21 40 62 69 6b 6b 69 66 57 38 32 4a 5e 62 60 5e 5d 65 69 68 5a 4d 42 36 47 62 68 6b 6c 6b 6b 5d 32 24 4a 69 68
53 57 5b 61 66 61 60 64 65 66 5f 59 5f 58 50 50 45 4b 61 67 6b 69 66 68 67 69 6a 6a 60 33 1e 45 66 6a 69 6a 69 67 66 68 6b 6a 6c 6b 13 c 62 6c 6c 6b 6a 68 67 6b 6a 6a 67 4b 23 37 61 63 64 6a
4f 3d 43 5b 65 68 69 6b 6b 66 5d 39 1c 41 65 6b 69 69 6b 6a 6b 69 3c 12 37 62 6c 6c 6b 6b 6b 66 58 2d 23 4d 67 6b 6b 6b 6b 6a 69 5c 31 24 4a 61 67 67 69 69 68 69 6b 61 34 22 4a 61 63 6a 6a 68
52 57 5c 65 65 66 66 5f 5f 43 2a 42 5e 69 69 67 6b 6b 6c 64 1f 15 56 6a 6b 6a 6b 6a 6b 6b 5c 28 1f 4f 67 6d 6a 6b 6a 68 65 51 1a 28 62 6b 68 68 66 67 6c 6a 63 39 22 45 5f 66 6a 6a 68 64 5f 5b
6a 69 6a 68 68 5f 32 1e 49 69 6a 69 6a 67 63 67 6b 6b 6a 6a 63 3a 18 3b 66 6c 6c 6b 68 67 65 65 62 61 66 6a 6c 6c 3e 18 3d 63 6a 69 69 67 65 65 67 65 60 4c 3d 4a 59 60 68 64 60 5d 5e 5e 63 5b
5a 5c 63 66 63 5a 5d 5e 52 4b 46 48 59 66 6a 6a 6c 6a 6c 6c 18 b 5c 6b 6c 6b 69 6a 6a 6a 60 2b 18 4d 68 6a 69 66 66 66 6b 6a 6c 54 f 21 65 6c 6c 6b 6a 6a 62 56 56 50 4f 50 51 58 5e 61 69 65
50 5c 64 67 69 67 67 55 3e 3f 53 62 63 62 62 62 69 65 57 49 37 47 62 69 6a 6a 64 67 68 4b 1b 31 64 6b 6d 6b 6c 69 6b 6a 68 2a 10 4a 69 6d 6c 69 69 68 6c 6a 6c 68 1b e 5a 6c 6d 6c 68 66 69 65
4b 4c 57 66 67 68 68 55 25 27 54 66 67 66 69 68 63 47 1b 30 60 69 69 68 5f 40 2e 43 5c 62 65 68 63 54 3e 37 4b 5b 5c 64 68 62 4f 35 30 4e 66 6a 69 6a 62 35 15 41 69 6b 6b 67 65 52 37 39 4c 58
52 61 67 6c 6a 65 4a 20 2f 5d 6b 6a 6a 6a 6b 5d 2e 1d 47 66 6b 6a 67 68 63 44 2a 3a 55 66 68 68 6a 66 64 4c 29 2e 51 66 69 67 67 6b 65 55 28 27 54 65 6a 6a 6c 6a 6b 60 28 1e 51 63 66 69 68 67
59 56 3e 34 50 64 6b 6b 6b 6a 6a 6b 6a 6b 66 1b 13 5c 6b 6a 6c 6b 6b 6b 6c 6b 6c 68 50 28 2a 53 6a 6a 6a 69 69 69 69 69 67 67 55 21 26 5b 6b 6c 6a 6a 66 65 66 61 5a 56 45 3b 52 66 67 61 5f 61
39 43 5d 67 6a 67 64 67 5f 3a 28 46 63 6b 69 68 67 68 5c 2b 22 53 67 6c 6b 6c 6a 6c 5e 1d 1b 58 68 6c 6b 69 67 69 63 40 1f 3d 66 6b 69 67 68 6a 6a 69 5c 3f 26 3d 64 69 6c 68 66 66 5f 50 47 4e
43 4a 5a 68 66 65 69 6a 68 67 67 69 65 3c 17 3d 66 6c 6c 6c 6b 6b 69 6a 69 6b 66 52 32 2c 48 64 6b 6c 6c 6a 6b 6a 6b 6b 69 5f 19 17 5d 6c 6c 6a 69 69 67 68 68 68 5e 44 35 48 5a 5e 63 68 69 68
62 50 3a 45 56 5b 61 68 67 67 68 60 2a 1e 4f 67 6a 6a 6a 66 4d 2b 39 5f 68 6b 6b 6a 4f 1d 2b 5b 68 6a 6a 6c 69 65 3b 1c 3d 5e 69 6b 69 68 69 67 5f 37 21 43 61 66 67 67 63 61 55 53 5a 4f 48 53
66 69 66 68 66 66 5b 43 38 47 5d 63 60 67 6a 67 68 6a 67 61 5f 5c 5b 5f 5a 3f 41 5e 63 65 63 5f 5c 62 64 65 6a 6b 6b 6a 6c 45 e 31 69 6c 6b 6b 67 64 64 67 6a 6b 6b 6a 60 29 1c 51 6a 6b 69 6a
3a 47 62 64 67 6a 6c 6b 6b 6b 54 15 22 5e 6c 6c 6b 6b 69 6a 6a 65 57 45 35 3f 5b 63 68 6a 6a 68 69 6b 66 48 21 38 5b 64 6d 6c 6b 6c 6a 69 5d 22 19 56 6c 6c 6c 6c 6a 6c 68 65 4f 28 37 60 63 65
49 32 3c 58 65 67 69 69 6a 64 1a 13 5a 6a 6b 6b 6b 6a 5c 2d 22 48 62 6b 67 67 66 5e 53 4e 40 3f 53 62 63 68 5c 55 4f 47 4c 58 5f 64 64 5d 45 35 44 59 66 69 6a 67 61 3a 21 44 61 64 67 68 66 61
62 67 5d 52 4e 43 46 56 5d 65 68 68 69 6a 6a 5c 36 27 44 5e 69 69 69 67 6a 68 68 4f 2d 37 4d 5e 69 6a 6a 6b 69 69 61 17 15 5e 69 6c 6a 6a 6c 6b 6b 60 1c 16 59 6a 6c 6a 6a 67 65 66 62 53 40 3d
5e 63 6a 67 65 65 63 5d 50 3b 39 55 6a 6c 69 6b 68 68 6b 69 5f 31 2f 51 5a 64 6a 6a 69 6a 6b 6a 6a 6b 50 d 25 6a 6d 6c 6b 6b 6c 6b 69 6b 6b 6c 4e c 28 6b 6d 6b 6a 6b 67 66 66 61 61 60 44 35
57 50 4d 4f 58 5f 5f 65 68 64 63 67 6a 60 4d 2d 38 5c 63 6a 6b 6b 6b 6b 6b 69 4d 19 2b 60 69 6b 6b 6b 6b 6b 6b 6a 69 2a d 4d 6b 6c 6c 6b 68 6b 6a 68 69 68 48 1c 34 64 6a 69 6b 69 69 66 63 61
65 4e 2f 3e 59 65 66 65 68 67 69 6a 6b 6a 6b 6b 4f 15 27 60 6b 6c 6a 6a 68 69 6a 6a 6a 6b 6b 6c 4b 16 2c 5f 6c 6b 6b 6a 66 69 6b 69 68 66 61 54 3c 3f 54 5e 60 67 66 64 68 6a 67 61 5d 5a 50 4b
66 65 5f 3b 2c 45 5c 63 69 6b 65 41 21 3a 5d 6a 68 65 57 2a 22 50 67 6b 65 5d 3b 22 40 60 65 6a 61 4f 38 2c 42 61 66 68 68 4b 2c 2c 4c 66 65 61 5e 52 35 2e 4c 60 65 61 5e 58 51 45 44 50 59 5f
66 69 68 69 4f 25 30 59 65 68 69 69 6a 59 2e 29 54 6b 6d 6b 6b 62 31 18 41 66 6b 6a 68 67 6a 63 2b 16 4c 69 6a 68 69 69 68 63 56 3b 2a 46 60 66 6a 69 66 68 69 59 36 2c 49 62 66 69 65 65 5f 58
56 4a 3e 46 55 61 6a 68 6a 68 4b 2e 37 4c 62 6a 68 66 68 68 6b 55 20 28 5a 66 68 69 68 69 69 61 2c 1e 4e 65 6c 6c 6b 69 66 4d 15 29 65 6b 6a 6c 69 68 63 49 1d 2e 60 6c 6c 6a 68 64 5d 4e 45 50
40 47 54 5d 5c 5c 5d 5e 60 5f 4f 3b 47 55 5a 66 65 64 4e 2e 3a 5b 62 62 68 69 61 3d 27 3b 59 6b 69 66 66 62 3a 20 3f 5c 67 6b 6b 69 50 1a 28 5c 6b 6b 69 67 54 1e 23 58 68 6b 69 64 56 44 41 43
6a 65 65 69 6b 58 32 27 48 63 6d 6b 6b 6a 6a 6b 69 6b 69 63 20 11 55 6b 6c 6c 6a 69 6a 6b 6a 66 68 69 6c 45 13 33 65 6b 6b 6c 6a 68 69 61 5d 5b 58 58 58 57 55 55 57 59 62 64 62 64 63 5c 62 65
47 44 4a 52 57 56 61 66 68 6c 68 56 21 26 58 68 6a 68 66 69 6b 69 36 11 3e 66 6b 6a 6a 67 48 25 3f 5e 62 68 69 69 67 4f 17 28 61 69 67 63 5a 4e 51 5e 64 58 4a 49 4c 4b 56 64 69 56 52 5e 5e 54
67 64 63 52 2e 32 56 69 6a 68 69 6a 6b 6d 6a 6c 66 23 16 55 67 6c 6c 6a 6a 6a 67 67 6b 6a 5f 28 1b 52 68 6b 6a 69 66 63 67 69 6a 6b 69 64 42 22 3e 62 66 69 69 68 6a 6a 6a 67 5d 47 45 50 51 56
5c 5c 63 5f 5b 53 3e 3c 4e 5f 65 67 6c 69 56 23 23 53 67 6a 6a 6a 60 3e 25 3c 5e 6a 6c 6c 54 24 2d 57 67 6a 6a 5f 36 2b 45 58 67 67 68 67 54 2e 28 4a 64 6c 68 62 57 4f 49 3f 41 5a 62 61 62 5f
67 66 64 52 23 2c 5f 68 68 68 66 66 6b 6b 6b 60 12 15 61 68 6b 6b 6a 69 6a 6a 52 19 25 5f 69 6c 67 66 65 5f 56 4c 54 55 44 52 64 5f 5c 59 57 50 49 56 62 69 69 68 69 54 36 33 43 5e 68 69 6a 65
49 40 4a 59 62 65 61 61 68 64 49 28 39 5c 68 67 65 68 67 5a 3e 34 43 56 64 61 61 65 64 61 49 30 3e 55 63 67 6a 6b 6a 54 26 28 51 64 6a 6c 6b 6b 62 21 19 56 69 6a 6a 69 67 5a 21 20 58 68 6c 67
68 67 69 64 4f 2c 32 5f 69 66 67 69 65 63 66 67 6a 6a 6a 69 4d 1d 2c 5c 6c 6b 69 68 66 69 67 60 5d 62 63 60 63 5e 47 43 4f 52 5a 68 64 62 5e 59 5b 64 6a 6b 6c 6c 6d 5b 19 1e 5f 6b 6c 6c 6b 68
37 40 57 64 67 6a 69 68 68 68 69 6b 69 2a 11 4e 69 6d 6c 6b 6a 6a 6c 6b 69 58 23 1f 56 6a 69 68 68 6a 68 6a 69 6a 68 51 2a 2c 52 65 68 68 65 69 69 69 6b 69 69 64 41 25 3f 5d 66 67 67 6b 67 66
62 64 63 68 6b 6a 6a 6a 1d c 55 6b 6c 69 67 66 5d 5b 60 5d 52 4e 55 62 69 61 48 31 43 62 69 69 67 69 6b 62 3a 2b 4c 64 6a 69 68 6a 69 63 4b 1e 2b 5e 6b 6d 66 63 68 64 5b 54 4e 4b 4f 59 64 60
5f 5d 61 5f 5a 4d 4a 55 57 58 61 6b 69 65 61 5f 60 4e 3e 3b 4c 62 6a 6b 6b 6b 6a 6a 6c 65 2a 14 4a 68 6c 6b 6b 6b 6c 6b 52 d 21 68 6c 6b 6a 6b 6a 6b 6b 69 2f 10 48 6b 6b 68 67 6a 6c 64 5c 51
46 40 46 5a 66 68 69 66 68 66 58 2b 2d 56 63 6c 6b 6b 6b 6b 59 13 1b 60 6a 6d 6b 6b 6b 68 5d 3e 1f 39 61 6c 6c 6a 6b 67 65 66 48 19 34 66 68 69 64 5c 5f 69 69 6b 64 3d 27 40 60 64 64 68 64 5f
50 5d 5d 54 55 57 5c 61 65 68 62 5b 56 3f 3d 58 5f 60 65 6b 6c 6c 57 2d 32 50 61 6b 6b 6c 69 69 63 48 14 2c 68 6c 6d 6b 67 69 69 6b 67 38 15 3f 66 6b 6d 6c 6a 68 67 68 6b 5c 22 1d 55 6a 6d 6b
62 5e 48 3a 4a 55 5f 65 68 67 67 6b 68 4d 25 2d 53 68 6a 68 67 69 6a 67 56 2e 2c 50 61 69 6a 69 6a 68 68 5a 22 21 58 66 6c 67 65 66 68 69 58 2c 24 51 6a 69 6a 68 69 6a 6b 67 2f 13 48 69 6c 6a
55 59 5e 56 4c 52 49 47 61 6a 6a 6a 60 2c 1e 4d 68 6b 6c 6a 65 42 20 35 5e 6b 6b 6b 6a 6a 45 13 2f 62 6a 6b 69 67 69 6a 67 46 14 2f 62 6a 69 69 66 67 62 55 49 3d 44 57 63 5b 5a 64 60 58 53 52
3e 4c 5d 67 63 5f 61 60 62 54 34 34 55 64 68 69 5e 60 65 49 38 4b 54 5b 65 68 65 64 49 2a 3d 5a 64 64 69 6a 6c 59 10 1f 63 69 6c 6a 6b 6a 67 47 18 31 60 69 6a 66 68 6a 6a 68 3f 20 39 59 68 68
44 4d 5b 60 66 64 60 5c 5d 47 31 44 5d 61 66 64 68 6a 5a 3b 2d 41 62 67 68 69 69 69 61 34 29 4b 5b 5f 62 60 53 59 6a 6a 64 49 1c 34 68 6a 6b 6b 6b 5c 1e 18 56 68 6d 6a 6a 67 4d 2d 32 55 66 67
61 5e 59 5a 58 47 42 54 63 68 6a 6b 69 62 32 1d 48 65 69 6c 6b 6b 68 68 50 1c 28 5b 68 6c 6b 6c 6b 6c 67 22 12 53 68 6b 6b 6a 6b 6a 6a 5f 36 1c 42 63 6a 6c 69 66 62 5a 4f 48 55 62 59 4d 55 60
67 65 5f 3b 2d 4d 5f 65 68 69 68 63 51 36 34 4e 5f 67 6b 6b 6c 68 45 1b 31 5f 6b 6c 6c 67 5e 36 23 43 62 6a 6b 6b 6a 64 47 21 32 5e 69 6b 6c 69 68 5e 26 1c 50 67 6c 6b 68 65 5f 5c 3f 35 48 54
57 63 63 60 63 60 59 53 52 5d 5b 4e 51 5a 63 65 67 6a 6a 6a 6a 56 21 26 59 6a 6c 6c 6b 6a 6c 6b 69 68 33 11 46 68 6b 6b 67 64 65 68 6c 6b 6b 5a 14 1c 61 6c 6c 6b 6b 69 68 68 64 61 55 31 3b 60
62 5a 4e 43 3e 4f 64 68 6a 69 6b 66 69 6a 6c 5c 2e 22 4a 61 67 6a 6a 6a 66 66 6c 6a 6a 61 42 26 3a 5b 65 69 69 67 68 6b 6b 6b 6b 6b 50 17 26 5e 6b 6d 6c 6a 67 63 65 64 68 6a 67 5c 2a 1f 55 69
66 68 52 38 46 62 69 65 61 53 48 41 41 54 63 6b 69 68 6a 41 1d 3b 5f 68 69 64 67 62 4c 3b 34 40 60 69 68 6a 69 63 53 28 26 56 68 6a 69 69 68 3e 17 3b 65 68 68 67 6b 6a 41 19 34 5e 6a 68 66 69
60 65 66 64 5a 44 34 46 5d 65 68 69 6a 6b 6b 65 1c f 55 69 6d 6b 6b 6a 69 6c 6b 63 1f 13 51 6a 6c 6c 68 68 66 65 6a 6b 6b 56 18 22 5c 69 6b 6b 69 69 66 65 64 4d 43 50 55 58 58 5d 62 60 61 63
60 47 37 48 5a 66 67 65 68 6b 6a 6b 5b 24 1a 51 6a 6c 6b 69 65 65 61 5c 53 53 55 47 4b 5d 5a 5a 64 6b 6c 6a 65 3b 1a 3f 64 69 6a 69 6b 6c 6c 65 1a 12 57 6b 6b 6c 69 6a 6c 6a 67 40 17 37 64 6c
5a 64 67 66 69 6a 68 67 67 67 5d 45 2d 3c 5f 6a 6c 6b 69 68 69 6b 6b 6a 6b 69 54 28 26 53 6a 6c 6a 6c 6a 6b 6b 6a 6a 6c 6b 6c 62 25 1b 52 6a 6d 6b 6b 6b 6b 6b 69 69 62 4e 42 37 4a 6b 6a 65 61
64 69 65 5d 56 4d 44 48 5a 60 5d 5a 5b 66 6a 6c 6d 45 10 30 65 6a 6b 6a 6a 69 60 1e 17 5a 6b 6b 6a 69 6a 57 21 24 57 65 6a 6b 68 6a 69 5b 2b 1c 4d 69 69 69 68 66 63 4c 34 42 56 58 5b 62 63 5b
6b 64 30 1a 4a 66 6b 69 5d 5e 69 6b 6a 69 6a 6c 50 16 28 5f 6a 6c 69 68 69 6a 6b 66 41 13 34 67 6b 6b 6a 6a 6a 69 68 66 56 29 27 53 66 6b 68 68 69 68 65 60 53 50 50 49 4b 5b 62 65 62 63 66 5f
42 54 60 63 67 67 65 62 48 2b 40 5c 65 66 67 63 61 5d 4e 3e 3e 50 61 63 64 66 68 64 4b 39 3a 4c 61 66 67 6a 6a 6a 63 24 16 4f 6a 6b 6b 6c 6b 69 5e d 16 68 6b 6c 6a 6b 67 65 62 4b 2f 3b 56 61
65 68 68 69 6a 69 63 5c 57 3b 34 4f 60 6a 69 68 69 6b 6a 6b 6a 6b 61 2a 16 4e 6b 6b 6c 6a 69 68 6a 6a 69 67 67 65 59 44 35 42 5b 67 6a 6b 6b 69 64 65 6b 6b 6b 6b 5c 21 1b 53 6b 6d 6c 6b 6a 68
5d 61 63 61 5d 5d 5c 5a 51 4e 53 52 58 61 63 69 6a 6b 6a 6c 6d 27 c 4e 69 6d 6b 6b 6c 6b 6a 6a 61 20 15 56 6a 6c 6c 6a 6b 6b 6b 6b 6b 6c 44 16 33 5f 68 6c 6c 6b 67 64 67 64 5c 50 49 4a 4f 52
67 6a 69 6a 69 68 62 4a 1e 31 64 6b 6c 6a 6a 6b 6a 6a 6a 63 3c 1d 3e 64 6b 6b 6b 68 64 66 69 6c 67 35 16 42 66 6b 6d 6b 6c 6b 6a 5d 2f 1d 48 67 6c 6c 6b 6b 67 64 56 46 48 42 49 60 69 67 68 65
64 69 69 59 20 28 5e 69 6c 6a 6a 6b 6b 69 5d 23 1b 55 6a 6c 6b 69 69 6a 6b 6b 66 5a 2b 1d 4d 6a 6d 6a 69 6a 68 6b 6b 67 49 18 2e 62 6c 6b 67 68 66 66 65 5f 55 48 44 46 56 64 63 5f 5f 65 66 5e
60 65 5b 54 44 3a 50 62 67 6a 69 68 6a 6b 64 24 14 52 6b 6c 6a 6b 6a 6a 6c 60 33 1c 44 64 6b 6a 6c 6b 6b 6b 6a 4c e 2a 68 6c 6b 6a 68 66 60 62 69 5f 42 34 46 59 60 62 68 68 61 64 63 61 56 47
65 67 67 65 67 61 55 44 3b 4e 5e 64 65 67 68 68 6b 6a 69 6a 6c 4c 13 2a 64 6b 6d 6a 6b 6a 69 6a 69 6a 6b 6d 27 e 4f 69 6d 6b 6d 69 68 69 6a 6c 62 2d 17 4a 6b 6d 6b 6b 6b 65 63 64 61 59 48 40
5c 67 6a 6b 69 63 3b 20 3d 5e 69 6b 6b 6a 6b 68 5d 22 1d 5b 68 69 69 6b 60 56 56 54 4e 49 4a 51 5a 5e 63 68 67 6b 66 25 16 52 67 6c 69 6c 67 53 2f 2f 4f 67 6b 6a 68 67 62 4e 2c 33 58 67 68 63
45 43 57 66 6a 69 6a 6a 6c 6b 6c 3f d 35 6a 6d 6d 6a 6a 68 6b 6c 6b 6a 54 13 21 63 6d 6d 6a 6b 6c 6b 69 6d 6a 6a 64 33 1c 46 61 69 6b 6b 68 65 61 64 64 64 59 49 47 52 5a 61 5f 60 62 63 62 64
64 60 60 5a 51 4d 49 4f 5c 67 6a 6b 6b 6b 6c 67 2f f 46 6b 6d 6c 6a 64 60 62 68 6b 6b 6d 58 1a 21 5d 6c 6c 6a 6a 6c 6a 6a 68 30 11 44 69 6d 6b 6a 6a 69 66 63 5c 4b 40 46 4d 5a 66 68 66 61 60
5a 63 64 66 66 5a 3a 39 51 5c 64 63 68 6a 67 65 56 3d 32 41 59 65 6a 6b 6b 6c 68 4b 1c 2e 5b 67 6b 6b 6c 6a 68 46 16 30 64 69 6b 6a 6a 69 6b 67 3a 13 3b 65 6b 6a 67 68 69 6a 6b 68 48 1d 2e 5d
66 68 66 68 6c 5a 23 29 59 67 6a 6b 69 69 6b 6b 6b 62 e 14 66 6d 6c 6b 6b 6a 6b 6a 6b 68 5b 3a 27 41 5f 68 6a 6b 65 64 66 67 6a 67 69 54 22 2e 59 62 6b 69 67 68 65 63 60 5d 59 4b 48 51 54 59
51 4f 62 67 67 63 4b 34 3d 55 68 68 68 64 5c 55 49 39 41 55 64 66 69 67 65 5c 32 27 4c 62 69 6a 6a 68 67 3c 18 3c 61 69 6c 6a 6b 67 4a 15 2b 62 6b 6d 6a 6a 6a 62 3a 1b 40 69 69 66 67 61 5d 50
59 32 24 49 67 6c 6c 6b 6a 68 6a 62 23 17 54 6a 6c 69 68 6b 6b 69 67 4f 19 29 5f 69 6b 6a 6b 6b 6b 6a 49 13 2e 65 6a 6b 69 69 68 66 5f 49 31 3a 56 5f 6c 66 60 5f 62 5f 58 42 42 58 62 5e 5a 5d
47 59 62 65 65 68 69 68 68 56 27 29 56 65 69 6a 6a 6c 69 69 5a 14 1d 63 6a 6c 6c 69 69 6b 6b 69 33 17 41 62 6c 6c 6a 6c 6b 6a 6b 6a 5a 1c 22 5f 68 6a 6b 68 63 64 63 53 50 54 4d 4b 55 5f 6a 63
57 55 59 62 64 66 66 67 69 6b 62 43 23 37 5e 6b 6c 6b 6a 68 6a 69 69 6d 4e f 2a 68 6c 6b 6c 6c 6a 6b 6a 65 39 17 3c 66 6d 6b 6b 6b 6b 6b 69 65 41 1b 37 60 6a 6c 6b 6a 6a 6b 6a 64 4f 41 42 50
56 59 61 62 63 61 5a 40 37 4c 61 66 68 6a 66 56 35 34 54 66 69 66 63 61 56 35 35 56 66 69 69 6a 6b 4e 18 2e 62 68 6b 6b 6a 67 39 18 40 65 6a 68 69 67 69 6b 63 32 1c 43 60 6a 6b 68 62 61 5e 56
52 4c 4c 56 60 68 65 65 68 69 6c 69 64 63 3f 1d 40 65 6b 6c 69 65 64 68 6b 6c 6a 69 68 5d 22 1b 56 6b 6d 6b 6b 6a 69 66 69 6b 6b 6b 65 23 16 54 6c 6e 67 67 67 67 69 5e 59 60 53 4f 5f 5b 4f 58
5f 63 57 44 44 53 5d 64 6a 6a 6d 6c 67 44 14 34 68 6b 6c 6c 6b 6c 6a 6b 60 11 14 62 6b 6d 6b 6d 6c 6a 6a 6b 68 56 2e 2b 4b 61 67 67 69 68 63 64 66 6a 68 54 40 38 48 5c 63 67 66 68 68 5e 53 55
50 4f 53 56 54 5b 5e 5d 64 61 65 66 62 61 5f 61 56 35 3a 5a 5e 65 6a 66 69 6a 6a 6b 66 33 14 43 69 6b 6a 6b 69 65 65 6b 6b 6a 64 12 11 63 6a 6c 6a 69 69 64 61 64 68 6b 6a 6b 51 17 2c 62 69 6c
60 64 63 4d 2d 39 5f 69 6b 6b 68 66 55 1e 24 5b 67 69 65 63 67 66 66 5f 29 21 59 67 68 60 5c 61 60 65 68 57 34 32 4d 5e 64 69 6a 67 64 47 2f 41 57 64 69 69 69 66 53 22 29 5a 69 6a 6a 65 5d 51
4f 3f 44 5c 6a 6c 6c 6b 6b 64 4d 25 30 5b 68 6a 6a 65 68 66 61 50 35 39 53 66 69 61 5c 5e 65 67 65 64 54 2a 2d 55 63 6a 6b 6b 6b 59 23 25 5c 6a 6a 69 6a 6a 68 65 26 13 50 68 6d 6b 69 66 5e 50
64 65 67 4c 22 33 62 69 68 6a 6b 6a 6b 63 15 12 5f 69 6b 69 69 68 67 67 5b 2d 28 4f 61 69 63 5b 5d 62 65 6a 65 54 35 2c 4a 60 68 69 65 6a 6b 6c 62 1e 14 55 6a 6c 6b 68 64 61 5e 43 35 49 58 5e
61 67 67 69 6b 6b 6a 6d 5c 12 19 63 6c 6b 6a 67 67 68 67 6b 6b 69 61 19 14 5e 6b 6c 6b 68 62 5e 5f 65 67 69 66 53 41 38 48 5c 64 69 64 61 63 66 63 62 5f 48 3c 4c 5c 69 6a 67 62 5d 5a 5d 5a 56
69 65 28 16 53 6a 6a 68 6b 6a 6b 5e 27 18 4d 69 6b 66 62 65 69 65 5b 41 22 3b 61 6b 6a 6a 69 6b 54 18 25 61 6b 69 64 67 6a 66 53 31 2c 4b 64 67 65 64 62 64 5f 4f 38 43 5b 63 5c 5d 65 59 51 5a
57 62 64 67 67 6b 6a 6a 6b 6a 66 43 14 34 68 6c 6b 69 68 69 6a 6a 6a 6b 6a 6a 4e 19 2b 5d 6b 6c 6c 6b 6b 6c 6a 6a 6a 69 51 1e 27 5b 6c 6c 6c 69 65 67 69 68 61 57 4e 48 4e 58 5e 5d 64 68 63 5e
66 68 65 5f 57 59 5e 5d 50 41 4c 5e 66 69 6b 6b 6c 6b 6d 62 c 12 68 6c 6c 6b 6b 6b 6a 6b 6a 67 5a 18 1c 60 6c 6c 6a 6a 6b 69 6a 6a 6b 64 45 2e 3c 55 60 63 6b 69 6a 69 66 63 61 5d 52 47 48 50
55 55 5a 51 50 60 55 49 5b 67 67 66 66 55 3e 31 4b 65 66 6a 6b 6a 6a 53 1d 23 57 6a 6d 6a 69 66 66 4f 39 33 4a 61 67 6a 6b 68 62 33 17 45 6a 6c 6c 6b 69 67 4b 16 2d 64 6a 6c 6a 68 60 4e 3a 3e
5f 63 5a 56 5e 63 62 55 47 3d 44 5d 69 6c 6a 6a 6b 59 1c 21 5e 6a 6c 6b 6c 69 68 50 1e 2a 5d 68 6c 6a 6a 68 68 64 35 18 44 66 69 6b 68 67 66 69 6b 6a 51 21 29 57 69 6c 69 67 59 52 59 62 5e 51
65 5e 57 52 45 42 4e 5d 69 68 68 68 69 66 69 6a 61 43 22 35 61 6a 6b 68 66 68 69 68 6b 6b 6d 58 11 1e 63 6c 6b 6b 6c 6b 69 6c 6d 57 1d 1f 59 6c 6b 6a 69 68 67 65 62 5e 4a 38 3f 57 66 67 67 64
4e 4c 43 4d 5f 66 67 69 69 6b 6a 6c 60 22 1b 53 67 6c 6c 6c 6a 6a 6c 5b 1a 1b 5c 6b 6c 6b 67 68 6a 6c 68 55 35 29 4a 61 65 6b 65 63 6a 69 6b 6b 66 54 23 26 57 67 6c 6b 69 64 61 64 5d 51 4f 51
66 67 68 66 47 2c 40 57 61 69 6b 6a 69 6b 6b 6b 5f 20 18 56 6a 6c 6c 6c 69 68 6a 6b 69 47 11 2e 68 6d 6d 6a 68 65 66 67 66 66 68 52 2a 2b 55 6b 6b 6c 6c 6b 67 62 59 3e 35 49 60 68 68 65 62 64
6c 6a 67 3a 1d 43 62 67 6c 6b 66 5c 3c 39 5a 66 6a 6a 6a 65 3f 1f 38 5d 69 6b 69 6a 6b 57 38 39 56 65 65 68 67 5b 3e 31 46 5f 67 67 5d 4f 4a 50 5a 64 6a 68 62 34 1a 46 64 6c 6b 6b 65 58 42 42
3b 3e 59 66 6a 69 6a 68 5f 4a 32 36 53 61 68 6a 63 62 66 67 66 51 32 31 4a 66 6a 68 68 69 6a 64 36 1a 40 63 6c 6b 6b 6a 69 68 58 19 20 5e 6b 6c 6a 6b 69 67 63 38 1a 42 66 6b 66 66 69 65 65 55
54 5c 63 65 68 68 68 69 69 68 61 53 4d 45 44 55 5f 65 69 6a 6c 69 6a 6a 6a 69 6b 69 48 18 2f 60 6a 6c 6b 6a 6b 6b 6a 69 6a 69 6b 69 6d 5c 27 20 51 6a 6b 6a 6b 6a 69 69 69 68 62 59 4d 43 48 55
6a 68 67 61 58 4f 33 35 5c 68 6a 6b 6a 6b 6a 6c 6b 6a 1f 10 55 6b 6c 6d 6b 6a 66 66 63 4a 34 38 4d 63 6d 6b 68 69 6a 6b 6b 62 15 14 5f 6c 6d 6b 69 67 69 6a 69 5a 44 3a 3f 54 63 66 68 6b 67 61
64 69 68 69 57 20 2c 64 6b 6c 6b 6a 6c 69 54 27 39 69 6a 6c 6b 6b 50 31 42 5e 63 5f 60 67 61 61 66 64 55 3f 43 59 65 62 61 54 4b 56 63 65 66 6a 69 69 6a 52 17 25 61 6b 6b 67 64 65 63 58 58 5a
64 61 4a 33 41 62 65 67 65 63 5e 5f 64 6b 6c 6b 62 34 15 41 69 6c 6b 6a 69 5f 4d 51 63 64 68 6a 6b 6a 68 27 e 4e 6b 6a 69 6c 6a 66 60 5c 60 5c 59 51 4b 52 5b 59 5e 5e 5a 62 5f 61 67 61 59 55
61 59 54 59 50 50 56 57 59 60 5a 5b 5a 51 51 53 55 59 5f 5f 42 3b 53 66 6b 68 5f 2d 22 4d 63 6c 6b 69 57 1d 22 5c 6a 6c 6c 6a 5a 1f 1f 55 66 6a 6c 68 6c 5e 2a 1a 4b 64 69 6a 67 61 52 48 4a 51
69 6b 6b 68 52 12 23 63 6d 6d 6b 6d 68 66 69 6b 6b 67 58 25 21 55 66 6c 6b 6a 69 6a 68 69 69 63 51 2f 37 52 60 69 69 69 6b 6a 66 66 5e 33 22 49 67 6b 69 6d 64 60 66 64 63 58 3e 38 4e 60 68 66
55 54 4b 4e 5f 66 65 66 6a 6c 68 63 64 63 56 42 30 41 65 6b 6c 69 6a 6b 6c 6b 6b 6b 69 6c 37 c 3f 6b 6c 6b 6b 6c 6a 65 63 68 6b 6b 6a 6c 6a 57 27 26 51 66 6b 6b 6b 6a 64 62 66 66 5e 5a 58 54
49 58 67 66 66 69 69 6d 6a 6c 6b 6a 66 50 36 2a 46 68 6b 6b 6a 6b 6b 68 6b 6b 6c 69 6c 6a 6c 5f 21 18 56 6b 6c 6a 6b 6b 6b 6d 69 68 69 68 56 44 4c 52 54 5d 5e 60 66 69 68 67 67 65 61 51 53 5e
48 50 5d 62 52 46 59 64 53 4a 57 62 5d 5c 5c 55 3f 3d 55 5f 63 66 67 65 42 25 41 64 6c 6c 6a 59 15 1d 60 6b 6d 6a 69 68 46 14 2f 63 6b 67 62 66 67 61 4f 2c 2d 55 66 68 67 62 5f 5f 61 51 31 3c
65 67 6b 69 68 52 24 2c 58 67 6a 6b 6a 68 66 66 52 27 2a 56 68 68 69 6a 69 69 62 60 4e 1e 2e 64 6b 69 67 67 68 69 68 64 38 18 3f 66 6b 69 6a 6b 68 67 62 37 1d 41 62 6b 6b 6a 6a 68 5d 59 4b 3f
62 60 62 5f 42 2e 48 63 68 68 69 68 62 58 4b 37 3e 5d 64 66 65 66 67 63 58 34 2b 4b 64 67 6b 6b 6a 63 2e 17 46 66 6b 6b 69 6a 69 5e 35 1b 40 65 6a 6a 69 6a 6a 62 2b 1a 4d 68 6a 68 64 62 58 52
59 4b 43 47 53 60 68 67 68 6b 59 2a 23 4c 64 6b 6a 6a 69 61 37 1c 41 66 6b 6c 6b 6b 68 5b 28 1d 4d 69 6a 69 68 67 67 68 3f 1f 3b 5c 68 69 6b 6a 69 6a 5a 2f 20 48 67 69 69 66 66 65 5e 4f 3d 3f
64 67 68 50 2e 34 53 62 67 6a 6b 6c 69 5f 44 22 35 5f 6a 6a 65 5d 45 44 61 6c 6a 61 3e 21 39 5c 6c 6a 6a 69 65 3b 1b 3e 60 69 6a 6a 68 64 56 2b 2c 54 5d 68 69 66 67 62 54 3e 2e 43 62 67 69 64
54 53 4c 53 62 67 6b 6c 5a 25 22 53 67 69 69 68 64 5a 2c 2a 57 68 6c 6b 68 4f 20 2c 5c 65 6b 69 6a 4c 1e 31 5a 63 6b 6a 65 65 67 64 47 22 39 5e 61 65 65 64 6a 5f 56 56 48 3f 4c 59 62 67 69 60
68 5a 2c 29 57 68 69 6b 6a 6b 6b 6b 6c 65 1a 11 58 6a 6d 6a 6c 6a 6b 6b 6a 69 5e 33 1f 44 63 6b 6b 69 69 6a 6b 6a 68 69 5a 36 35 53 59 5f 68 68 68 66 62 5b 57 58 5b 5e 57 4b 54 5c 5c 62 62 62
5f 5c 49 33 42 5c 64 67 68 66 68 6b 6b 4f 1e 2f 5c 65 69 6b 69 68 5b 35 2b 4b 61 67 69 69 6a 69 65 32 16 42 67 6c 6b 6c 6a 66 61 4d 34 3b 55 60 63 65 64 65 6a 6b 69 3f 12 36 65 6c 6b 6b 65 61
56 5f 66 61 49 3d 48 5b 69 66 64 65 59 42 37 4b 5f 63 63 66 67 63 5b 41 36 4a 5c 63 69 69 6b 6c 61 2a 14 4a 6b 6a 6c 69 6c 6d 59 1f 22 58 67 6c 6a 67 4f 17 2b 63 6c 6c 6b 64 52 36 37 55 59 61
61 64 65 66 65 65 63 50 30 33 57 68 6c 6b 6b 6b 6a 6c 5b d 1b 67 6c 6b 6a 6b 6c 6a 6b 69 4a 18 2c 5f 6b 6c 6b 68 67 6a 6a 6a 60 39 1e 41 63 69 69 68 6a 67 63 5f 54 4e 4b 4a 57 5d 5b 61 64 63
5f 5e 51 57 62 5f 59 56 49 37 48 65 67 6a 68 6a 65 38 1a 3d 60 6b 6c 6a 69 68 63 47 26 34 55 67 6a 69 69 69 68 34 f 41 68 6c 6a 69 6c 68 5f 38 1e 3e 63 6c 6b 6b 6b 69 5a 2f 1d 45 69 6a 6a 68
5f 5f 5f 62 67 66 5f 57 4c 49 4e 50 5b 66 6a 6a 68 69 6c 6b 67 42 1a 38 62 6a 6b 6a 6b 69 69 6c 6a 6b 5a 12 1b 63 6c 6c 6a 6b 6b 69 69 68 69 6a 6b 6d 2f c 46 69 6b 69 6b 6c 67 65 62 5c 5e 59
52 5f 67 69 6a 64 2e 19 47 65 69 6b 69 67 5d 2e 23 50 61 66 69 6a 69 5d 2f 1e 47 62 68 6c 68 6a 5f 15 18 5d 67 68 69 67 57 44 43 48 50 5b 62 66 5c 4b 43 47 55 61 63 57 57 5a 54 50 4b 52 55 4c
5f 64 66 67 65 68 68 67 67 5c 3f 31 40 5b 6b 6a 69 68 68 6a 69 69 6b 60 32 1e 49 67 69 6a 6b 6a 68 69 6b 6b 67 50 1e 26 5c 6a 6b 6b 68 6a 69 6a 6c 6c 6c 6c 26 b 4f 6b 6d 6b 6a 6a 6c 65 5c 59
5e 61 5f 45 39 4c 5c 63 65 62 5f 5e 57 3a 32 54 60 62 69 69 67 62 34 27 46 5c 66 66 65 67 69 54 28 2b 53 63 6a 69 67 55 21 24 59 68 6b 6c 68 5d 22 1b 54 68 6c 6b 6a 67 5d 40 28 3c 5c 65 6c 67
4c 57 5f 69 69 69 67 66 64 45 1d 38 63 69 6b 69 6b 69 68 6a 68 59 2f 23 49 64 6d 6b 6b 6b 69 6a 6b 69 55 24 23 55 69 6c 6c 6c 69 68 68 52 20 29 5d 67 6d 6c 6c 6a 68 69 5b 2a 25 56 67 6b 69 66
67 67 64 59 32 2a 51 69 6c 69 67 6a 6b 6a 69 6a 6a 6a 68 3c 18 39 62 6d 6b 6a 6d 6b 6a 68 6a 69 6a 6a 6c 62 32 1f 45 62 6b 6c 6b 6b 6a 68 68 6b 67 60 4d 3e 45 4f 57 64 6a 6a 6a 64 64 62 5d 59
55 59 5b 5f 61 68 68 66 66 66 57 32 2c 4d 67 6c 6a 6c 69 6a 6b 6d 64 f 12 66 6b 6d 6a 69 6b 6a 6c 6b 6b 62 23 14 54 6b 6c 6b 6a 6b 69 67 66 68 62 53 44 38 47 5b 62 68 66 65 68 67 65 5e 4f 44
3c 4b 5c 63 68 66 62 59 41 33 44 5f 68 69 65 64 57 45 3c 47 59 5f 5e 5c 60 63 66 61 4b 33 40 56 5f 68 6a 69 64 3b 1f 43 62 6a 6b 68 69 59 25 26 57 66 68 6a 6a 65 36 14 40 66 6a 6a 67 67 50 38
5c 51 3d 3d 58 60 67 69 6a 6c 6c 5d 2d 22 4f 66 69 68 68 61 56 47 4e 59 60 60 57 49 43 53 60 5d 61 6a 66 66 52 25 2b 57 67 6d 6c 69 6a 48 16 29 5f 6b 6b 6b 69 69 68 65 47 1b 2e 5f 6b 6b 69 63
61 66 6a 6a 68 64 62 65 66 5c 4c 4d 4f 4c 57 60 64 6a 69 69 6b 6a 6a 69 69 62 4e 37 31 4a 67 6b 6b 6d 6c 6a 6c 6a 69 6a 6a 6b 5a 32 25 47 62 6b 6c 6b 6c 6a 6a 6b 6b 6a 6c 6c 6c 51 1b 2a 5c 6d
66 6a 6c 6b 69 6a 6a 68 66 47 16 33 69 6c 6c 6c 6d 6a 6a 6b 6a 6a 6a 6b 57 26 20 50 6b 6d 6c 6a 68 6b 6b 6a 6c 68 67 57 32 2b 4f 64 69 6a 6a 69 69 6b 6a 66 65 52 41 48 51 57 5c 63 68 66 69 67
4a 50 5e 65 6c 6a 6b 6a 6b 69 4e 2c 2d 4d 67 6c 6b 6c 6b 6a 6a 6a 69 5f 29 1b 52 68 6a 69 6a 69 6c 6a 6b 69 6b 5e 1c 1c 5a 69 6c 6b 6b 6a 6a 6b 6b 63 40 1a 3c 6b 69 68 69 68 6a 6a 66 5b 4b 47
65 66 65 66 68 6b 6b 65 10 11 63 6c 6e 6b 64 5a 62 69 67 62 4f 45 4b 57 5e 61 59 56 5e 60 61 62 54 43 4d 60 65 6c 6a 61 4d 31 3c 5d 68 68 67 68 68 68 6c 63 2a 19 4f 6a 6d 6c 6a 66 5e 5d 49 3f
60 5e 62 67 6c 6c 55 2b 30 5a 68 6a 6b 6c 6a 6c 6a 6b 6c 26 a 4e 6b 6d 6b 6a 67 66 64 66 69 68 6b 5b 19 1c 5d 6c 6c 6a 69 69 67 65 66 69 5b 49 4d 4a 4b 5c 62 63 62 62 63 63 64 61 56 57 57 52
60 67 69 69 66 67 5f 34 21 47 63 69 6d 6b 64 5f 63 62 52 3e 36 48 5f 61 5d 66 6b 6b 6a 65 41 17 38 66 6b 6c 6c 6b 6b 5b 28 1e 4c 65 6b 6b 6b 6a 69 52 25 1f 50 69 6c 69 67 60 61 5b 46 3f 50 54
68 65 63 55 3a 32 4e 65 68 6b 6c 6b 6c 6a 6a 6b 6a 6b 2b c 4a 6b 6d 6b 6c 6a 6b 6a 69 6b 6a 6b 68 41 17 36 63 6c 6c 6b 6a 6a 6a 67 68 68 66 5d 4a 39 45 56 5d 64 67 66 64 68 68 67 63 59 53 54
68 6a 6c 6a 6b 6b 55 20 22 53 69 6b 6b 6b 69 6a 6c 6b 68 33 10 43 67 69 6a 6c 6a 6a 6c 6a 68 56 18 1f 60 6b 6b 6b 6b 6c 69 6a 6a 6c 61 38 2a 49 59 63 69 6a 68 69 67 62 63 5d 47 3d 4d 59 61 66
4e 39 3f 56 65 67 68 6c 68 69 69 69 5d 2c 1e 4e 68 6d 6b 6a 69 69 6a 6a 6c 68 2a 15 4c 64 6c 6c 68 69 6b 6c 6b 64 43 26 3b 59 64 6b 68 68 68 6b 69 67 49 18 2d 62 6c 6b 6b 69 66 5f 5e 58 4d 46
5c 56 50 4e 4e 50 55 5f 65 65 69 6b 6b 68 4f 23 2a 59 67 67 6b 6b 69 6b 67 49 14 2a 65 6b 6b 6b 6c 6b 69 67 48 14 30 65 69 6b 6a 6c 6b 6b 6c 67 21 13 55 68 6c 6a 65 62 5e 56 5a 60 56 46 45 4f
