6c 6f 6c 6a 66 6a d a 61 6e 70 6a 6b 6b 67 66 5e 29 2d 66 6b 52 4d 6c 6b 6a 6a 6a 67 5e 28 32 67 6c 6c 4e 52 67 69 6b 6e 4d 4e 6b 6e 5f 52 27 30 69 70 6f 5c 50 5c 68 6e 6d 6b 6a 6f 1b a 59
3f 39 44 4c 64 69 68 6a 6b 6a 6c 61 21 15 4f 6a 6c 6a 6d 6a 6b 66 42 1d 32 5d 68 6a 68 64 67 67 6d 6a 26 13 4e 66 6d 69 6a 68 67 5d 3c 34 3d 52 66 66 6a 64 63 67 6c 66 45 17 34 62 69 6c 67 68
6a 6c 67 46 1f 34 5e 66 5f 5f 60 66 6a 66 66 32 10 46 67 6a 6a 6b 6d 55 2b 27 4c 60 5f 64 6b 64 65 44 17 2d 60 6d 6b 6c 57 4a 41 48 5f 62 62 5d 30 39 59 62 6b 5f 5e 68 6a 63 5e 3b 16 3c 66 6c
5d 5f 69 68 66 60 64 50 2b 3a 58 5b 63 6d 65 66 60 59 66 5a 30 3a 5a 62 67 54 50 63 6b 6b 6c 66 38 20 43 5e 6b 6d 6a 6b 6e 44 10 31 61 68 69 6b 67 35 2f 56 63 63 5e 68 6c 60 3b 29 43 5c 6b 6a
42 5b 69 6c 69 67 56 4b 4a 45 3f 4f 66 6c 6b 6b 66 4f 21 30 5e 62 67 6a 6b 6b 63 3f 13 33 66 6c 6b 6e 6a 6b 64 46 17 2c 62 6a 6d 6c 6b 66 68 6b 40 1b 31 55 6b 6a 64 65 6b 68 5e 4e 2e 2e 52 66
6c 64 33 2c 4f 54 59 65 6a 69 64 6a 6a 6b 5d 12 18 5f 6a 6d 6b 6c 60 61 6a 6c 60 2e 21 4d 5d 63 6c 69 6a 6e 69 6b 6a 55 1e 1e 56 68 6d 65 64 6c 61 49 4e 60 6a 56 4b 61 64 49 3d 58 62 69 68 65
61 63 68 66 4b 25 32 5d 6a 6a 66 66 65 64 69 4e 26 30 5a 62 63 68 69 6d 6c 6b 60 52 3b 2e 47 5f 67 6b 6a 68 62 65 68 6c 50 10 28 67 6c 6a 67 68 6a 6c 62 26 14 4b 69 6a 6a 67 60 5f 57 4a 47 45
4b 2f 36 59 62 61 6d 69 6c 69 6e 69 2a 18 54 5e 63 67 6f 62 56 51 5a 67 56 5d 6a 54 3c 3f 52 60 67 6b 6b 6b 6a 62 16 13 5c 6b 6b 6c 6c 6a 69 6e 34 b 3f 6c 6a 6d 6b 6c 6b 6d 68 55 1f 26 59 69
26 33 59 69 6d 6d 6a 6b 66 3d 1e 35 5c 6c 6b 6c 6a 66 49 1f 31 5b 67 6c 6a 6d 63 42 1d 3a 64 65 68 67 65 58 4c 49 43 57 5f 5f 64 60 57 4d 3c 40 5a 69 6c 6b 6b 68 40 1a 33 5f 6c 6c 6b 6a 5f 45
43 35 49 59 53 62 6c 68 65 62 5d 29 1d 43 62 6a 69 6a 6c 61 1a f 53 69 6a 69 6b 6a 5b 4c 2f 34 5b 60 5c 64 5b 4c 48 5a 6a 69 6a 14 a 5a 69 6b 68 64 5c 44 3b 50 5f 69 6d 56 3f 2d 41 67 6c 67
2a 41 6a 6b 6c 5e 37 3d 69 68 6a 6f 56 17 1e 5b 6c 6a 6c 6c 6a 69 63 5e 62 3f 3f 51 53 5d 6b 65 53 57 5e 6c 6c 67 58 17 1e 5a 6b 6b 6d 60 60 69 6b 64 5f 42 16 39 6a 6d 6a 6f 68 6c 69 22 1f 67
57 65 5c 5b 68 66 68 64 35 1a 44 63 6d 67 6a 59 30 36 5b 69 66 6a 6b 6a 53 1f 20 51 69 67 64 68 6c 53 2b 32 50 61 6a 6a 6b 65 59 4b 2c 2c 54 68 6b 67 65 69 66 64 5e 4a 34 33 53 62 63 63 65 69
67 6a 69 6b 6b 56 1a 26 56 66 6d 6b 6b 6c 62 38 22 41 5e 6c 6b 6a 61 64 65 59 28 27 57 6c 68 66 6c 65 60 5a 49 36 3b 50 5d 60 6a 6a 67 6d 62 20 1c 54 62 68 6e 6b 6a 69 6b 69 2d 15 43 64 6c 6d
5a 62 6b 6b 61 66 53 34 3a 52 60 63 62 67 68 5d 4a 34 35 57 69 66 6b 68 68 49 23 2b 54 6a 6d 68 6a 69 68 17 10 5a 6d 6c 6a 69 6b 6a 6a 39 19 3a 5c 6a 6b 6c 6b 6a 65 44 2d 46 5f 5a 61 67 6a 56
4e 57 61 5e 57 5a 63 3b 34 63 61 5a 56 56 5e 60 5d 63 6c 3b 19 3b 61 6b 69 69 5a 1f 29 5f 69 6b 6b 55 19 1c 54 66 6c 6c 69 64 2e 25 57 5e 58 57 6b 63 63 67 18 18 5d 65 6c 62 5c 5b 53 54 61 64
51 67 69 6c 69 6a 57 20 1c 53 6c 6b 6b 6a 6a 6e 43 16 3a 67 6d 6c 6a 68 63 63 55 27 25 58 6a 6d 69 6c 6b 6d 43 17 3d 60 60 68 67 67 6b 68 4c 23 36 57 61 6a 6b 68 5e 58 38 38 5c 62 61 5c 57 5b
56 28 1f 4e 6b 6b 6b 67 6c 6c 58 1a 1d 59 68 6c 6c 6b 6e 56 45 44 4a 4f 4c 60 6b 68 6e 66 57 44 54 6a 64 5d 5b 4d 50 3b 3b 61 68 69 70 6d 1a 11 5c 69 6c 6d 62 63 6c 51 1c 2e 5d 69 6d 65 62 68
67 6c 65 64 69 50 22 30 5c 6c 6a 6c 6b 6b 6d 68 47 12 2d 63 6d 6b 6a 6b 66 67 67 3e 23 3e 56 63 6b 6d 68 6d 68 6b 6b 15 10 61 6c 67 67 6a 6e 6a 67 44 1a 37 63 66 63 6a 6c 6d 69 69 5f 51 3b 31
61 54 4f 4d 57 6d 60 5b 25 19 53 6c 6d 68 6a 68 63 55 18 20 60 6c 6d 69 6b 6c 3f 16 30 5b 6d 6a 6c 66 5c 5e 2c 20 55 69 70 6c 6c 5a 35 2b 3e 5a 6c 6c 60 62 6a 66 60 64 4d 1d 30 64 6c 6d 6b 6a
5b 46 27 32 5d 6c 6b 69 6a 6b 6b 5c 2c 25 4a 5f 69 60 5c 62 6b 6c 6b 61 1e 14 4f 6d 69 6a 6c 69 51 31 24 48 67 62 66 6b 6c 68 67 44 21 39 54 63 68 68 69 62 61 58 4f 3f 46 5b 54 57 61 5a 5c 59
69 61 3c 36 4c 5e 65 60 69 68 67 67 61 40 23 37 61 6b 6b 6d 6a 6a 6a 46 2c 33 4c 66 6e 64 62 60 62 69 65 57 26 21 56 6c 6a 6e 6a 6a 6c 6d 50 12 24 60 6c 6c 6c 6a 68 69 6b 57 1d 24 5d 68 6d 68
66 6a 3b 2a 54 60 5c 65 66 63 60 65 6c 63 1c 16 58 6d 69 70 6c 69 52 13 1e 60 6a 6a 6c 6e 69 66 6d 4d c 26 68 6b 6c 6c 66 3c 2f 46 5a 69 6c 4b 4b 63 69 69 4f 2a 3c 61 68 6f 6a 6b 6c 53 3e 3f
63 66 67 66 69 54 24 2a 5b 69 69 6b 6b 6a 6c 6c 6c 54 17 23 5a 6b 6c 6a 6c 6c 6f 6c 6a 6c 54 23 1c 50 6b 6e 6a 68 61 5d 66 69 6f 6b 6c 69 2d 1a 48 60 68 6b 68 68 6d 6d 68 6a 5e 3d 37 4c 5c 5d
5a 62 65 66 65 61 6d 62 35 28 4d 66 6c 6a 6b 6a 6a 68 67 25 12 50 68 6b 6d 6b 6c 6b 6a 6b 3a f 32 66 6f 6b 6b 69 6c 6a 64 60 27 15 4b 6c 6e 6b 63 5d 66 65 68 6a 54 23 2c 57 67 6c 68 66 65 5f
65 4f 2e 30 51 63 67 69 6a 6d 5a 18 25 60 64 69 6c 6a 65 63 36 19 3d 63 6b 6b 6a 6b 6d 61 29 1b 4c 67 6a 6c 6c 6d 69 50 18 23 5b 6c 6c 69 68 68 57 48 45 4e 54 53 61 66 67 66 45 3d 57 5b 54 53
4f 57 4f 3f 47 61 64 64 6f 54 51 5a 51 3f 47 65 69 6e 67 61 67 22 14 5c 6a 6d 69 6b 68 6c 4e 11 2b 63 67 69 6c 67 6c 6c 6b 60 c 14 65 6b 6b 6a 6b 69 6c 63 5c 2b 20 50 6c 63 63 6d 61 51 4f 4a
57 6c 6a 32 2e 4d 46 53 6b 6d 6b 69 71 1f 1b 65 6e 66 68 4b 1f 40 64 6d 66 69 5c 56 47 31 51 6b 6e 67 6f 48 b 2f 64 69 6b 6a 70 d a 60 6f 66 6b 6c 71 6b 45 b 2e 69 6d 68 48 20 41 57 57 69
59 6b 69 69 6b 6c 6b 6b 6a 69 45 e 2e 65 6e 6e 6c 6b 6c 6b 6a 6b 6d 6c 5c 2c 1b 49 69 6d 6c 6c 6d 6d 69 6c 6c 60 4b 41 46 56 5a 5d 65 68 6c 65 63 67 6a 63 52 55 55 4b 4f 5a 63 65 69 6e 63 56
5a 6c 31 20 53 65 69 6a 68 32 1e 52 6a 5c 55 68 65 68 67 6c d a 66 6a 6e 68 6d 64 6b 6b 6d 48 b 2e 61 6c 6c 69 6a 6b 49 1d 43 69 6a 6f 68 70 32 b 41 6a 6d 66 72 2f 30 65 6b 6d 44 47 69 58
66 69 6f 54 3d 35 3e 5c 69 67 62 65 5c 3a 2d 3e 60 64 66 6c 6a 64 32 17 3d 62 6c 69 6b 68 59 37 24 48 60 66 6b 69 57 33 35 4c 61 6b 6b 6b 62 2d 1f 47 5d 66 62 66 6c 59 40 24 36 60 6a 6a 68 64
17 4d 66 6f 6d 6c 34 35 5b 60 5c 5e 5a 5d 6d 60 33 42 69 71 6a 6b 5f 2a 22 57 6c 6b 69 6c 6c 5c 26 17 4e 6a 6f 65 70 6e 6c 60 28 18 4d 6b 6e 69 6b 6d 6b 5d 1b 25 68 6d 71 5f 5c 6b 69 4f 50 5f
67 63 63 6a 6d 59 39 3c 4f 58 5e 62 5f 50 54 5e 6c 6d 6d 60 27 16 4b 6a 6d 6b 6c 69 6b 5f 22 1d 52 65 6d 6a 69 66 6b 6b 55 c 1e 66 6e 6c 66 67 66 5a 5e 51 38 37 4c 67 6e 64 5a 5d 5e 5d 5c 4e
11 23 68 69 69 64 6a 6f 6a 69 65 67 64 68 1e 15 61 63 67 6d 6c 6e 6e 62 5b 4f 4a 44 51 6b 6e 6c 61 60 60 55 30 3a 6a 6a 6f 66 60 5f 5c 55 59 4f 42 53 6a 68 61 5d 66 5f 5b 62 58 2e 3c 63 66 6d
5d 64 5b 5a 66 6a 6c 6b 6c 61 31 23 4e 59 60 6a 6d 6b 69 5c 27 2a 5d 6c 6a 6b 6b 64 6a 3f 17 36 62 6c 6c 6b 65 68 66 68 64 5c 26 1d 4f 67 6b 6d 6b 68 6d 6d 68 52 2d 2a 4c 64 6c 6c 69 68 69 64
6d 66 5d 3f 41 52 61 60 66 6b 6c 65 3f 30 47 53 5a 65 6a 6b 67 59 60 5b 32 34 5a 6b 69 63 51 56 5f 66 6c 69 5f 2f 2a 51 66 6d 62 61 6a 6c 66 67 5c 28 27 53 62 6a 63 5d 63 6e 68 6d 6b 2c b 45
26 2b 5a 66 69 6a 6b 6b 6a 58 3f 29 34 61 6a 6c 6c 61 5e 5d 46 30 48 5c 64 61 63 6a 6a 66 65 18 17 60 6b 6b 6d 6c 6b 6a 4e 10 25 60 6d 6a 6d 6b 69 66 5a 3e 1f 38 64 6d 6a 6b 66 60 61 4b 3a 41
6a 6d 4d 13 2e 5e 63 6d 61 4d 50 63 53 51 60 60 4d 39 42 59 63 66 6b 69 69 6a 67 c f 63 69 6f 68 6a 6f 69 6b 3b 2a 51 48 51 63 60 72 58 4b 56 3b 39 68 69 6c 69 5e 1b 21 5e 6a 6f 6b 5b 53 5b
56 55 6a 6d 6a 6e 69 2e 15 51 6c 64 60 6c 6c 6b 69 6f 59 23 2b 4f 61 6d 6c 6f 69 6c 5a 22 1f 54 6c 6d 6e 6a 6c 60 2a 11 45 69 70 6a 6c 6d 6b 62 54 5f 57 2c 35 60 6e 68 6e 67 6e 68 2b 15 48 67
4e 4e 64 66 68 6b 65 5d 6a 5b 17 25 67 6f 6e 6a 6c 6b 69 5f 25 1f 56 6c 6a 64 68 62 66 6a 6b 62 24 17 51 68 69 6c 6b 6c 6b 6c 5d 17 17 58 6c 6e 68 68 6c 6d 67 45 23 3a 5e 65 65 69 6d 67 60 54
6c 62 61 69 67 55 20 29 62 6b 6e 69 6c 6d 6b 6f 25 f 51 69 6b 6c 69 6a 5d 4c 56 6a 65 61 48 38 4a 4a 58 64 65 6b 6a 6a 6a 62 35 1e 41 5e 66 6c 64 65 6b 6b 6c 60 33 18 3f 60 6c 6d 6a 64 63 65
6b 67 63 5c 20 22 5c 6e 69 6b 6c 6a 6b 69 41 18 3c 69 6e 62 65 67 67 69 5f 55 38 26 50 6a 6b 6c 6b 6a 6c 63 56 50 32 35 5a 63 61 67 67 67 66 6a 6a 6c 54 1f 20 53 6b 6c 6b 69 67 63 63 64 4a 28
5d 5a 31 2e 52 65 6d 65 64 68 68 6c 6a 67 63 54 44 2a 37 66 6d 6d 6c 6b 6c 6d 6a 6b 67 28 15 4b 6c 6e 6c 6a 6e 6d 6c 6a 6a 68 5b 1a 1a 5b 6c 6d 6b 64 66 6d 69 6c 65 58 35 32 50 61 66 68 6c 65
6c 4b f 2c 64 6b 6b 6c 67 66 6b 6e 6a 5e 3a 1e 40 68 67 69 6b 67 64 68 6a 66 60 50 43 3c 40 59 69 65 64 64 5e 66 69 6c 6d 4e c 28 64 6d 6a 6d 69 66 5a 54 41 42 58 5a 5a 67 68 55 50 5e 61 5a
49 55 42 41 63 6a 6b 6c 69 6d 6d d a 61 6a 6e 6d 69 6d 68 5d 37 1f 3d 63 6a 6c 6a 6b 69 6a 59 12 22 67 65 64 6c 6a 6b 6b 64 26 11 4a 65 6c 6e 62 55 57 56 5d 57 3a 4e 5a 50 5c 6b 6c 63 5e 65
6b 69 66 4e 4c 61 66 42 26 49 68 6d 6c 65 50 46 53 66 6c 47 38 4c 5b 6b 65 47 4c 6d 5b 5d 66 41 36 5a 6c 6c 6d 6e 60 13 1c 67 6a 6a 6b 6c 68 6a 28 a 49 6a 69 6b 6c 6b 6b 6d 59 21 26 56 6a 64
6b 6b 6c 68 5a 2a 2e 5c 5e 5e 66 5e 5c 5f 60 66 62 66 64 30 1d 48 6b 6d 6c 69 6d 5d 11 17 5e 6d 6d 68 66 6a 6b 44 f 34 67 6b 6f 6d 64 5f 63 3a 21 4b 68 67 64 56 50 5c 5e 51 53 62 5f 4f 4b 4c
66 66 6a 5d 38 31 4c 5d 6a 6e 6b 60 5d 68 6b 6b 66 60 38 22 4a 64 62 69 6d 6a 62 60 63 67 68 69 6a 4f 28 26 50 6e 6b 6c 6c 62 61 63 5f 63 67 66 69 51 1e 2f 63 6d 68 63 62 65 66 61 58 53 5d 5b
6a 6c 5f 34 29 4a 63 6c 67 60 5e 64 6b 6a 63 64 6d 66 31 16 49 62 65 6d 6c 6c 63 65 68 6c 67 3f 17 37 63 6d 6a 6d 6a 6b 69 6c 6b 35 11 43 5f 67 6b 6c 6c 6a 6a 6d 6c 53 44 1e 33 68 6e 65 63 69
68 69 69 6d 6b 6b 62 5c 1b 18 5c 6b 6e 6c 6a 6a 6a 63 61 64 66 56 48 43 40 4b 5b 68 6d 6c 6c 6b 6c 6c 69 56 2d 2b 52 64 66 67 62 62 67 6a 6e 6a 6b 56 24 22 51 6a 6d 6c 6b 6c 6a 58 52 56 5d 55
58 67 6a 6c 6e 6a 6b 68 21 f 4e 69 6e 6b 6c 65 67 6b 6c 6d 50 11 23 60 6b 6e 64 67 66 60 65 6b 6d 58 16 22 61 6d 6b 69 6d 6c 6b 68 1d f 56 6b 6e 6a 6b 6c 5f 49 3a 45 4f 57 66 66 62 58 5e 52
5f 58 31 2e 56 63 6a 6a 67 63 54 36 2f 4c 67 6a 6b 69 64 3d 16 3f 68 67 6a 6d 68 5e c 15 67 68 6c 6a 63 5e 5d 4e 3c 3f 45 50 61 66 6a 6a 6c 64 59 34 22 48 6a 6d 63 65 69 66 3b 21 47 64 65 6c
6c 6b 6d 60 11 14 60 6b 67 67 63 5b 62 69 6a 6b 5e 21 16 51 69 69 6d 63 5b 5e 52 3f 57 64 53 48 55 52 57 62 5f 5f 54 4c 5e 65 56 4a 4b 57 53 5e 68 6a 66 63 31 1b 48 5f 67 67 64 6c 61 62 5b 4e
68 6c 6a 69 35 11 3c 69 6e 69 6a 6a 6a 66 62 40 1f 34 61 6d 6d 69 6a 6a 6c 6a 6a 57 2a 1e 4e 6c 6a 67 68 6b 64 66 6a 6c 61 39 21 43 62 64 66 6b 67 64 5d 62 6b 67 50 2f 43 5f 60 5b 5f 63 66 66
6f 6a 6d 6b 6d 63 c 14 63 6d 6c 6d 6f 6a 6b 68 6d 3a b 39 68 6c 6c 70 6c 6d 67 64 67 66 57 46 29 37 5a 65 6d 6d 5f 54 57 64 6b 6d 4c 18 35 68 63 66 6c 6a 6b 5f 45 3d 42 51 63 6c 6b 6a 4c 3c
4e 5a 68 6e 6b 6c 6b 6b 6f 68 6b 58 1c 1e 58 6c 6e 6b 68 6d 6c 6d 6c 6b 6b 69 5e 3d 27 3d 57 66 6c 6b 6b 6b 6c 6e 69 6b 6d 65 50 34 3d 4d 59 67 6c 6c 6c 66 68 6c 67 5c 4e 4e 52 5c 5f 58 56 61
63 14 1a 67 6a 71 6e 65 5c 46 48 58 6a 6b 6a 64 40 1b 3b 69 6b 70 6b 68 6a 69 6c 69 63 59 14 1b 67 69 70 6e 67 63 5f 6e 69 65 65 57 26 24 57 69 6d 6f 62 4f 5b 68 69 63 5d 60 50 35 48 50 5a 6d
61 61 65 6c 68 63 6c 66 4e 3d 42 3e 4d 67 6a 6d 64 61 63 67 6a 6d 29 f 47 63 6d 69 6a 6b 5c 56 62 6a 6b 6c 5e 1a 1c 5a 69 6b 6b 6b 6a 65 65 45 10 2f 67 6c 69 6c 6a 67 66 5a 3d 2c 45 5f 5d 5f
3b 4f 69 69 64 68 6c 67 68 6a 69 5a 3a 32 42 57 6c 6d 6a 68 6b 6b 6c 6b 69 61 34 21 41 5f 6c 6f 6b 6d 6a 6a 6d 6b 6d 6b 29 a 49 6a 6e 6c 6d 6b 67 6a 6b 6d 64 4a 37 39 49 5e 67 6a 6d 6c 61 62
56 5a 5c 66 69 6d 69 6f 5a 12 21 67 6e 6b 6b 6a 6c 6d 6e 43 11 38 69 65 66 6d 6b 6d 6d 6b 68 31 10 41 69 6c 6c 6b 6d 60 61 6a 6a 61 43 28 38 57 65 6b 69 6c 6e 6c 5e 60 5d 17 27 68 6c 6c 6b 6c
5b 5b 68 6b 57 58 47 42 55 55 65 6c 5e 5f 69 3a 21 4b 65 69 6e 6d 4a b 2c 65 68 69 5c 52 23 1f 59 65 6b 5c 48 40 52 5c 6d 6a 52 23 21 50 65 6a 68 69 6a 6c 19 a 5a 66 6b 67 6a 6d 18 16 62 5f
64 64 63 66 67 52 35 34 51 63 69 6b 69 69 57 24 22 54 6c 6b 69 6b 6d 5e 4b 27 2d 5d 6b 69 6a 68 69 58 58 54 26 31 63 65 67 66 65 64 65 67 67 63 55 2b 28 4e 65 69 6a 6b 67 68 6a 63 3b 29 49 5f
6d 5a 17 1c 5b 6b 6b 6c 70 69 6e 4f c 22 68 6d 60 43 49 58 5c 67 62 2e 3a 5b 60 57 55 6a 70 44 32 49 5a 6c 69 6a 6a 6e 29 1e 54 5b 5b 67 6d 69 67 69 58 30 1d 42 67 6b 68 6d 5c 55 5f 61 45 3b
37 40 62 64 62 6b 6c 65 64 39 11 3e 6a 6a 6c 69 6c 69 6c 6c 6d 2c b 43 66 68 6b 6d 69 69 6d 6e 64 43 12 2c 65 6d 62 66 61 5e 57 50 55 63 6c 64 34 24 4c 61 6a 6c 6a 69 5f 52 3d 30 49 61 6b 65
3b 3a 51 6c 6f 6f 6c 52 30 1e 44 6a 6c 6c 57 c 21 63 6f 6c 6c 69 5f 30 16 45 6a 6f 61 60 36 2c 5e 6a 6e 6d 48 b 2c 65 62 61 6c 6b 5d 51 29 3a 5a 61 6b 6c 62 60 4f 32 37 5a 6d 6e 6a 60 49 4f
6c 61 58 5a 63 5f 4b 47 5d 64 55 59 5f 5d 69 6d 6b 6c 6d 69 64 31 12 41 6a 6e 6e 6a 6b 6c 67 68 6a 6a 6c 66 5a 39 1e 40 66 6d 6d 65 61 69 68 6a 6d 6c 6b 61 3f 31 40 56 62 65 67 6c 6c 6b 5e 5b
6b 6c 68 5c 1e 19 58 6a 6f 6a 6b 67 68 6a 59 54 39 2f 54 5f 66 65 67 6b 6c 6c 4f 1b 24 59 6c 6e 6b 66 69 69 6c 4e 17 25 5c 6c 6e 6b 6e 6a 6b 6a 59 11 1d 62 6c 70 6b 6d 6c 6d 43 26 34 54 68 68
48 62 63 6f 66 61 67 5c 65 5f 1a 27 63 6a 6d 65 5e 5e 64 63 64 6f 50 2f 32 4b 5a 63 6e 69 66 5e 30 2f 60 66 6e 6d 67 6b 22 19 56 58 63 6c 6a 6b 63 62 3e 25 4a 5e 65 6d 69 68 6d 5d 3f 27 34 59
48 64 6c 5e 3e 32 5a 6b 4a 4b 63 6d 6b 5e 1c 19 58 69 6b 6f 6b 6a 4d 3a 2a 39 69 6b 6c 6a 1f a 56 69 6f 6b 64 60 1e 19 58 6a 6e 6b 66 6c 6b 6a 1b a 4c 69 6f 6c 58 38 29 49 64 5c 5a 66 5d 39
6a 6a 67 66 47 22 35 5d 68 67 66 66 6b 6b 69 29 15 51 67 66 6b 67 66 69 69 38 12 44 64 64 63 69 66 69 6b 66 58 17 25 62 67 67 65 6d 6a 63 54 4a 33 34 59 69 6b 69 6b 65 50 1b 29 63 6b 67 62 67
51 22 2c 63 6a 6a 6c 6a 6a 6b 53 c 22 63 6d 6b 6b 69 6b 6d 5d 34 24 3f 5e 69 6b 63 69 65 68 66 65 34 18 49 69 6e 60 5f 69 47 39 49 4c 5d 6b 67 64 55 56 5a 48 41 4c 54 60 6a 6b 6b 69 44 2e 50
52 53 5b 65 58 57 6a 6b 6b 6d 1e a 52 68 70 70 6b 63 59 5a 5a 4f 3f 50 68 5c 3c 3e 61 6a 6e 63 62 6a 63 44 1d 3c 68 6c 6e 6e 6a 6c 5a c 1a 65 69 71 70 6a 6d 4a b 28 64 6c 71 6d 64 61 6d 43
4b 2e 39 5b 6b 6a 6c 6c 69 60 5f 4c 20 34 5b 66 64 6e 6a 6b 6c 68 69 48 20 39 5f 60 64 65 60 66 6b 69 6b 6a 6d 69 28 f 4c 69 6a 6a 6b 6a 6b 6b 6d 60 21 15 52 69 6b 6c 66 5f 66 63 68 67 3a 2a
6c 66 53 1c 25 5d 69 6a 6c 6c 63 64 63 2e 21 50 63 66 62 66 63 64 5d 58 62 5c 47 31 47 58 60 65 67 5d 60 6c 6a 6d 6c 1e a 52 69 6a 6b 67 68 69 6b 6d 32 e 45 67 6b 6a 64 63 6a 66 56 3a 3b 5c
5b 63 65 61 65 57 4e 5c 53 46 46 57 69 6d 6a 6c 6a 6c 6b 46 35 4d 47 5a 6a 67 63 68 69 67 66 6b 69 6e 5a 1c 1b 58 6d 6a 6d 68 69 6a 69 6b 6d 67 29 f 46 69 6e 6c 67 66 6b 68 65 66 63 5a 1f 1f
53 5b 68 6e 6d 6c 6f 4a 12 2a 62 6d 69 6b 6b 6d 6c 65 67 52 16 28 64 66 65 6c 6a 6c 6b 6b 4c 16 25 5e 6c 6b 65 61 5a 5f 6a 6a 6b 6d 3d 11 35 65 6d 69 6a 6e 6c 5e 56 2f 36 5f 6e 66 5b 52 5b 56
4c 4d 4b 56 60 5b 64 6a 6d 3c 1e 4b 5d 61 6c 5d 4f 59 5f 6c 6a 32 1c 4b 60 63 6e 6a 6a 59 28 1a 47 66 6e 6a 69 6e 68 70 45 1e 38 60 68 71 63 46 31 39 52 6c 68 6b 6a 4f c 25 65 6d 6a 6a 68 57
66 61 62 5b 53 3e 32 4d 6c 6c 6b 6b 6c 50 1a 32 58 68 6d 6b 6b 61 44 33 32 4b 67 6e 6b 6b 6b 6a 67 2b 14 48 6a 6d 6b 5e 51 5f 65 62 4f 32 32 50 5a 5c 66 6c 62 65 6c 67 68 5b 1a 18 5e 6c 6d 6a
49 21 37 69 69 67 63 68 63 62 6a 55 19 2e 64 6a 6c 5d 50 52 58 60 6a 5f 5f 46 2c 3e 59 69 6b 6e 68 6a 69 32 f 3c 68 6c 6b 6a 65 49 1f 29 5a 6b 6b 68 6a 60 43 39 3d 49 5d 64 66 6b 5c 52 5a 5e
6d 6c 6b 69 46 14 29 5e 6a 6a 6c 6e 6c 69 68 64 63 69 6d 5d 1a 19 58 6c 6a 6b 6d 6b 67 66 67 65 68 68 69 3f 21 40 61 68 6b 6d 68 69 5a 42 44 4e 5d 69 59 4c 5c 6b 6b 6c 64 62 56 2c 35 60 6d 69
63 69 68 5c 5b 6d 6b 6a 5d 31 29 4b 66 6d 6b 66 67 6c 68 61 62 61 63 52 40 39 4a 61 69 6b 66 67 6c 6b 65 64 61 64 69 30 1c 54 63 65 67 6a 6c 6d 6a 6b 6b 6b 69 1a f 56 68 6e 6b 6d 69 6b 6c 63
6d 46 36 46 46 58 6a 6c 6a 6c 6a 6b 6a 66 64 5c 31 21 4a 68 6c 6a 6b 69 6e 6d 6e 68 6b 6c 6c 5c 2c 20 4b 62 6b 6a 6b 6d 65 67 6a 6a 69 6c 6b 6e 3d b 38 6c 69 69 6c 6a 66 67 64 63 64 60 63 60
69 68 5a 32 28 4b 62 6b 6a 6c 69 6b 66 3d 12 38 68 6d 67 67 67 69 6c 69 3a 12 36 61 6c 6c 6a 6c 6c 6b 5c 28 1b 50 6b 6a 68 67 66 65 5a 44 3a 47 5a 5f 61 69 63 65 59 4c 4b 44 50 5d 5b 62 64 68
69 6c 6d 6b 6a 6c 60 33 15 40 68 6b 6c 6a 6b 6b 68 6c 6c 6c 62 3e 28 37 55 6a 6b 6b 6a 6b 6c 6d 62 37 20 3b 59 6b 6b 6b 6b 66 64 67 68 67 54 24 27 54 63 67 67 67 68 5b 55 5d 61 56 58 5c 49 4b
4a 5c 65 6d 6a 70 66 51 25 29 59 68 6d 6e 6a 6d 66 5d 28 23 58 68 6c 6b 6c 6b 6a 60 27 1f 57 66 5f 62 66 6c 69 6d 6b 4c c 27 67 6e 6e 6a 6b 6b 59 4e 5b 61 5c 36 3d 65 6b 66 66 69 68 52 42 4a
62 36 26 42 63 60 61 6c 66 6b 6e 60 27 1c 4b 60 69 6b 6c 6b 69 5a 1d 1b 4f 67 6e 6a 6d 63 59 59 1c 21 64 6a 69 6e 6a 68 3e b 31 64 6b 6d 6c 66 5e 56 50 5e 48 24 43 66 6a 6c 5a 53 5c 64 51 50
69 6b 6b 64 28 14 49 69 6e 6a 69 6a 5f 59 4c 44 44 43 57 5f 63 63 65 5e 60 6a 6b 47 b 2b 63 6d 6d 6b 68 69 69 33 b 41 67 6d 6b 69 68 5a 20 1d 54 68 6e 6d 68 68 68 5b 15 1c 5d 69 6f 62 61 5e
45 53 63 6b 6c 6a 6a 6a 53 17 22 58 6a 6d 68 6b 69 68 67 25 12 50 6b 6a 6c 6c 6a 6b 5d 2d 1c 44 66 6a 6b 6b 6b 62 4c 24 2b 5e 69 67 68 6b 67 63 56 2e 2c 50 61 6a 6b 6c 5f 56 58 51 48 4d 5c 5b
6b 6c 69 67 37 22 41 64 6c 6e 69 53 3e 53 65 6a 64 65 6c 67 13 11 5d 6b 69 6d 64 5d 5a 65 6b 38 30 51 54 63 69 6e 6d 64 39 39 6a 6d 4f 40 45 54 6c 69 6b 6c 5e 47 2a 2e 55 6d 6b 6b 6a 4a 30 3b
3c 2b 57 64 61 65 6d 48 4c 68 6b 6b 6a 55 1b 29 5d 66 6b 6d 65 6c 3c 23 52 55 51 63 6c 69 54 49 51 32 3b 5e 69 6e 67 64 5f 5f 4c 1c 30 64 5b 59 6b 6a 6a 6b 64 4d 11 29 61 6c 68 62 65 61 63 6b
67 62 58 3e 37 4f 5e 60 63 66 68 66 65 67 68 5d 33 25 4e 65 63 66 68 69 6a 6b 6b 6a 40 14 34 64 6a 69 6c 6b 6b 6b 68 3d 10 34 67 6c 6b 69 6c 6b 6c 6b 64 5b 2d 20 50 6a 6a 68 69 66 61 67 6b 51
28 2b 68 6b 64 66 6b 67 6d 6a 6f 45 11 31 5f 6b 6f 6b 6c 64 51 2e 32 4d 5a 6e 6c 6c 6c 6c 6d 28 1f 58 55 5d 6e 6d 64 64 6a 68 6c 68 2f 17 45 63 69 70 6d 6d 69 6a 65 51 26 32 5b 5f 64 6c 6e 67
36 4b 67 6a 64 5c 35 2a 54 66 6b 6c 6a 69 52 26 3c 5b 50 5c 6b 6a 6a 60 c 17 5f 6c 6c 6d 69 6b 61 5d 3e 20 38 60 6b 6b 6a 69 69 55 12 19 5b 6b 6e 6c 66 53 40 39 40 49 5b 67 6b 69 64 62 43 2b
67 5d 38 31 54 55 61 6a 66 63 60 5f 60 3e 2b 4d 66 69 68 6a 6c 62 26 18 51 68 6b 6b 6d 6c 68 6c 62 14 15 5c 68 6c 6c 6d 6c 6b 67 46 26 3b 52 60 6c 6d 65 66 65 6d 57 22 26 52 62 67 68 6b 64 62
57 5d 5b 50 56 60 68 68 65 67 68 4a 22 36 5e 66 6c 67 67 6d 6a 6b 69 4a 1e 2d 56 6c 6d 6a 6c 6b 6d 6b 57 19 1e 5b 69 67 6c 6b 6b 6d 6b 6c 6c 37 e 3b 67 6b 6e 6a 63 63 6b 62 51 57 5b 55 52 4e
59 65 66 4d 44 50 5d 58 4f 50 52 5c 5e 59 61 6a 42 25 48 5f 5d 68 54 4f 63 69 6b 62 35 16 39 60 6e 69 68 69 69 5d 1a 17 57 69 6c 6b 64 64 65 40 f 30 63 66 6b 69 64 67 5c 2f 23 47 5a 64 68 69
6c 60 64 62 66 6b 6a 5c 13 21 61 6c 6d 68 6e 5c 59 5d 31 2a 4f 69 6d 6a 6a 5a 5b 5d 5f 67 39 42 61 52 4a 59 63 66 60 5e 69 6c 6c 5d 26 21 55 69 6b 6b 6b 6e 63 2d 19 4e 6a 6c 6a 54 55 61 65 63
69 68 60 62 63 2a 2c 62 67 69 67 6b 66 61 58 15 1e 68 6b 6d 6d 6e 4d 46 5f 4c 42 58 59 5b 6d 66 5d 61 5d 23 24 5b 5f 68 6d 6c 6b 5a 1e 24 5a 6b 6d 6c 6c 6a 67 5c 19 1b 5c 6c 6c 6d 6b 69 5d 54
21 3a 5f 65 63 6a 6a 67 67 6a 52 2e 29 49 65 68 68 6a 68 6a 6c 6b 4b 1f 33 56 65 66 60 68 69 6b 65 5c 15 18 62 6c 6d 6b 69 6a 67 69 6b 43 1d 3a 5d 65 69 6a 6a 66 65 65 63 60 4b 39 38 50 6b 6d
55 42 40 5d 60 4b 54 6a 4c 4c 6c 6a 67 6d 6e 38 b 3d 62 6c 68 6e 6d 6b 70 37 16 40 69 6b 6e 58 41 4a 5e 62 57 57 4a 4d 6c 60 4e 54 6d 41 3e 69 6a 6c 6c 65 16 11 58 69 6f 6a 67 6a 6a 52 17 2a
1f 12 53 69 6b 6d 6b 5c 52 5c 68 5d 59 54 49 39 43 5c 67 65 6b 68 6b 6c 61 3d 18 36 65 6c 6a 69 6b 6a 65 5c 53 31 2f 4e 60 6a 6d 6b 69 6c 6c 6b 5d 1a 18 56 6b 6d 67 64 6c 60 5b 5b 59 54 4e 44
57 64 6b 68 68 6a 64 5a 2e 1d 49 67 6d 6a 6c 6b 6c 6c 1b a 53 69 6b 6b 66 64 6a 69 6b 53 11 26 62 66 65 66 6a 69 6b 6a 6b 2c f 46 69 6b 63 61 68 67 68 63 50 3b 42 55 5b 60 62 61 5d 56 5e 61
67 6e 6b 6b 6a 6a 67 1d d 51 6a 6d 6c 6b 6b 6a 69 67 6b 4b 12 2b 63 6d 69 64 65 68 67 6a 69 6d 5a 37 28 3e 5e 68 6d 6c 6b 69 69 63 60 3e 2c 44 5d 67 6d 69 6d 6c 68 59 52 36 30 4e 65 67 6a 6a
68 6b 6d 6a 6e 59 34 27 4f 65 66 6b 66 69 60 64 69 63 5b 33 2e 57 66 67 6a 6b 68 68 6d 6e 58 10 1d 64 6b 6a 6a 68 62 62 62 67 67 3c 28 44 5d 6a 68 61 68 67 50 52 66 6d 69 64 33 27 53 67 6a 67
53 61 6b 6d 69 6b 6e 6d 3d 1b 38 5a 6a 6d 69 6c 6a 6c 6b 6b 54 14 1e 61 67 6d 6a 6b 6a 6d 6d 5e c 16 67 6e 6a 6d 69 54 54 6c 6d 6b 68 43 33 49 4c 59 69 6c 54 52 6d 6c 6d 68 6a 6a 24 18 5e 6d
5d 64 69 46 22 3a 57 60 65 68 69 6d 4f 16 30 64 65 65 6a 67 6c 60 28 1b 52 68 6b 68 6b 6b 5e 34 28 42 56 6b 6b 69 6a 6b 6c 32 11 3e 5f 6a 6a 6b 6a 69 6e 4c 1c 33 5c 5f 64 68 6c 66 55 4f 3a 47
48 54 52 5f 6c 6c 66 30 26 57 6a 6b 6b 6b 6e 5d 1a 1e 5f 6c 6c 6c 6a 64 63 69 66 60 20 24 68 6d 6c 6d 4a 48 69 6e 6b 6c 65 2f 1d 4a 64 6b 6c 65 5c 64 6b 6b 5f 42 32 4d 5c 5e 64 64 63 66 6e 65
5d 44 41 4c 5c 65 69 6d 5b 56 60 5c 56 45 4d 58 4d 5e 67 68 44 45 60 6e 67 6d 66 1e f 4e 68 6a 6a 6a 69 65 2e 15 42 60 6a 6d 69 6c 6a 54 26 23 4b 64 6a 6b 65 65 66 67 65 3f 20 3b 5f 66 6a 66
6a 53 33 38 50 63 6b 68 66 61 65 5c 54 43 48 4e 59 5f 64 64 63 49 4a 5a 5a 61 52 55 5e 4d 53 6c 6e 68 6a 34 12 42 69 6d 6c 68 6d 66 13 1a 64 6c 6c 69 68 54 3b 1d 36 66 6b 6d 6a 69 6e 24 a 4c
6b 6c 62 61 61 38 1c 46 69 6b 6b 6b 58 53 65 6a 6d 6b 4b 23 30 56 63 66 63 58 53 5c 62 60 62 64 6b 6a 62 4f 23 2f 61 63 67 6b 69 6b 6b 33 23 57 68 6b 6a 69 6b 5a 36 23 41 5f 6a 6b 65 65 65 54
2b 52 62 6e 6a 6c 6e 67 6d 6b 13 a 60 6a 6d 6c 6c 6b 66 62 44 2d 36 54 69 67 66 6a 6f 66 60 65 50 16 30 67 6b 6f 6c 5b 56 5d 65 6b 6b 50 28 25 4a 6c 6b 69 6d 6c 63 53 41 35 41 5d 6b 6a 5c 55
6f 6c 6c 60 3f 1d 3d 63 67 60 66 6e 6a 6f 6a 67 66 65 40 14 38 69 6a 68 66 6b 6c 6c 69 6b 6d 6d 2a a 48 69 6d 68 6d 66 69 6b 6e 67 59 46 1d 34 67 66 5f 68 69 60 5f 61 68 5c 40 3e 4c 57 65 5d
63 4c 4c 6b 60 4c 48 4b 56 6c 66 61 68 6e 20 a 53 69 69 6d 6a 66 53 39 3e 4e 5a 6d 6d 64 65 31 1e 53 5d 5e 6a 6c 6a 63 40 1e 36 5b 6a 6b 69 6d 6a 5e 25 17 4e 69 6c 6c 6a 6c 5e 57 43 24 43 5c
6b 52 c 1b 68 6e 6d 6c 6e 6b 6c 6c 6a 6a 6a 5c 22 19 4c 6b 6c 6d 6d 6c 6d 6b 6a 6b 6b 69 5e 34 23 3f 64 6e 6d 6e 6d 6e 6a 6d 6b 5d 44 2b 30 5a 6f 6e 6d 6e 6c 6c 6d 6d 5e 5e 5b 3e 38 5a 6c 6d
62 61 5c 54 4b 5e 69 6c 6c 6b 6d 65 69 4e 27 3b 64 68 67 63 66 6a 6b 66 62 6c 6d 69 65 30 12 43 68 70 6e 6c 66 69 6b 6c 6b 6c 6b 5d 4e 51 3c 37 5a 6d 6a 69 6c 6b 6a 6e 6c 6d 66 49 27 3a 61 63
57 60 5f 5c 67 6b 54 38 3b 4a 5e 64 6c 6c 6c 6a 6b 60 18 1a 5d 67 65 6e 6b 6b 65 66 6a 32 1e 4f 63 61 68 65 69 69 6c 66 24 12 4b 6a 6b 6b 6c 6c 66 62 52 20 24 58 6c 67 67 6d 6a 65 3f 47 5b 46
63 65 58 30 30 4d 61 66 5e 62 6b 66 63 6b 6b 6f 5d 19 1b 5b 68 6d 6a 6b 64 4d 4d 67 6a 6d 6d 53 30 35 56 67 68 64 57 5f 64 65 6a 6b 6c 6e 63 13 16 61 6f 6f 68 6b 6c 53 43 57 63 6d 66 62 5f 44
3a 66 6b 6b 6c 6d 67 68 6b 61 27 23 50 5b 65 6b 6c 6b 69 68 68 65 61 39 1c 40 67 6a 6d 6b 6a 6c 6d 6a 6c 65 36 1d 3e 5e 6c 6d 6a 6c 6b 6c 69 68 67 66 4b 32 41 56 64 60 63 69 67 6b 69 60 5e 58
68 5a 2e 28 4d 69 68 68 6b 69 65 68 67 48 1a 31 60 6c 6b 6b 66 65 6b 6b 68 4f 19 2e 64 66 64 6a 6b 6c 6b 6e 58 21 1e 51 69 6d 6c 6b 6d 6b 6e 6c 33 1d 47 58 67 6b 6c 6c 69 61 5a 53 46 3f 53 63
65 6c 65 5f 40 39 51 5d 6a 68 6b 6f 66 50 44 49 44 4f 5f 64 68 60 66 66 5a 60 67 66 50 30 42 5f 64 51 53 6c 6c 6a 6c 6c 6d 6a 6c 6b c f 62 6e 69 6c 67 68 69 6f 6b 6c 6b 26 a 4a 6b 69 6c 6c
63 6c 6b 6b 56 1b 2e 5d 65 6b 6f 59 55 4e 46 59 65 6e 67 64 6c 62 66 3e 10 3b 63 6d 6e 6b 6d 5c 4a 58 66 60 66 61 59 64 69 49 46 47 4f 6a 67 66 6d 6a 68 5f 5a 47 4e 59 53 57 5a 64 62 5b 5f 67
5f 56 51 61 6b 6a 6c 6b 62 3d 1c 3c 65 6a 6e 6c 65 69 61 61 6b 5c 44 38 43 5c 68 6b 64 65 6a 6b 6c 6d 64 1d 15 56 6d 6d 6a 6c 6c 6a 66 4b 13 2e 6a 6d 68 63 66 65 64 67 64 5b 38 29 49 68 6d 6a
51 50 57 55 56 5a 62 61 61 6b 6c 6c 4b 1d 2e 5a 6d 69 6a 68 6b 6c 6c 6d 5f 13 1b 5d 69 69 62 69 67 61 5f 69 69 57 2a 21 4d 6b 6b 6a 6b 5d 4d 51 62 6d 6b 68 57 3a 34 41 5b 67 60 5f 5d 59 62 61
5e 5c 5d 6a 6b 5c 41 34 44 57 60 66 67 64 65 65 52 38 3a 57 5f 63 6a 6c 67 65 4e 1b 29 60 6b 6c 6c 69 6b 68 68 5b 1b 1b 59 6b 6b 69 68 6a 68 66 6d 69 56 1f 1e 53 6a 6c 68 68 68 60 61 59 51 53
5a 65 29 1a 59 63 63 62 6b 4a 12 25 6f 63 64 61 6d 68 1b 9 59 64 62 62 5f 55 4d 54 51 47 30 40 61 5a 5a 62 4d 2d 29 3c 70 5a 5b 61 60 54 5b 3b 2a 44 4f 58 63 65 62 5b 3a 35 50 4f 66 50 5c 60
68 39 2e 51 60 6a 6a 4d 47 4b 52 60 5e 5c 63 66 50 51 61 58 4f 42 4e 5b 60 6a 6b 68 4e 16 32 67 6b 6a 64 62 6b 42 11 38 65 6c 6b 6d 6b 63 34 22 50 61 66 6b 6b 6b 62 23 1b 4e 62 6b 6b 6b 67 53
68 69 6b 6a 65 4c 1b 27 5d 6e 6d 6b 6a 6a 63 62 6c 6f 27 13 51 6b 6e 6a 6c 6b 6a 69 48 31 3d 52 5d 66 67 64 64 68 67 66 5e 56 38 23 4b 6b 6c 6b 6a 6a 6c 6b 68 63 23 1a 5a 69 69 67 68 67 68 69
61 60 60 65 6a 5e 46 46 52 4c 51 5d 5e 61 67 66 62 54 39 3c 52 61 69 6e 5c 4b 37 42 5f 69 6b 6e 49 14 2c 5e 67 65 66 64 6a 5b 34 1c 41 67 68 66 6c 6b 63 2d 17 49 69 6b 6b 6b 64 5f 53 4b 3b 3d
4e 67 6e 49 2f 4a 6d 49 50 47 50 6b 6d 6d 6f 29 2b 5e 6d 6e 6f 73 67 6b 67 72 d a 66 6e 6b 4d 2e 4c 68 6a 68 69 72 d a 66 6e 6b 6a 6f 6d 75 d a 66 6e 6b 6b 71 51 c 28 5f 6d 6e 6c 69 d
