60 68 69 67 68 6a 6b 6b 5c 1e 1b 59 6b 6a 6a 6a 6a 69 6a 6a 6b 63 27 19 51 69 69 6a 68 69 6a 6b 6a 69 61 34 22 46 60 69 69 68 68 69 69 68 66 57 3b 30 48 60 68 69 67 66 64 63 5f 5a 52 4b 50 57
59 5b 60 62 61 5e 5e 5c 53 50 4b 4d 57 5d 61 65 67 69 6b 6c 5c 22 1d 55 69 6b 6b 6b 6b 6a 6b 5f 14 16 60 6b 6c 6a 6a 6a 6a 6a 6b 63 2a 14 4b 69 6b 6b 6a 68 67 64 61 59 49 41 47 54 5e 62 66 66
5a 59 57 56 51 4a 4b 54 5b 61 60 55 43 3d 4a 58 63 69 67 55 28 28 53 66 69 69 67 4a 20 30 5b 6a 6a 69 62 3b 1e 3d 61 68 68 67 64 44 21 34 5b 67 68 68 69 5d 23 19 52 69 6a 67 65 61 4a 2e 39 55
3d 3a 36 40 45 3c 33 33 40 3e 34 35 41 43 39 32 3c 36 2f 3a 47 46 31 2a 37 3c 39 40 43 36 2c 33 44 42 33 31 3d 41 3b 35 3a 35 30 3e 48 44 32 28 39 40 3a 41 43 36 2e 37 45 3f 33 37 42 41 3c 38
5e 62 62 53 3e 3b 4d 5e 65 66 64 66 63 43 25 3b 5d 67 68 69 69 66 5a 30 23 4c 65 68 68 68 69 69 55 25 23 51 67 6a 69 69 66 5e 46 2e 3b 59 64 68 6a 6a 6a 49 e 2c 67 6a 6b 68 63 58 4e 48 47 51
50 54 5a 60 61 63 5e 53 41 38 49 5a 64 66 66 68 68 63 2e 16 49 66 6a 6a 67 68 67 5b 2c 1d 4b 66 6a 69 68 68 67 4d 1d 29 5b 68 69 68 68 67 67 52 1b 23 5c 69 69 67 64 64 5f 51 3b 39 4d 5b 63 63
60 64 62 5f 55 4b 47 4b 55 5f 66 67 67 6a 6b 6b 6b 3b 11 3e 68 6b 69 68 66 68 6b 6b 6b 57 c 1d 6a 6b 6b 69 67 61 60 65 68 68 6a 6b 47 20 37 5a 66 6a 69 66 65 65 61 5b 56 51 4f 51 51 58 60 61
57 48 3d 49 5b 62 66 66 62 59 41 2d 42 5e 66 66 66 68 66 51 25 27 54 65 67 67 68 67 63 44 25 35 59 67 68 6a 69 62 35 1e 41 60 68 69 69 66 4b 1d 2c 5e 69 69 68 68 61 46 29 35 58 65 65 61 5d 57
64 65 63 59 4c 3f 42 54 61 66 68 69 6a 6a 6b 62 2a 18 4d 67 6b 6b 6b 69 6b 6a 69 59 19 1d 5e 6b 6b 6a 68 66 65 67 6a 6a 6b 38 10 40 67 6b 6a 69 67 67 64 5f 5a 4c 46 51 57 5c 5d 5d 5f 60 60 5e
48 4a 54 60 67 68 69 6a 6b 6b 6b 6b 2e b 47 6b 6c 6b 6b 6a 6a 6a 6a 69 64 4e 2b 2f 53 65 6a 6b 6a 69 6a 6a 6a 6a 6b 66 32 14 45 67 6b 6b 6b 6a 69 68 66 60 58 4f 47 4b 57 5b 5c 61 65 65 64 62
45 48 56 5e 65 66 5d 4a 31 36 53 64 66 66 68 5e 38 22 40 60 67 66 67 65 56 33 2b 4b 5f 65 68 68 59 35 27 45 62 6a 6a 67 51 20 26 56 67 69 69 68 5c 23 1b 53 68 6a 69 66 59 3f 2d 40 5b 64 65 5f
4b 4f 59 63 64 66 5b 44 33 41 5b 65 67 67 66 57 32 2d 4d 60 68 69 69 66 53 23 28 57 66 6a 68 69 67 4a 1e 2d 5b 67 68 68 69 64 4f 24 2d 59 64 66 67 69 6a 65 31 10 41 68 6a 69 66 61 56 48 41 48
44 41 4d 5e 65 66 61 49 2b 36 55 66 69 68 5e 39 25 42 5f 69 69 64 4c 25 2e 5b 67 68 67 5a 2f 22 49 65 68 68 65 55 2f 26 49 64 68 68 68 5b 2e 20 49 63 67 68 67 65 42 24 38 5a 66 68 63 56 48 3e
45 53 60 66 68 68 6a 6a 6a 54 e 1f 68 6c 6c 6a 67 67 68 6a 67 5d 36 1f 42 65 6c 6a 67 67 6a 6a 68 56 21 21 57 6a 6b 69 67 67 68 66 58 35 28 47 65 6a 69 65 63 62 5f 5a 50 44 43 52 5c 61 63 61
68 69 69 67 67 64 5b 50 44 3c 4c 61 67 69 6a 6a 6b 6a 6a 6b 69 68 66 58 3c 2d 44 5f 69 6a 6b 6b 6a 6a 69 6b 69 69 6a 6b 68 44 20 38 5c 67 6a 6a 6b 6a 6a 6a 68 67 65 5e 55 4c 4b 52 57 5b 61 65
4e 4b 53 5b 60 66 69 6a 6a 69 69 6a 5a 2e 21 4b 69 6b 6a 6b 6a 6a 6a 6a 69 69 60 3b 1f 40 64 69 6a 6a 6a 69 6a 6a 6b 6b 6c 5c 1c 1a 5a 6c 6b 6b 6a 69 67 67 65 61 5a 4b 40 49 57 5f 62 66 65 65
49 56 60 64 64 63 62 5f 57 44 30 44 64 67 67 66 66 67 67 64 48 26 33 59 67 69 67 65 68 6a 6b 6c 1e b 58 69 6c 6a 69 69 68 51 20 27 59 6b 6a 69 67 65 64 5a 45 37 3f 54 63 66 66 64 62 5d 57 50
5f 5f 60 5d 55 44 3b 4d 5f 64 65 65 68 69 69 52 16 23 61 6b 6b 69 68 68 68 67 56 25 25 54 66 6a 68 69 68 6a 65 38 18 3e 62 6a 69 69 69 67 61 3c 19 3c 68 6a 68 66 66 61 5c 54 47 3f 47 58 62 65
57 5d 5f 5e 57 4c 44 46 51 5c 64 67 68 5d 3c 2d 49 62 69 69 66 52 2f 33 54 64 69 6a 65 41 26 40 60 68 69 69 65 4c 1b 2a 5e 68 69 6a 69 68 5b 2a 1d 4b 67 6a 67 67 6a 69 5c 36 21 43 62 68 68 66
62 68 69 69 68 66 5e 40 25 3c 61 6b 6a 69 67 67 65 66 68 61 4c 35 3a 52 60 68 68 63 61 64 67 69 6b 6b 38 14 42 67 6b 6b 69 69 6b 6b 6a 46 11 31 67 6c 6b 6a 68 67 64 5e 56 4b 43 4c 58 5b 61 64
5b 5e 5e 58 47 3d 47 57 62 64 65 63 55 31 2d 54 66 69 6a 6b 64 3f 1e 35 5c 68 68 67 68 68 5d 30 21 4b 64 6a 69 69 67 56 25 26 53 65 69 69 69 64 3d 1f 3e 61 68 69 69 6a 56 2d 25 4a 65 68 66 62
46 4a 58 5e 5d 59 46 34 44 5c 61 66 63 4d 27 2e 58 69 69 64 50 25 2b 59 66 67 63 4d 25 2e 5b 67 68 66 55 24 25 55 65 68 67 57 2b 25 52 65 68 67 59 33 27 4a 62 65 63 55 44 3a 43 56 5e 5c 5a 51
59 5b 59 59 5c 5f 62 61 5a 55 52 4e 4e 51 59 66 68 6a 6b 6b 6a 3b 14 3d 66 6a 6b 6a 69 6b 6a 6b 60 11 14 66 6b 6b 6b 68 66 67 6a 6a 6b 5f 2e 1a 49 68 6a 6a 67 65 64 64 61 5b 51 46 4a 53 59 5e
45 4d 5b 62 64 64 54 39 2d 47 64 67 68 67 5a 37 27 45 61 68 67 66 5e 43 2a 39 58 64 67 67 65 56 2c 26 4e 64 68 68 66 5a 29 20 4f 65 69 6a 66 48 1a 30 61 6a 6b 6a 60 37 20 41 60 67 67 5f 54 49
61 61 59 43 37 45 58 5f 65 67 67 68 68 54 1e 21 59 6a 6a 69 68 68 61 39 1f 3e 5f 69 69 68 65 67 5c 37 22 41 61 66 68 68 66 67 67 5b 28 1b 50 69 6a 69 65 67 68 66 52 2f 31 50 60 63 64 65 61 5d
67 68 67 64 5d 54 4e 48 4a 56 61 65 68 69 6a 6b 6b 69 69 6a 60 45 1e 34 66 6b 6b 6b 6a 6a 6a 69 6a 6a 6a 6a 6a 52 23 2b 56 66 6b 6b 69 6a 69 69 69 65 61 5e 5e 55 46 47 53 5c 64 67 67 67 66 61
5b 5d 5f 5a 47 39 41 52 60 67 69 65 52 2b 2b 51 64 6b 6a 69 5b 27 21 51 66 69 69 64 51 31 30 50 65 6a 65 5e 3e 2d 44 5d 67 68 64 43 29 3d 5b 66 68 65 51 25 2d 5a 67 67 65 5f 48 2a 3a 5d 64 63
60 63 5e 4d 39 3c 4e 5d 67 69 67 64 55 2e 25 4d 64 66 68 69 67 5c 37 26 41 5e 67 68 69 65 48 27 32 55 66 68 68 66 56 2e 24 4c 67 6a 6a 65 4c 21 2c 5b 69 6a 69 65 55 2c 26 4f 67 68 64 5e 55 46
5d 5c 52 42 44 53 5e 63 64 61 5e 56 45 38 44 5b 64 64 65 67 66 5d 39 24 41 60 68 67 67 69 6a 5e 25 1b 51 67 6b 6a 69 68 58 2c 24 4c 65 69 6a 6a 66 4d 19 2b 61 6a 69 69 69 64 49 28 33 56 65 67
64 63 59 2e 29 50 62 68 69 69 5a 23 1f 52 67 6a 69 66 5b 38 21 41 63 67 68 66 61 42 25 3b 5b 66 66 64 60 46 36 42 53 61 63 56 43 40 55 66 69 64 4a 1e 2d 5c 68 67 66 5d 49 37 3b 52 61 61 5a 53
4f 52 5a 60 65 68 69 69 69 69 67 63 57 49 3c 3d 54 67 6b 6a 6a 6a 6b 6a 6a 69 6b 6a 62 37 14 3f 6a 6c 6b 6b 6b 6b 69 69 69 6a 6a 6b 6c 55 2e 33 50 5e 64 69 6a 6a 69 69 67 64 63 5c 53 4e 4d 53
57 5f 63 63 63 63 5f 4e 31 36 58 67 67 66 67 69 69 60 40 25 3b 5c 67 69 65 62 67 68 66 65 3f 1e 3f 63 6a 6a 68 69 69 5c 21 1c 55 67 6b 6a 6a 69 64 42 1a 36 63 6b 6b 67 64 61 58 45 3c 49 5a 5f
54 4b 45 4b 53 58 5d 63 62 58 3e 30 44 5b 63 65 68 63 40 20 3a 5e 67 68 67 53 29 2e 55 66 69 67 57 27 25 57 68 6a 69 5f 30 1c 48 66 69 68 67 54 28 28 51 66 68 66 64 55 39 37 4b 5a 65 64 5b 51
63 65 67 65 63 63 5e 4e 3b 3c 54 64 6a 6a 6a 68 6a 6a 6a 65 31 15 47 69 6a 6a 6a 6a 6a 69 6b 6a 69 4b e 2a 6a 6b 6b 6a 69 67 68 69 6a 6b 6a 52 2e 31 4d 60 66 69 6a 69 66 64 64 5e 56 4e 4c 50
64 5d 52 47 3a 45 5f 6a 6a 6a 6a 6b 6a 6b 6a 6b 69 64 35 15 42 68 6c 6b 6b 6b 6a 6b 6b 6a 69 6a 6b 6b 4d 26 33 54 63 68 6a 6c 6b 6a 69 68 67 65 5f 54 4a 4d 55 58 59 61 64 64 67 64 64 64 61 5c
58 56 4e 4c 50 57 60 65 68 6a 6a 6c 5e 24 1b 53 69 6a 6b 69 6a 6a 6c 64 14 12 62 6b 6b 6a 68 68 69 6a 6a 64 3b 1f 40 5f 67 68 66 65 64 64 66 66 5e 52 3f 39 4b 5f 66 64 66 65 62 60 58 54 54 4f
61 63 63 5d 51 41 37 45 5b 65 6a 6a 68 69 5e 31 1c 44 66 6a 6a 69 67 67 58 2e 21 47 65 6a 69 68 66 65 5e 40 25 3a 5e 68 69 69 67 67 65 49 1b 2e 5e 68 69 68 67 68 65 51 2b 2e 53 63 67 65 62 5d
65 67 68 67 62 52 34 31 4f 63 6a 69 67 67 69 6a 67 62 33 1c 46 64 6a 6a 69 69 69 69 67 61 31 1d 49 64 6a 6a 68 68 6b 6a 68 59 14 1a 63 6c 6c 69 69 67 68 68 63 53 32 31 52 61 65 67 67 67 62 5e
5f 4c 32 37 53 60 66 67 68 5e 37 21 42 62 69 68 69 65 47 20 31 5a 66 68 67 67 5d 38 25 44 5e 67 69 69 63 42 24 3d 5a 65 66 65 62 42 28 3e 5d 68 68 67 54 2c 28 50 67 69 68 60 42 2a 40 5c 65 61
41 47 58 5d 62 65 67 67 68 6a 5b 25 22 56 66 6a 69 69 6a 6a 6b 5a 20 1e 58 68 6a 6a 68 68 69 69 69 64 2c 17 4e 66 67 69 67 65 66 68 69 68 61 46 28 3a 5a 64 69 67 66 68 67 65 62 4d 38 43 59 61
44 3a 48 5a 62 66 69 69 5a 2c 21 4b 64 69 68 67 6a 5d 2a 1e 4d 64 67 68 69 66 4f 20 27 58 68 6a 68 65 52 2e 2c 4e 62 66 66 68 64 4f 25 2b 57 67 66 64 65 69 5f 33 22 45 60 67 68 65 5d 4f 45 43
4d 3f 43 54 5e 64 68 6a 69 6a 6b 47 15 2e 61 6b 6a 69 69 68 68 67 55 27 24 54 68 6b 68 67 68 68 65 52 28 2d 57 65 69 68 67 69 69 68 53 25 26 55 6a 6b 69 67 66 66 66 5e 3e 2c 44 5d 64 68 68 65
5c 5d 61 63 61 5d 57 4f 4a 48 4f 5e 63 68 6a 6a 6b 6b 68 27 e 4f 6b 6b 6b 6a 69 6a 6b 6a 5a 1a 1c 5c 6a 6b 6a 68 67 68 69 6a 6b 6c 2d d 49 68 6b 6b 6a 68 65 63 5d 59 54 49 4a 53 5a 5f 61 63
49 54 60 65 65 63 52 2d 2f 52 63 68 68 68 63 3b 1c 3b 62 6a 6a 69 66 4d 21 2c 5a 68 6a 6a 69 62 35 17 3e 64 69 68 66 67 63 4a 24 30 59 66 69 68 67 64 4d 21 2e 5b 68 68 66 62 59 47 3b 45 58 5e
49 49 51 56 5d 66 66 67 68 6b 6a 67 57 2b 21 4c 6a 6c 6a 69 66 66 67 6b 6a 6c 6b 20 d 55 6a 6b 6a 6b 6b 6b 69 64 3f 1b 3c 67 6b 6b 6a 66 65 67 60 52 46 43 50 59 5e 63 65 66 64 5c 59 59 57 52
64 60 51 36 33 4e 60 64 67 67 67 52 25 2a 56 66 68 68 67 5d 39 25 42 5e 66 69 67 67 54 26 29 55 64 67 67 67 5d 30 21 49 62 6a 69 66 58 2b 23 50 66 69 6a 67 59 2c 22 4d 65 69 65 5f 57 45 3e 49
53 46 40 51 62 66 68 69 69 68 64 5c 46 34 39 53 68 6b 69 66 68 68 68 6a 68 3d 15 3c 66 69 6b 69 69 6a 6a 69 5c 26 1b 51 69 6b 6a 69 69 6a 6a 6a 55 26 22 50 69 6a 6a 69 68 67 65 61 52 3f 3e 4d
5e 56 45 43 4c 57 63 66 68 69 6a 6a 6b 67 3d 11 38 69 6b 6b 69 65 64 68 69 6a 6a 6b 2e d 48 69 6b 6a 68 68 6a 6a 65 4b 1d 2d 5f 6a 6b 68 67 68 65 5f 58 4c 40 42 55 61 63 63 61 60 5f 5b 56 56
55 56 56 55 59 5a 58 51 4b 4c 50 54 5d 65 68 66 4e 26 33 5c 67 68 63 4d 3b 42 54 60 63 64 52 2e 33 58 66 69 69 68 58 18 1e 5d 67 69 69 69 68 5c 1c 1b 59 67 6a 69 68 68 5b 31 25 49 61 68 67 62
48 50 5d 5d 54 3e 3b 4a 5a 60 62 58 45 33 3f 5a 61 5f 5a 50 35 2e 4f 63 67 63 48 27 2f 58 68 67 5d 41 24 37 5e 67 68 5e 38 20 3e 63 69 67 56 2c 23 4b 65 6a 65 56 30 22 48 65 68 60 55 44 37 45
61 5e 50 42 3a 46 5c 63 62 62 4c 2c 31 54 67 68 67 57 26 21 53 68 68 65 4f 29 2c 53 65 67 66 53 2a 2b 53 66 6a 65 54 28 27 53 64 68 68 5e 39 23 43 61 65 65 61 4d 2c 34 56 61 64 5e 54 49 41 43
67 69 68 68 68 68 65 61 50 2d 30 57 6a 6c 6b 6b 6a 6a 69 6a 6a 6b 69 3b 13 3b 66 6b 6c 6b 6b 6b 6a 6a 69 6a 6b 62 3f 21 3a 60 6c 6c 6a 6a 69 69 67 66 62 58 4f 49 4d 56 59 5f 63 66 67 65 66 62
58 48 3d 44 54 60 66 67 69 6a 69 69 56 1b 1f 5b 6a 6b 69 69 68 68 66 64 4c 22 30 5b 68 6a 6a 69 69 67 4d 1f 2b 5b 69 6a 6a 6a 68 63 53 25 26 58 69 6a 6a 68 64 59 4a 42 4c 57 59 5c 5e 5f 5e 59
4c 42 41 53 61 66 69 69 60 3d 1f 3c 63 69 66 66 68 67 4c 21 2a 59 68 68 66 69 67 52 23 27 58 66 6a 66 67 67 56 28 27 54 64 68 68 68 65 4c 23 2e 5b 66 67 66 65 58 3d 2f 46 5f 64 66 63 55 4a 4a
63 65 67 67 61 59 4b 3a 3d 58 67 68 69 67 66 66 67 67 65 5b 3e 34 4b 5c 60 66 68 65 61 62 66 69 6a 6b 6d 3c 14 3d 63 6a 6b 6a 6a 6b 6a 6b 6b 52 e 23 69 6c 6b 6b 69 67 65 63 60 5a 4e 45 49 55
5d 4b 2b 34 5b 67 69 69 67 67 65 40 17 33 63 69 68 66 64 64 61 53 2c 2d 55 62 67 66 63 64 64 60 33 1d 48 62 69 69 66 66 62 4a 26 31 59 64 67 68 64 64 64 50 23 26 57 68 69 67 63 62 5f 4c 34 3c
69 69 67 67 62 3e 23 42 62 69 6a 6b 6b 6a 6a 6b 6a 6b 5b 12 1a 64 6c 6b 6b 6b 69 6a 69 6a 6a 6b 64 2d 17 4d 69 6a 69 69 68 68 67 64 64 60 56 47 48 53 58 5b 60 66 67 66 63 60 5f 5b 56 52 53 58
57 46 44 53 59 5d 65 68 6a 6c 65 2b 17 4b 66 6a 6b 6b 6a 69 52 1e 29 5c 67 6a 6a 6b 6b 6a 5b 18 1a 5e 6a 6b 6b 69 68 67 66 5a 3d 2b 41 5f 66 68 64 64 67 66 5e 4b 41 48 52 57 5f 63 60 62 5f 57
5f 61 5e 5b 5b 55 50 4c 50 58 5d 64 68 6b 6a 63 3c 23 43 60 68 6a 6a 69 6a 69 56 18 21 60 6b 6a 68 67 68 69 6a 69 4e 18 28 5f 69 6b 69 67 66 68 69 6b 67 3a 20 40 5d 68 68 69 67 63 5e 59 52 4c
4e 56 5f 63 63 60 54 40 3d 4d 5e 66 68 68 68 5c 36 29 4a 61 68 6a 6a 68 4c 21 30 5b 67 6a 6a 6a 67 50 22 2b 58 68 68 67 68 68 65 4b 22 2f 5a 68 68 67 65 68 6a 6a 42 1c 3a 5c 64 68 65 65 61 55
38 38 4e 62 68 68 68 61 43 20 33 5d 68 69 64 62 61 52 3c 32 42 5b 65 69 67 57 2e 29 4f 63 6a 6a 66 47 17 2e 61 68 6a 69 65 4e 1c 29 5d 66 65 65 66 60 42 27 39 57 65 67 65 61 55 3c 36 4d 5b 60
4d 47 47 4e 5a 5d 5a 52 46 38 44 58 61 64 5b 3d 28 3d 5d 66 66 5e 38 1d 3f 60 69 67 61 41 1f 37 5f 66 66 5e 37 1f 40 62 67 66 55 2e 26 4c 66 68 63 53 2d 24 4c 67 69 62 4c 30 33 50 62 61 5a 54
52 4e 4e 53 60 66 68 68 5e 3e 25 3e 61 6a 6a 69 65 49 2c 43 62 69 6a 6a 61 32 1a 45 65 69 69 69 69 67 5b 2c 22 4d 66 69 68 66 68 69 66 43 1e 36 5d 66 68 69 67 67 62 54 3c 35 47 5e 66 68 64 5d
63 62 5e 59 4d 47 4c 54 5d 63 65 66 67 69 6a 6c 62 27 17 51 6a 6b 6a 6a 69 6a 6a 6a 65 2c 12 49 6a 6c 6b 69 68 68 68 6a 6a 6a 4c 10 2b 67 6b 6b 68 67 67 67 64 60 5d 57 46 43 52 59 5f 64 65 65
5c 57 4f 48 4c 59 62 65 66 67 69 6a 6a 69 68 64 54 2a 24 52 6b 6c 6b 6a 69 68 66 68 69 6b 6a 6b 6c 20 a 56 6b 6c 6b 6b 6a 69 69 69 68 5e 4f 47 45 50 5c 60 60 64 65 64 65 63 5e 5c 58 55 55 57
62 65 63 61 54 40 41 4f 58 5f 63 66 68 6a 68 64 45 1f 36 5f 68 6a 69 69 69 69 66 3e 19 3a 60 69 6a 6a 6a 69 68 5b 2f 1d 48 68 6b 6b 6a 6a 6a 6a 65 2d 11 47 6a 6b 6a 69 68 64 60 56 44 3e 4c 58
61 66 68 69 69 69 69 68 66 5c 32 1e 4c 6b 6c 6b 6b 6a 6a 6a 69 6a 6b 69 5d 34 23 47 62 6b 6b 6b 6a 6a 6a 6a 6b 6a 69 59 29 23 51 68 6a 6a 6b 6a 6a 6a 68 64 60 54 42 3f 4e 5b 62 67 67 67 68 65
46 3b 34 30 1b 12 4d 64 45 39 34 31 19 11 4f 64 42 37 36 31 19 11 4f 64 43 38 32 30 1c 12 4e 62 43 39 34 31 1a 12 4e 64 42 38 33 32 1c 12 4d 64 44 38 31 2e 1d 17 4f 63 43 36 30 32 21 18 4a 61
47 49 59 68 65 46 24 36 58 69 6b 65 34 16 41 65 6a 68 53 20 21 57 6a 6a 5a 2f 25 51 68 68 5e 3b 28 45 5f 64 5c 4c 3b 3c 4d 5b 5c 55 50 44 41 4f 57 56 5a 57 4b 40 45 58 5c 59 52 4b 3d 42 57 5d
58 53 4c 45 4e 5c 64 67 68 69 6b 6b 6c 43 d 33 69 6b 6b 6a 69 6b 6a 6b 66 35 10 40 6a 6b 6b 6a 6a 69 6a 6a 6a 66 3d 15 39 66 6b 6a 6a 68 66 64 61 60 5d 50 48 46 4f 5d 60 63 62 62 60 5f 5d 58
61 63 66 66 58 3a 2b 46 62 67 66 68 69 69 54 19 24 60 69 6a 69 69 67 60 3f 23 3e 5f 66 65 66 65 62 60 4f 2d 32 56 63 67 68 67 68 5e 34 22 45 64 69 69 69 67 5f 34 1f 47 65 6a 68 63 5d 53 42 44
5d 5a 56 55 55 56 56 5a 62 66 68 69 69 68 62 59 52 42 32 4b 69 6a 6a 6a 69 69 6a 6b 6b 6a 6c 33 b 44 6b 6c 6b 6b 6a 6a 6a 6b 6b 6b 6c 3f b 37 6b 6c 6c 6b 6a 69 67 63 60 5d 55 4e 4b 4f 58 5c
48 4f 5c 62 67 69 6a 6a 6a 6b 68 3b 12 3d 6a 6b 6b 6b 6b 6a 6a 6a 6a 66 42 1f 36 5d 6b 6b 6a 6a 6a 6a 6b 6a 6a 61 2c 16 4b 6b 6c 6b 6b 69 68 68 68 65 5e 49 3d 46 53 5e 62 65 67 68 66 61 5d 57
60 61 60 54 42 3f 49 57 63 69 69 6a 65 35 18 42 66 6a 6a 69 69 56 1d 25 5c 68 69 6a 6b 6a 51 14 25 60 6b 6a 67 66 65 64 5d 3d 25 41 60 66 66 68 68 67 5f 45 31 3e 56 61 64 65 63 61 57 48 44 4b
58 5c 5f 63 64 64 61 56 47 3e 47 5a 64 66 66 67 69 6b 6a 67 3a 13 3b 67 6a 6b 68 64 62 65 69 6c 6b 35 12 41 67 6b 6a 6a 6a 6a 66 45 16 30 65 6b 6b 6b 6a 68 62 57 42 3d 4d 57 5f 64 62 61 61 5d
5c 63 65 5e 57 43 33 45 60 68 68 68 68 67 4a 20 30 59 65 67 67 66 64 63 56 34 2e 4a 5f 66 68 69 69 64 35 1b 43 63 68 69 68 64 4b 22 34 5d 67 6a 6a 67 4b 1c 2e 5f 68 68 67 61 56 40 39 4e 5d 60
62 63 61 54 45 3e 49 5c 64 67 66 65 67 69 68 61 45 24 38 5f 68 6b 69 60 5a 5e 65 68 6a 67 42 1b 38 62 69 6b 6a 6a 6b 69 58 1e 20 5c 6a 6b 6b 67 68 6a 69 56 28 27 55 68 6a 67 65 67 62 5a 54 4d
61 65 65 64 63 62 5e 49 32 42 5b 64 69 68 66 68 69 69 64 33 1c 47 63 69 6a 68 68 6a 69 67 51 24 27 55 69 6b 69 68 68 6b 6a 6b 61 d 14 68 6b 6c 6a 68 67 65 60 5d 57 49 42 4a 56 5e 63 64 62 5f
57 4f 46 46 52 5f 64 67 68 66 5b 3c 27 42 61 68 68 66 67 66 54 31 2d 4d 62 69 6a 69 68 61 3d 19 39 65 69 69 6a 69 66 55 28 26 52 66 69 68 66 69 69 64 2a 12 49 69 6b 69 67 67 63 5b 46 36 42 57
65 62 51 3a 3a 4e 5e 65 67 69 6a 5a 21 1e 55 67 6a 68 69 65 4e 25 2e 59 65 68 68 69 61 43 1f 35 60 67 68 69 68 61 44 20 37 5e 65 68 68 69 69 62 30 18 47 65 68 68 64 61 59 4d 44 47 50 58 5e 5e
54 5e 64 65 60 3e 21 3e 60 67 69 68 62 3d 1b 39 63 69 68 67 5f 37 20 41 5f 68 68 67 61 44 26 37 5b 67 68 66 5b 3d 26 3b 5d 68 6a 67 5f 41 21 3b 5e 65 67 68 65 52 2c 27 4d 65 6a 67 60 54 3e 3c
57 61 61 60 62 61 54 3a 39 52 63 69 6a 6a 6a 65 36 1c 44 64 68 6b 6b 6a 66 48 1d 31 60 69 68 68 68 6a 6a 69 4d 1a 2a 5d 69 69 68 66 66 68 6a 69 55 27 27 52 66 69 68 64 63 5e 58 56 53 4e 4c 52
63 63 5e 54 4a 46 4e 55 5c 63 65 66 69 6b 6b 6a 32 f 44 67 6b 6b 69 69 69 6a 66 52 2b 27 51 68 6b 6a 69 69 6a 6a 6c 5f c 15 69 6c 6b 6a 67 65 62 61 5c 55 50 4b 4a 50 5a 61 62 62 61 60 5e 5a
45 48 55 60 63 64 68 69 5c 38 2c 48 5f 66 68 6a 6a 68 53 27 2b 55 66 6a 69 69 68 60 37 20 43 64 68 6a 69 69 69 68 4b 19 2b 5f 6a 6a 67 65 66 69 6a 62 33 21 46 5f 69 68 66 64 5f 58 50 4b 4b 51
64 63 60 52 3a 3b 51 60 66 66 68 6a 69 66 46 18 32 64 69 6a 6a 6b 6a 68 56 22 24 55 67 6a 69 69 6a 69 66 53 2b 28 4e 64 68 68 66 68 69 69 6a 5e 24 1a 52 67 69 6b 68 66 65 63 5a 42 37 4a 5b 62
5e 5f 62 63 61 60 5c 4e 45 49 51 5c 65 69 6a 6a 6b 6b 6a 45 d 2f 69 6c 6b 6b 69 69 6a 6b 6a 67 30 f 45 6b 6c 6a 69 69 6a 6a 6b 6b 6c 3e d 37 68 6c 6b 6a 69 66 64 60 5b 51 4b 4b 4f 5a 60 62
63 61 5b 4f 3b 3d 54 63 69 69 68 69 6a 6b 65 17 11 60 6b 6b 6b 6a 6a 6b 6b 5f 23 18 54 6a 6a 6a 69 69 6a 6b 69 56 2a 21 4e 6a 6b 69 67 67 66 66 63 57 43 3f 51 5a 5b 5f 64 63 61 60 5d 59 56 53
56 5a 5f 63 62 5b 4a 3a 3f 56 63 66 67 66 65 5e 4a 31 38 56 61 61 62 64 66 68 5b 34 26 48 64 69 69 69 69 5e 20 1c 56 67 6a 6a 6a 69 5c 1f 1c 58 69 6b 69 69 69 63 3c 1e 3e 60 67 68 66 63 57 4b
58 51 44 48 55 61 67 68 69 6a 6b 61 1f 17 59 6a 6b 68 68 6b 6a 6b 61 14 15 62 6b 6b 69 65 64 68 6a 6a 60 2d 1e 4f 65 67 67 66 61 5d 5c 60 61 5e 57 47 45 4e 59 5e 5d 5f 62 61 5d 5c 5d 55 4c 51
5c 3c 28 44 60 69 6b 6b 60 21 16 52 68 6b 6a 68 3f 14 36 64 6a 6a 68 53 24 25 53 65 69 65 5e 50 2f 30 55 62 64 63 61 57 40 3a 48 57 61 63 62 4e 3c 44 52 5c 60 5c 4d 43 49 54 5b 5c 5c 52 4a 4c
61 5e 57 4b 3e 48 5d 67 6a 69 6a 6a 6b 6b 6c 5a d 1b 69 6b 6c 6b 6b 6b 69 69 69 69 65 4f 26 2e 59 67 6a 6b 69 67 69 69 69 69 68 5d 31 26 4d 62 69 6a 6a 69 68 68 64 60 5a 4f 48 4b 53 5b 63 65
49 45 52 5f 64 66 67 68 68 67 61 41 21 3a 63 6b 6a 69 69 68 69 6a 6a 58 21 20 57 68 6b 6a 69 69 68 69 68 56 2d 27 4e 66 6a 69 6a 6a 6a 6b 5d 2b 1a 4b 6a 6b 6b 6a 69 65 5e 54 46 42 4d 58 5f 62
52 51 50 50 5a 5e 62 65 66 66 5e 40 2c 42 5e 67 68 68 68 69 6a 60 22 1a 55 67 6a 68 68 69 68 65 48 1d 30 5d 68 69 68 69 69 69 61 2f 18 47 67 6a 69 66 67 68 69 66 49 21 31 5c 68 68 68 65 62 5d
5e 67 69 6a 6b 6b 69 69 67 62 50 2a 2c 58 6b 6b 6a 6b 6b 6a 6a 6b 6b 6a 6a 69 4d 20 2d 5a 69 6a 6b 6c 69 69 6b 6a 68 69 68 64 55 3a 38 53 5f 61 65 68 69 6a 68 66 65 62 5e 57 51 4e 4f 58 60 62
57 5a 59 55 51 50 53 58 5e 62 63 62 5b 4a 3f 41 50 62 65 68 69 68 5e 31 21 4c 65 67 69 69 69 66 4d 21 2d 5a 68 69 68 6a 6a 67 46 1a 32 62 69 6a 67 68 6a 6a 6b 29 d 4d 6a 6b 69 68 63 5d 54 48
52 5a 5c 5f 5e 5b 50 3f 3e 54 61 62 62 63 65 63 48 26 36 5b 67 67 66 68 69 60 20 1a 58 67 69 67 67 69 65 42 20 37 5b 68 69 69 68 5d 2f 22 49 64 6a 6a 6a 68 49 1b 2f 5f 6a 69 66 63 5e 4c 3a 41
56 5c 63 66 67 67 67 57 2a 29 54 66 6a 6a 6a 6a 6b 66 2c 15 4c 68 6b 6a 68 68 69 67 57 2c 25 50 66 69 68 67 69 68 68 64 3f 20 3c 5f 68 69 66 63 63 67 6a 6a 4f 23 2f 5a 66 66 67 68 65 60 5b 55
55 5e 64 67 68 68 69 68 66 5f 32 1b 4a 6b 6c 6b 6a 6a 69 6a 6a 6b 67 35 16 43 65 6a 6a 6b 6a 6a 6b 6a 6a 63 40 1d 3b 64 6a 69 6a 6a 68 68 69 69 61 45 2f 42 5c 61 62 66 69 69 68 64 5f 57 4f 4c
43 4a 5b 62 65 5d 4b 36 32 4e 64 68 68 64 4e 32 31 4a 63 69 69 65 56 37 2a 41 5f 68 65 65 65 44 20 37 5d 67 69 69 5c 2f 20 49 66 6a 68 52 2d 31 57 67 6b 67 46 1b 2f 5f 6a 66 5f 55 43 3c 47 57
60 57 40 31 49 62 67 68 66 67 6a 69 68 51 18 26 61 6a 6a 69 68 67 66 63 5e 42 2c 40 59 67 6a 69 6a 69 69 60 29 1a 50 67 6b 69 6a 68 67 65 4b 1b 2e 62 6a 69 68 68 65 60 5b 4c 36 3d 5a 63 65 64
67 67 67 65 61 5b 4d 3d 3f 56 65 68 68 69 69 6a 68 68 6a 68 4d 28 2f 55 67 6a 6b 6a 6a 6a 6a 6a 69 6a 64 38 1c 41 62 6b 6a 6b 6b 6a 6a 69 6a 6b 6c 49 14 2f 64 6c 6a 69 6b 69 67 65 63 5e 50 49
60 65 66 5f 48 2f 36 53 65 68 66 66 64 50 25 2b 57 65 66 64 66 68 65 4e 21 29 57 68 69 69 69 68 46 1a 30 5e 69 69 68 66 56 32 28 48 62 6a 6a 66 5a 2b 22 52 67 6a 67 5b 46 3b 45 57 60 5e 56 50
59 4f 43 44 52 61 68 68 68 6a 6a 6b 6a 6b 5f 1b 17 5c 6b 6b 6b 6a 6a 69 69 6a 69 66 50 2f 30 4e 65 6a 6a 6a 6a 69 69 6b 6a 68 41 14 36 66 6b 6a 6a 69 68 67 66 62 5c 50 3f 41 55 61 63 64 65 64
64 66 66 64 62 5b 54 50 4b 4d 57 61 67 69 68 68 67 67 67 66 58 43 36 42 5c 66 68 6a 6a 6a 6b 6b 6b 6a 6a 5d 30 1a 48 6c 6c 6a 6a 6a 6b 6a 69 6a 6b 6b 6c 4a 17 2e 60 6b 6b 6b 6a 6a 68 66 64 5e
5b 58 55 50 4a 4d 58 62 67 69 69 6b 6b 6b 3a e 3d 6a 6b 6b 6a 69 69 6b 6a 69 41 d 34 6a 6b 6b 69 66 64 67 69 6b 6a 6a 3b f 3c 68 6b 6a 68 69 67 63 5f 58 51 4d 50 57 59 56 5e 63 5f 5d 5e 5e
4b 52 57 5c 63 64 61 53 34 33 52 64 67 69 6a 68 5e 28 1d 50 67 69 69 69 69 67 57 28 25 50 64 6a 67 67 69 68 56 25 26 55 64 68 66 68 69 66 3c 19 3c 63 69 6a 68 68 66 58 35 29 49 62 67 67 63 5e
64 62 5f 58 4c 43 45 54 62 65 67 68 69 6a 6b 69 67 41 10 35 6a 6b 6b 6a 67 65 65 68 69 6a 6c 46 15 32 62 6a 6b 6a 6a 6a 6b 6b 66 42 13 34 68 6c 6b 6a 69 67 65 62 5f 53 41 41 4f 5b 60 63 66 66
5d 5c 5c 58 56 58 59 5a 5c 61 66 67 66 64 60 5c 54 49 47 4c 56 63 69 69 6a 6a 6a 6a 6a 6b 69 40 d 36 6b 6c 6b 6a 68 69 69 6a 69 6a 6b 6b 6d 32 b 45 6c 6c 6b 6b 6a 68 67 65 62 5b 55 52 51 52
5e 56 49 3a 42 5a 65 68 62 53 32 2f 50 62 67 65 57 32 2f 54 64 65 63 49 26 35 5d 66 68 66 4a 1b 2f 61 68 68 64 4a 23 2f 5a 66 69 64 50 26 2b 58 64 66 62 54 38 2f 4c 63 63 5f 59 42 39 4d 59 5b
58 5b 5e 5f 5a 5b 59 52 4c 4e 51 55 5e 62 62 63 63 5f 4e 36 3c 57 63 67 67 68 69 69 60 2d 1b 4a 66 69 68 65 66 67 68 6b 65 22 13 54 69 6a 69 6a 6a 69 58 16 1d 61 6a 6b 69 68 66 5d 4c 44 46 4c
4c 4f 54 5d 65 68 6a 69 68 68 67 66 5d 46 28 39 63 6a 69 6a 69 6a 6a 69 69 6a 68 5f 3c 28 42 5d 67 6a 6a 69 69 69 6a 69 6b 6b 6c 55 14 21 63 6c 6c 6b 6b 6a 68 66 65 63 5f 56 49 47 51 5a 5e 62
53 54 57 5b 5d 5b 5e 66 68 68 68 67 67 64 5b 4e 41 43 54 5f 62 68 69 69 6a 6b 69 6a 6b 6a 6a 57 1e 24 5b 66 6b 6a 6b 6a 68 68 68 68 6a 6b 6b 6b 6c 35 14 44 63 6b 6a 6b 6a 6a 69 66 64 62 5c 55
56 56 55 57 5b 5c 5d 5f 5c 59 4f 41 47 58 62 66 68 6a 69 58 2c 28 4f 63 69 6a 6a 69 67 53 22 28 5a 68 6a 68 69 6a 6a 5f 19 19 5d 69 6b 68 64 64 67 69 6a 5e 22 1c 54 67 6a 69 67 64 61 58 4a 46
5e 5e 58 53 4f 4b 4f 58 5f 62 64 6a 69 51 29 33 57 66 69 68 6a 6b 66 40 14 36 67 6a 6a 68 68 6b 6a 67 35 13 3f 68 6b 69 65 63 65 68 69 69 47 17 2f 60 6a 6a 69 65 63 61 5e 53 47 46 4f 58 5c 5e
52 57 5d 61 5f 56 40 3a 4e 5e 63 66 67 66 48 21 32 5c 69 6a 69 65 4e 22 2c 5a 68 69 69 64 41 21 39 5e 66 69 69 67 61 3e 21 3a 5d 67 67 66 67 69 62 38 1e 3e 60 69 67 65 64 63 4f 31 35 52 61 63
60 65 60 57 42 2e 3f 5c 67 6b 6a 5e 2a 1d 4f 67 6a 69 5d 2b 1e 4c 66 6b 6a 61 3c 23 3f 5f 68 68 63 4b 29 30 54 66 68 67 64 53 2d 2c 51 62 66 67 68 5b 33 25 48 5f 66 66 5f 50 45 48 4d 54 5a 57
45 4b 54 5e 60 64 64 5b 36 24 47 65 68 67 68 68 5b 27 1f 52 66 68 68 68 65 58 32 24 49 65 66 66 68 69 63 30 1b 47 65 69 6a 69 57 24 24 56 67 6a 68 62 4f 29 2d 59 69 67 60 54 50 4c 48 4b 55 5d
4b 37 40 5a 65 68 69 6b 6b 67 31 14 46 66 6a 68 66 68 6a 6a 5d 26 1b 4f 68 6a 6b 66 54 3e 46 5d 69 6a 6b 57 21 21 55 68 6a 68 66 61 5b 4b 39 3d 56 64 66 66 63 59 4e 4c 4e 51 54 5a 5a 5c 5e 5b
65 66 68 66 64 59 31 24 4a 67 6a 69 68 67 67 68 67 4f 21 2b 5b 66 67 68 69 68 69 67 4e 1e 2b 5e 69 69 69 68 68 69 63 2b 14 4a 69 6b 6a 68 65 62 61 5f 4b 30 3c 5b 65 64 64 64 61 60 5c 52 48 48
55 54 51 57 5b 5d 5c 5b 5e 60 5f 5e 5a 56 50 50 57 5c 5c 59 55 57 5a 61 66 6a 69 6b 5d 26 1f 54 6a 6b 6a 68 67 69 6a 6b 63 13 12 63 6b 6b 6a 67 63 65 69 6b 6a 61 2e 1a 4a 67 6a 68 67 67 65 60
48 52 5e 63 67 68 69 68 5f 30 1a 48 6a 6a 69 67 68 69 68 58 2f 24 4a 63 6a 69 69 69 69 68 4c 10 29 68 6b 6b 69 68 68 68 68 49 17 2e 62 69 69 68 65 62 63 5c 4d 3f 43 55 5c 5f 62 62 5f 5c 57 53
44 49 55 60 65 66 5c 42 2b 3d 5c 67 69 68 55 2a 29 53 65 69 67 5d 35 26 48 62 68 67 5d 3a 29 45 61 69 68 60 4d 2e 32 52 66 68 66 5e 3a 23 41 61 66 67 68 62 34 1b 45 62 67 6a 64 56 3b 35 4b 5b
5e 61 61 5c 47 39 47 5a 63 66 67 5f 45 35 47 5d 65 69 67 52 31 37 55 65 68 69 69 5a 24 23 58 69 6a 69 69 6a 5f 23 1a 53 66 68 68 69 69 62 42 21 38 5f 68 69 67 68 66 55 31 2d 4e 63 65 64 63 5b
4e 50 4b 42 4b 5a 5a 4e 40 41 47 51 5d 58 45 37 46 5a 5e 54 38 2e 4a 61 62 58 34 20 44 63 65 5c 32 1b 47 67 66 59 2b 1b 4c 67 66 5c 32 21 46 62 63 5a 3b 27 44 60 62 59 43 2d 41 5a 5b 58 4d 44
5a 61 61 61 5b 52 4b 4a 52 58 5a 5d 60 65 67 65 51 34 36 50 62 68 6a 6a 68 5f 33 21 4a 65 69 6a 6a 6a 69 4a 15 2c 63 69 6a 67 66 69 6a 6a 52 18 22 5d 6a 6b 68 63 63 65 67 65 4a 2f 38 54 63 66
64 61 48 2d 39 57 67 6a 6a 64 33 17 44 66 6a 69 65 43 1b 35 62 69 69 69 56 2b 22 4a 66 68 68 68 5e 42 20 34 60 67 66 66 65 5d 3b 25 41 5e 67 68 65 60 4e 39 3c 51 5b 5f 60 5c 51 47 4b 52 57 5b
3e 3e 55 62 64 64 64 63 5e 4c 2d 32 59 66 67 66 65 68 66 50 20 28 58 67 69 69 66 67 60 3c 21 3e 60 67 69 68 66 65 57 31 25 47 63 68 68 6a 68 67 54 1b 21 5a 6a 6b 68 67 62 59 47 37 3e 52 63 64
63 61 53 3f 3d 4a 5a 64 68 68 61 3c 23 40 61 69 6a 6a 5e 2c 20 4e 66 6a 6a 66 4c 25 30 58 65 68 69 68 60 3d 23 3a 5c 68 6a 68 68 61 41 1e 36 5f 68 6a 68 68 68 60 3b 25 3f 5a 67 69 65 61 57 4b
