5d 64 64 65 5e 4e 36 36 53 66 68 65 63 66 68 65 49 1d 30 60 67 66 65 66 67 69 58 2b 26 4f 65 68 69 69 67 5d 2b 20 4f 65 68 69 68 66 58 2e 25 4e 67 6a 68 68 67 5c 3f 28 3f 5f 67 68 63 60 57 4a
5d 56 4b 47 4f 59 60 66 69 69 6b 6a 69 6a 6b 6b 55 d 1f 69 6c 6b 6b 6b 6a 69 67 68 69 6a 69 69 5b 2f 2b 4e 5f 67 6a 6a 69 68 68 68 68 63 5a 52 4c 49 52 5e 60 62 62 65 66 64 62 60 5b 58 57 56
69 69 69 6a 69 67 62 59 4c 3c 3d 53 67 69 6a 6b 6b 6a 6a 6b 6a 6a 6b 6b 56 32 26 46 65 6b 6b 6b 6b 6b 6a 6a 6a 6a 6b 6b 6b 55 28 2c 53 63 68 69 6a 6b 6b 6a 68 66 63 5e 56 4f 4f 53 55 5a 61 64
59 5b 58 56 53 42 3b 51 63 67 65 5f 4a 33 36 51 65 68 68 65 57 35 26 44 60 67 67 64 62 59 39 28 44 5d 65 67 68 66 42 1c 35 5e 69 6b 67 56 22 22 56 67 69 6b 68 4e 1a 26 5c 69 69 68 5f 4c 36 3a
40 4c 5c 66 69 6a 69 4e d 25 67 6b 6a 67 66 67 5f 3f 28 3b 5c 68 69 67 68 5d 32 23 47 60 67 67 67 68 60 3b 24 40 5e 66 69 68 68 61 3a 1f 3f 60 68 69 68 67 58 3d 34 46 5b 62 63 61 5f 56 49 48
58 4f 4c 52 5b 5f 62 62 62 5f 53 40 3f 4e 5e 65 65 67 6a 6a 65 31 18 47 65 6b 6a 6a 6a 6a 64 33 16 43 66 6a 6a 68 69 69 6a 62 31 1a 45 65 6a 6a 67 67 6a 6a 6a 5b 2b 23 4f 63 67 69 67 64 62 5d
59 5e 63 64 60 55 41 3b 49 5a 65 68 69 6a 6b 5f 28 1c 50 67 6a 6b 6a 6a 5a 29 23 4f 65 69 68 69 69 67 57 2a 24 50 67 69 68 68 69 69 69 59 22 1f 54 68 6a 68 67 66 66 62 52 41 40 4c 59 5f 62 63
60 65 68 68 68 67 65 62 59 46 33 3f 5c 69 6a 68 67 67 69 69 6a 6a 6c 6c 22 c 55 6a 6c 6b 6b 6b 6b 6b 6b 6a 65 3a 13 3e 6a 6b 6b 6b 69 67 65 66 65 63 59 48 3f 4a 59 60 64 66 67 66 63 61 5e 57
4a 47 4b 52 5c 65 69 6b 6a 30 11 45 65 6a 6a 67 62 48 2a 38 5a 64 66 67 69 5e 33 1d 44 64 67 67 67 65 59 35 29 49 61 67 66 66 65 5b 32 24 49 63 66 64 66 68 65 47 24 33 5b 66 65 64 60 57 48 42
5c 48 3b 45 57 63 66 68 6a 68 68 65 3c 1b 3e 63 68 69 68 68 67 67 5a 3b 2d 41 5e 67 69 68 69 66 64 50 25 2b 58 67 6a 6a 68 69 69 67 56 1f 20 5a 6b 6b 69 65 64 67 6a 68 50 28 2e 55 64 69 69 68
61 62 63 63 5f 5b 55 4a 45 4c 58 62 66 69 69 6a 6b 6b 6b 40 c 34 69 6c 6b 6a 68 69 69 6a 6a 68 3d 13 39 65 6b 6b 69 69 69 6a 6b 6b 6b 3e c 36 6a 6b 6b 6a 69 66 64 61 5c 52 4b 4a 4d 58 60 62
52 50 4f 52 56 5c 64 68 68 6a 6a 6b 6b 3d f 3a 68 6b 6c 6b 6a 6a 6b 6a 68 5a 28 1e 51 6a 6a 6b 6a 69 68 68 69 6b 6b 6b 27 c 4f 6a 6c 6a 69 6a 69 66 63 59 53 50 4b 4d 55 5d 62 62 61 64 62 5d
66 65 63 5f 4d 35 3b 55 63 66 66 68 69 6a 6b 63 12 11 63 6b 6b 6a 69 68 69 68 57 1f 21 5a 68 6a 69 68 68 68 69 5e 26 1c 52 67 6b 69 67 65 63 61 5b 49 3f 44 51 5e 62 64 65 62 60 5a 4d 4d 54 57
58 53 4d 44 49 50 4f 53 54 55 51 44 42 4c 50 56 5d 5f 47 2b 37 55 61 64 55 3c 31 3e 58 64 5d 40 27 3b 5f 69 65 42 1b 2f 5d 69 64 53 22 23 55 68 66 57 35 25 46 64 67 5c 43 30 41 56 5a 5b 53 49
45 51 61 67 68 69 6a 6b 6a 6a 69 68 64 44 18 35 68 6c 6b 6b 6b 6a 6b 6a 6a 69 6a 69 63 4c 31 38 51 61 69 6a 6b 6b 6a 6a 69 6a 6a 6a 6a 54 38 3b 4c 59 62 67 68 68 69 6a 68 65 62 5d 57 4f 4d 55
67 66 66 63 5c 51 45 44 51 5b 61 66 68 6a 6b 6b 69 6b 6a 6c 68 c d 6a 6c 6b 6b 6b 6a 69 69 69 68 68 69 69 59 3a 33 4a 5a 63 69 69 6a 6b 69 65 62 5d 59 55 51 52 57 5a 5d 60 62 63 63 61 5e 5c
5f 60 5d 51 43 42 50 60 65 67 69 69 6a 6b 6b 57 22 1f 53 6b 6b 6a 69 66 66 67 69 6b 6b 39 11 3f 66 6b 6a 69 69 69 6a 66 4d 1a 2a 61 6c 6b 6a 68 67 66 66 59 41 3b 4a 56 60 65 64 64 62 5f 5b 55
4e 59 62 64 63 55 35 2b 48 61 66 67 69 63 3f 1d 36 5f 69 69 67 64 59 33 24 48 62 67 67 67 63 44 22 38 5d 68 68 66 60 46 2b 38 56 67 6a 68 55 2b 26 4f 66 6a 68 61 4b 21 2c 5d 68 68 61 53 48 44
4c 41 49 58 5f 63 66 68 69 68 68 58 2a 23 52 6a 6a 69 69 68 68 68 63 4b 2e 35 53 63 69 68 68 67 68 69 6b 69 2e 11 49 67 6b 6b 6a 6a 6a 6b 52 17 24 5f 6b 6b 6a 6a 6a 64 59 46 3b 46 56 60 63 64
55 4b 45 49 53 5f 65 67 69 6a 69 63 3f 1a 37 63 6b 6b 69 68 69 67 63 50 31 32 50 62 68 68 67 68 68 66 50 26 2a 55 68 6a 6a 6a 68 60 44 23 38 60 6a 6a 6a 6a 67 4d 21 2a 58 6a 6a 68 64 60 55 4d
51 5b 62 65 66 5c 3e 29 41 61 69 6b 6a 6a 5e 24 1b 51 67 6a 68 67 67 60 3c 23 3e 5e 67 6a 6a 69 5d 2a 1e 4c 66 69 69 67 59 34 28 4a 64 68 67 65 5a 39 2d 43 5d 66 67 67 5a 4a 42 44 51 59 5e 5c
5e 5c 55 4f 4e 50 57 5f 62 61 64 67 67 56 38 31 4c 65 67 68 6a 6b 6a 69 43 19 37 61 68 69 6a 69 6b 6a 69 54 1a 24 5e 67 69 69 67 68 6a 6a 6b 69 24 e 51 68 6b 6b 69 68 67 64 5a 46 3e 4c 58 5d
56 5b 60 5b 53 45 3c 4b 5b 62 66 64 58 36 2f 4e 63 6a 68 56 2e 2d 56 68 6a 66 45 28 3c 5d 67 69 67 52 25 27 55 67 68 67 67 5b 2b 21 4d 65 65 64 66 67 58 28 26 51 63 66 64 61 5d 50 41 40 4b 59
49 4e 5a 63 67 68 68 6b 6a 68 4c 1a 29 5f 6b 6b 6a 66 65 67 69 68 63 54 29 26 55 69 6b 6a 69 6a 6a 6b 61 16 15 61 6b 6b 6a 69 67 67 68 5f 47 30 3b 57 65 68 66 67 64 62 5b 54 56 53 4b 4f 5b 60
55 51 47 43 53 61 67 68 69 68 61 3e 1c 3b 65 6b 69 67 68 6a 67 57 2b 26 4f 65 69 69 6a 6a 66 41 1d 37 5f 69 6a 6a 69 64 48 2e 38 52 64 68 6a 68 62 42 1b 38 65 6a 68 67 65 63 4f 38 3c 4f 5c 63
42 3c 4f 63 67 67 60 40 22 3b 60 67 69 66 56 26 25 55 68 69 67 5e 38 21 40 62 69 68 65 4b 23 2e 57 67 69 68 5d 38 27 40 5c 66 67 65 5e 40 26 3d 5a 63 67 67 63 4f 31 31 4b 61 67 66 62 53 42 42
54 5f 65 66 67 66 65 61 54 3c 31 4a 64 69 68 67 66 69 69 69 66 54 27 27 55 68 6a 69 69 68 69 69 68 62 30 1b 49 64 6b 6b 6a 6b 6a 6a 69 48 13 2c 66 6c 6c 6a 69 69 67 66 62 49 2c 3a 59 64 67 68
60 5d 4f 41 44 52 5d 64 66 68 64 49 24 33 5a 67 69 66 66 63 54 2b 2c 55 64 66 68 69 68 61 26 18 52 67 6a 6a 69 67 57 28 29 56 64 66 67 69 69 65 37 18 40 63 69 68 67 66 5f 49 36 41 56 60 62 5f
52 4f 50 51 57 5c 60 63 65 68 69 5f 3a 29 45 5f 67 6a 6a 6b 6b 6b 53 12 22 64 6b 6b 69 6a 6b 6a 6b 65 24 11 51 6b 6b 6b 67 64 63 66 69 6a 5a 31 28 49 61 67 68 68 67 62 60 5f 58 4b 45 4e 56 5d
62 60 5c 56 4e 42 48 5b 63 66 67 69 6b 6a 6b 4b 20 30 5a 6a 6a 6a 6a 6a 6a 6a 66 39 11 3c 6a 6b 6b 6a 68 68 68 6a 6a 6b 56 11 1f 64 6b 6b 6a 68 66 65 64 5f 5a 53 4a 4b 50 54 5b 63 64 64 63 60
45 42 4f 5c 63 68 69 6b 6a 67 52 18 23 60 6b 6b 6a 67 68 68 67 59 34 25 47 64 69 6a 68 69 68 69 63 3b 1f 3e 5f 69 6a 69 6a 69 69 5d 31 1c 46 67 6a 6a 69 69 69 68 5c 3f 2c 40 5d 65 66 67 68 62
5f 63 63 65 66 63 5c 48 31 3d 5a 67 68 67 64 63 66 6a 6a 66 40 1c 38 5f 6a 6b 69 62 61 66 69 6a 6a 3c 13 3a 66 6b 6a 69 6a 6a 67 51 1e 26 5b 6a 6b 6a 6a 69 67 61 47 33 3f 51 5f 67 66 63 63 5f
5a 5d 60 63 61 5f 5c 55 45 42 4d 5a 65 67 68 6a 6a 6c 5f 1f 1a 58 69 6a 68 67 6a 6a 6a 5c 17 1a 60 6a 6a 69 67 67 69 6a 69 5b 2b 1b 4c 6a 6b 69 65 64 67 65 64 5e 44 37 48 59 5f 60 63 64 63 5d
55 5c 60 60 5f 5f 5d 55 42 3d 4e 5d 65 67 68 69 6a 69 45 18 32 61 69 6a 69 6a 69 69 64 33 19 45 65 68 69 69 69 68 66 57 2b 22 4f 66 69 68 66 69 69 6a 66 34 14 41 66 6b 69 68 67 64 60 59 47 40
48 4c 54 59 58 5d 61 5f 51 3c 3d 4d 5e 69 69 67 47 1e 33 5d 69 6a 69 5e 2c 1e 4e 66 6a 69 68 5f 30 1c 45 64 68 67 67 6a 64 48 1f 2f 5a 67 68 67 66 67 52 2a 2d 50 61 65 66 65 5b 4b 41 45 52 5a
62 5f 54 44 38 44 5a 63 69 6a 69 51 1e 28 59 68 6a 69 67 61 44 23 34 5b 66 68 68 67 59 26 21 51 65 69 6a 67 48 1e 2f 5b 68 6a 69 62 45 1d 31 5f 68 69 67 5e 50 37 31 4c 60 67 66 5e 53 45 43 4e
53 5e 63 66 65 63 59 41 30 3e 5b 68 67 67 67 68 68 61 39 21 3f 5f 69 6a 66 68 69 68 59 25 20 50 67 69 68 69 67 59 37 2d 48 60 69 6a 6a 63 4e 1f 2a 5e 6a 6b 69 69 61 4b 35 3a 54 62 62 60 61 5c
62 64 61 4f 2d 2e 53 63 68 68 66 67 65 53 1c 21 5b 69 6a 66 66 68 67 5f 23 18 53 67 6a 66 65 67 67 53 1c 23 5b 69 6a 67 66 64 51 2e 2d 4f 64 67 68 64 5a 41 38 4c 54 58 63 60 5d 56 4a 4f 54 56
66 68 69 68 68 67 66 63 59 44 29 3d 66 6c 6b 6a 6a 69 69 69 69 6b 6a 69 3f 1c 3b 5d 68 6b 6c 6a 6a 69 69 6a 6b 6b 6b 49 14 2d 63 6c 6b 6c 6b 69 6a 68 64 60 5b 52 49 4a 51 59 61 65 67 66 67 64
62 65 64 61 5b 4d 3a 3b 51 62 65 68 69 69 69 69 58 1d 1d 57 6a 6c 6a 68 66 63 63 5e 48 2f 3a 56 64 68 69 69 68 68 62 2c 17 4b 65 6a 6a 6a 6a 68 66 4b 1c 2b 5c 6a 6a 69 68 65 5e 57 4c 46 47 4f
5b 62 64 5e 48 33 3c 56 62 68 6a 6b 60 27 1c 51 66 6a 69 63 52 33 32 50 63 68 67 5e 41 27 3c 5e 68 69 69 67 52 1c 25 5c 67 69 67 67 65 54 2d 29 4d 61 66 68 66 65 5c 3a 2b 45 5b 63 65 63 5a 4f
41 33 49 61 67 67 68 6a 68 55 19 21 60 6a 6a 67 66 69 6a 61 27 18 50 68 6a 67 67 68 6a 60 3c 22 3e 62 6a 69 65 5d 4a 42 4a 55 60 63 62 5e 4d 3a 3e 55 63 67 68 68 63 48 31 3e 55 61 63 63 61 59
5b 62 67 66 65 66 65 63 5c 41 2b 42 62 6a 6b 69 67 67 69 6a 69 64 3b 1a 3f 65 6b 6a 69 68 67 69 69 68 63 3d 1d 3e 64 6b 6a 6a 69 6a 6b 6b 6b 5a 17 1b 5e 6b 6c 6b 6a 68 65 64 61 59 4c 43 48 55
55 4f 48 4c 54 57 59 57 4f 3f 44 55 5b 60 5e 45 2e 3f 5b 63 66 5e 3e 22 3b 5f 69 68 61 45 20 34 60 68 66 5e 39 1e 3e 62 69 68 5d 2f 1d 46 66 69 68 5e 31 1c 46 66 69 64 54 3d 33 41 58 61 5f 5a
56 45 3b 46 59 64 68 68 65 58 31 26 49 61 67 66 67 68 63 3e 1e 37 5c 68 69 69 69 5d 26 1f 50 65 69 69 67 53 25 2b 57 66 69 6a 67 4b 20 2e 5a 66 69 67 65 5a 39 2d 47 5d 64 63 5e 58 4e 42 47 55
54 51 4e 4f 5b 62 64 64 5f 4a 2c 3a 5d 66 67 68 67 62 41 2c 44 5e 67 68 67 63 4d 30 36 55 67 69 69 6a 65 4f 21 2b 5e 68 69 68 67 69 68 4f 1f 29 5b 68 69 69 69 6a 6b 54 1c 24 5b 6a 6a 69 66 5e
49 4e 57 5d 62 64 58 3c 32 48 5d 66 6a 6a 64 33 1a 43 63 6a 6a 69 59 20 21 57 66 6a 6a 67 52 22 24 55 66 6a 69 68 67 4e 23 2c 55 65 66 64 64 66 65 49 2c 36 50 60 67 66 64 5e 4b 3d 41 51 5e 60
57 5d 5d 60 62 61 5e 51 43 44 4f 5c 64 69 6a 6a 6b 4f 1f 2f 5c 68 6a 6b 6a 6a 5d 29 1d 50 69 6a 6a 6a 6a 6a 67 4b 17 2c 62 6a 6a 69 69 68 69 6a 69 3e 1f 3a 5a 68 68 69 68 63 5e 56 4e 4b 50 54
5f 62 62 63 5e 5c 5b 50 43 49 59 60 62 64 64 66 66 68 63 4b 2e 38 57 64 68 69 68 6a 69 69 68 45 13 32 66 6c 6b 6a 69 6b 6a 6c 62 16 13 5e 6b 6c 6b 68 65 65 68 6a 66 54 2e 2a 51 67 68 68 68 66
37 34 4f 63 67 68 68 6a 64 32 16 43 67 6a 69 68 69 68 52 1f 26 59 67 69 68 69 69 64 45 1b 33 62 68 67 67 67 66 62 4b 28 33 57 65 67 68 66 65 62 47 29 3a 5b 65 65 64 65 5f 53 48 42 4b 56 5e 62
5a 5d 59 50 48 3d 47 5c 62 68 67 54 2c 2b 53 65 68 66 54 33 34 56 66 69 60 44 2b 3e 5e 67 69 68 57 1f 22 5a 68 69 68 62 4e 2c 2c 53 64 66 68 68 5b 28 1f 4f 65 68 67 64 55 3b 34 48 5b 64 61 59
58 4d 44 44 52 62 63 5f 52 3d 33 4b 62 66 68 63 47 1f 34 5f 68 69 66 44 20 36 5e 67 68 64 4a 26 36 5b 66 69 66 4c 23 2f 5a 66 6a 67 5c 2a 21 50 62 67 66 62 45 26 3a 5d 65 64 60 53 41 42 4d 56
68 68 68 67 65 61 5a 53 45 32 49 6b 6b 6a 69 6a 6a 6a 69 6b 6a 6c 6c d a 6a 6c 6b 6b 6b 6a 6a 69 69 68 67 63 50 41 45 51 5a 5e 64 65 67 67 66 67 64 60 5a 53 51 55 56 57 5e 61 64 63 61 61 5d
57 55 52 52 5b 5f 5e 5d 5c 54 47 49 59 5f 62 68 67 56 38 39 55 62 66 69 6a 67 4b 1f 31 5f 69 6a 69 6a 6b 61 27 1b 51 66 6a 68 67 68 69 69 5b 26 1f 53 67 6a 67 65 68 69 6b 64 33 1b 45 64 68 68
5c 56 46 44 4e 58 63 67 68 69 69 6a 69 61 3e 1b 38 65 6b 6b 6a 66 65 69 69 6a 6b 6b 2a c 4b 6a 6b 6b 6a 6a 6a 6a 67 47 13 30 68 6b 6b 6a 69 68 65 60 5a 4b 41 45 52 5e 62 62 62 62 60 5e 58 55
5a 5e 60 64 65 62 60 5f 5b 47 40 4e 5b 66 68 68 68 68 6a 6b 6b 52 1a 28 60 69 6b 69 6a 6a 69 6b 6b 6b 69 25 e 4f 6a 6b 6b 6a 69 68 69 69 6a 6b 6c 4a 1e 2e 58 69 6b 69 69 69 66 65 60 5a 53 4e
5b 53 43 41 4f 5c 63 66 68 6a 6a 5c 23 19 51 69 6b 69 68 68 67 5f 3d 25 3f 5f 68 68 67 69 6a 65 3c 1b 3c 60 69 68 68 68 65 54 2a 2a 55 65 67 68 68 69 68 55 2c 27 50 66 69 67 64 60 5b 50 45 49
5e 5c 53 4a 45 50 59 60 65 67 67 69 6b 6c 56 18 1f 5d 6a 6b 6a 68 68 6b 6a 67 36 10 3f 6a 6b 6b 68 66 67 6a 6b 6b 5d 1d 1a 59 69 6b 69 67 66 67 62 60 5c 4d 42 45 52 5e 62 64 64 61 5e 5e 5d 59
5f 62 62 5f 5b 58 51 47 4b 54 5c 64 67 69 69 6b 61 34 24 48 61 69 6b 6b 6b 6a 68 4a 13 2c 67 6b 6b 6a 69 6a 69 6a 64 36 18 41 66 69 6a 6a 67 66 68 6a 6b 56 2c 2a 4d 63 68 69 68 67 65 5f 55 4f
62 61 5f 52 3d 3d 4c 5a 64 69 6a 6a 61 2b 18 4b 67 6a 69 69 69 56 24 29 56 65 69 6a 6b 66 40 18 37 61 69 69 68 68 68 63 4e 29 2d 54 65 67 66 68 67 66 58 38 2f 48 5a 63 66 65 63 61 59 4b 41 46
65 63 5e 59 4f 44 44 53 62 69 6a 6a 6a 6a 6a 6a 6a 6b 45 c 31 6a 6c 6b 6b 6a 69 69 69 68 6a 6b 6b 6c 31 b 45 6c 6c 6b 6b 6b 6a 68 66 64 5e 54 4e 4d 51 53 5a 60 62 65 66 63 62 5e 5c 5a 57 58
61 64 63 62 61 59 48 3d 45 56 62 67 69 6a 6a 6a 6a 55 17 22 60 6a 6b 6b 6a 6a 6a 6b 56 1c 1e 5a 6b 6c 6b 69 69 6a 6a 6a 5a 2a 1c 4c 69 6b 6b 6a 67 65 66 68 66 4f 2f 37 57 61 65 67 65 64 62 5d
41 4d 5c 65 65 64 62 49 22 32 5d 68 68 68 68 67 55 21 22 53 66 69 69 69 66 59 29 21 51 65 69 69 6a 5e 35 25 45 5f 69 69 65 51 2d 2d 51 64 67 68 65 54 2c 2c 51 65 68 66 5b 4e 46 44 4b 56 5f 61
5e 64 67 69 6a 6a 6a 6a 69 67 5c 3a 1d 41 6b 6c 6b 6b 6b 6a 6a 6a 6a 6a 6a 69 60 43 2b 3b 57 66 6b 6c 6b 6b 6b 6b 6a 6b 6a 6a 60 3e 31 48 58 5f 67 69 6a 69 69 6a 68 64 5d 54 4d 4e 51 57 5f 63
68 68 6a 6b 6a 6b 62 37 17 40 69 6b 6b 6b 6a 69 6a 6b 6b 68 3e e 37 6b 6c 6b 6a 68 67 68 69 6a 6a 6b 6a 32 f 45 69 6c 6a 6a 6a 68 68 63 5c 5b 55 49 4c 55 57 5b 63 67 64 60 5f 5f 5c 5b 59 58
54 5a 5d 5e 5c 52 44 42 4c 59 60 66 6a 65 4a 2b 33 53 66 6a 69 5f 3f 2b 43 60 69 6a 6a 50 1d 28 5a 69 6a 69 68 5e 27 1a 4e 67 69 68 67 69 65 48 1c 2e 5d 68 69 68 68 65 54 3c 34 46 5a 63 65 61
5b 58 51 4a 4b 53 5c 61 66 69 69 6a 6a 6b 6b 37 c 3f 69 6b 6b 6b 6a 69 6a 6a 69 61 3a 23 3e 5e 6b 6b 6a 68 68 68 6a 6b 6b 6c 38 d 3c 69 6c 6b 6b 6a 67 65 65 60 59 51 4a 49 52 5c 5f 61 64 65
57 5a 5c 60 60 60 61 61 5b 53 46 44 4f 5b 63 66 69 6a 6a 6b 5d 1e 1b 59 69 6b 6b 6a 6b 6a 6a 5e 19 17 5d 6b 6b 6a 6a 69 69 6a 6a 69 38 10 3e 68 6b 6b 6a 67 65 62 60 5d 56 4b 42 49 58 60 66 66
56 50 49 49 53 5c 61 65 67 6a 6b 6b 6b 37 12 40 65 6a 6a 6a 6a 6b 6b 6a 56 10 1f 66 6b 6b 6a 6b 6a 6a 6b 6a 67 55 26 22 53 6b 6a 69 69 68 65 65 63 61 5c 4a 43 48 54 5c 62 67 64 62 5f 5d 5d 59
59 5c 62 64 65 67 63 59 48 44 4d 56 63 67 65 65 67 6a 6a 67 47 27 3c 5c 67 69 6b 69 69 68 6b 6a 6c 57 e 1f 68 6b 6b 6a 67 63 62 66 68 6b 6a 6b 6d 2e e 47 66 6b 6b 6a 6a 66 64 60 58 52 52 53
66 67 61 51 40 3d 48 59 64 66 68 69 67 63 42 25 3c 5b 64 67 69 68 66 62 50 30 2d 4d 64 69 69 69 67 64 4d 28 2c 54 66 69 6a 6a 68 66 52 1c 23 5b 69 69 68 69 67 69 67 37 16 3f 61 68 6a 6a 63 5b
62 60 52 43 41 4b 58 63 67 68 69 6a 5f 31 21 49 63 69 69 6a 6a 68 50 1a 27 5e 69 6a 69 6a 6a 69 50 18 27 5f 69 69 68 69 69 69 64 40 22 3c 5e 67 67 64 65 66 67 62 4c 2d 33 57 65 66 67 66 5f 59
5e 57 4a 39 3d 53 60 67 68 62 42 23 39 5b 67 67 65 5f 48 25 35 5c 65 65 63 60 4e 2f 31 53 62 68 67 60 41 24 3b 5f 68 6a 66 57 2b 22 4f 65 6a 6b 69 57 1f 1c 55 69 6a 69 62 51 32 30 4d 61 64 62
4f 49 45 45 49 51 59 5d 53 39 34 43 58 63 60 4f 2d 29 4a 63 66 5a 34 1f 40 64 66 5d 31 1b 44 68 67 56 31 27 4a 65 66 56 2e 26 48 65 65 59 39 2a 3f 5a 63 5c 4b 38 3f 51 58 55 4f 4c 46 4c 4d 4d
65 64 60 5c 4f 43 46 53 60 66 68 69 67 69 6a 6b 69 37 18 44 62 69 6b 6a 69 69 6a 6b 6a 69 58 18 1c 5f 6c 6c 6a 69 66 66 66 66 68 6a 6b 6d 3f 17 3a 61 6a 6a 69 68 67 66 64 61 59 54 52 51 53 55
54 49 40 4a 5b 62 67 68 62 49 2e 36 54 64 64 64 67 67 50 25 2a 56 66 68 67 68 67 4e 20 2a 59 66 69 66 67 68 5d 29 1f 50 64 69 68 67 65 45 1f 36 5e 67 67 67 66 54 2c 26 4f 67 68 68 63 55 44 40
60 60 5e 55 44 3c 4b 5d 64 66 68 69 6a 6a 57 14 1d 62 6b 6b 69 68 67 67 67 59 2b 23 4e 64 6a 6a 68 69 69 68 4f 1e 29 5d 69 69 69 69 69 66 4f 25 2c 58 69 68 66 66 64 5e 53 49 46 47 51 60 65 63
5b 5f 60 5c 4e 3f 40 4f 5e 63 66 67 61 39 24 47 62 67 68 68 67 54 31 2d 49 5f 67 66 67 66 62 41 21 3b 5d 67 6a 69 67 58 29 25 52 64 69 6a 69 65 35 17 40 65 69 68 69 68 51 2b 2b 4f 64 66 64 5f
4f 4c 50 54 57 53 50 52 57 56 52 4c 48 49 53 5f 61 5c 49 36 3a 4f 62 67 67 5e 31 1e 45 63 69 68 5e 31 1f 49 65 6a 69 5e 27 19 4d 68 6a 69 5f 35 1b 41 65 6a 68 61 4b 2c 31 54 64 65 61 55 46 44
50 48 49 53 5e 66 69 6a 6a 6a 6a 6a 6b 46 d 30 69 6b 6b 6b 6b 6a 69 6a 69 69 64 48 2f 38 50 63 69 6b 6a 6a 6a 6b 6b 6b 6c 42 c 33 6a 6c 6b 6a 69 68 66 64 61 5a 52 4b 4a 4f 5a 5f 63 66 64 62
4e 58 5e 61 5d 50 37 38 53 61 64 65 5f 48 29 37 5c 67 68 66 56 35 2d 49 5e 62 63 64 60 4e 30 32 52 63 65 67 67 53 27 27 53 67 69 65 52 2d 2f 55 68 69 67 4e 22 2b 5c 6b 69 66 55 2f 2a 51 63 64
66 64 64 64 62 53 39 36 4e 62 67 69 68 68 69 6a 6a 5f 2d 19 4a 69 6b 6a 69 66 66 6a 6a 6c 68 22 10 52 6a 6c 6a 69 6a 6a 67 4e 23 29 58 6a 6c 6a 69 67 63 5b 4c 3d 43 51 5e 65 64 65 64 5f 57 56
65 66 64 62 5d 55 4f 4c 4a 52 5f 67 68 69 69 6a 6a 6b 6b 33 e 45 6a 6b 6b 6b 6a 6b 6b 6b 6b 69 46 d 2f 6b 6c 6b 6a 69 67 66 66 67 6a 6b 6b 46 25 3d 58 62 66 69 69 69 66 65 61 59 55 54 55 52
4b 44 48 58 62 66 66 59 34 29 49 5f 68 69 68 63 3a 1c 3d 61 68 69 68 5b 2a 1e 4d 65 6b 6b 63 45 21 32 5c 67 6a 68 5d 32 1d 44 64 6a 69 68 5d 39 20 3e 62 68 68 60 55 48 3f 44 4e 5a 60 5f 57 50
56 5d 60 60 5a 4a 45 4a 52 5e 65 6a 6b 68 45 1c 33 5f 6a 6b 6a 67 58 2b 27 53 64 68 6a 69 68 65 43 1a 33 61 6a 69 6a 69 67 5d 39 24 44 61 67 69 69 6a 69 62 3d 1c 39 63 6b 6b 68 63 5c 53 48 45
56 5a 5c 5f 60 61 61 5e 56 52 50 4b 50 5b 61 65 66 6a 6b 6b 6a 35 14 45 67 6a 6a 6a 69 6b 6a 6b 5e d 17 69 6b 6b 6a 68 67 66 69 6a 6b 68 3e 16 38 63 6b 6b 69 67 64 65 62 5f 57 4b 49 4d 54 5b
4d 4a 4d 5a 64 68 6a 69 69 6a 6b 6b 6c 42 f 33 68 6b 6b 6a 6a 6a 6a 6a 68 69 61 4d 39 3b 4e 5c 66 6a 69 68 67 66 67 69 6b 6b 6c 3e 10 38 66 6c 6b 6b 6b 69 67 64 60 5a 56 50 4f 51 55 5c 61 63
62 58 3d 34 49 5c 65 67 68 67 5b 2f 23 4b 63 67 69 68 67 56 27 25 53 66 6a 69 6a 64 3c 19 3a 63 69 67 67 6a 68 4b 19 2a 5e 69 6a 68 69 67 53 2c 28 4f 65 67 62 64 63 5b 49 36 40 56 5f 61 62 61
64 64 65 64 61 5c 53 4d 4b 4c 55 5e 65 68 68 66 67 6a 6a 68 48 1b 31 61 6a 6a 6a 69 69 69 6b 6a 6b 68 1a c 5c 6b 6c 6a 69 68 69 6a 6b 6a 61 31 16 46 6a 6c 6b 69 69 68 65 61 60 59 4d 46 4b 55
4e 5a 64 66 69 6a 6a 6a 6a 6b 68 46 10 2f 6a 6c 6c 6b 6a 69 69 69 6a 69 66 5a 3a 2b 44 5d 69 6b 6b 6a 6a 6b 6a 69 6a 6b 4f 20 28 58 6b 6b 6b 6b 69 69 69 67 61 57 49 44 4d 56 5c 62 65 66 67 65
52 5d 63 65 67 67 64 5e 47 29 39 5c 67 68 66 66 68 69 6a 5d 20 1a 57 68 6b 69 68 65 66 67 63 3b 1e 40 61 6a 6a 6a 68 68 66 4b 20 2e 5b 69 6a 69 69 68 67 65 43 20 39 5e 68 6a 67 65 63 60 55 4c
63 5c 4d 3c 3c 50 61 67 68 68 6a 6a 6a 66 2c 10 49 69 6b 6a 68 68 68 69 66 58 2f 25 4e 64 69 69 69 69 6a 69 63 3c 18 3c 67 6a 6a 66 66 68 6a 6b 62 3e 1f 39 60 69 68 67 67 66 63 5f 55 45 41 4b
4c 53 5a 60 62 60 60 53 33 35 55 65 68 69 68 69 54 1e 26 5a 68 69 69 69 68 66 59 29 1f 50 66 6a 68 67 69 6a 60 26 1c 51 64 6a 67 69 6a 67 47 1c 2f 5d 6a 6a 68 67 65 5a 41 2c 42 62 64 64 62 5f
52 41 3b 49 5d 66 67 67 5e 37 26 45 5f 67 68 65 65 4f 23 2d 57 64 66 67 66 5e 46 30 3b 55 64 68 68 69 5c 30 24 4b 63 67 67 67 5a 34 27 49 62 69 69 6a 63 25 14 4e 69 6a 69 65 57 3a 34 48 5c 61
55 4d 4b 4f 56 5e 66 68 69 69 6a 6a 6a 6a 6b 44 c 31 6b 6c 6b 6c 6a 69 69 6a 69 6a 6a 6b 6c 37 c 40 6b 6c 6c 6c 6a 6a 69 68 66 61 56 4d 4e 52 54 57 5e 62 66 68 68 63 5d 5d 59 58 58 5a 5c 5b
4e 59 61 67 69 69 6b 6a 6b 6b 37 10 3e 66 6c 6b 6b 6b 6a 6b 6b 6c 52 c 23 6a 6c 6b 6a 69 66 64 68 69 6a 69 5e 3d 26 40 61 68 69 69 67 64 64 63 63 5e 57 53 4c 4b 54 5b 5f 65 63 62 62 61 5d 58
5f 61 63 62 5a 52 4a 46 48 53 61 62 63 61 5f 61 5c 48 36 3f 58 64 67 68 67 67 67 5b 23 1c 55 67 6a 6a 68 68 66 50 24 28 56 67 6a 69 68 68 69 62 14 13 61 6a 6b 6a 66 66 64 5a 3f 32 45 58 62 65
4a 49 54 5f 65 68 68 69 68 69 65 58 3c 24 42 67 6b 6a 69 68 67 69 6a 6a 6b 6d 2f c 46 6a 6c 6b 6a 6a 6b 6b 6a 67 3f 12 37 68 6b 6b 6a 69 68 67 64 5e 54 44 43 50 5a 60 63 63 63 61 60 60 5c 57
62 60 5c 57 4d 4a 4e 54 5d 64 67 69 69 6a 6a 6b 6b 2f b 46 6b 6c 6a 6a 69 69 6a 6a 69 5d 3d 25 3c 5f 6a 6a 69 68 69 69 6a 6a 6b 6b 39 b 3d 6b 6b 6b 6a 69 68 67 64 5d 54 4d 4c 4f 51 5a 61 64
44 4b 5b 64 61 57 3d 2d 43 5f 67 69 65 49 20 2d 5a 69 6a 65 54 27 25 53 65 68 66 57 32 25 4a 63 67 68 5f 3b 24 40 5f 69 68 5c 36 27 4a 62 67 67 5d 39 24 42 61 69 63 58 4c 3d 3b 4d 5d 5f 5c 54
51 4d 4b 50 5c 64 65 66 66 5e 3f 28 3d 5d 6a 69 68 67 68 65 48 20 33 5c 66 68 67 68 67 64 50 23 2a 59 65 67 69 68 68 64 4d 26 2c 57 67 69 69 6a 6a 6a 5c 1c 18 58 6a 6b 69 67 65 5d 4e 3d 40 52
54 52 51 59 5e 61 63 63 64 64 63 5a 42 34 49 61 68 68 68 6a 6a 6b 69 41 1a 39 61 6a 6a 6a 6a 6a 6b 6b 6b 5d 16 19 60 6a 6b 6a 69 66 66 68 6a 6b 6b 54 26 26 51 67 6a 6a 6a 68 66 61 5f 59 53 4f
5e 5f 5c 47 32 3d 57 64 68 67 63 46 1e 34 60 66 69 67 65 54 29 28 53 65 66 67 63 4b 27 32 56 66 69 68 5a 30 25 4e 67 68 63 4b 31 3b 5a 68 6a 5c 33 24 4a 66 68 64 5c 46 35 41 57 61 62 5e 53 43
52 56 5a 5c 5c 59 4e 3f 41 59 66 67 69 5f 35 21 47 64 68 69 65 4e 2d 33 57 67 68 60 49 34 42 5c 65 68 64 4b 29 34 5a 66 68 69 67 4c 1c 2c 5d 68 69 69 69 5b 21 1d 56 66 69 68 64 5a 44 35 44 59
4c 52 5d 63 64 64 61 5a 46 3b 42 52 63 64 64 64 65 66 5d 43 2a 38 5a 67 68 67 67 68 67 64 2b 16 4d 67 6b 69 67 68 67 52 1e 25 5b 68 6b 6a 68 68 63 3c 15 38 67 6a 6b 68 65 61 57 47 38 44 5b 5e
46 47 56 63 68 69 6a 6a 6b 6b 6c 43 c 32 6a 6b 6c 6b 6b 6b 6b 6a 6b 68 3f e 36 6b 6b 6b 6b 6a 69 69 6a 6a 6a 66 46 20 32 5c 6b 6b 6a 69 68 67 66 66 5e 4f 48 49 4c 57 5f 62 64 67 66 60 5d 5a
5e 5b 52 42 39 43 56 61 65 65 52 2e 2a 4c 64 68 66 59 2c 22 4e 66 68 66 4d 24 2c 55 67 68 64 52 25 27 57 68 69 65 52 24 25 55 66 68 67 57 2f 2a 4c 60 65 64 5b 40 2e 45 5b 60 63 59 46 3f 49 52
64 61 54 3f 34 46 5d 66 68 66 65 5b 41 2d 3c 58 65 65 65 65 60 4e 31 34 4f 60 67 66 69 63 42 26 36 58 67 69 6a 67 4c 22 2d 57 68 6b 6b 67 52 1b 24 5b 69 69 69 69 68 4a 1d 2f 5d 67 67 64 61 55
54 44 3c 48 5b 66 67 67 5c 2e 20 4a 66 6a 6a 65 51 2b 2c 52 65 67 66 61 4f 2b 2e 55 64 67 67 60 4c 31 35 52 62 67 69 68 54 28 29 51 64 68 68 66 4e 1d 2b 5f 6a 69 66 5e 4c 33 36 53 61 62 61 5a
3c 37 34 3a 3e 37 3b 3b 3d 3d 35 37 38 31 3a 3d 41 3d 31 35 3a 36 35 39 3d 39 37 3b 3b 34 37 37 3c 3a 36 38 3b 35 39 3c 3d 39 2e 34 3f 37 39 3c 3d 38 34 3b 39 30 38 3c 41 3d 33 38 3b 34 37 39
5d 61 63 64 60 5c 55 4c 47 48 55 62 63 67 69 6a 6b 6b 67 25 10 52 6a 6b 6b 6a 69 6a 6b 69 58 19 1e 5f 6b 6b 6b 68 68 68 69 6a 6b 69 30 12 47 66 6b 6a 6a 68 65 63 5e 5b 59 51 49 4e 56 5a 5e 63
69 69 68 66 62 5d 53 47 3f 45 5b 6c 6a 69 6a 6a 6b 69 6b 6a 6b 6c d a 69 6c 6b 6b 6c 6b 6b 6a 6a 69 69 68 5f 42 34 46 56 60 65 68 6a 69 67 67 66 64 5f 58 4f 4e 52 57 5c 5d 60 64 64 65 66 5f
55 4f 4e 54 5b 60 61 62 64 62 54 37 33 51 63 66 68 6a 6a 65 37 1f 44 61 69 6a 69 6a 69 4f 19 28 5f 6a 6a 68 68 69 6a 67 40 1d 39 5e 68 68 66 63 64 68 6a 6b 4c 1e 2c 59 68 6a 69 64 62 5b 52 4f
60 61 63 63 59 3d 30 47 5f 68 68 68 69 69 57 1c 22 5b 68 6a 69 68 69 66 50 2b 30 54 64 67 66 64 64 63 54 34 2e 4e 61 66 68 68 68 61 38 23 45 61 68 6a 69 67 5e 2c 1c 4f 69 6a 68 64 5d 53 42 42
67 64 5d 53 46 3d 49 5f 69 69 69 6a 6a 6a 6a 6b 6a 6a 63 45 15 31 6a 6c 6c 6b 6b 6b 6a 69 6a 69 6a 6a 6a 62 39 26 44 5d 67 69 6a 6b 6a 69 67 68 66 5d 53 50 52 54 56 5a 5e 61 64 65 65 64 61 5d
61 63 63 5c 48 37 3f 56 63 66 69 6a 6a 55 18 21 5e 69 6a 68 68 66 5c 3a 26 45 62 67 68 69 68 5d 25 1e 53 68 69 67 66 61 4e 35 38 53 63 67 67 68 68 51 23 2a 57 68 69 66 66 63 56 3b 34 4c 5f 62
4b 51 5d 62 64 64 56 40 3d 4b 5a 65 68 68 64 4c 2e 37 57 65 69 6a 6a 61 2f 1b 48 64 6a 6a 69 69 5e 33 20 45 62 69 68 67 67 67 60 44 24 35 5a 67 67 67 68 69 6a 66 38 1a 41 60 66 68 65 63 5e 55
64 62 61 58 4f 46 45 53 5f 66 68 69 6b 69 6b 6a 6b 6b d a 69 6c 6c 6b 6a 6a 69 69 6a 6b 6b 6c 3a c 3d 6b 6c 6b 69 69 68 68 68 63 58 4e 49 4d 54 59 5d 61 64 65 65 61 5e 5b 58 56 56 57 59 59
58 60 63 63 63 5e 43 2e 45 5f 68 6a 6a 6a 6b 65 1c 13 59 69 6b 69 6a 6a 68 4e 1a 2b 61 68 6a 68 67 69 69 68 4a 1b 2e 5d 68 68 68 66 66 68 67 5c 3f 2e 44 5b 62 66 66 63 5f 59 54 53 52 51 53 57
5a 55 4f 4d 4e 53 5e 66 6a 6a 6a 6a 6b 6b 6b 42 c 34 6a 6c 6c 6b 6b 6b 6a 6a 6a 69 65 3e 12 38 6b 6c 6b 6b 69 66 66 69 6a 6b 6b 68 47 2b 3b 53 62 67 69 6a 69 68 66 63 5c 57 54 4f 50 54 5a 5f
59 58 56 55 53 54 57 5b 5f 64 62 4e 36 3d 59 69 6a 6b 69 52 2e 31 53 65 6a 6b 6a 69 47 12 2e 64 6a 6b 69 68 69 67 50 25 2b 56 65 69 68 68 69 69 68 4c 1b 29 5b 6a 6a 69 67 66 5f 51 45 46 4e 57
5f 62 5f 57 44 36 42 59 67 6b 6a 59 2a 23 51 68 6b 6a 5e 34 1e 43 65 6a 6b 67 50 21 26 57 68 6a 69 68 5e 34 1f 43 62 67 67 66 69 55 2a 26 4c 64 6a 68 65 5b 46 3b 44 54 5e 5d 5c 59 4f 4b 50 54
5e 5d 4f 3c 44 59 62 63 64 5d 42 2f 45 5e 68 69 67 55 28 2a 56 68 6b 69 65 3e 1c 3a 61 67 69 6a 68 47 12 2d 64 69 69 67 66 62 4d 26 2f 57 63 66 63 65 68 62 46 2b 35 56 65 66 65 5e 57 50 4b 4a
62 5d 4c 3f 45 52 5d 62 62 66 69 6a 6a 53 19 22 5d 6a 6b 69 69 69 69 62 3d 1c 3a 62 69 6a 69 69 69 68 5f 34 1b 44 67 69 69 67 68 68 69 68 44 10 32 68 6b 6a 68 66 63 61 5c 54 47 45 50 54 5d 62
4d 56 5d 63 66 60 4c 38 39 4f 62 66 68 69 6a 54 1e 23 57 68 6a 68 68 69 5d 2c 21 4b 63 69 69 69 66 5b 37 25 43 5f 68 69 69 67 59 23 22 57 66 6a 69 69 68 4f 1f 28 58 68 6a 67 63 58 49 42 4a 53
64 61 5e 56 49 43 4b 57 60 65 66 68 68 6a 6a 6b 63 22 15 55 6a 6b 6b 6a 69 6a 6a 6a 65 4a 21 32 5c 66 6b 6b 69 69 69 6b 6a 6a 53 d 23 69 6c 6b 6a 6a 69 66 63 60 5c 56 47 44 50 57 5f 64 66 65
43 47 58 61 64 67 69 68 69 52 20 25 58 69 6a 69 66 68 68 68 62 44 24 35 5b 67 69 67 64 66 67 65 53 2c 2b 52 65 69 69 68 67 67 54 23 28 58 66 6a 69 69 69 5a 35 27 46 62 67 68 66 63 5c 51 46 48
4e 4d 4d 56 63 67 68 68 68 68 62 4d 30 31 52 69 6a 68 67 66 66 67 67 64 58 35 2a 4b 64 69 69 68 68 6b 6b 6a 64 24 13 53 6b 6b 6a 69 6a 6a 6a 6b 4b 17 2b 61 6b 6b 6a 69 68 66 62 5c 50 3f 41 53
