48 55 5b 60 64 67 68 69 66 66 68 62 4a 2f 36 57 68 69 69 6b 67 68 6b 6a 6a 6c 52 21 29 55 67 6a 6c 6c 6a 6a 69 67 68 68 67 61 27 1b 56 69 6c 6a 6a 6c 6b 6b 6b 68 44 1b 34 61 6c 6b 6b 68 64 65
46 50 60 66 6c 6a 6b 6b 6c 6a 2f 12 4b 68 6c 6c 69 67 69 6b 6b 61 2c 22 58 6b 6a 68 67 64 62 67 67 62 57 2d 34 62 66 64 66 5d 5d 67 67 69 6b 6a 6c 56 16 22 5f 69 6c 6b 69 68 68 68 61 52 51 4e
63 61 3b 2d 53 60 64 69 69 67 67 68 67 45 1a 38 61 67 68 67 69 6a 68 65 59 3e 34 42 57 67 6b 6b 6b 69 67 53 26 27 56 67 6d 6a 6a 6a 6a 6b 3d 17 3d 61 69 6b 6c 68 6a 6a 6b 5d 1d 1e 5c 68 6d 69
61 5f 48 3e 4e 5d 5f 5e 5d 56 4e 53 52 4e 59 5e 55 50 44 49 5f 6a 68 61 47 30 3d 59 68 6b 65 57 36 30 4d 66 6c 68 56 33 26 47 66 68 6a 68 60 2a 15 4a 66 67 68 68 67 64 25 12 4f 6a 6b 6b 65 5b
3e 42 59 65 66 68 68 68 62 3e 1d 3d 61 68 69 6a 6a 6a 5a 2c 26 4d 64 6a 6a 6b 68 62 49 2f 38 54 62 67 69 69 61 4b 44 4b 4f 59 65 65 65 5a 43 35 47 5e 67 6a 6b 6b 5c 29 21 51 67 6b 68 67 61 54
65 67 68 58 3d 34 47 5a 64 68 69 6b 6a 6a 51 14 26 64 6b 6b 6a 6c 6b 6b 59 19 20 5e 69 69 68 69 6b 6a 62 4c 24 2c 5a 68 6b 68 62 64 68 6a 69 52 2a 2d 4e 63 68 6a 65 63 63 5f 5b 4c 3f 41 57 64
52 3e 35 4b 61 64 66 68 6a 6c 68 57 1a 20 5d 6a 6a 6a 69 6a 65 46 20 34 5a 68 6c 6a 6a 67 49 1a 2e 5f 68 6b 6b 6b 6a 5f 26 1c 4f 67 6c 6b 68 61 60 57 39 36 53 5d 60 62 62 66 65 53 43 4c 58 5b
49 52 61 66 68 65 57 3c 36 4e 62 69 69 66 65 56 35 34 4d 60 68 66 61 54 4f 5a 5a 56 57 50 4b 4e 5c 66 6a 69 66 3d 17 3b 64 69 6c 68 67 4d 28 35 5a 66 69 6a 69 68 30 11 47 68 6c 6a 65 61 51 43
5b 60 67 60 4e 43 46 4f 59 63 63 65 5f 4b 40 51 5d 5e 5f 60 60 5c 49 3d 46 59 68 69 69 69 57 2a 29 55 67 69 6a 6a 6a 6a 5b 15 19 60 6b 6b 6b 6b 69 6a 64 22 16 55 68 6c 6a 68 66 68 5f 44 2f 3d
6b 6b 6b 53 1a 25 5c 69 6b 6a 6b 68 59 2d 2f 59 69 6b 6a 6b 6b 68 64 20 12 56 69 6a 67 61 5f 61 63 61 59 46 3d 4a 60 65 65 67 63 54 49 49 4f 58 60 62 67 56 50 50 55 65 69 66 57 44 40 56 5f 5d
5a 5f 67 68 6b 61 39 25 3d 5c 69 6a 6c 6a 6c 63 36 1c 40 68 68 6c 6c 69 4d 39 42 55 64 5e 52 4f 50 49 51 5e 64 6a 69 41 1f 35 55 69 68 69 65 67 3f 15 3c 64 6a 6a 6b 64 5e 48 2e 38 55 65 66 61
5d 5f 5f 61 60 5f 5b 5b 52 4d 51 51 59 5e 60 68 6a 6a 6a 6d 6c 38 12 3e 64 6b 6b 6b 6b 6b 6a 6b 62 23 14 52 6a 6b 6b 69 6b 6b 6c 6b 6b 66 2d 10 48 69 6b 6c 6a 69 66 64 66 63 58 47 43 4e 55 5a
4c 4b 4d 5d 63 65 66 58 3b 30 47 5f 63 66 63 63 56 39 32 48 5a 5d 65 69 65 46 2c 42 5c 61 65 67 58 39 30 48 5c 68 68 68 64 51 2d 2a 50 65 69 68 65 68 54 1c 24 5d 69 69 6a 63 61 55 2d 30 52 61
66 69 6d 6b 6a 6a 69 6b 61 40 1d 37 65 6b 6d 6a 69 6c 6b 6b 69 6a 6a 69 69 60 46 2a 38 57 65 6c 6c 6b 68 69 6d 6a 69 69 6b 6b 68 56 2c 33 53 5b 67 6a 6d 6a 69 68 68 6a 69 67 5e 4e 3f 46 56 5e
5f 60 63 5a 42 37 48 58 63 68 69 61 63 5c 44 38 3f 55 64 66 68 65 56 3d 35 46 59 65 69 6a 69 53 34 26 44 62 6b 6a 68 67 5c 3e 29 3f 62 69 6b 6b 6c 5d 12 16 62 69 6c 6a 67 60 51 3a 35 4c 60 64
6b 6a 6b 69 68 5d 43 30 3a 58 6c 6c 68 69 69 6a 69 69 69 69 65 58 2f 28 53 65 69 6c 6b 6b 6c 6b 69 69 69 65 56 2f 2a 4f 65 6c 6c 6b 6a 6a 69 69 6b 6a 6b 45 17 35 64 68 69 6b 6a 6a 67 65 63 59
62 64 64 59 51 4f 47 45 52 61 68 6a 68 69 6a 6b 6b 6b 2e 11 46 65 6b 6b 6b 6b 69 6a 6b 6a 63 32 17 45 68 6a 6a 6b 6b 69 6b 69 6a 6a 6c 63 22 1b 53 63 6c 6a 6a 67 69 69 68 66 60 5f 4d 33 45 57
63 64 68 69 69 69 63 3c 22 44 65 68 6a 6a 68 69 69 69 6a 61 29 1c 4f 67 6c 6a 6a 68 66 67 6c 6a 68 56 1c 23 60 66 6a 6b 68 64 67 67 6b 6b 6a 6c 56 1c 25 59 67 6b 6b 6d 6a 65 63 65 5f 59 4a 46
58 61 66 66 67 66 65 5f 31 21 50 6b 6b 6a 68 6a 6b 6a 5b 33 2a 4d 63 68 69 68 66 66 62 59 3d 31 4a 60 69 6b 68 69 69 64 30 1a 4e 66 66 67 69 6a 69 69 6b 5c 20 1e 58 68 6b 6c 69 68 67 60 51 45
5e 5f 5e 5c 52 49 48 51 5b 66 69 68 69 6b 63 23 1a 56 66 6c 6d 69 62 5d 50 4b 51 4a 50 5e 65 68 6b 6a 65 22 11 54 68 6c 6d 6a 65 48 24 38 5e 69 6c 6b 68 64 4d 26 2d 52 68 6a 69 68 5f 54 42 42
4e 58 5f 60 63 66 66 5c 3f 2b 41 61 69 6d 6a 6a 68 52 1d 2b 5f 65 69 6b 6c 69 66 49 15 2d 61 6a 6c 6b 6b 69 69 56 1b 22 5c 67 6a 6a 68 68 68 69 65 47 29 34 53 67 6a 6a 69 65 59 4e 4d 4b 50 5b
37 2b 48 63 66 68 68 69 6a 6b 6a 64 2d 17 49 65 6a 68 69 6b 6a 69 68 5f 1f 1d 5a 68 6b 69 6b 6c 6b 61 38 1f 40 60 67 6c 6b 6a 65 5a 3d 2f 48 5f 69 68 69 68 67 59 3f 37 4a 5c 62 68 66 5c 57 58
3e 4c 62 65 68 68 6b 6a 6c 5e 15 19 61 6c 6c 6c 69 6a 68 68 35 15 43 65 6a 6a 69 69 6b 69 6a 62 16 15 60 6b 6c 6b 6b 6a 6a 66 59 3f 37 4c 57 5e 68 69 68 65 60 59 51 47 4b 5d 60 5b 5d 5f 61 5c
2f 25 4b 67 6c 6a 67 69 6c 6a 69 6a 6b 6c 1e b 58 6c 6c 6b 6c 6b 6b 6b 68 62 3c 20 3d 5f 69 6d 6a 6a 6a 6c 6a 68 5d 31 21 49 66 6a 6a 6b 67 68 6b 69 67 46 37 4c 52 56 63 69 65 65 6a 65 5e 56
4e 56 5d 61 62 61 62 5b 51 3f 3b 58 67 6a 6a 6a 68 66 36 1f 49 63 6a 6b 6b 69 68 61 48 22 34 61 6a 6b 6a 6a 6a 6b 63 1d 15 5b 6a 69 69 6a 67 69 6a 6a 65 39 24 42 5a 67 6b 69 67 66 5f 5b 54 4a
63 65 51 2e 38 5a 67 67 67 6b 6c 6a 6c 5d 16 1a 5f 6a 6c 69 66 66 67 68 5f 38 2c 49 59 64 66 66 69 69 6b 6b 6c 64 17 11 5b 6b 6c 6b 6a 6b 6b 68 5b 33 2f 53 62 62 61 64 64 64 5b 51 4d 4e 53 58
57 5d 5a 55 55 57 60 60 56 51 55 5a 5d 58 51 4d 4e 58 61 64 68 69 5f 3e 24 40 5f 66 6a 6a 68 6a 5f 22 1c 55 69 6a 6a 69 69 5d 2a 1b 4e 67 6b 6b 6a 69 69 5e 2f 1c 4a 67 6b 6b 6a 67 5f 54 3e 3e
3b 41 5c 67 68 69 6a 66 65 68 6a 6b 6a 6b 5a 1a 1b 5e 6a 6c 6c 6b 69 63 5f 60 62 68 6c 6b 6b 6c 3e 19 39 5d 6b 6a 6a 6a 67 65 66 63 5f 60 61 5d 59 50 50 56 4d 54 63 66 64 63 63 63 61 5f 60 61
63 6c 6b 6a 69 6c 6b 6b 6d 1a b 5b 69 6b 6a 6b 6a 6b 6c 6a 6a 6c 66 3a 14 3c 67 6b 6b 6b 6c 6a 69 6a 6b 69 67 67 5a 38 36 4b 5a 66 66 69 6a 67 69 69 68 66 63 5e 51 3a 3f 56 60 69 6a 65 67 62
62 63 63 62 65 6b 49 20 3b 63 69 67 63 5a 4e 4f 5b 69 6b 67 50 22 31 5c 60 66 6b 6b 69 6b 5c 17 21 66 69 6c 6b 6a 64 2d 1f 4f 63 68 6b 6b 69 6a 53 20 28 55 68 6b 6a 67 60 55 40 42 57 5c 5b 5d
56 49 44 4f 54 56 62 69 68 6a 6a 67 37 1b 40 61 68 6c 6b 6b 6a 6b 50 14 23 61 6b 6c 6b 65 68 69 69 56 1a 23 5f 69 6a 6b 67 68 66 67 63 4a 22 32 5f 67 6b 67 68 68 6b 68 4f 2c 32 52 66 68 69 66
63 47 2d 3c 5a 69 66 65 68 66 68 6a 6a 5a 30 29 4d 65 69 67 69 6a 68 68 66 62 28 1f 56 61 68 6b 6b 6b 69 69 4f 12 28 66 6b 6b 6a 6a 6b 68 6c 5e 19 1e 61 68 69 67 63 64 62 60 5d 50 40 42 54 5f
50 4e 56 62 66 69 6b 6b 6b 6b 63 2a 17 4d 68 6d 6b 6c 6a 6b 6b 6c 5d 1f 1b 58 69 6c 6c 6b 6b 6b 6c 6b 6b 6a 28 d 4e 69 6c 6c 6b 6c 6a 69 69 69 5c 57 4e 36 44 59 60 67 65 64 67 68 67 62 52 47
3f 41 5d 68 69 69 6b 6a 69 69 49 1b 31 5f 69 6b 6b 6b 6a 6a 6a 68 4f 29 34 56 64 66 67 68 69 67 68 6b 62 3f 20 3f 60 66 6d 6a 6a 6b 6b 69 54 20 24 58 6a 6c 6c 6c 6b 6e 6b 6b 4c 11 2a 68 6b 6d
6b 6b 6b 6b 6c 54 e 20 66 6c 6d 6b 6c 6b 69 6b 67 48 16 33 68 6a 69 69 6a 69 68 68 63 4b 34 39 50 64 6a 68 68 6a 68 6a 6c 65 35 18 44 66 6b 68 69 6a 69 69 67 5d 49 34 44 5b 5d 64 6a 6b 65 63
5f 65 69 6b 6b 6b 6b 6b 69 20 c 56 6a 6b 6c 6a 6a 6a 6b 6c 6a 53 14 23 62 6b 6b 6b 6c 67 63 68 6a 6a 6a 5d 44 24 38 62 67 69 68 6a 67 5e 5b 5f 62 62 60 56 4a 4d 55 5c 62 5f 5e 60 64 65 5f 5f
55 4e 49 56 65 67 68 69 6a 6b 6c 6b 1f c 56 6a 6c 6a 6c 6b 69 6b 69 61 3e 1e 3b 62 6b 6b 69 69 6b 69 6a 69 6a 61 1a 18 5c 68 6a 6a 6b 67 64 66 6a 6a 61 40 32 48 55 5d 66 66 67 69 68 5e 55 50
59 5c 5c 5c 60 61 53 40 3f 4f 62 67 69 6b 6a 6b 54 1b 22 59 68 6a 6b 6c 6a 63 1e 16 5c 69 6b 6a 6a 6c 6b 66 2b 13 49 66 6b 6a 64 56 52 5a 64 64 5f 4c 37 41 5b 5d 5f 64 62 5c 5e 5e 55 51 4d 4a
60 5f 51 46 4c 53 57 60 63 65 68 6a 6b 6c 5d 11 19 65 6c 6b 6b 6c 6a 69 69 65 32 18 46 66 6a 6a 69 69 6b 6c 6b 6c 60 14 14 61 6b 6c 69 6b 69 69 68 5f 5c 64 62 38 31 57 60 63 67 67 64 64 64 63
51 4b 49 48 55 60 61 62 64 60 46 29 41 60 65 67 65 5f 4b 2f 3d 59 5e 5f 63 66 60 41 35 3b 4d 65 69 64 60 60 46 28 36 55 67 6b 69 68 49 1c 2d 5a 68 69 66 67 59 1f 1c 55 6a 6b 6a 67 5f 36 29 43
67 5c 4c 3b 3e 54 62 6a 6b 69 5f 43 23 39 62 69 6a 68 67 62 45 23 38 63 68 6b 6a 6a 65 42 17 31 61 6a 6d 6b 69 5d 36 2f 4c 5b 63 6a 6b 6a 68 61 2f 1a 45 67 6c 68 65 5f 4f 4b 50 55 5e 57 50 5c
63 6a 68 65 5a 4d 37 3e 5c 65 66 68 68 68 6a 67 31 1c 4a 61 66 68 6b 6a 66 5b 3b 31 49 5d 65 6a 6c 69 69 5b 26 21 53 68 6b 68 67 6b 6b 6b 64 28 15 4f 67 6a 6a 6b 6c 6a 6a 5f 31 26 4b 5f 68 68
6a 6a 6c 6b 67 3c 11 39 6b 6c 6c 6b 6b 68 69 69 6b 6a 35 f 41 6a 6d 6c 6a 69 6a 68 6b 6a 6a 5a 24 23 56 67 6b 6a 68 68 66 64 65 65 56 29 2e 60 6a 66 66 69 64 60 62 65 5f 51 41 40 53 67 69 63
59 49 39 4b 5b 5f 64 6a 69 69 6b 6b 68 34 14 42 67 6c 6c 6a 6b 69 6b 67 41 1d 38 5c 69 6c 6c 6c 6a 6b 6b 67 4c 15 2a 63 6b 6b 69 66 67 6b 6c 6c 6b 66 2c 18 4a 62 6a 6b 6b 68 66 64 5e 58 52 4f
5a 5f 5b 5b 65 68 64 69 6a 69 65 5c 49 34 40 57 65 6a 67 68 69 69 69 69 6a 6b 56 14 21 63 6d 6c 6b 6b 67 66 68 6a 6b 6c 69 57 22 23 58 69 6b 6a 68 66 63 65 66 67 6a 6b 6b 68 53 29 2c 56 66 69
4f 53 57 4e 4d 57 61 67 66 62 57 4a 42 44 4d 5d 64 64 68 67 64 63 3e 2c 3f 55 65 67 69 6b 6b 63 39 1a 41 66 6c 6c 69 5f 2c 22 52 66 6c 6a 69 61 30 1a 4b 64 69 6b 6a 69 67 57 22 27 5a 64 67 69
4f 58 60 5d 5e 65 66 68 69 6b 5e 23 1b 52 6a 6c 68 66 63 58 55 62 66 68 6c 6c 3a 16 3d 61 6a 6a 67 69 6a 68 61 3c 1e 3d 60 69 68 68 69 6b 6a 67 5f 39 24 45 62 67 68 64 63 63 5f 5b 5b 5e 55 4d
60 55 40 3c 54 61 65 6a 6c 6c 6a 67 6a 6a 6b 41 f 36 6a 6b 6b 6a 6b 6a 6b 6b 6b 6a 68 61 54 1c 27 63 69 6b 6c 68 65 66 69 6b 6c 69 67 4f 28 2e 58 68 66 68 6a 69 68 64 61 66 69 65 4f 36 44 5b
56 56 5b 5a 56 50 49 4f 5c 64 67 62 41 2c 45 61 6b 6b 62 3e 21 3e 60 6a 69 67 4f 26 2b 52 64 6b 69 68 5f 34 1d 42 60 68 69 67 65 40 29 3c 54 61 69 69 66 59 2c 28 53 60 65 68 61 53 4a 4f 53 55
52 4c 42 44 5c 63 64 66 65 68 6a 6b 6a 6a 69 26 f 4f 69 6b 6d 6b 6a 68 69 6a 6b 69 4f f 27 6b 6c 6c 69 69 69 6a 67 68 68 68 65 3c 23 43 5f 66 69 6a 69 69 69 64 5d 57 4f 40 4d 66 60 5c 61 61
5f 64 67 6a 6b 69 40 14 36 62 69 69 67 6a 6b 66 20 f 52 68 6b 67 63 61 5c 5e 5c 4a 2f 46 65 65 5f 5b 53 4d 5b 63 6a 68 68 5f 1d 1a 5a 69 6a 6a 66 66 62 5f 4f 33 45 60 5b 60 5f 58 5c 63 62 60
5e 60 5d 58 62 66 66 67 69 6a 63 24 1f 5c 68 6b 6b 68 64 64 63 5c 57 5b 66 62 52 47 47 53 64 65 5b 53 5d 65 69 69 67 6b 6b 6d 6a 17 d 5d 6b 6c 6b 68 64 66 68 6a 68 64 44 24 3e 62 69 69 69 65
57 51 4a 4b 55 62 67 69 6b 6b 4b 16 2c 5e 6b 6b 6a 6b 69 58 24 23 56 68 6a 68 69 69 65 54 2a 23 51 69 6a 68 66 67 67 63 3f 25 3c 5b 69 69 68 69 6a 6b 66 49 1d 2c 5f 6a 69 6a 66 63 60 55 4a 46
5b 67 67 68 69 69 6a 6a 6a 61 1c 13 59 6b 6d 6b 6c 69 6a 6a 68 6b 6a 68 53 18 25 60 6b 6c 6b 69 65 67 6a 6b 6a 68 67 51 20 2b 5c 6a 6c 69 68 6a 69 6a 66 62 5d 46 39 46 5c 63 63 67 66 65 62 60
5a 49 3f 54 64 67 68 67 69 5f 45 32 41 5b 67 69 6a 69 69 6a 61 4a 31 3c 53 5c 66 67 67 69 66 67 6a 6b 6a 3a 14 3b 62 6b 6b 6c 6b 6a 6c 4f 19 27 5d 6a 6d 6b 6b 6c 69 5e 3f 22 3b 66 6c 6a 66 61
65 69 6a 67 66 68 60 3f 2b 3f 5a 68 69 6a 6a 6a 6c 6b 6a 56 19 21 5e 69 6a 6b 6b 6b 6b 6a 69 60 33 1b 47 65 68 69 69 6a 6b 6a 6c 6b 5c 1e 1a 57 6b 6b 6b 6a 68 67 6a 67 5d 43 36 43 58 64 65 67
61 63 65 67 5b 3d 2b 45 61 67 6b 6b 6b 68 49 1b 33 62 69 6a 68 67 6a 6a 3e 18 3d 60 67 6a 6a 66 67 69 61 4e 2a 2f 5a 69 6a 69 6c 6b 6a 56 15 1f 60 69 6b 6a 67 67 63 53 35 31 4c 60 66 66 69 67
4e 48 4b 52 5f 65 6b 6a 53 2d 31 55 68 6a 6c 6b 6b 60 24 18 51 67 6d 6c 69 5e 3a 29 41 5c 6a 6a 6b 62 48 1f 2e 5f 6a 6b 6b 6a 65 53 30 2c 4e 65 68 66 68 66 60 4d 3a 47 56 5a 5f 5c 5f 63 63 55
5b 61 64 59 42 35 47 5c 63 64 63 68 63 53 33 30 50 63 69 6a 6b 61 22 16 52 67 6b 69 64 49 2a 34 58 65 68 66 64 57 3a 2d 40 5f 67 66 67 68 5e 34 23 42 5d 66 66 63 63 63 57 36 2c 4a 65 65 63 60
62 60 62 61 56 4b 46 4e 5b 5f 63 60 63 6b 6b 61 4c 26 2e 5b 65 68 68 67 68 54 32 33 52 64 6b 6a 69 69 5c 23 1c 52 66 68 67 67 6a 69 5f 30 22 4d 66 6b 6b 6b 6b 68 5e 24 1c 53 65 69 68 65 61 57
6a 69 67 62 61 61 51 3f 35 4b 69 6c 6b 6a 6a 69 6a 6a 6b 6b 6c 45 c 30 6c 6c 6c 6b 6b 6b 6a 6b 68 68 66 4a 25 34 58 68 6c 6b 6a 68 69 69 6a 6b 68 40 11 37 6a 6c 6c 6b 69 66 64 65 66 5e 4f 47
66 6a 69 6a 69 58 21 20 54 6b 6b 6c 6a 6a 6b 69 65 41 1b 37 63 66 68 6b 6a 69 6a 6a 49 22 30 5a 69 6a 6b 6b 69 6a 68 46 1a 30 60 6b 6b 6d 6a 68 66 5c 39 2a 49 63 66 67 6a 6a 60 58 50 4a 4b 54
59 4b 4d 54 51 53 5e 69 6b 6a 67 2d 15 4a 68 6b 6c 6c 6a 67 3c 1a 3d 5e 67 6b 69 69 6b 63 49 1a 2f 64 68 6a 6b 5f 4d 44 50 67 6a 59 43 3d 3f 52 65 6a 6b 68 64 56 2e 2a 51 68 69 64 64 60 51 55
6a 69 65 62 5d 59 4e 42 44 51 61 6b 6a 6a 6b 6c 6a 6b 69 3b e 3b 69 6d 6c 6b 6b 69 6a 6b 6b 6b 5e 27 18 4f 6b 6d 6c 6c 6b 6a 69 6a 6b 6c 4f 21 2a 58 6c 6c 6a 6a 69 66 63 63 60 55 4d 4a 51 56
5c 61 62 5f 5a 4f 39 3d 59 61 65 68 6b 67 50 2e 38 56 61 62 67 69 6b 65 34 18 43 62 6a 69 6a 69 69 43 12 31 65 6b 6a 6a 6b 68 62 2b 18 4b 66 6b 6a 64 61 62 62 5b 44 36 45 59 61 64 63 63 5d 51
48 51 52 5b 64 6a 68 68 67 69 6a 6a 6a 4f d 26 67 6b 6c 6b 69 64 65 69 6b 6a 6a 64 49 35 3b 4b 5d 68 6a 6a 6b 69 68 67 6a 6a 6c 6d 3a c 3d 69 6b 6c 6a 69 66 65 68 62 5c 54 4e 4e 57 54 52 5e
56 4e 4e 57 5d 67 6a 67 6b 69 5e 4f 33 2b 50 6b 6b 6b 6b 6b 6b 6b 67 62 49 1e 35 63 66 69 68 66 68 6c 6b 6c 61 33 17 41 68 6c 6d 6a 6c 6b 6a 54 17 22 5e 6a 6d 6b 69 6a 6a 64 5e 43 1e 3a 67 6c
66 6a 68 66 54 2e 2a 53 6a 6b 6a 6a 6b 6d 6b 6b 66 13 11 64 6a 6c 6b 6b 6a 6a 69 6a 6a 65 4a 1d 2b 5e 6c 6d 6b 6b 65 61 62 67 6b 69 66 48 2e 3c 59 6a 68 68 65 64 61 62 61 5d 5d 4d 45 55 5d 5f
68 69 6c 6a 6b 6a 68 51 f 27 6a 6a 6d 6b 6b 69 67 68 68 6c 6b 6b 5a 32 27 48 61 6a 6c 6b 6a 66 67 6a 6a 68 67 67 52 36 35 4a 63 69 68 69 68 6b 6b 68 62 5a 5d 5a 4b 45 4f 5f 61 60 65 67 68 64
58 61 6a 6b 6b 6b 6b 48 12 2d 63 6a 6d 6c 6c 6a 6b 51 1d 27 58 68 6c 6c 6c 6b 6a 69 60 3d 1e 3c 63 6b 6b 6b 6b 6a 6c 6c 65 2a 1b 4f 65 69 65 67 69 63 58 58 64 59 42 42 56 5f 61 63 5f 5d 5e 58
57 5f 62 5b 61 61 5a 57 56 59 61 5a 53 56 4e 4f 60 69 6b 6b 6b 6b 4a 16 33 63 69 6b 6a 6a 6b 6a 6b 68 1f f 55 69 6e 6b 68 64 66 6b 6b 6a 62 28 15 4d 68 6d 6b 6a 66 61 62 65 68 64 49 2e 41 5d
59 51 47 52 5c 62 65 5d 5c 55 4a 47 4c 55 5b 65 69 6b 61 43 26 38 5e 69 6b 6a 69 5b 2c 1f 4b 63 66 68 6a 6a 67 45 1e 34 59 69 6a 6b 6a 68 5e 30 1c 47 65 6a 69 66 67 6a 66 42 18 33 63 6b 69 68
5f 67 69 6a 63 41 24 41 62 67 66 64 67 68 69 67 4f 36 3a 49 5a 67 68 6a 6b 6a 6a 4d 1f 2e 5c 69 6a 6a 6c 6a 69 4a 19 2d 61 69 6b 6b 6a 69 6b 66 29 11 4d 69 6c 6b 6a 6a 67 65 66 55 3d 37 45 5f
41 2a 41 62 6b 6a 69 6a 6a 6c 69 6b 62 c 13 68 6b 6c 6c 6b 69 6a 6c 6b 69 66 41 1a 39 61 6a 69 69 6a 69 6c 6b 69 56 25 24 55 66 6a 6a 68 64 69 64 5f 5b 4b 3b 40 55 66 67 67 68 61 5e 5b 57 53
63 5a 47 38 3f 55 66 6a 6a 6b 6a 6a 65 38 17 41 65 6c 6a 67 65 69 6b 6b 62 32 1a 43 64 6c 6a 69 6a 66 4a 28 35 58 64 68 69 6a 69 69 53 1e 23 57 69 6c 6c 6c 68 5b 4c 41 45 50 5c 61 63 60 5a 5a
61 5f 37 25 4c 65 6c 6b 6b 6a 69 6b 43 1f 3a 5b 67 69 69 6a 65 5a 41 27 3c 60 69 6a 69 6a 6a 6b 61 14 15 60 6a 6b 6a 6b 6a 69 65 40 20 39 5c 66 68 6b 68 67 66 62 56 3c 31 4e 5e 5f 66 67 63 62
4a 4b 46 51 64 65 65 66 6a 6b 69 6b 6a 6d 5f 10 18 65 6b 6a 6b 69 67 66 69 69 6b 6a 6c 6d 15 b 60 6a 6c 69 6a 68 67 67 67 63 59 47 46 56 5e 61 5a 5a 5e 63 62 5f 62 5f 57 52 51 52 5d 63 61 63
68 6a 66 4b 26 31 59 6c 6b 6c 6b 6b 6a 6b 6b 5d 25 1b 53 69 6a 6b 6a 6a 6a 6a 69 68 3e 2e 49 50 5a 68 6a 6a 69 68 6c 6a 6a 68 20 f 54 69 6c 6c 6b 6c 69 66 64 5a 44 37 4e 62 5d 5e 63 64 64 63
5e 62 59 57 53 48 53 5f 62 64 63 64 63 5d 5f 5b 4c 43 4a 59 63 67 69 69 6b 6b 6b 66 28 14 4f 69 6c 6b 6b 6a 6a 6b 6b 68 3f e 35 6b 6c 6b 6b 6a 6a 69 6a 6b 6a 5e 24 1c 53 68 6c 6b 6b 69 65 66
64 55 44 46 4b 55 62 66 68 68 69 69 68 6b 6b 6b 51 16 27 62 6a 6c 6a 69 68 68 6a 6b 6c 6a 69 54 2a 27 4e 67 6b 69 6a 69 67 68 6a 69 69 6b 6b 56 29 29 50 67 69 68 69 6a 6b 68 65 65 66 5d 45 3e
61 68 6b 6a 6b 6b 6b 6c 69 45 f 30 69 6c 6c 6c 6a 6a 69 69 6a 6a 6c 51 20 29 58 68 6b 6b 6b 69 69 69 69 69 67 48 1a 31 62 6c 6c 6b 67 68 68 6a 69 67 61 47 27 37 5e 68 6a 6b 69 69 6a 61 57 57
65 64 48 30 41 5b 65 65 65 65 65 68 6b 6b 6c 5c 1e 1b 58 69 6c 6b 69 66 68 6a 68 5b 3a 30 43 57 68 6a 6a 6a 68 68 57 22 25 59 6a 6c 69 68 6b 67 67 53 27 28 54 67 6a 69 68 67 65 64 58 4d 45 47
53 5e 63 66 68 69 6c 38 14 3d 65 6b 6b 68 69 5c 2e 29 54 68 6b 6b 6a 6b 63 1e 13 56 69 6b 6a 68 6a 65 53 39 38 4b 5c 67 6b 6a 69 65 52 3a 3c 4d 59 5e 64 6a 65 60 5b 5b 4f 47 4d 51 5e 64 62 5d
48 4a 59 5e 61 64 61 5e 63 61 65 64 5d 45 42 5b 64 4e 51 64 61 5e 64 67 68 69 6a 6b 59 17 1d 5c 6b 6c 6a 69 64 64 68 6b 6a 68 52 f 24 69 6b 6b 6b 68 5f 5a 60 65 67 68 67 6a 58 22 26 5a 69 6d
68 66 59 3e 30 48 5f 67 68 6a 6a 6c 6b 6b 60 1c 15 59 68 6b 6c 6c 6c 6b 6b 69 53 1b 21 5c 69 6b 6a 69 66 69 68 6b 69 6a 4f 14 2a 63 68 6a 69 6a 62 5b 5f 61 5e 5b 5a 53 51 4a 4e 5d 62 66 68 64
3d 48 5c 61 66 69 67 68 63 47 25 31 5d 6a 6b 6a 69 67 62 45 27 3b 5c 65 67 68 69 68 5f 4a 2d 32 55 65 6a 6a 64 65 6a 57 24 28 57 63 6b 6d 6b 6a 61 2e 17 44 69 6c 6a 69 63 54 43 3f 4a 57 60 61
62 65 5e 5c 51 4d 56 5a 5e 53 53 5f 68 6c 6a 6b 6a 6c 4b f 2a 68 6c 6d 6b 68 69 6a 6b 6a 47 10 2f 67 6c 6c 6b 6a 6b 6a 6a 5e 39 25 40 60 66 6b 6c 6a 6c 6b 67 5b 27 1c 52 6b 6c 6c 6a 6a 68 60
41 50 5c 65 6a 69 6a 69 69 5e 30 1c 49 69 6c 6a 68 67 69 68 64 51 3d 31 44 61 69 6a 69 6c 6a 6a 69 30 f 45 69 6c 6c 6c 6b 6a 6a 69 52 1c 29 5c 69 6a 6b 6b 6b 6a 69 5c 44 2e 39 59 67 6b 6b 68
63 6c 69 6a 68 67 66 56 17 25 64 6a 6c 6a 69 69 68 6a 6a 6a 65 2b 16 4e 67 6d 6a 65 63 66 67 67 68 6a 6a 41 1f 3f 61 66 69 69 68 6a 6a 68 5c 3a 2b 4e 67 69 62 5e 62 65 67 67 5c 4b 44 48 59 60
64 5f 52 3d 42 58 62 66 67 6a 6c 6a 5c 1d 1e 5d 6a 6b 6a 69 61 54 4d 55 56 56 5e 61 5d 43 3e 55 5d 60 65 68 67 6c 69 39 1c 44 64 6a 6a 67 66 68 6c 66 21 11 54 6a 69 68 63 66 66 66 62 4e 3d 3e
5f 64 5e 5b 5c 57 56 49 44 53 61 61 5e 61 65 6a 64 50 30 34 5a 65 6a 69 69 6a 62 24 19 56 6a 6b 69 69 69 67 43 19 3a 65 6b 6b 6a 69 6a 63 26 16 51 67 6a 6c 6a 67 66 53 2d 33 57 62 64 66 66 5f
62 69 6a 6c 6a 68 5d 2c 1e 50 6b 6c 67 68 6b 68 6b 6a 68 51 19 28 62 69 6a 6b 6b 69 68 6b 63 4e 2c 33 5b 6b 6b 69 6a 69 6b 5e 34 24 49 64 6a 6b 6b 6a 6b 6a 61 48 31 3a 57 64 67 66 67 66 65 5b
4e 5a 65 68 65 65 69 6a 6b 48 1c 36 60 68 6a 6b 6a 6a 6b 6c 64 1b 14 5b 69 6c 6a 69 69 69 6a 6a 66 5c 2f 20 4c 6a 6a 69 6a 6a 65 65 67 67 68 5f 27 20 55 66 6a 68 68 69 68 66 62 5b 52 4b 47 4e
61 63 64 67 64 5c 54 42 39 4d 61 67 68 6a 6a 6a 6a 67 4a 1b 31 61 67 68 6a 6a 6a 6b 6c 69 25 d 50 6b 6b 6b 69 68 67 68 69 6b 69 51 21 27 58 67 6c 6a 68 62 62 60 61 65 65 62 53 38 39 54 62 66
5e 5c 47 3f 56 69 67 67 66 69 66 5a 40 30 47 5f 67 65 66 6b 6b 6a 6b 60 20 1a 56 68 6b 6c 6b 6c 6b 6b 64 24 12 51 6b 6b 6b 6a 69 6a 6b 6b 5e 29 1d 4e 66 6c 6a 6a 69 5f 5d 5a 55 5e 54 48 4e 59
63 64 68 66 67 63 5d 4e 48 4d 55 5c 5c 60 67 69 6b 6a 6b 6b 6b 6a 6a 6a 51 10 27 67 6b 6c 6a 6c 6a 6b 6b 69 6b 6a 6c 6b 68 45 18 33 62 6b 6c 6b 6b 6b 6c 6b 68 66 67 65 5f 4b 40 4c 5b 5d 5e 66
56 5d 5d 60 60 60 62 4f 35 3d 58 68 6b 6c 6b 69 44 1c 35 5e 69 68 67 68 66 66 54 3a 38 4b 59 60 64 65 68 6b 69 59 21 21 55 68 6a 6d 6a 6b 63 21 14 57 6a 6c 6a 6a 6a 6a 58 29 24 4d 62 6a 6b 65
4d 5c 67 66 65 69 68 6b 6b 6b 6b 69 6b 41 f 35 68 6d 6b 6b 6c 6a 6a 67 68 68 6a 68 65 51 3f 39 43 5c 69 6a 69 6b 68 68 68 68 6b 6a 6b 6c 4e 2d 32 4e 64 6b 6a 69 6a 69 69 6a 69 64 54 3e 41 55
63 68 66 67 69 68 65 5e 4f 39 34 4f 69 67 66 67 63 61 66 65 6b 6b 6d 33 f 43 68 6b 6b 6b 69 6a 68 6a 6b 49 1e 30 5a 69 6c 6a 68 68 6a 6b 6a 69 49 16 2f 63 6b 6b 6b 69 66 65 62 5b 55 52 50 4f
62 5e 59 5f 5f 59 54 4c 45 4e 5a 64 67 63 5f 62 5b 3c 39 52 5b 61 60 62 65 68 6b 5d 28 19 4c 6b 6b 6c 69 5e 39 2c 51 67 6a 6c 69 6c 4e 16 28 5d 6a 68 66 65 67 66 67 64 52 20 28 5f 69 6a 69 66
4c 53 59 60 61 64 68 6a 66 43 2c 46 5f 5e 5d 66 6a 69 69 6b 53 1f 26 59 6a 6b 6b 6b 6a 69 4c 1b 2e 5c 68 6c 6b 6b 69 67 64 46 1b 32 63 6b 6b 6a 65 62 66 66 65 4c 2a 32 57 69 6a 68 65 60 5e 56
69 66 63 5c 45 34 48 5c 62 66 6a 6a 6a 6a 69 69 68 69 62 46 1d 32 66 6c 6c 6b 6c 6a 69 68 6a 6b 6b 6b 6a 3d 17 3c 62 6a 6c 6b 69 69 6a 68 66 69 6b 63 41 29 3d 5e 6b 6c 6a 6a 68 63 63 63 62 5d
69 68 66 61 4e 33 36 56 69 6a 68 68 68 67 6a 6b 6a 69 6a 6c 5c 21 1e 58 6b 6c 6a 6b 69 6a 69 68 64 67 69 68 69 63 3c 2d 48 5a 66 68 6a 69 64 65 65 68 68 63 62 62 63 54 3d 44 5d 65 63 63 6a 66
68 60 4b 3e 42 55 65 64 64 66 68 69 6a 6a 6a 6b 61 32 15 43 6b 6b 6c 6b 68 66 65 66 68 69 6a 6c 6d 31 f 45 68 6c 6c 6c 69 6b 6b 65 5a 4e 40 43 5b 6a 6a 63 5a 5a 5b 5c 61 65 5b 4e 4a 57 66 68
55 50 45 45 54 61 67 66 69 6b 67 42 1f 33 5c 6a 6b 6a 69 67 68 4e 1c 2c 62 68 6a 6a 68 69 69 5e 18 19 5e 69 6d 6a 69 66 66 57 2a 2c 55 65 6a 6c 69 66 61 4f 30 2f 53 69 6c 69 67 61 53 47 4c 56
68 67 68 6b 63 3e 20 3c 5d 67 6b 6a 69 5a 3b 38 58 69 67 6b 68 54 22 23 54 6b 6c 69 67 64 66 65 45 24 3c 5f 63 66 68 68 68 66 64 5a 27 21 56 69 6c 6c 69 6b 66 4b 31 43 5e 61 60 5f 5e 5f 5d 55
5a 5c 5d 5e 5b 5f 64 59 43 3f 59 60 5d 61 60 63 65 64 5d 34 2d 57 68 65 62 65 68 69 59 35 2f 4b 5f 68 6a 6a 6b 66 4f 14 27 67 6b 6a 6b 6a 6b 64 38 15 3a 67 6a 6a 69 6a 67 67 68 3b 1a 3f 64 6b
52 42 46 5d 6a 6b 6b 6c 69 62 48 1a 33 66 6a 6a 68 65 68 6b 67 5c 40 24 3f 66 69 68 63 64 67 6a 62 4d 3a 36 47 5f 69 6c 6b 6b 6a 43 18 38 63 69 6b 6b 6b 6a 65 5c 25 1d 57 6a 6d 66 64 66 64 58
62 5d 5b 53 4a 52 57 5d 63 64 69 6b 6a 69 69 6a 68 63 61 47 34 42 55 61 6a 6b 6b 6a 67 69 6a 6a 6a 6a 69 61 46 29 37 59 68 6b 6d 6b 6a 68 6a 6a 6a 6b 6b 6c 66 30 15 48 68 6a 68 6c 6b 6b 69 67
65 66 69 6b 68 65 65 5a 28 24 57 69 6c 6b 6a 69 6a 6c 6b 6a 50 1e 2b 5f 67 68 69 67 67 69 6b 6a 68 4e 13 29 64 6b 6d 6a 6b 6a 69 57 32 2a 49 63 6b 6b 6b 6b 62 58 4e 47 4d 4e 54 62 67 64 65 60
55 52 56 62 62 66 69 69 6a 6b 6b 65 2a 15 50 69 6c 6c 6a 6a 6b 6b 69 68 63 3e 24 3f 5c 68 69 6b 6b 6b 6a 6c 6a 6a 69 50 1b 27 5c 6c 6c 6b 6a 6a 68 69 6b 69 66 4e 2a 31 57 65 65 6a 6a 6a 6b 67
56 42 37 4c 64 68 6a 68 6a 68 68 68 66 58 25 27 5c 66 6a 6a 6a 69 68 69 68 6b 6b 61 1b 16 5a 6b 6c 6c 6b 69 6a 6a 6a 6a 68 3d 16 3c 64 6c 6b 6a 68 68 65 5e 58 5d 61 5a 48 40 4e 61 69 65 64 64
5b 58 54 55 5a 61 61 5d 5c 58 56 5d 65 64 5e 61 5e 54 45 41 52 63 67 6a 69 67 6a 6b 6d 4d 16 2a 60 69 6b 6b 69 6a 6c 6a 66 61 1e 15 5a 6b 6b 6b 6a 69 68 69 6c 6a 6c 64 18 12 5e 6b 6b 6c 6a 68
54 50 58 5f 5d 61 62 61 58 4d 54 53 4f 57 5f 69 66 63 66 5d 34 2a 54 63 66 6a 6a 6c 6b 6c 5b 11 18 64 6b 6d 6a 67 6a 69 6a 63 47 2b 33 53 65 67 66 68 64 5f 61 6b 6b 6c 64 1b 15 59 69 6b 6a 69
66 62 5d 57 33 33 5a 67 69 6b 6a 69 6a 6a 6c 6b 36 e 3e 68 6c 6c 6c 6a 66 69 6c 6a 6a 4e 10 24 67 6b 6d 6b 68 65 69 69 6a 6a 6a 5d 2d 1e 4a 67 6b 6c 6b 68 60 60 63 64 5b 54 4c 49 50 54 5c 67
42 47 56 64 64 65 69 6a 6b 6a 66 5d 2c 21 53 67 69 6b 6b 68 68 65 63 65 53 2a 32 5e 68 68 6b 68 65 69 6a 66 43 24 3c 5f 69 6b 68 69 69 6b 6b 6b 56 15 1f 61 6b 6c 6b 6b 6b 6b 6a 6c 66 49 2b 3a
5f 66 68 6a 6c 6b 6b 6b 6a 6b 68 45 e 30 6b 6c 6c 6c 6c 6c 6c 6b 6b 6b 6c 6a 68 55 3b 35 3e 5a 6b 6b 6b 6b 6b 68 69 6b 6b 69 6b 6a 4c 35 3a 46 5f 6a 6a 6a 69 6b 69 69 63 5f 54 58 55 4f 5d 5a
69 6b 63 49 2c 41 61 66 69 6a 6b 6b 6b 65 1d 16 5c 6a 6c 6b 6c 6b 69 6a 5d 4d 39 43 50 53 62 6a 68 66 66 65 68 6b 6c 62 15 18 5f 67 6d 6b 6a 6b 69 65 67 51 2b 32 58 65 69 66 64 62 63 63 5e 53
59 4a 40 4e 57 61 68 6a 69 60 62 60 5a 5e 61 5f 4c 33 46 65 6a 65 5c 57 56 61 69 6a 6c 6b 6c 5f e 18 64 6a 6b 6c 6a 6a 6a 6b 6c 63 33 16 42 67 6a 6b 6b 67 68 67 67 65 65 58 30 31 55 63 69 6a
61 60 5a 54 4e 49 4c 5b 67 6a 69 69 69 60 58 56 4d 3b 43 5c 62 64 66 68 69 6b 69 6c 68 2a 14 4e 64 6b 6b 6a 6a 6a 69 6a 4e 16 29 63 6c 6a 68 6a 6a 6c 6c 66 38 12 3f 6a 6b 6a 67 67 66 61 59 55
63 60 63 57 3b 33 4f 60 64 65 69 69 67 51 21 2c 5d 66 6b 6a 69 65 56 2f 27 4e 65 6c 6b 6a 67 4a 20 33 61 69 6a 67 68 69 63 4f 32 2d 50 66 65 63 5f 5c 62 68 68 64 4e 21 2b 5a 69 6c 6a 66 60 5a
62 5f 5f 56 4b 4a 4e 57 66 67 66 67 65 66 68 6b 6a 66 45 1a 32 63 6c 6b 6b 69 67 65 67 68 6a 6b 67 47 11 2f 6b 6d 6b 6b 6b 66 63 61 62 66 69 6a 6d 4d 22 31 5a 69 6a 67 6a 68 63 60 61 5f 5c 59
65 64 66 69 5b 3a 2c 45 63 68 68 6a 6b 6b 6b 68 31 11 47 66 6b 6a 6d 6b 6a 6b 60 22 17 55 68 6b 6a 6a 6a 6a 68 68 5c 34 1e 43 65 6b 6a 6b 6a 67 68 67 58 45 31 3c 5c 66 67 68 68 65 5f 5f 5c 4d
5d 66 69 6b 69 6a 68 68 60 56 4b 3a 41 59 64 6a 6c 69 69 6a 6a 69 67 67 68 69 35 18 48 66 6c 6b 6d 69 69 6c 6c 6b 69 67 55 13 22 67 6c 6c 6c 6b 6b 68 6a 68 64 5f 60 5e 37 32 56 65 6a 69 69 66
6a 69 65 59 30 24 4c 69 6c 6b 69 69 6b 6b 63 1f 15 57 6a 6c 6b 6a 6a 69 6b 62 3e 22 3a 5b 6b 6b 6b 6a 6b 6b 6b 3e 10 38 69 6b 6c 68 67 66 60 5c 5e 59 49 41 4a 59 63 66 65 62 61 5e 5d 5e 52 4a
67 67 64 5d 4d 32 3b 5c 66 68 69 64 66 69 69 6b 6a 65 43 24 38 5a 67 68 68 65 63 65 65 68 68 6a 6b 68 55 17 23 63 6b 6c 6b 68 66 64 6a 6a 69 58 1f 20 5b 6b 6c 6a 68 68 64 64 65 5e 5d 52 44 49
68 68 66 5b 49 47 52 50 4f 5b 65 66 6a 68 6a 6b 69 60 35 22 46 60 68 6a 6b 68 67 69 6b 6b 6b 3d 13 3a 64 6c 6b 6a 6a 6b 68 6a 6c 59 11 20 67 6c 6c 6a 69 69 6b 69 6a 48 1e 30 5d 6b 6c 66 67 66
47 48 63 69 69 6a 67 6b 6b 6b 6b 12 d 65 6b 6c 6c 6b 6a 69 6b 6b 6a 65 2e 14 47 69 6b 6c 6c 6b 69 6b 6a 6a 6b 66 40 15 37 66 6d 6b 6b 6b 69 68 67 65 5a 55 4d 43 4e 5b 5d 64 68 66 67 64 60 5b
