4b 43 4d 5b 65 66 61 4e 31 33 4f 62 6a 69 68 56 2b 27 50 64 69 68 60 39 21 40 60 69 6b 68 50 24 28 54 67 69 69 67 58 26 21 50 65 67 67 68 64 54 31 29 4c 62 66 66 67 66 58 33 29 49 60 67 66 5f
66 67 68 64 60 5c 50 3f 3a 50 66 69 6a 6a 6a 6a 6a 6a 6b 67 29 f 4d 6c 6c 6a 6a 6a 6a 69 69 6a 6a 6b 51 17 25 60 6c 6b 6a 6a 6a 68 69 66 66 64 52 3f 3e 4e 59 61 69 6a 68 64 62 5f 5d 59 55 53
62 62 5f 5a 56 50 49 4d 5d 65 67 69 67 68 6a 69 5b 40 2d 42 5d 66 6a 6a 69 69 6a 6c 6a 6a 5a d 1a 6b 6c 6c 6b 69 66 63 66 68 6a 6b 6a 6c 3b 13 3d 65 6b 6a 6a 69 66 65 63 61 5b 55 4f 51 57 57
5a 61 67 69 69 69 6a 6a 68 66 5c 49 31 35 59 6b 6b 6b 6a 6a 6b 6b 6a 6a 6a 6a 65 46 26 37 59 67 6a 6b 6b 6b 6b 6b 6a 6a 69 6a 69 4b 29 38 56 61 68 6a 6a 6a 69 69 67 66 62 5c 53 4b 4c 54 5c 60
30 3d 5d 64 65 65 68 68 69 64 35 18 44 66 6a 69 66 64 68 6a 66 50 21 27 57 6a 6a 68 67 68 67 52 26 2b 57 65 69 68 69 68 61 3a 1e 41 64 6a 6a 66 60 4e 40 45 53 59 5c 62 62 5c 4e 42 49 57 5f 61
4b 51 5c 5e 5d 59 4a 3b 3c 4f 60 65 67 63 4e 34 2e 47 5f 66 66 65 5f 47 27 31 58 65 66 67 68 59 20 1d 55 67 69 69 66 53 1f 22 57 68 69 68 5c 32 1e 43 65 6a 68 5f 4b 28 2d 55 67 68 63 57 47 40
54 59 5f 65 64 5a 3e 32 47 5f 65 66 68 67 62 34 1f 47 61 69 68 64 63 63 57 39 2f 48 5f 65 66 67 69 68 53 1f 25 5a 67 6a 6a 68 65 36 1b 46 62 69 6b 6a 68 5b 2a 1f 4d 65 6a 67 64 5d 52 43 44 50
53 54 57 5c 5f 5e 5c 5c 55 52 58 5b 5c 59 5b 5c 5f 61 52 44 47 54 5b 62 65 68 6a 6a 68 46 14 32 66 6a 6a 68 67 68 6b 6b 63 16 11 5f 6b 6b 6a 66 64 65 6b 6b 6a 4d 12 29 66 6b 6a 67 65 66 63 5b
60 64 66 65 64 62 5a 50 47 4a 52 59 64 66 67 68 69 69 6a 6b 6a 47 13 30 65 6b 6b 6a 6a 69 69 6a 6b 6a 6c 6c 13 a 63 6c 6b 6b 6b 6a 6a 68 65 61 56 47 43 51 57 59 61 65 66 65 62 60 5e 58 56 56
65 68 69 69 6a 69 67 61 5a 4e 3e 36 50 6b 6c 6b 6a 6a 69 6a 6a 6a 6b 6a 66 46 20 33 5d 69 6b 6b 6b 6b 6b 6b 6b 6a 6a 6a 6a 49 24 36 57 67 69 69 6a 6b 6b 69 66 63 5d 57 54 4d 50 57 5b 5f 62 64
5c 52 40 39 4c 5e 66 67 64 4f 2e 2e 4f 62 65 67 66 56 2e 26 4d 61 66 67 67 57 28 24 4f 66 69 67 5b 38 28 47 61 68 68 5e 38 28 46 60 69 69 63 3c 1f 40 64 69 67 63 46 2c 3c 57 63 64 61 53 43 43
5e 59 4e 43 45 4d 58 62 65 66 62 4c 2d 35 54 63 66 66 65 5d 46 2d 38 56 63 67 67 6a 5b 23 1e 54 66 69 69 5f 43 28 39 5d 67 69 67 60 3d 1e 39 60 69 69 69 67 58 1c 1c 59 68 6a 68 64 5d 3d 2e 45
5c 5f 61 62 5f 5d 56 4d 41 43 55 60 60 64 67 6a 6a 6b 6b 1c d 5b 6a 6b 69 6a 69 68 5d 2d 20 4c 67 69 69 69 68 67 66 4f 2b 2e 52 65 68 65 64 67 68 67 5d 41 26 3d 62 68 66 66 67 66 5d 51 48 4b
64 65 63 5c 50 3f 3f 54 60 64 67 68 6a 6a 6b 5d 27 1f 54 68 6a 6a 69 6a 6b 69 69 57 1a 21 5f 6b 6a 69 68 66 67 68 68 65 59 34 24 4a 66 6a 69 68 68 69 67 66 61 3f 22 47 6b 67 63 62 63 63 62 5d
56 59 5f 63 66 65 62 59 4d 38 3d 59 62 64 66 67 69 6a 6b 67 21 e 56 69 6c 6a 69 66 67 67 58 34 29 48 63 6a 69 6a 69 69 6a 59 12 1d 65 6b 6b 6a 69 67 66 61 52 3e 3b 51 5b 5f 64 65 63 61 5c 56
5b 5a 51 4f 58 5a 5c 5f 5f 5f 5a 55 58 57 54 58 58 57 55 54 59 5f 62 67 6a 69 4e 20 33 61 69 69 69 69 6a 65 3a 1a 40 66 6b 69 69 6a 6a 6b 59 16 1d 61 6b 6b 67 66 69 69 69 62 33 1f 47 65 6a 68
57 44 38 45 56 61 67 6a 68 56 2a 23 4e 64 67 65 67 68 58 26 20 51 65 68 67 69 66 4e 1b 29 5d 67 69 66 67 65 47 1e 31 5c 65 69 67 66 5a 36 25 44 5f 65 66 67 64 53 2e 2a 50 63 67 67 63 55 44 41
63 64 65 63 61 55 43 3f 4b 57 60 68 68 68 68 6b 6b 6a 53 12 21 65 6c 6b 6a 6a 67 68 6a 69 64 4c 28 2e 56 66 69 69 68 66 68 6a 6b 6c 64 1a 12 5c 6b 6b 6b 6a 67 66 63 63 5d 4b 40 46 54 5e 63 65
41 3a 32 3b 43 3a 30 33 41 3e 31 35 42 3a 30 33 40 3c 2d 34 43 3b 2c 35 3f 39 30 38 43 39 2d 32 43 40 31 34 3f 37 32 36 41 3c 2e 36 43 39 2c 34 42 3b 30 38 41 36 2d 36 44 3b 2e 37 43 3a 33 38
5e 53 40 3b 4f 60 62 66 69 6a 6a 5a 1c 1f 5c 69 68 67 68 67 66 57 2b 29 55 66 69 68 68 64 55 2e 2d 54 63 68 69 69 67 59 25 23 58 67 68 66 66 68 68 5d 28 1f 52 65 68 68 67 65 5e 4f 41 43 4e 58
67 66 65 60 53 42 45 52 5b 61 65 67 68 6b 6a 6a 6a 6a 69 61 3e 19 3a 69 6c 6b 6b 6a 68 69 6a 6a 69 69 6a 6b 62 2e 1e 4c 64 6a 6b 6b 6a 6a 6a 69 69 66 5c 50 4d 4e 4e 55 5d 62 66 68 67 65 61 5d
63 63 62 5f 58 4e 4b 4c 52 5e 63 66 67 66 67 69 6a 69 55 21 25 5a 68 6b 6b 6a 66 65 67 68 6a 6a 5a 21 1d 58 6a 6a 6a 69 65 5f 5d 62 66 68 6b 6b 6c 3b 15 3f 63 69 6b 69 68 68 66 62 5c 59 54 51
5c 5f 62 64 66 67 65 64 5d 40 32 46 5b 67 68 69 6a 6b 6c 6b 6b 54 19 24 5f 69 6a 6b 6b 6a 6a 6b 6a 6b 5b d 1b 6b 6c 6b 6a 6a 67 68 67 68 68 60 54 3b 34 4e 60 67 69 68 68 67 63 5e 59 4f 4f 55
51 4f 4c 51 5a 61 67 67 68 6a 6a 6b 6b 66 3e 10 38 6c 6c 6b 6a 6b 6a 69 69 69 68 61 4c 37 39 4e 61 69 69 69 6a 69 69 6a 6a 6b 6b 3a f 3c 69 6b 6b 6b 6b 69 68 65 60 58 50 4b 4a 53 5b 5f 62 65
44 4c 5a 62 67 68 6a 6a 69 69 67 66 64 55 32 2a 4f 68 6c 6b 6b 6b 6a 69 69 69 6a 69 64 48 2d 39 53 63 69 6b 6b 6b 6a 6a 69 6b 6a 6a 6b 5c 32 27 4a 63 67 68 6b 6a 6a 6a 68 65 63 5f 56 4a 45 51
55 55 58 58 55 52 4e 50 50 5a 65 69 61 39 26 47 65 6b 6a 5b 2e 2a 56 68 6b 6b 5a 23 1c 55 6a 69 68 68 64 4d 21 2b 5a 66 68 65 67 66 47 22 32 58 66 68 69 65 55 3a 31 48 5d 61 65 63 55 49 45 4b
64 60 57 4f 42 41 54 66 69 6a 6a 6a 6a 6a 6a 6b 69 5f 31 18 47 6b 6c 6b 6b 6a 68 69 69 69 69 6a 6b 6b 4a 1e 2e 5a 6b 6a 6a 6b 6a 6a 6a 68 65 5e 55 52 53 4f 52 58 5c 64 65 65 67 63 60 5f 5d 5c
62 66 63 61 5f 55 3d 35 4c 60 66 69 69 69 68 68 55 1b 22 5d 69 6a 69 68 67 65 64 56 2f 2b 4f 61 67 69 68 68 67 67 5f 21 19 57 69 6a 69 69 68 68 68 57 27 26 52 64 68 68 68 67 62 5e 55 48 40 46
65 66 62 53 42 3d 4a 5c 63 65 66 67 69 6a 6a 6a 4e f 27 68 6b 6c 6a 67 67 67 68 68 62 3b 22 41 61 6a 6b 6a 69 68 68 66 45 1e 36 63 6a 6b 6a 68 67 66 61 49 2c 39 5d 6a 6a 66 61 60 5c 5a 57 51
66 65 63 5d 4a 37 3e 55 61 66 66 67 69 6a 6a 6a 15 a 61 6b 6b 69 6a 69 68 67 49 15 2c 65 6a 6a 69 67 68 68 66 59 31 26 4b 62 68 69 66 65 65 62 59 49 43 47 4e 5b 64 65 65 62 5f 58 4d 4d 56 59
4d 4d 59 62 66 65 67 68 68 69 64 4c 28 31 5b 68 6a 6a 6a 6a 6a 6a 6a 67 41 1a 3a 62 69 6a 6a 69 69 69 6a 6a 69 58 28 25 53 66 6a 6b 6a 68 69 6a 6b 6b 62 39 18 40 6b 6b 69 69 69 68 66 60 5a 52
57 5c 5f 60 5e 5e 58 48 38 3f 58 64 66 67 64 62 57 3a 29 42 63 67 65 66 66 67 64 50 2a 28 52 66 67 67 66 67 68 66 32 11 42 65 6a 69 67 68 66 4a 18 29 60 6a 6a 68 64 65 5e 44 22 32 5f 6a 6a 64
50 44 43 50 5d 66 69 69 6a 66 3e 15 38 64 6b 69 69 69 69 60 33 1b 45 66 69 68 67 69 67 58 30 21 49 67 68 66 67 67 67 61 3d 22 3d 5f 67 69 67 68 68 67 57 35 28 44 5f 68 68 66 65 61 57 44 3f 4c
64 65 61 53 39 39 4f 60 67 69 69 69 6a 6b 68 d d 69 6b 6c 6a 68 68 6a 6b 66 3f 16 37 65 6a 6a 68 66 66 69 69 61 3d 24 43 60 66 67 65 66 65 64 5e 53 47 42 4d 5b 60 62 63 61 5f 5d 57 53 53 55
60 65 65 66 67 62 5e 4d 2e 39 5b 67 69 68 68 67 69 6a 6b 63 27 17 50 67 6a 6b 69 69 68 68 65 53 2e 2c 50 64 6a 6a 68 69 6a 6a 6a 54 11 22 66 6b 6b 6a 68 68 66 64 5e 4c 3e 3f 4f 61 65 66 66 63
57 5f 66 67 67 5d 32 22 4a 65 69 69 68 69 6b 5b 1a 1c 5c 69 6a 69 69 69 60 33 1c 45 64 68 68 67 67 65 60 4a 30 36 53 62 67 64 64 67 69 67 4d 24 2f 56 66 69 66 63 62 5e 53 4c 4b 4c 52 59 5d 60
4e 5d 63 66 68 69 69 60 35 1c 44 67 6b 6a 66 64 66 69 68 5c 2b 1e 4d 68 6b 68 68 68 68 64 3f 23 41 5f 68 6a 6a 69 69 53 1d 23 5b 6b 6b 6a 69 64 58 40 32 46 5f 65 65 63 60 5c 52 4a 4b 51 5b 5b
5b 5b 5b 5b 54 4d 50 58 5e 64 62 53 42 46 54 5e 61 65 65 59 41 39 4c 5e 63 67 69 6a 65 3d 17 39 67 6a 6a 69 6a 69 5a 1a 20 60 68 6a 68 69 6a 6a 64 1e 12 57 69 6b 69 68 67 62 51 38 3b 52 5f 63
4c 54 59 5d 60 5f 5b 57 4a 42 4e 56 5a 61 60 65 66 64 47 28 3a 5b 66 69 69 69 69 5a 21 20 57 67 6a 68 69 66 58 25 21 55 66 69 66 67 69 67 51 1e 27 5b 68 6a 68 69 68 65 40 1a 3a 64 68 69 64 61
53 4e 4c 52 5c 61 66 6a 6a 6a 6a 68 68 66 62 52 32 2c 51 69 6b 6c 6b 6a 6a 6b 6a 6b 6a 6a 68 59 2e 27 4d 62 6a 6b 6b 6b 69 6a 6a 69 67 67 6b 68 47 2a 3d 59 64 68 69 6a 6a 68 65 63 62 5f 5a 57
63 64 60 5b 53 4a 47 4d 59 61 66 69 69 69 6b 69 69 4d e 2a 6b 6b 6a 6a 68 68 68 68 69 67 5c 3b 26 43 61 6a 6b 6a 69 69 6a 6b 6b 4b d 2b 6a 6b 6b 6b 6a 68 65 60 5b 51 49 4b 52 58 5b 61 65 64
69 69 68 65 63 5e 4b 33 3b 5b 69 6b 68 68 69 6a 6b 6a 6a 6b 6b 69 2d 10 49 6a 6c 6b 6b 6a 6a 6a 69 68 69 69 69 5b 3c 33 49 5c 61 66 68 6a 69 67 68 67 65 5e 57 52 4d 52 56 5a 5f 62 64 65 66 62
43 47 55 5f 64 65 64 58 35 2b 4e 63 6a 6b 69 59 26 23 52 66 68 6a 68 57 2d 27 51 66 69 69 67 55 21 26 59 66 68 69 68 68 52 1e 29 5a 64 69 68 68 66 5c 34 22 46 62 68 67 65 64 5a 3f 33 48 5d 61
54 53 53 58 5b 60 60 58 44 3b 4c 5f 67 69 66 56 39 33 4c 61 67 69 69 5c 33 23 48 64 6a 6a 68 66 4e 21 2f 5c 67 67 69 6a 6a 5d 26 1b 50 68 69 68 66 68 6b 63 39 1c 3e 60 69 69 67 67 64 50 3c 3e
5b 4e 33 37 58 63 65 65 65 64 63 51 22 26 59 67 6a 68 65 66 65 55 22 23 57 67 6a 69 64 66 66 5d 2d 1c 4b 63 6a 69 64 66 66 52 1e 26 5c 67 69 69 64 65 64 53 26 27 55 65 67 67 63 5f 59 4d 3d 42
4e 48 49 4f 55 57 59 5b 55 42 39 47 58 61 64 58 3e 33 45 5a 64 61 4f 32 37 50 60 62 5b 3f 2d 46 61 67 64 4c 25 30 5c 68 68 63 3f 18 39 65 6a 66 4d 2a 2c 50 66 68 63 50 26 2b 5a 65 64 5a 4c 4a
5f 61 62 60 5e 5a 55 4d 49 4e 55 5f 64 66 68 6b 6a 6b 6b 19 b 5e 6b 6b 6b 69 6a 6b 6b 67 4b 1e 2d 5e 68 6a 6a 69 68 6b 6a 6b 6b 2a c 4c 6b 6b 6a 69 69 64 5f 5d 57 4e 4f 51 51 56 5c 61 61 5f
52 40 3e 50 60 64 66 66 64 56 33 29 4c 63 68 66 65 68 68 55 26 21 52 67 69 67 67 69 68 3b 1b 3d 5e 69 69 69 67 5a 26 23 54 64 68 68 69 65 3e 1a 3a 64 69 69 66 64 5b 44 33 40 57 61 63 5f 5c 56
61 5d 57 4a 3c 43 5b 64 65 67 68 69 6b 69 42 14 33 63 6a 6a 6a 6a 69 66 5c 37 26 48 63 66 66 68 69 6a 67 63 46 1b 32 62 69 6a 68 6a 69 69 6a 61 2c 15 4c 69 6a 69 68 67 65 61 58 47 3e 4a 59 5f
41 46 57 64 65 61 4f 2e 2c 50 65 68 69 65 47 1a 2f 5d 68 69 67 5f 36 1c 40 63 69 6a 67 55 29 22 4d 65 69 69 62 49 29 2e 52 65 68 66 62 4b 27 31 53 62 68 68 65 54 2d 28 4d 63 66 66 63 51 3d 3d
5a 59 55 4b 3d 42 55 5d 62 61 55 38 30 4c 60 66 68 5a 31 25 4c 64 67 67 53 24 28 57 67 68 65 54 2b 28 53 68 66 62 50 27 2c 5a 65 66 65 4e 23 2d 58 64 69 66 56 28 22 52 65 67 65 55 39 32 4c 58
5a 5f 63 63 60 5c 54 45 3f 4c 58 61 68 69 69 6a 6b 69 c b 68 6b 6b 6a 69 6a 6a 67 51 2d 2a 50 65 68 6a 68 69 6a 6a 5b 1f 1c 58 6a 6b 69 65 63 63 61 57 44 3e 4b 57 5f 64 64 62 60 59 54 51 52
5b 4e 40 3f 52 63 68 6a 6b 6a 6a 6b 6b 6b 34 d 42 69 6b 6b 6b 6b 69 69 69 68 60 42 2f 40 55 64 6a 6a 6a 69 6a 6a 6a 6a 6b 48 c 2d 6a 6c 6b 6b 6a 68 62 61 62 61 59 53 4d 47 52 5b 60 63 64 65
48 4c 55 60 67 69 6a 6b 6a 6b 6b 6a 40 c 35 6c 6c 6c 6a 6b 6a 69 6a 68 67 61 4b 37 39 4e 63 69 6a 69 68 69 6a 6a 6a 6b 6a 3c 15 3c 65 6c 6b 6a 6a 69 69 66 62 5e 54 48 49 4f 56 5e 64 67 67 64
5f 61 5f 5a 4f 4c 50 54 5d 65 66 63 66 69 68 5d 39 2b 50 65 66 66 64 65 67 69 69 5d 39 2a 4a 64 66 68 69 67 65 67 69 6a 5a 27 23 55 68 69 69 66 62 65 69 6a 6a 6b 6c 21 a 55 6b 6b 69 69 6a 67
4b 39 43 58 64 5c 4a 39 35 4b 5f 63 57 35 28 4a 66 68 56 29 21 4f 67 67 5b 39 1e 3f 65 66 5a 30 21 47 65 66 52 2b 29 4f 67 64 4d 32 31 4d 5f 62 57 45 34 42 5d 5e 54 3e 38 4c 5a 5b 4e 4e 4f 4c
5e 4f 39 3c 55 60 63 64 64 68 6a 6a 69 5a 15 1c 62 6b 6b 69 68 66 68 69 66 59 26 21 56 67 6a 69 68 68 69 69 67 56 1b 22 62 69 69 68 66 66 68 69 66 5a 2f 28 52 65 66 66 66 64 62 62 5c 51 47 49
55 5c 5c 5d 61 61 5e 4b 37 41 57 62 67 68 69 6a 5b 28 22 51 66 6a 6a 6a 6a 63 39 1c 41 64 67 67 68 6a 6b 67 45 1a 31 60 68 69 64 61 65 68 6b 6a 4d 1a 2b 5c 69 6a 67 66 64 5a 52 4b 4b 52 54 56
30 2d 4f 62 67 69 67 68 65 3f 13 33 65 69 6a 68 68 67 57 21 1e 52 67 69 68 69 67 62 4e 26 2b 55 64 66 66 65 61 61 53 30 2d 4e 62 66 66 67 65 63 4a 27 32 56 67 67 66 64 5a 52 48 41 46 52 5f 61
53 55 56 5c 61 5f 60 63 57 3f 3b 4f 5e 66 69 6a 6a 5f 36 28 4b 60 67 6a 6a 69 64 43 1b 34 62 69 68 68 69 6a 6a 5f 1a 17 5c 6a 6a 68 63 60 63 68 6a 64 37 1c 40 61 68 69 68 66 5f 55 50 52 53 53
53 4d 46 4c 5c 64 67 67 68 67 5f 42 2e 41 5b 66 67 64 64 64 65 61 50 32 34 56 64 67 69 6a 6a 6b 64 26 16 51 68 6a 69 6a 6a 6a 5d 20 1d 5a 69 6a 67 66 68 69 69 51 21 28 59 69 69 69 68 63 5b 53
52 5d 61 63 62 5e 4f 34 34 55 66 66 65 67 6a 67 48 1c 2e 5c 69 69 65 63 66 64 49 2e 38 51 61 67 69 69 68 5c 27 1f 50 66 6a 6a 69 66 4b 23 2e 59 68 6a 6b 68 63 44 22 3b 60 64 65 65 62 57 4a 44
4c 59 63 67 69 66 44 16 33 63 6a 6b 6a 68 61 32 1c 45 65 6a 6a 67 64 4e 2c 31 50 60 65 68 68 68 5c 2c 1d 4c 66 68 69 68 65 53 24 28 57 66 69 67 62 5b 41 2b 40 5d 67 66 65 5f 50 3c 3c 4f 5d 60
61 61 5a 45 30 3a 5a 65 67 68 64 66 63 4b 1e 2a 5d 6a 6a 67 65 67 66 5b 2c 1c 4b 65 6a 67 65 66 65 5d 31 1f 47 62 69 67 65 67 66 58 24 22 55 64 68 67 65 67 61 47 24 33 5b 66 68 66 5f 5a 4e 49
50 5a 61 68 68 67 6a 6a 6b 6c 37 e 41 69 6b 6c 6b 6b 69 6a 6b 6c 5b 15 1a 62 6b 6c 6b 6a 68 66 68 69 69 69 58 30 28 4c 65 68 6a 6b 68 65 63 60 5b 54 52 55 55 52 57 5c 5f 65 63 60 5e 5d 59 56
56 55 5b 5e 60 63 65 65 67 67 61 4b 39 45 55 5d 67 68 68 68 69 6b 6a 69 54 1a 26 61 6a 6a 6b 6b 6b 6b 6b 6a 6a 63 3a 1d 3f 63 6a 6a 6a 69 66 66 68 69 6b 6b 6b 3f 15 37 61 6b 6b 6b 6a 67 64 62
5d 63 64 60 53 36 37 54 61 68 68 6a 6a 5f 2b 1c 4d 68 6b 6a 6a 68 54 1e 26 5e 68 68 69 6a 68 5f 3a 24 42 61 66 65 66 67 68 67 5a 29 27 53 63 68 67 68 69 66 52 32 32 4c 60 68 66 65 61 57 4b 48
57 59 5f 62 5f 55 3e 3b 50 61 68 6a 6a 54 2d 32 54 66 69 6a 67 51 2b 34 58 65 69 69 69 62 37 1f 43 61 68 69 67 68 6a 66 4b 23 2c 57 68 6a 67 68 6a 6a 65 3a 16 3c 64 6a 68 68 64 61 57 4b 45 48
5b 59 50 46 37 3b 5a 63 62 62 5f 45 1e 2e 5f 66 62 63 5f 4a 22 29 5b 66 60 60 5f 57 2d 21 4e 64 63 64 63 57 1e 1a 58 66 64 64 60 46 1c 2c 60 67 64 62 57 3a 22 3c 66 66 5e 5b 4e 3e 34 42 5f 60
63 61 49 29 36 58 63 67 66 61 3b 1c 3e 63 67 62 58 4f 39 33 4b 61 62 5e 4b 38 3a 4a 5c 63 5c 43 31 41 59 65 65 4f 2a 2b 54 67 69 5e 2c 1f 50 67 68 5e 40 28 42 64 68 62 47 2b 3e 57 5d 5c 55 50
5a 5c 5d 60 61 63 63 5e 54 4e 4f 4c 50 5e 65 66 67 69 69 6b 67 38 1b 44 64 69 69 6b 69 69 6b 6a 69 48 12 2e 67 6b 6a 69 69 67 67 6a 6b 6b 6b 2b c 4b 6a 6c 6b 6a 68 67 63 5f 5a 50 47 4c 57 5c
4c 52 5b 65 66 66 66 64 5d 37 24 4b 67 69 68 65 65 69 6a 69 5e 27 1a 50 68 6a 69 64 60 64 68 6a 6a 3d 14 3a 65 6a 6a 67 67 69 64 44 20 37 61 6a 6a 69 67 5e 4f 42 40 4f 5d 62 64 62 5b 54 54 56
5a 60 62 62 5c 4b 2f 37 5a 66 67 69 69 67 35 16 43 63 69 6a 68 68 5a 2e 23 4d 65 68 67 67 5c 3a 26 46 63 67 68 67 65 53 2a 2a 52 65 68 66 66 68 62 3d 1c 3a 63 68 67 65 64 65 52 2f 2d 4f 62 66
56 5b 60 60 60 5c 43 39 4d 5c 63 68 69 6a 5c 30 24 4d 65 6a 6a 6a 68 5e 1c 1b 5c 68 6a 68 68 69 66 4d 20 2e 5b 67 68 68 67 67 67 64 47 23 32 5c 68 69 68 67 67 65 5c 3d 31 4b 5d 62 62 63 62 5c
44 49 52 5b 62 63 61 57 3c 31 47 5e 65 66 67 67 5a 33 27 46 5e 65 67 68 68 58 26 22 53 64 69 69 68 5e 29 1e 4f 64 6a 6a 69 5c 26 1f 50 65 67 68 68 67 45 1d 32 5c 67 68 65 5f 52 43 3c 48 5a 60
5a 52 4a 4b 55 5c 61 65 64 65 66 58 37 31 4d 61 67 69 6a 69 69 61 36 1c 43 65 6a 69 69 69 69 65 52 27 27 53 67 6a 69 69 6b 69 6a 5e 1b 19 5c 69 6a 6a 69 69 67 68 67 4d 25 2e 56 66 6a 6a 69 64
60 62 5c 46 36 40 54 5f 65 68 63 47 27 33 58 65 68 69 65 43 1e 34 5e 69 6a 69 59 2f 26 4b 63 69 68 5d 3f 27 3e 60 69 6a 66 45 20 34 5b 68 69 68 58 2d 27 4c 64 68 67 5c 48 37 3e 54 5c 62 5e 52
60 5f 60 62 5f 56 4b 4a 4d 54 5e 65 66 67 69 69 67 5f 39 1a 42 6b 6b 69 67 66 66 69 6b 6d 6d 25 b 51 6a 6c 69 69 6b 6b 6a 4a f 2c 68 6b 6c 6a 69 64 60 5d 53 47 44 4c 58 60 62 63 64 62 5a 59
5e 59 4a 3c 48 5b 63 64 66 68 68 66 4f 1e 2d 5f 67 66 62 5e 5e 66 6a 69 54 1a 20 5c 6a 6a 68 62 50 4c 5c 67 69 6a 5d 2b 1d 4d 69 6a 68 68 68 57 37 3a 53 60 68 68 6a 64 51 38 35 4e 5f 66 66 5f
56 53 56 5a 5b 5f 64 65 65 63 60 60 58 4d 3a 43 5e 64 68 69 69 69 6a 6a 6a 66 33 12 44 6b 6b 6b 69 6a 69 69 6a 6b 6b 6b 11 a 66 6b 6c 6b 6a 6a 69 67 66 5d 52 49 45 4c 55 5f 65 65 65 66 63 5f
59 57 56 59 5b 5b 5d 61 64 62 5f 5a 57 4a 43 51 5f 64 68 68 69 6b 6b 66 36 19 46 67 6b 69 6a 6a 6b 6b 6b 67 3a 13 3d 69 6a 6b 69 68 67 69 6a 6b 6c 69 2b 10 4d 69 6c 6a 6a 69 66 62 5f 5a 55 4e
5d 5d 57 4f 45 41 4b 5b 64 68 68 5f 41 23 38 5f 68 67 67 66 5e 41 27 39 59 67 68 67 68 63 43 22 35 59 67 69 6a 6a 57 29 23 4d 67 6b 69 60 3d 22 3f 62 69 6a 69 5a 2f 20 49 66 69 69 63 53 3b 37
5e 55 41 3d 4e 5c 64 67 69 6a 63 33 18 43 67 69 68 66 66 64 58 32 2a 4d 62 68 68 66 67 63 36 21 44 5d 66 68 68 66 5b 38 2a 47 5e 68 69 69 68 55 1a 20 5e 69 6a 69 69 61 3e 2a 43 5a 63 67 64 5b
52 4a 44 4e 5c 60 5a 52 42 38 4c 60 64 64 56 30 29 4e 61 66 66 5d 2f 1f 48 64 69 67 5e 40 22 39 5f 68 68 62 41 1e 36 5e 67 68 62 42 22 37 5e 67 67 65 48 22 31 59 68 67 63 4b 2c 35 56 5e 5f 5c
63 66 67 68 67 67 66 64 59 42 33 42 60 69 69 68 6a 69 69 69 6a 6b 6a 64 26 12 52 6b 6c 6c 6b 6a 6a 68 68 69 6a 6a 6b 4b 19 2e 60 6a 6a 6b 6a 68 6a 68 63 60 5e 57 52 4e 4b 53 5e 64 65 64 66 64
66 66 65 63 5f 59 48 42 4b 55 5f 67 69 69 6a 6b 6a 6b 5f 30 1a 48 69 6b 6a 6b 6b 6a 6a 6a 6b 6a 4b 1f 2c 59 69 6b 6a 6a 69 69 69 6a 6b 6b 6b 3a c 3c 6b 6b 6b 6b 6a 69 65 64 62 5a 4f 48 4e 53
54 50 52 53 5d 62 63 62 56 3c 35 4c 60 66 6a 68 64 40 25 44 63 68 6a 6a 65 49 20 30 5d 69 69 68 68 68 62 3e 1e 3b 64 68 68 66 67 69 68 56 1f 1f 59 68 69 68 65 65 67 65 49 24 35 5a 66 69 66 60
47 58 65 67 5d 2f 22 49 63 6a 69 61 31 1b 46 62 67 67 59 36 22 41 60 67 66 5e 34 20 42 5f 68 66 55 32 29 49 62 68 65 53 2a 28 50 64 66 63 52 34 2d 4d 5f 61 60 58 4a 3d 3f 4f 5d 5e 57 4d 46 47
4b 46 4c 56 5b 63 5e 53 3d 3b 4d 5b 64 65 64 52 33 2e 4e 64 67 69 63 3b 1f 3e 60 68 68 63 50 29 30 58 66 69 64 4d 2e 31 52 64 69 68 54 20 26 5a 68 6a 69 62 34 19 43 66 68 66 62 50 32 38 51 5c
4d 53 59 60 61 5c 59 4f 3e 41 55 62 64 64 66 63 55 32 2e 51 63 66 65 67 6a 69 59 20 20 56 65 6a 66 66 69 68 5f 2f 1e 4a 64 6a 6a 69 69 61 29 18 4d 67 6b 6a 69 68 5e 2d 1f 4d 67 69 67 65 5c 51
5f 5c 4b 3a 3e 4e 60 68 6a 66 40 1a 37 61 6b 6a 65 3f 20 39 5d 68 6a 65 46 22 32 58 67 68 66 62 47 2b 35 50 63 67 68 68 59 41 2d 38 59 67 69 69 60 48 2d 37 52 61 66 66 63 5c 3b 29 47 5e 63 63
5a 62 61 56 45 3a 44 59 62 67 69 67 4e 24 30 59 66 68 67 62 59 37 29 48 60 68 6a 68 59 24 22 56 67 6a 6b 69 53 1c 24 5b 68 6a 69 67 60 44 24 37 5a 63 65 67 68 6a 52 28 2b 50 63 67 66 62 5b 4d
49 4b 57 5c 5e 64 65 65 65 62 60 61 5a 40 37 4f 62 62 60 66 67 68 69 6a 6b 69 42 13 36 66 6b 6b 6a 68 69 6b 6b 6c 65 d 10 6b 6b 6b 6a 69 67 69 68 67 63 56 3c 30 4b 62 65 67 67 65 64 64 61 57
61 53 3b 3d 4f 5c 65 66 62 41 27 3e 5d 67 69 68 52 25 28 56 68 6b 68 4b 1f 2f 5f 69 6a 63 47 24 34 5c 68 69 68 59 34 29 46 5e 66 67 66 63 46 1e 34 5d 66 69 66 5c 42 31 3f 59 64 64 5f 56 48 44
5e 5c 57 4b 44 4c 54 59 61 63 5f 46 33 40 59 67 69 68 57 2d 28 51 66 6a 6a 65 40 1c 38 5f 69 6b 69 5e 31 1f 47 63 68 69 6a 67 58 20 1f 56 66 6a 66 65 68 61 3e 21 3a 5c 67 69 66 63 56 40 3a 49
65 69 6a 6a 6b 6b 6a 6b 4f c 25 6b 6c 6b 6b 6b 6b 6b 6a 6a 6a 6b 5a 21 1d 56 6b 6b 6b 6a 69 69 68 69 69 69 5e 38 2b 4a 61 67 67 68 66 66 64 62 5e 5b 5a 56 4f 51 5a 5d 5e 5f 61 64 61 60 60 5a
5e 63 63 64 60 56 44 41 53 5d 5f 5e 62 62 5e 5e 5c 58 4d 41 4a 58 60 66 68 6a 6a 64 37 1f 48 64 6b 6b 6b 6a 69 44 14 34 68 69 6b 68 69 68 6a 64 23 12 53 6a 6b 69 66 66 67 6a 68 56 2b 28 50 65
65 67 68 69 68 65 5d 45 27 39 61 6b 6a 6a 69 69 68 69 6a 5d 35 27 48 60 68 69 68 65 66 69 6a 69 62 3d 1d 3e 65 6a 69 69 69 6a 6b 6b 6c 58 10 1d 68 6c 6b 69 68 67 64 60 5b 54 4d 4c 4f 55 5c 61
46 4e 5b 64 68 69 69 68 65 56 2d 22 4e 6a 6b 69 69 69 68 69 67 5b 32 21 47 65 6b 6a 69 67 68 6b 68 5a 2e 20 49 66 6c 6a 6a 6a 6a 6b 66 3c 12 38 68 6b 6b 69 69 68 65 60 53 3e 37 4a 5c 64 67 66
63 66 5f 53 3f 34 48 60 67 67 66 65 63 52 2a 2c 54 64 66 66 66 64 61 58 38 31 4d 5e 64 66 66 67 63 4b 24 31 5c 67 67 68 69 68 49 1f 32 5d 69 6a 6a 69 5c 1b 1c 5c 6a 6b 68 64 5f 45 31 41 5b 62
40 37 49 5d 62 67 69 69 58 26 22 51 66 69 6a 69 66 4a 1f 2d 5b 67 66 67 68 64 46 25 33 56 66 68 69 68 5e 38 23 42 5f 67 68 68 65 4e 23 2b 58 68 69 68 69 62 3f 21 3a 5d 68 68 65 5d 52 43 42 4c
64 68 64 44 25 3e 5f 67 67 69 6a 6a 5e 1e 1c 5a 68 6b 68 67 68 68 5f 2c 1d 4f 65 68 68 69 67 60 34 1f 4a 65 69 67 67 68 61 36 20 48 62 67 68 67 66 5f 48 39 42 51 5d 65 63 62 5f 55 4b 48 4b 55
41 40 4c 5b 65 67 65 54 34 2a 47 63 67 67 66 5b 43 2b 3a 59 62 65 66 65 5a 34 24 47 61 67 69 68 59 30 24 49 64 6a 6a 66 4a 1f 2e 5a 67 69 69 64 47 1c 30 60 69 68 67 62 4f 2f 31 51 61 64 63 5d
5c 62 62 59 4a 3f 3e 4f 62 64 67 6a 66 53 26 28 55 65 67 68 66 52 32 31 4f 62 68 68 65 55 2b 28 51 65 69 69 67 5f 2d 1b 4a 65 69 6a 68 69 59 26 1e 50 67 68 67 68 6a 5d 37 28 45 5e 65 66 62 5b
5d 58 45 42 50 5b 65 68 68 67 67 68 66 63 47 23 37 5e 6a 6b 69 66 66 69 69 6a 6a 69 2d 10 4a 69 6a 6a 6a 69 69 6a 69 52 17 25 64 6b 6a 69 69 6a 68 63 5e 4e 39 38 51 63 67 65 66 66 62 5c 55 53
5e 58 4c 45 4b 54 5c 65 69 6a 69 69 4b 1e 30 5d 69 6b 6a 6a 6a 67 45 18 33 63 69 6a 67 68 6a 69 67 43 17 36 64 68 69 68 64 66 6a 6a 69 45 16 32 63 69 6a 67 63 62 63 5f 5b 53 43 41 52 5e 61 63
65 66 61 5a 4b 33 38 56 65 67 68 6b 68 68 50 1b 23 59 6a 6b 68 67 64 65 61 44 23 39 5c 65 69 68 66 66 64 48 21 31 5a 67 6a 6a 67 67 5e 35 1c 42 65 69 69 68 65 63 57 42 31 3f 5b 62 66 65 5f 58
64 5c 55 50 48 4e 5b 63 66 64 68 69 66 68 69 5b 3b 28 43 65 6a 6a 69 69 68 68 6b 6a 68 5a 33 27 4a 62 69 69 68 67 67 6b 69 6a 6b 6c 6d 16 a 62 6c 6c 6b 6a 6a 68 67 63 5b 54 4e 4a 4c 54 5e 64
51 52 58 5d 62 65 66 67 65 62 57 44 38 3e 59 69 69 68 68 68 69 6a 6b 6b 23 c 55 6b 6b 6b 69 6a 69 6b 66 4d 22 2d 5b 68 6b 69 69 69 6a 6a 69 50 1b 26 5e 6c 6b 6a 68 66 65 61 57 4f 4c 4e 51 56
42 4a 5b 62 62 58 39 2c 45 61 69 69 65 48 1d 2d 5d 6b 6a 67 58 26 23 53 65 6a 68 59 2d 1f 4c 67 6a 69 5e 30 1f 48 63 68 68 5d 36 24 49 62 65 63 5c 45 34 40 56 61 60 57 4f 48 48 4f 55 56 56 52
4b 4b 53 5b 61 63 65 65 66 63 41 21 3c 61 68 69 68 69 68 69 56 1f 20 58 6a 6a 68 69 6a 67 61 36 15 3e 68 6a 6a 67 66 68 69 68 61 28 13 4d 69 6b 69 69 68 66 60 53 44 3f 4a 57 5e 62 63 62 5d 5b
60 5e 5a 51 49 46 53 5f 63 67 68 6a 6a 6a 6a 6b 35 c 41 6a 6c 6b 6a 6b 6a 69 6a 69 62 40 1f 3a 61 6a 6a 6a 69 68 69 6a 6b 6b 65 33 12 43 6b 6b 6a 6a 6a 68 65 65 60 5c 53 49 4c 50 54 5e 65 67
51 4e 4f 56 5c 61 64 61 62 67 67 54 2e 31 59 68 68 68 69 6b 6a 6b 66 d 10 6a 6b 6a 69 69 68 69 6a 6b 61 28 17 4f 6a 6b 69 69 65 64 62 63 5f 4a 3b 46 57 5c 61 64 63 62 62 5f 59 50 4f 54 54 59
64 68 66 53 22 2a 5a 68 6b 6b 6a 64 36 1c 42 63 6a 6a 6a 69 5b 1c 1b 5a 69 6a 68 68 69 65 46 1e 33 5d 66 69 65 62 64 66 64 4b 25 32 59 65 68 68 65 60 4e 42 49 53 5b 5e 5e 58 51 50 50 59 5d 5b
59 5b 56 4f 55 5b 5b 5c 5a 54 4c 44 4c 5e 66 69 69 5d 3d 2e 48 61 67 67 66 60 44 30 43 5d 66 68 69 69 5b 28 1f 51 68 6a 68 68 6a 6a 51 14 25 63 6a 69 66 68 6a 6b 58 1d 1e 59 6a 69 67 67 64 56
50 46 44 47 4a 52 5a 5d 4f 35 37 48 58 62 5d 49 2b 30 50 64 62 53 34 26 45 63 63 58 2f 21 4a 68 66 50 2a 2b 50 67 65 52 29 26 4d 68 67 57 35 28 42 60 66 5c 45 30 3e 58 5b 55 4e 49 45 4e 4f 4f
4a 54 5c 5f 60 5f 5d 4f 3b 3e 54 61 67 67 69 64 49 28 37 5a 68 6b 6b 6a 62 1f 17 58 69 6b 69 69 68 53 26 2b 56 68 69 67 68 69 68 4e 1b 28 5c 69 69 67 67 65 63 55 35 35 54 5e 62 63 5d 5d 56 4e
68 65 53 32 2b 4c 64 69 69 68 65 4c 24 2d 57 67 6b 6a 6b 5f 22 1a 53 68 6b 6b 6b 63 28 16 4d 68 6a 65 64 68 63 54 34 2a 49 5f 67 68 67 66 61 4c 2e 37 57 61 62 61 5b 56 52 4d 46 4c 5a 5c 5a 58
60 5c 52 47 45 4c 58 61 61 64 67 69 6a 58 1e 21 5a 69 6a 68 69 69 69 5e 2f 1b 47 67 6a 69 68 69 69 69 5f 32 1b 44 65 69 69 67 66 67 68 69 4f 19 2a 60 69 6a 67 66 66 64 5d 4d 3c 43 57 5b 60 62
62 5e 59 4c 43 48 55 62 67 67 6a 6a 69 6a 69 6a 5e 35 21 44 65 6c 6a 69 68 68 66 68 68 6a 6b 6b 41 11 37 67 6b 6b 6a 69 69 69 69 6b 6b 63 2d 19 4d 6a 6b 69 67 68 66 62 62 60 5c 57 53 4d 4d 55
4f 58 5d 5b 5a 4e 3c 40 57 61 62 64 5d 40 2a 40 5f 68 68 66 51 2c 2d 50 64 68 65 64 5d 42 2b 3e 5b 63 64 66 65 50 27 2b 57 6a 6a 69 53 29 2a 53 68 6b 6a 57 24 21 55 6a 6a 6a 5e 3b 27 46 60 62
4a 4b 4c 58 64 65 67 68 68 69 65 58 32 25 4c 69 6a 6a 6a 69 66 65 66 65 5e 3c 2a 44 5e 69 6a 69 6a 6b 6b 69 63 37 18 43 68 6b 6a 6a 6a 6a 69 6a 55 15 21 65 6b 6b 6b 69 68 67 64 5c 4f 3f 41 54
53 57 5c 60 60 5f 62 66 65 54 37 3a 54 62 65 67 69 6a 6a 69 43 15 35 64 6a 6a 68 69 6a 6a 6a 61 26 16 50 6b 6b 6a 68 67 68 6a 6b 6b 66 29 11 4e 69 6c 6b 69 66 65 62 5e 58 4f 4c 4c 4f 58 60 63
5a 4b 39 3b 52 61 63 64 61 57 37 28 48 62 66 64 64 60 44 24 37 5c 63 68 67 65 56 28 22 53 65 6a 67 67 5b 24 1a 54 69 6b 66 63 56 27 28 55 65 69 66 62 47 1f 33 61 68 68 64 57 3c 2d 43 5f 65 62
5e 64 67 62 51 35 30 4a 60 66 66 67 65 54 2f 2a 4d 62 66 65 63 62 5d 4e 36 36 4e 60 65 67 67 68 56 29 26 51 66 69 6a 69 60 32 1e 45 62 69 6a 69 58 23 23 56 68 6b 69 60 42 24 39 5f 67 65 5e 51
5e 62 62 56 3e 36 49 59 63 67 68 6a 63 28 18 4f 67 6a 69 69 68 4e 1e 2a 5b 69 69 68 67 65 5a 2d 23 4f 63 69 6a 69 62 50 2a 2f 56 63 67 69 69 67 3d 1a 3b 61 69 68 67 67 58 3d 2b 42 60 64 65 62
63 65 64 61 5a 54 48 43 4d 59 61 65 67 69 6a 6b 69 5c 1e 1a 59 6b 6c 6a 68 68 6a 6a 66 43 10 30 6a 6b 6b 69 68 68 6a 6b 6a 66 1f e 58 6b 6b 6a 68 67 65 63 61 5a 4b 47 48 4f 5b 61 64 64 64 60
4f 3c 3e 50 60 65 66 66 69 69 69 5f 35 19 40 68 6b 6a 68 67 67 68 67 66 38 16 41 65 6a 6a 68 67 68 67 50 27 2e 54 64 69 69 6a 69 67 5c 2c 1b 4c 6a 6b 69 67 63 5f 5a 4f 45 45 51 5d 5e 60 62 5c
