60 65 6c 68 5e 58 4a 3e 47 5d 62 66 69 69 64 66 67 69 69 44 1e 39 5b 67 6a 69 69 68 60 66 6b 6c 67 58 23 26 5e 67 6a 6a 63 5b 5e 67 69 68 6b 67 34 16 44 66 6d 6b 6b 6d 6a 6c 6d 61 1a 14 59 6b
79 72 6f 77 68 65 65 6c d a 67 79 72 75 73 d a 67 79 74 65 d a 67 79 74 6c 69 6e 67 d a 67 79 76 65 d a 48 d a 68 d a 68 61 d a 68 61 61 62 d a 68 61 61 66 d a 48 61 62 61
62 64 6a 66 5d 52 3e 40 4e 57 64 65 5e 5f 64 67 6a 67 58 32 23 45 65 6b 6b 6a 6a 69 68 5d 36 23 42 62 6b 69 6a 6a 6c 6a 5d 19 1d 5a 68 6a 67 69 6b 6a 66 4e 1c 2c 60 6b 6b 69 67 65 5a 57 5c 58
5d 60 57 38 39 56 63 62 63 67 67 67 6b 6b 68 e e 66 6c 6b 6b 6b 6d 6a 6c 66 2a e 49 69 6c 6b 6d 6c 69 6a 6a 4f 2d 29 4b 68 6c 66 66 6a 6a 67 5f 53 3e 3e 54 62 61 5e 68 65 64 63 5d 55 53 4d
56 59 50 4d 54 56 64 66 64 69 69 5f 30 2b 4f 60 6a 68 6b 6d 6a 65 34 16 41 68 6b 69 6b 66 63 66 6a 51 20 2c 5d 66 6a 69 60 64 68 6c 6b 6a 48 11 33 68 6b 69 68 69 68 62 47 32 43 5f 6b 64 5e 5c
65 6c 6b 69 62 30 15 43 68 6c 6c 69 69 68 67 5f 51 45 39 44 58 64 69 68 6c 69 69 62 2d 20 48 63 6b 6b 6a 6d 69 6c 51 10 22 60 6a 6d 6b 6b 6d 6b 69 63 2f 1b 45 60 6b 6b 6c 6b 67 68 67 59 39 34
46 4c 64 67 64 65 65 64 60 4c 34 36 51 68 6a 6a 6c 6a 69 5b 10 1b 66 6b 6b 69 68 68 66 6a 5f 21 21 59 65 6a 69 68 5f 55 5b 64 6c 66 3f 23 40 61 6b 6a 6c 6c 5d 39 2d 4a 63 69 6a 69 5f 4b 4b 54
5f 56 43 46 41 50 68 6b 6a 66 62 2b 14 4a 69 6c 6a 6b 6a 6d 52 14 24 61 6b 6c 69 67 61 58 51 43 3c 48 56 61 66 6a 6a 6a 62 3a 16 39 68 6c 6c 6c 69 69 6b 4d 13 25 61 6b 69 6c 6b 68 59 3d 3f 54
65 64 66 69 6a 63 3c 23 45 67 67 64 69 6c 69 61 55 55 5c 55 45 4e 60 68 62 57 54 5c 66 6d 69 62 4e 23 2f 61 68 6a 6b 6d 6b 69 64 26 19 4f 67 6c 6a 6d 6b 6c 6a 65 2c 11 48 68 6d 6b 69 68 69 62
38 31 41 57 69 6b 6a 6a 6a 6a 69 5d 1a 1c 60 68 69 69 69 6b 6c 6b 6c 62 16 14 5d 6b 6c 6c 6a 68 6b 61 3c 29 4b 64 60 5f 65 66 64 63 60 4f 37 42 59 5f 67 69 69 66 5a 3f 40 58 5e 63 60 5b 57 56
63 68 66 62 62 5f 5c 48 3e 51 5e 5b 64 68 68 67 66 66 6a 6a 61 50 4a 46 42 4e 60 6a 6b 6b 68 65 67 6b 6a 6c 63 39 19 3d 65 69 6a 6b 69 67 5d 60 62 65 6a 6a 6b 6b 60 1b 19 5a 68 6c 6c 6a 6a 64
67 68 66 5a 2b 25 56 6c 6c 6a 6a 68 6a 6b 6c 66 3c 15 38 65 6b 6b 6b 6b 6a 68 6a 6b 6a 5c 2f 25 4c 62 65 68 67 68 6a 6c 6b 6c 69 61 53 25 24 59 6b 6d 6c 66 65 68 68 63 64 65 58 41 2f 41 61 6a
69 5f 4a 31 36 57 68 6b 6a 6b 6b 69 69 6b 6b 6d 51 d 23 68 6c 6b 6b 6b 69 67 6a 6b 6b 6c 69 5b 35 21 41 66 6c 6b 6c 6a 69 6b 66 67 64 64 5e 43 34 48 5b 63 63 65 65 67 6a 67 63 5e 5b 58 54 4f
47 2f 3e 61 67 69 66 65 69 63 52 2b 2f 5a 6a 6e 6b 6c 67 3a 18 39 5e 6c 6b 6c 6b 65 3d 22 46 62 65 67 65 69 67 5a 4c 3f 3c 52 5e 5c 64 5f 56 58 59 55 64 68 6d 61 23 13 4f 6c 6c 6b 69 64 5d 58
51 5d 60 5a 60 6a 68 67 6a 69 66 61 5e 56 38 2f 50 68 6d 6a 69 6a 69 6b 6b 69 69 67 59 3e 27 3c 5f 6c 6c 6b 6c 6b 69 6a 6b 6a 6a 6a 6b 39 f 3d 69 6c 6b 6c 6a 69 6b 69 67 69 5f 50 49 49 4d 57
54 67 69 67 65 69 40 34 51 52 54 61 67 69 6b 6b 6d 39 14 40 67 67 69 6b 6b 6c 69 60 22 1b 52 66 6d 69 6a 6b 6b 67 3c 18 3c 60 6a 6d 6a 6c 6a 69 5a 18 1d 5d 6a 6c 6a 69 67 69 66 5a 37 30 4b 5c
57 5a 5f 63 63 63 4a 36 46 5d 65 62 68 6a 68 6a 4c 1a 2e 5f 6c 6b 6a 6e 6a 64 27 16 53 68 6c 6b 6c 6d 6b 67 47 1d 2b 57 6a 6b 6c 69 6d 6b 6b 6c 54 1a 22 55 68 6b 6a 68 64 63 62 5f 54 51 43 3d
51 5b 5f 63 61 5f 5b 5b 5e 51 45 4a 5c 63 60 66 68 6b 6a 6d 6c 27 f 51 69 6c 6b 6b 6b 6b 6a 6b 5d 22 1b 55 67 6a 6c 6a 6c 6a 6d 6a 6c 67 32 12 42 66 6b 6b 69 68 63 62 65 66 64 4a 3d 48 55 59
5e 67 6c 6c 6a 6b 6a 6b 67 61 58 39 23 48 6c 6d 6b 6b 6b 6b 6b 6b 6c 6a 6a 67 5a 2e 22 4d 68 6d 6c 6c 6b 6c 6b 68 69 68 68 4b 2d 48 6b 66 54 54 62 69 6a 69 68 66 65 66 5c 57 52 4a 52 5e 62 5e
5d 49 35 3c 59 61 65 6a 66 63 62 61 66 50 25 36 62 67 64 65 65 66 68 66 64 57 33 27 47 66 6c 6c 6b 6b 6b 5c 2c 23 4d 63 6d 69 69 6a 6d 62 36 1d 3f 61 6a 6b 69 6a 6a 6d 6b 4d 1e 2b 5b 6b 6e 68
54 56 57 5d 63 6c 66 5a 43 28 37 5c 68 6c 6a 6a 68 5c 1a 20 60 68 66 6a 6b 69 5f 43 1b 34 62 68 67 67 6b 67 69 5c 25 22 53 69 69 5f 5a 60 62 67 6a 6b 53 10 20 62 6c 6b 69 65 5f 48 45 52 5a 5b
62 65 67 68 65 66 68 5e 36 27 46 64 69 67 67 6a 6c 6b 6c 5e 46 2a 3d 5f 60 68 69 68 65 69 6a 6a 55 24 2a 57 69 6c 6a 6b 6a 6c 6c 6b 64 10 11 62 6d 6c 6c 6b 64 63 6b 69 6a 50 2e 35 4f 60 6a 6a
62 66 66 68 4f 3b 35 4b 68 6a 69 66 60 62 59 26 29 5a 69 61 66 6c 6b 68 5c 34 22 41 62 6a 69 69 6b 6c 56 c 1d 65 69 6c 6b 64 43 2e 4a 5d 65 6b 5b 41 43 4a 4c 5c 62 62 5a 5a 52 54 5e 5f 50 3c
6b 6a 67 6a 48 1a 32 5f 6c 6b 6b 6a 6a 6a 6a 69 6a 6a 6c 57 1d 21 58 68 6a 6b 6c 6b 69 69 6c 6b 6b 69 6a 62 36 27 46 5e 68 6b 6a 69 69 67 62 63 66 62 55 4a 51 53 4e 5e 69 66 63 62 64 66 63 5c
4a 5a 65 68 6b 6b 6a 69 69 6b 66 63 63 51 36 2f 4d 67 6c 6c 6c 6c 6b 69 6a 68 69 68 69 5e 39 2f 47 57 65 6b 6b 69 66 68 6b 6c 6c 6b 6b 6b 6c 54 27 2f 51 63 69 6b 6b 69 67 66 68 66 61 55 52 59
3d 51 63 5e 64 5e 4a 44 48 56 61 60 60 60 62 54 33 41 5b 5c 5f 68 6b 6b 58 3d 2a 3d 5e 69 69 6c 53 25 34 5f 68 68 6a 5c 38 20 3c 63 6b 6b 69 67 4b 18 2d 5d 69 6b 6a 67 61 48 23 34 5d 60 65 67
64 57 4a 3a 41 58 61 67 68 6b 6c 69 27 14 4b 62 6b 69 69 6b 6c 68 31 14 41 63 6c 6a 6b 6b 68 49 1f 2b 57 6b 6b 6b 6a 66 3c 19 38 5e 6b 6b 6d 60 50 44 3c 45 55 5c 66 68 67 58 45 4a 53 5a 5f 5f
4a 40 45 57 64 6a 6a 6a 6c 6c 62 20 18 52 66 6e 6a 6b 6b 6b 5c 23 1c 52 68 6b 6c 6b 6b 6b 66 41 1e 35 58 69 6c 6b 68 64 67 6a 64 35 24 45 59 66 66 64 62 68 67 63 5a 4e 40 41 56 5a 5a 65 6a 67
4e 5c 61 61 62 62 66 67 57 3a 34 4f 68 6a 69 68 64 66 63 3f 1e 3f 64 6a 6b 69 6a 6b 6a 66 44 1b 31 5e 69 6d 6a 69 6c 6b 69 6d 3d 10 35 62 6b 6c 68 67 6d 6a 6b 6b 51 15 27 5d 69 6d 6a 6d 6b 64
c1 24 0 0 d9 27 0 0 d9 27 0 0 64 0 0 0 21 30 0 0 d9 27 0 0 11 2b 0 0 49 26 0 0 21 30 0 0 a9 33 0 0 64 0 0 0 21 30 0 0 d9 27 0 0 11 2b 0 0 a9 0 0 0 90 2d 0 0
52 61 59 5f 67 64 5c 3f 24 3c 5f 6b 6a 68 61 65 63 26 1c 52 62 6a 67 67 6b 60 61 5e 22 26 55 64 66 64 69 64 64 5b 33 1f 43 65 69 6b 6a 65 55 30 22 48 64 68 6a 6b 67 63 4a 23 2c 57 67 6c 6b 64
66 67 64 49 2c 37 5a 68 5f 5c 64 68 6a 68 62 4b 20 2e 5d 65 69 6c 68 67 69 68 64 3f 1f 38 5e 66 6a 6a 6d 6c 67 4f 1a 26 5d 69 6a 69 6a 67 62 50 1c 29 61 69 6a 6b 6a 67 62 5c 44 2b 3d 5d 69 66
63 4f 2c 33 55 66 69 6b 6c 6b 6b 62 21 16 4e 65 6a 68 68 67 69 69 53 2c 25 48 63 69 6a 68 6a 68 60 38 1b 41 64 68 68 69 6c 69 6b 52 21 22 52 68 6b 6a 68 5d 5a 5c 64 68 57 40 2c 42 63 6b 65 62
40 53 5e 58 5c 66 6a 68 6a 50 2d 32 4e 65 6d 6a 6b 5c 29 2b 5d 63 68 68 68 66 56 2e 2b 51 5f 68 6b 65 64 69 57 20 1e 52 69 6c 66 65 67 5e 48 2c 39 5b 66 6a 6b 6a 67 49 1d 34 5a 63 67 68 61 52
48 2d 3e 61 6a 6c 67 65 68 69 6a 6c 50 1b 26 5c 67 6b 68 68 66 68 67 61 60 64 4f 3f 45 48 55 62 63 69 6a 6b 69 69 6c 55 20 23 55 6b 6a 68 67 68 68 6b 6a 62 29 18 49 65 6c 6b 6b 68 65 62 55 4b
5d 5f 60 69 6c 6a 51 25 2c 55 66 68 61 62 65 68 57 32 27 47 64 66 65 68 6a 58 2c 2c 51 62 69 68 62 56 35 30 4d 61 67 66 6a 44 11 32 63 66 65 63 66 63 46 29 38 59 66 67 63 58 5e 5a 3b 41 54 5a
69 68 63 45 26 3a 5a 64 69 6c 69 6b 6b 5f 21 1c 55 68 6b 6b 69 67 58 41 36 3d 58 67 69 68 6a 6b 6b 3b 13 3a 62 69 6b 6d 6a 67 67 4d 2e 2f 4b 66 6c 6b 6a 65 64 69 63 3d 2b 45 58 65 67 65 63 62
56 5b 5c 5f 64 67 67 41 27 48 65 69 6b 6a 5f 34 29 4d 64 66 68 69 60 50 34 38 54 65 6a 6a 67 69 5b 24 1b 50 67 69 69 69 68 5d 4a 33 40 5e 63 64 6c 6a 6b 64 24 17 53 6a 6c 6b 64 58 4a 51 53 50
56 56 54 53 3d 4a 65 68 68 5c 35 2c 4f 60 5b 60 68 65 41 2d 40 55 6a 6c 68 54 1d 1f 59 69 69 69 66 5e 29 19 49 67 6c 6b 66 68 66 63 4d 20 26 5a 69 6a 6b 64 5f 35 18 41 64 69 64 67 64 52 51 49
65 63 65 6a 68 67 5f 38 2f 51 64 63 64 67 68 6c 64 4e 45 3c 44 5d 67 66 68 69 69 69 6a 60 1c 16 5a 6c 6c 6a 6a 65 66 6a 69 6a 69 42 10 33 66 6b 6b 69 69 67 64 5c 5a 62 69 68 53 2d 3a 5e 63 61
58 5f 5e 61 5a 47 3e 48 5e 66 66 64 60 4f 39 3d 53 5f 63 67 69 68 65 41 15 37 65 69 6a 6c 6c 6c 64 17 10 5a 6a 6a 6d 6a 62 5a 3a 26 4a 66 6a 6b 6a 5f 40 1f 37 60 6a 68 67 65 5e 4d 43 3e 42 5c
4b 3e 42 55 62 62 64 61 62 69 69 64 62 2e 19 4d 69 6c 68 69 6a 69 5b 2c 2c 51 5d 6b 69 6a 6a 6b 69 36 12 3e 65 6a 69 6c 69 69 62 38 28 44 5a 65 69 69 6b 6c 6b 51 20 27 53 67 6b 6a 67 61 5e 59
3a 4f 5e 61 67 66 66 6a 5a 37 2c 4b 61 68 6b 6c 68 67 5a 2d 23 50 67 6d 6b 6b 6a 6c 5e 1d 1b 58 67 6c 6b 6c 69 69 64 3a 16 3d 67 6a 6b 6a 69 68 6b 68 61 47 20 31 61 6a 6c 6b 69 67 5f 51 50 53
69 69 67 6b 63 52 35 31 4c 61 68 6a 6b 6b 67 61 3c 1f 42 67 6a 68 65 66 67 5f 45 2e 3c 5a 63 64 67 66 65 67 50 1f 2b 5d 68 6b 68 6c 67 69 65 1b 13 5a 6a 6c 6a 6b 6b 69 60 42 25 3b 5d 69 6a 6a
2d 36 59 67 65 6a 6c 6b 69 69 6b 68 65 2e 13 47 69 6c 6b 6a 68 69 69 6a 6a 6a 4a 16 2d 62 6c 6d 67 69 6a 6a 68 68 69 63 5b 48 2c 3a 5f 67 69 69 68 6a 6a 69 6b 6b 5b 34 33 55 67 59 5b 6b 67 65
52 5b 63 62 59 50 42 4c 5a 55 5a 64 64 66 4f 26 2b 57 62 68 6a 6c 46 1a 39 63 6b 68 64 48 1e 2c 5f 69 69 64 47 34 46 5e 66 68 64 45 2e 38 51 63 64 65 67 67 35 1d 44 62 6a 63 5f 61 50 32 3d 58
6b 6b 6a 67 1c 10 56 6a 6c 68 69 6c 68 68 5d 34 23 47 66 6a 6b 5f 55 5e 68 6a 6a 6c 52 e 22 66 6e 6a 6b 68 66 68 69 64 43 21 3a 63 6c 68 67 61 58 59 61 61 52 52 66 57 4e 56 55 57 61 6a 62 53
58 59 63 67 62 52 35 2d 4c 66 6b 6a 69 69 5b 24 20 52 64 6c 6e 6c 67 63 41 26 42 5b 60 62 69 6c 69 67 55 1d 1f 5b 6a 6a 6b 68 69 64 37 1c 42 62 69 6b 6b 6a 61 41 20 3a 62 69 65 5d 5e 5d 4e 4a
57 5c 62 60 5e 67 5d 4c 52 5b 62 63 58 56 59 53 57 5a 60 6b 6a 63 61 5e 58 2e 2c 5d 6c 69 68 6a 6c 6a 64 24 18 57 6c 6a 6b 6c 6c 6c 6a 6c 66 11 f 60 6d 6c 6c 6a 69 68 62 62 68 60 45 30 44 61
6a 6c 65 35 12 3e 66 6b 63 66 5e 41 49 65 62 66 68 2f 25 56 5e 5b 64 69 67 66 54 21 24 56 6a 66 65 65 55 52 50 4f 51 4d 54 5f 69 5c 52 54 43 46 60 66 6c 68 21 1e 5f 6a 67 6c 6b 5c 46 52 50 3f
5c 61 67 66 66 67 67 65 66 65 5a 4a 42 44 53 5f 67 6c 6a 6a 6b 6b 6b 69 69 63 59 3e 25 40 67 6b 6b 6d 6c 6b 6c 6b 68 6b 6b 6b 6d 32 b 44 6b 6e 6c 6c 6d 6a 6a 69 66 67 65 57 50 52 41 46 60 66
66 67 5d 2e 1f 42 63 6b 6a 6b 66 5a 38 2c 46 5b 6a 65 63 63 5d 4c 2f 2f 50 69 6a 69 67 5f 23 16 50 69 6a 6c 69 61 38 1f 3f 62 65 6a 6a 66 60 4c 2f 3a 53 5a 61 64 62 5b 52 55 4b 43 4e 59 5f 5c
4f 62 69 69 6b 6a 67 54 25 22 51 66 69 68 69 6b 6c 69 5b 3a 21 3c 63 6b 67 66 68 69 67 5f 36 17 40 67 6c 6a 6b 6c 66 34 17 43 64 68 6b 6c 6b 64 58 1f 1c 57 6a 6b 6b 67 64 57 4e 55 47 48 59 58
6a 6b 69 68 69 69 6a 6b 35 10 40 6b 6c 6a 6a 6a 6c 6a 6b 6a 6b 63 2d 18 47 67 69 6b 6b 6c 6d 6b 6a 6c 63 1b 14 59 6c 6b 6c 69 66 69 68 65 53 42 4b 5a 4e 50 63 6b 67 60 60 63 53 4f 5f 5f 58 59
5c 58 62 66 57 42 3f 53 67 6c 6d 6c 69 68 67 6b 6b 6a 47 12 31 67 6b 6d 6c 6d 6c 69 69 6a 6a 6a 6a 56 17 1d 5f 6e 6b 6d 6a 68 68 68 68 68 6a 6b 6a 5c 3d 2d 42 5a 66 69 6d 69 67 6a 69 65 61 5c
45 40 4c 5b 67 69 66 67 69 6a 6b 5c 20 1a 57 6a 6b 6c 6c 6c 6a 6b 6c 2b 11 4c 65 69 6a 6b 6e 6a 6c 6b 6c 5f 11 16 62 6c 6d 6c 6b 6a 66 67 68 5e 58 5d 4a 2f 43 5f 67 6c 6a 69 68 5f 58 55 4d 51
6b 64 5f 5e 4f 3f 40 53 63 69 6b 6c 6b 6a 6c 6c 6a 5d 11 17 62 6d 6e 69 6c 6a 6b 6b 6b 6a 68 66 42 1b 36 61 6b 6c 6b 6c 6c 68 6b 69 69 65 5e 55 33 2c 4f 66 6c 6c 6c 6b 65 67 6b 65 54 2e 33 5a
64 62 64 68 65 57 49 44 3e 4e 65 6a 6a 6b 6b 6a 65 4a 2f 45 62 67 68 6a 64 5e 5d 64 66 3d 29 4a 64 6c 6b 68 6a 6a 6b 6a 6b 67 23 12 52 69 6b 6c 66 69 6b 6a 6b 6a 6a 48 19 2f 5f 69 6b 6c 6b 62
59 55 55 5c 56 52 5e 64 61 66 67 65 5a 41 38 46 59 68 6c 6a 6b 6b 6b 6b 40 e 33 67 6d 6e 6b 6c 69 6b 6c 6a 60 1d 15 54 6c 6d 6c 6b 68 69 69 6b 6a 6b 4e 14 2b 65 69 6a 6a 69 66 65 66 52 49 51
55 5e 69 6c 6c 6b 6b 65 29 18 4d 68 6c 67 66 65 6a 6b 6b 68 56 2e 2c 50 65 6a 64 60 5f 62 68 6c 68 4a 18 30 65 6d 6c 6a 6c 6b 6d 62 19 17 5a 69 6d 6b 6b 6b 61 57 47 41 4d 5a 5e 61 65 62 63 53
56 61 61 68 67 68 67 65 66 69 62 45 28 3c 62 6b 6b 6b 6c 6b 6a 6b 67 68 61 3d 22 3d 61 6b 6b 6a 6a 6b 6b 6c 6c 6b 69 63 23 15 53 6a 6d 6b 6d 6d 6a 6a 69 68 69 5c 3b 2c 46 60 66 69 6a 6b 6a 66
5f 5c 4e 41 49 5a 61 61 62 4a 43 52 5f 6a 6b 5c 2e 27 4d 66 69 6c 64 48 3c 4b 57 5f 64 67 59 3d 2b 3b 5d 6b 6a 6a 63 43 19 32 64 69 6a 6b 68 3e 13 36 62 68 6b 69 65 61 2b 1d 48 63 66 63 60 59
69 68 69 61 5a 57 49 3d 49 5f 66 68 6a 69 67 66 68 69 6a 6a 68 53 19 24 61 6c 6c 6b 6d 6b 6a 6a 66 66 69 67 64 4b 31 35 51 67 6c 6a 6a 6b 69 67 69 6a 69 56 2f 2e 54 68 6b 68 64 67 67 65 66 61
69 6c 6b 63 31 1e 4a 66 6c 6b 6c 68 65 65 66 6c 69 59 24 22 57 6a 6c 6c 66 62 6a 6a 6c 55 2f 2f 4b 62 67 63 63 5e 5e 67 6b 6b 6c 56 f 21 60 6c 6c 6c 6a 6b 60 57 4a 33 40 5e 66 67 62 64 5a 57
5c 5c 5d 51 45 49 4a 50 61 69 6a 6c 67 1e 15 59 66 6a 6c 69 6c 4e 14 26 5f 6b 6c 6a 69 6b 4d 19 28 58 68 6b 6b 6b 6a 6a 5f 42 15 31 65 6b 69 69 66 64 60 42 37 44 52 61 68 60 60 63 4e 46 50 56
68 64 46 31 47 66 69 6a 6c 68 69 6b 6a 61 2a 1d 51 64 66 6a 6a 68 6a 69 65 69 66 58 34 23 48 68 6d 6b 6b 6a 6a 6a 68 69 5d 40 23 3b 63 6c 6b 6b 69 67 66 66 6a 6a 60 3b 1f 3d 62 6b 6b 67 68 6b
62 5e 4d 32 34 59 69 6d 64 66 65 63 60 64 6a 69 5c 48 27 34 64 61 64 6a 6c 6c 58 55 64 66 64 68 67 66 68 3f 17 3c 67 6b 6a 69 62 55 59 62 66 6c 6c 64 33 2f 53 5b 60 5e 65 63 51 54 65 67 66 68
64 62 68 5a 31 2d 4f 62 6a 6b 6c 6b 6c 68 43 15 33 65 6b 69 69 6b 6a 6a 5b 25 1b 52 69 6a 69 69 6c 6b 6a 67 29 e 4a 6a 6b 6c 6b 6a 68 69 67 5a 31 21 48 67 6b 6b 63 60 5d 5a 55 4c 4b 4a 57 62
54 50 55 5c 4e 54 66 64 64 65 59 46 45 56 63 64 53 4f 55 62 6c 6a 6c 4d 2a 3b 5f 6b 6c 6a 6b 4a 1c 2f 5f 6c 6d 6b 6a 6c 6a 4b 14 2e 66 6b 6c 68 6b 6b 68 68 2c 17 4f 64 6c 69 69 6a 6c 67 58 4a
49 4f 55 57 62 60 61 65 47 2c 3f 57 66 6c 6d 5f 3d 37 43 53 69 6a 6a 69 4d 18 26 5a 68 65 66 6a 6a 59 27 2c 56 65 6a 6b 6b 6a 2c e 46 67 6a 69 6a 66 65 5a 50 3d 33 51 67 68 64 68 5e 56 4f 46
5a 62 65 65 68 6b 6a 68 69 66 4b 26 30 57 6b 6b 69 68 69 6a 69 6b 6c 68 4a 1f 30 5a 68 6b 6b 6b 6b 6b 6a 6a 6a 5b 2f 1e 46 67 6b 6d 6a 6b 6a 6b 6b 6c 6c 5b 26 1f 4e 68 6b 69 69 6b 6b 65 60 5a
4e 5b 61 54 51 59 5e 5f 62 5f 52 4d 4e 4f 53 56 58 62 67 67 69 69 43 18 38 60 69 69 5d 60 6a 69 69 55 18 1e 5e 6a 6a 69 59 4b 57 63 6b 6b 6b 5d 12 18 5e 69 6c 69 67 66 69 6a 58 38 35 51 63 68
68 6a 6a 6d 6b 6a 69 6b 51 10 23 63 6d 6d 6a 6c 68 68 6a 69 66 67 45 1f 35 5a 6a 6b 6d 6a 69 6a 6a 6b 6c 6c 4d d 2a 69 6c 6d 69 69 68 67 64 5f 5a 52 54 52 4e 50 5c 65 64 5e 5c 5a 5f 65 60 5c
62 68 6a 69 55 4e 42 37 4d 65 68 62 65 67 64 68 4b 29 34 4d 5f 63 64 69 6b 6a 57 19 1f 5b 6a 6a 6b 69 64 43 21 33 5f 68 67 66 67 67 5a 1e 20 59 68 69 69 69 6b 6a 68 48 1d 30 5c 69 67 68 5f 56
56 60 5c 52 4a 49 5a 69 6a 68 6c 6c 6b 48 18 32 64 69 6a 6b 6a 6b 6b 6a 63 28 17 51 67 6a 6a 6d 6a 69 69 6b 6a 65 4b 1b 2c 5f 66 69 69 6c 66 65 68 6b 6c 6b 59 29 2f 4f 58 68 6b 6b 69 68 64 63
5a 4c 45 4b 59 5f 67 69 68 68 60 46 24 35 5e 69 6c 68 66 68 66 59 40 3e 4f 55 59 58 5e 60 5d 65 66 67 69 51 1f 27 54 68 6b 6c 6a 65 42 19 35 65 6a 6c 6b 68 67 5b 24 20 52 66 6a 6c 69 62 5b 52
4c 52 5b 63 69 6a 6a 69 6a 68 57 29 25 52 68 6a 6c 6c 69 69 6b 6b 68 41 1d 38 5a 66 6a 69 68 67 6b 69 6b 6a 6c 55 17 23 5c 6a 6c 6c 6c 6b 68 67 64 46 2b 3d 5a 68 65 66 67 67 68 63 60 58 41 40
55 5e 68 5b 46 44 4f 5e 65 6a 6b 6c 68 65 26 1b 57 64 6a 67 69 66 66 69 65 66 44 2a 3e 52 60 6a 66 65 69 6a 6b 6d 65 50 21 2b 5b 68 6a 67 62 66 69 6c 6c 11 a 5c 6b 6c 69 66 64 64 64 51 33 3a
5a 27 1f 53 69 6c 6c 6b 6a 65 67 6a 6a 6b 64 4a 1f 2e 5b 6a 6b 6d 6b 67 64 67 6a 6a 6b 6d 61 2b 19 49 69 6c 6b 68 66 68 6a 6a 69 61 48 31 3d 5b 69 64 61 65 68 65 64 5a 4e 57 58 5f 61 53 55 5f
4f 57 5d 5f 63 60 64 62 28 20 57 68 6b 6c 67 68 6b 65 37 19 3e 61 69 6c 68 63 4f 2c 31 56 67 6b 69 68 66 5d 33 23 48 61 68 67 6b 6b 6a 6b 68 5a 1e 1f 5b 65 66 68 68 65 62 64 64 54 3c 35 4e 60
4e 54 58 5a 65 69 6d 65 42 1e 3e 68 6a 68 6a 64 52 42 35 48 65 6a 6b 68 5b 33 21 46 64 65 68 6a 6a 5b 36 2a 44 60 6b 6a 6b 6a 69 64 35 1c 40 64 69 65 65 68 65 66 69 55 2c 33 58 61 63 64 67 65
58 4e 43 4a 5b 66 68 67 6a 6a 64 5d 4b 2d 31 58 69 6c 6d 69 6a 69 68 6a 55 23 28 56 66 6b 6a 69 67 6b 6b 6c 5b 1e 1a 53 6b 6d 6b 6b 6a 6b 6a 64 24 12 51 6a 6d 6a 68 68 6b 69 62 4f 36 3a 4d 5d
4e 33 32 4e 67 6c 6b 6c 68 4d 2f 2d 4f 6a 6c 68 62 5b 54 2f 33 59 63 6a 6b 6c 59 2a 24 4d 68 6c 6b 68 63 27 1a 50 63 6a 6c 6a 67 42 1c 30 5d 6b 67 67 67 68 64 44 35 3b 48 62 68 64 67 60 54 3b
5c 63 5f 62 66 5a 46 39 46 5b 65 6b 6a 6a 6b 6c 6b 6a 1f f 52 6a 6c 6b 6b 6c 6c 6c 6b 66 50 1b 25 5e 6c 6b 69 6b 69 5f 60 65 6b 69 6b 63 1c 14 57 6b 6c 6b 6b 69 67 62 60 5e 54 4d 45 51 60 58
5e 49 48 4c 4f 59 49 50 68 67 67 66 47 1b 2f 5d 6b 6a 6b 59 25 20 50 69 6b 66 55 3e 3a 3e 53 6a 6b 62 53 34 25 45 65 6c 6b 6a 58 1d 27 58 66 6b 6b 66 56 42 34 3a 54 60 65 64 5d 41 3e 4a 4f 62
4b 5a 64 67 6b 6c 6c 6c 6c 6c 39 b 3b 69 6c 6b 6b 6d 6b 6a 6c 66 45 29 38 53 65 69 6a 6d 6a 6a 6b 6b 6a 46 11 2d 64 6b 6d 6a 6c 6a 6a 69 69 59 40 39 41 55 65 68 67 65 64 64 64 59 57 5b 53 4b
68 69 68 6a 6b 63 40 1f 38 61 6e 6c 6c 6b 66 69 68 6a 67 61 57 3f 36 40 5a 69 6c 6a 6a 6b 6a 6a 69 6c 69 47 19 32 60 69 6d 6c 6d 6a 6c 67 68 6d 60 2a 1a 4c 69 6d 6b 6b 6b 6a 68 66 67 57 41 3c
5f 49 30 41 5e 6a 6c 67 68 5b 29 2a 58 62 67 6d 6a 6c 63 35 26 49 58 5f 69 66 63 68 65 3f 32 4e 5a 60 60 66 65 60 5a 30 2e 56 67 6b 6d 63 4d 33 41 56 59 65 6a 6a 6a 6a 41 12 35 63 6a 68 6a 6a
68 68 6a 4c 1c 34 63 69 69 6b 6b 6b 6d 53 13 1e 61 6a 6c 69 69 69 62 65 5c 36 2e 47 5a 68 69 5d 52 51 5a 67 6c 6c 58 1f 27 52 63 6c 6b 66 66 67 5f 2e 1b 4b 6a 6b 6b 64 60 5d 57 43 3b 4b 58 61
54 3c 36 59 66 6a 69 6a 6b 6a 6a 69 56 19 1d 5b 6a 6e 6a 6a 66 62 64 67 67 68 4e 24 37 5a 67 6b 6c 68 69 67 68 4f 29 2e 53 67 6b 6c 6a 6a 6b 6a 66 4d 19 27 5e 6c 6c 6a 6b 69 60 60 5d 4e 42 42
64 5e 4d 45 49 51 5f 67 67 6a 69 6a 60 2e 1b 49 64 69 69 6b 6a 69 6a 5d 1b 1b 5c 69 6a 6b 68 6b 6a 6d 62 1e 18 54 65 6b 6b 6c 67 65 69 5c 3d 36 44 50 63 69 69 6a 69 63 5a 3e 32 47 5e 67 68 65
2f 45 62 63 6a 6a 6c 69 68 68 31 1d 4e 65 64 64 64 60 64 6b 6b 6b 38 14 3e 66 6b 6a 6c 68 5e 37 2a 4b 5c 65 6a 6c 6c 6b 59 1e 22 54 64 6b 6c 6a 64 59 3d 34 48 59 62 68 62 61 61 60 61 4c 31 40
40 4d 60 68 69 68 66 61 4e 2c 30 52 64 6d 66 66 60 60 5c 42 35 49 5a 5a 60 68 6a 65 56 2c 2c 56 63 66 6a 6a 69 49 1a 30 5a 65 6a 6a 6a 6b 69 49 1c 2c 57 6b 6b 6a 6d 6a 67 52 1e 22 5b 68 69 67
64 68 66 62 60 66 65 4c 2f 3b 57 66 6b 6b 68 6a 6b 69 64 3c 1f 3f 61 66 66 6b 6b 6c 6b 6a 6a 3b 11 39 66 6b 6a 69 68 6b 6b 69 61 4f 27 28 57 6a 6b 69 6a 6b 6a 6b 6b 62 4b 22 2c 5c 6b 6b 69 69
5c 56 61 67 66 5b 42 27 3e 68 6b 6b 6c 63 42 2a 42 5b 69 6c 6b 57 35 35 43 52 68 6b 6b 6b 57 1d 23 5d 6b 6b 6a 68 59 32 28 49 63 64 69 6b 5f 52 4b 39 39 51 63 67 68 67 63 49 39 40 51 5c 62 61
69 6c 66 60 54 35 29 4c 67 69 6c 68 69 6b 6b 64 24 17 4f 65 6c 6a 6a 6a 69 6a 6b 53 11 22 61 6d 6c 6c 65 60 57 58 66 69 6c 59 23 1e 53 6b 6a 6a 6b 6b 57 4e 51 4e 5e 64 63 5e 52 4d 4a 4e 5c 65
6d 6a f c 63 6c 6c 6a 6a 6b 66 6a 66 4d 22 2c 5a 69 6d 68 68 6a 6d 69 63 37 19 42 64 6a 69 69 69 61 53 50 56 57 56 60 69 58 41 4b 5d 5a 5f 69 6a 65 47 38 48 5c 62 60 65 65 5b 4d 45 4f 5c 58
4a 4b 55 54 4e 54 5b 63 6a 69 59 35 2a 48 66 68 69 6a 66 44 22 35 59 6a 6a 6b 69 60 1f 18 51 64 6b 6a 6a 69 67 47 13 2e 63 67 69 68 69 66 67 5a 30 2c 46 5b 68 68 69 67 5a 55 4f 4c 4d 48 56 63
62 5e 64 6a 5d 3f 2e 42 5d 64 6a 69 65 60 56 30 2f 52 60 64 68 67 67 6b 64 3d 19 39 61 6a 6c 6a 6a 6b 6a 60 2c 20 4a 61 6c 6a 6b 6b 65 58 13 1c 64 69 6c 68 68 65 5f 4a 30 37 56 65 63 67 66 60
62 67 64 68 67 5a 41 3b 46 54 61 69 6a 68 66 6a 61 41 24 3c 64 69 69 6a 6c 6a 6b 51 21 27 58 6b 68 69 6b 69 6a 6a 69 54 10 22 67 6b 6a 6a 69 6c 66 66 6b 69 4c 2e 32 4b 62 6c 69 69 69 65 66 60
60 56 5b 61 61 68 65 35 22 4d 68 6a 6b 6b 68 6b 69 3d 1e 3d 63 65 66 6c 6a 64 69 6c 68 31 16 46 66 6b 6b 6d 6a 69 5c 41 25 3a 59 65 6b 6b 6c 6b 6a 69 40 12 35 63 67 6b 6b 6d 65 66 65 5f 3b 23
65 61 66 6c 44 1b 41 60 62 67 6c 6c 6a 6a 6a 64 18 15 5b 69 68 6a 6c 6b 6a 6c 56 11 21 65 69 67 6a 6b 6c 69 6a 64 41 1f 36 5e 6b 6a 68 6a 68 68 6b 4f 39 48 4b 4e 61 6b 67 65 66 64 5c 53 4e 59
64 67 48 3f 5e 6a 69 64 54 4b 56 62 68 6b 6b 6c 69 6c 69 41 e 34 66 6d 6c 6c 6d 6c 6c 6b 6c 66 56 38 2b 48 64 68 67 69 6d 69 6a 68 68 68 68 6a 4b 16 2e 63 6c 6d 69 68 6f 68 65 67 65 52 37 32
68 62 27 19 53 69 6c 69 69 61 63 67 63 63 60 4c 2b 35 5d 69 65 66 65 65 69 69 6a 67 2e 13 47 65 6c 6a 69 6a 69 68 5f 42 2f 45 5e 64 64 68 68 67 68 5a 3c 2a 44 62 69 6a 6a 68 65 66 58 42 42 51
60 67 69 6b 6b 6b 68 48 1a 2e 61 6a 6c 6a 6a 69 67 69 69 69 31 f 42 6b 6d 6b 6a 61 5e 67 6a 6b 6a 65 59 2f 26 52 67 6b 69 66 5d 5b 64 67 67 66 63 6a 63 46 32 3b 55 64 65 68 68 68 67 63 66 5c
44 4c 5b 62 66 68 69 68 69 51 23 30 5b 67 69 69 6a 6c 6a 67 40 1b 36 62 69 6b 6a 69 6b 69 5d 45 29 37 5b 6a 6b 6b 6a 69 6b 5b 1e 1a 56 6a 6b 6b 6b 68 68 66 5f 32 1c 49 67 6b 67 66 68 66 5b 50
44 3b 48 5d 67 68 6d 6c 6a 68 6a 68 66 4d 2b 2d 51 6a 6e 6c 69 62 64 68 68 6a 6b 6c 65 2d 15 49 69 6c 6d 6b 6b 6b 6b 6b 6a 6a 38 17 3d 62 6b 6a 6b 69 69 6c 69 69 63 64 5d 39 2d 4a 5f 6b 6b 68
69 6a 69 65 51 30 2e 4d 67 6d 6b 6c 68 68 6b 67 66 68 4f 29 32 57 69 6b 68 68 62 5f 64 68 69 6a 6a 6d 50 f 26 67 6e 6d 6a 6c 6c 6c 6a 58 35 29 47 61 6a 6d 68 69 68 5c 5b 66 5d 3c 41 5a 5f 62
5b 58 4d 4d 4e 56 62 67 66 67 67 68 6c 6c 5c 16 1c 60 68 6b 6c 6b 6a 6a 69 6b 66 52 35 3c 4f 5c 68 6a 68 61 5f 65 66 60 51 3d 3b 50 63 6b 6b 6b 6b 6c 6b 69 4f e 26 64 6c 6b 6b 69 69 67 66 5f
68 69 67 68 52 24 24 4f 68 69 6a 67 69 68 37 1e 4a 69 6b 6c 6a 5e 3f 24 36 5a 69 6a 68 68 63 55 2a 23 55 66 6b 6c 68 67 61 3a 2f 50 5c 56 57 61 65 61 63 68 64 4c 2f 37 57 65 67 66 63 67 63 50
65 69 6a 6a 6a 6b 68 65 53 23 25 56 6b 6d 6b 6a 6c 6c 6b 6b 69 6b 65 45 26 36 56 67 6a 6c 6b 6b 6b 6a 6c 6b 6a 6a 6c 45 1d 33 5b 6c 6a 6b 6a 6b 6d 68 64 66 67 53 46 47 4e 57 5d 63 66 65 68 67
55 59 5f 64 65 66 67 59 45 3b 4a 57 5d 65 69 6a 68 68 6a 6c 66 12 12 63 6c 6c 69 69 6b 6b 6a 6b 67 5b 2a 1c 4c 66 6c 6a 66 67 65 65 68 6d 6b 69 3c f 38 64 6d 6b 69 69 66 5e 59 57 5e 60 49 46
69 6c 6c 6a 6d 49 10 2b 63 6c 6c 6c 6d 6d 6a 6b 5c 11 1b 64 6d 6a 69 6a 6b 69 66 6b 6c 6a 42 14 36 65 6d 6b 6a 6c 66 60 59 4c 49 52 5d 60 5d 52 52 65 69 61 5e 52 45 4c 59 60 65 62 5e 5e 54 52
65 5d 56 4f 4a 4e 51 4f 59 5d 5e 67 5c 49 48 57 55 58 5d 57 56 4c 4c 56 5c 69 69 66 40 18 34 5e 6a 69 69 68 67 3c 12 38 62 6c 6c 6a 68 5d 1e 15 52 6a 68 6a 6b 67 45 19 33 5d 66 67 62 58 54 47
4d 4b 50 62 61 5d 66 68 54 3b 30 47 63 67 69 5f 4d 41 50 56 5a 5f 61 64 53 2f 36 5d 6b 6a 69 56 22 2d 5e 69 6c 6b 6a 5b 27 21 4c 63 69 6a 66 6c 69 6d 51 13 22 61 6c 6c 68 63 62 55 3d 42 51 58
60 61 64 5f 59 5e 58 50 48 4a 58 65 69 6a 6a 6a 68 5f 28 1e 53 6b 6c 6b 6b 6a 6a 66 67 54 22 2c 5a 67 6d 6a 6c 6b 69 6a 68 39 10 3b 6a 6d 6b 6b 69 6a 6a 6b 6c 50 12 25 62 6c 6d 6b 69 68 62 5c
a 49 7a 64 75 62 61 72 d a 69 7a 6c 65 d a 69 7a 6f 74 65 d a 69 7a 74 6c 65 d a 69 7a 7a 61 72 64 d a 4a d a 6a d a 4a 61 61 6c 69 6e d a 6a 61 62 d a 4a 61 62 61 72 69 74
66 61 44 36 4d 5d 5f 64 67 69 68 62 61 67 67 54 32 2e 4f 66 6b 6b 6a 6a 69 6b 6b 6b 5e 18 19 5c 6c 6b 67 69 69 67 6c 69 6a 69 69 46 11 31 66 6b 6b 6a 69 68 6b 6a 62 5e 53 39 3d 5a 63 5d 5e 68
53 5b 58 60 5d 57 5e 66 64 3f 29 4b 68 69 68 6c 6a 6a 6c 53 1c 23 58 66 6b 6d 6a 65 5e 5f 66 38 24 50 67 6b 6b 6c 67 6b 2c 10 4e 6a 6b 6d 5e 4d 47 4f 5f 6b 6c 6c 64 23 14 4f 6a 6b 6c 6a 65 59
60 62 5f 54 47 47 57 5c 5c 64 67 65 66 65 69 58 22 26 5c 69 6b 6b 6b 6a 6a 69 68 4f 1b 29 5e 6d 6b 6c 67 67 67 6c 6c 6b 56 16 21 60 6b 6b 6a 64 63 6a 6c 6c 6b 63 1e 16 54 69 6c 6c 6a 68 63 62
68 69 68 63 5c 5d 5c 40 37 4d 5d 63 68 6b 6a 6b 69 6a 6c 4a e 2d 68 6a 69 69 68 66 68 6a 6b 66 4a 24 2e 55 6a 69 69 6a 6a 68 69 6b 6b 6e 38 b 3c 69 6d 6b 69 69 67 62 5f 5b 55 5a 5c 50 4e 50
69 68 68 69 6c 49 16 34 66 69 6a 6d 6c 69 68 6b 6b 63 35 23 43 5a 66 6b 6b 6c 68 67 6a 6b 6c 5d 22 1a 53 6b 6c 6b 6c 6b 6a 68 69 5b 44 2f 3e 5e 65 61 62 65 65 63 63 67 66 60 48 2b 3e 64 6a 66
69 6b 67 5d 48 2e 38 58 6b 6b 6c 68 60 5f 65 65 63 5a 52 52 46 39 51 66 67 6a 68 65 63 64 6b 69 53 2b 2d 54 68 68 69 6a 67 6a 69 6a 48 17 2e 61 6a 6c 6b 6b 6a 6b 6b 66 30 10 43 68 6c 6d 6c 6b
54 4b 44 44 57 64 64 64 68 6e 57 27 27 50 65 6a 6b 6a 6b 67 38 13 3b 66 69 69 6b 6b 69 5d 27 1c 50 66 6c 69 6a 6b 6b 62 20 18 53 64 6b 6b 6b 66 63 54 3b 39 45 57 68 6b 6c 64 4b 44 4e 59 5d 52
42 47 4f 63 6a 69 6c 6a 6c 68 2c e 48 69 6d 69 64 66 69 69 68 5f 48 21 31 61 6c 6b 67 67 68 68 6a 55 33 29 46 61 66 6b 6a 6a 6a 6b 5e 2f 1a 44 6a 6b 6a 6c 69 66 67 5b 4f 45 41 4d 53 5e 6a 6b
48 4e 54 5b 64 67 60 4c 30 38 59 63 68 68 69 64 4c 24 2b 59 69 6a 6d 68 66 62 3b 25 3e 5c 6b 67 62 66 67 6a 5c 1d 1f 59 6a 6a 6d 6b 57 3c 21 3b 67 68 69 68 65 46 25 39 5e 69 6c 68 54 46 52 4e
59 51 4a 52 5f 65 68 6b 6e 44 16 31 5d 69 6c 6a 6a 6a 43 18 35 61 69 6b 69 69 68 67 57 3a 36 47 57 5c 62 65 5e 5e 5c 5f 5f 52 39 3c 56 63 69 6a 65 5f 3d 1d 3d 62 69 6b 69 6a 4f 3b 45 4d 50 59
5f 66 62 42 37 4c 5e 6b 6c 6b 6b 6a 4e f 2a 67 69 68 63 66 6c 65 4e 24 32 5e 6b 6c 6a 68 69 69 12 12 62 68 6b 66 5d 5f 65 67 61 49 35 41 54 5f 65 6a 6b 65 55 49 4e 58 4d 53 61 63 55 4f 57 5d
