5e 56 49 48 52 5a 5e 63 66 66 63 4d 30 3a 56 63 68 68 68 64 52 34 33 51 63 69 6a 6a 66 4f 27 2a 55 69 69 69 6a 6a 67 48 19 31 62 69 6a 68 68 6a 6a 6b 38 12 3d 65 6a 69 68 67 63 5a 4f 46 46 4e
61 65 66 66 5f 48 2c 39 5a 67 6a 69 69 6a 6a 63 24 15 52 69 6a 69 68 69 68 64 47 25 34 59 68 6a 68 68 67 63 48 29 36 57 66 69 68 69 69 66 41 18 36 64 6a 6a 68 64 61 5b 4d 41 42 51 5b 61 64 62
68 67 65 5f 55 4b 4a 4b 52 5f 66 68 6a 6b 6b 6b 6b 6b 6a 6b 43 c 33 6c 6c 6b 6b 6b 69 69 69 69 6a 6a 6a 6b 64 38 23 45 5f 67 6a 6b 6a 6a 6a 67 64 62 5e 58 55 51 50 56 59 5d 62 65 64 63 63 60
5c 5f 60 64 62 5d 57 53 4d 45 4d 5b 63 68 69 6a 6b 6b 6a 33 f 45 69 6b 6b 6a 6a 6b 6b 6a 53 e 22 69 6c 6b 6a 68 67 67 69 6a 6b 69 35 11 42 67 6b 6a 6a 68 65 63 5c 58 53 4f 51 54 56 59 5e 63
63 64 60 57 44 3a 45 58 64 67 68 68 66 57 32 27 4a 63 67 68 68 68 65 57 34 2c 4d 61 66 68 68 69 66 4a 1c 2e 5d 69 69 69 68 62 41 25 3c 5e 69 6a 6b 69 4c 16 2a 61 6b 6a 68 61 57 42 39 4c 5e 61
43 45 51 5b 61 63 65 5f 4d 30 35 55 64 68 69 68 67 43 19 34 60 69 69 69 69 61 3a 1d 3d 61 68 69 67 67 5d 38 26 41 5c 67 68 68 67 5f 28 1b 4f 66 6a 68 68 69 62 38 1d 3d 61 68 68 66 61 55 48 43
58 4f 41 3f 53 62 66 67 67 66 64 4e 1c 28 60 6a 6a 68 66 68 66 59 2f 23 4c 64 69 69 68 67 67 61 34 1c 43 62 6a 6a 68 67 65 4c 20 2e 5d 68 6a 6b 68 63 4c 2c 2e 50 67 69 67 64 5b 55 4d 48 48 51
5b 60 66 67 67 66 63 5f 5f 5b 50 44 48 57 61 67 6b 6a 6a 6b 6a 6a 6a 69 63 47 1d 32 64 6a 6a 6c 6b 6a 68 68 6a 6a 6a 6a 6b 6b 2b c 4d 6c 6c 6b 6b 6a 6a 69 68 66 5e 56 53 50 50 53 58 5e 61 64
63 64 64 5e 57 52 4c 49 4f 5b 64 68 69 6a 6a 6b 6b 6b 43 c 33 6b 6b 6b 6b 6b 6a 6a 6b 6a 6c 6b d a 6b 6c 6b 6b 6b 69 68 67 67 66 59 48 45 49 51 5c 62 66 67 65 64 61 5f 5a 54 52 54 57 5c 5e
51 4d 50 57 60 64 65 66 66 61 56 47 3c 42 58 65 67 68 68 68 69 69 5d 33 24 48 61 67 69 69 69 69 69 6b 69 25 e 52 6a 6b 6a 6b 6a 6a 6a 54 15 21 63 6b 6c 6a 69 69 67 64 54 37 36 4d 5d 65 67 67
61 5d 53 47 3c 40 56 63 67 68 68 52 22 27 55 65 6a 6a 66 59 2c 20 4c 65 69 68 65 5a 39 26 40 5f 68 69 68 5c 2b 22 4e 63 6a 69 64 47 20 33 5d 68 69 67 59 34 28 48 63 67 65 61 51 3c 3b 4d 5b 5f
5d 5f 5b 56 54 56 59 5d 5e 5c 5c 63 68 60 40 3a 50 5c 66 69 6a 6b 6b 69 46 19 34 61 6a 6a 6b 6a 6c 6b 6b 61 18 14 5f 6b 6b 6a 68 67 67 6a 6b 6b 5f 27 1c 51 67 6a 6a 69 68 64 61 5c 53 4e 4e 52
5f 64 66 67 67 64 5f 4c 33 36 56 69 69 6a 67 65 67 68 65 5a 3b 2f 48 5c 65 67 64 62 64 68 69 6b 67 2a 14 4d 68 6b 6a 6a 6b 6a 64 40 1a 37 64 6b 6b 6a 6a 6a 68 60 3e 24 3e 60 6a 69 67 65 64 5e
5b 5d 59 56 54 55 5a 5c 5d 60 61 5c 5c 5b 49 40 4f 5d 64 68 69 69 6a 68 39 19 42 65 6b 6a 69 6a 6a 6a 5e 14 18 64 6b 6b 6a 68 66 68 6a 6b 69 28 e 4e 6b 6c 6a 68 67 64 60 5e 56 4d 48 4d 58 5d
57 47 39 45 5b 66 68 67 63 4d 25 2c 55 65 66 66 68 67 5b 2a 21 4c 62 68 68 68 66 4e 23 2c 56 66 69 69 63 45 27 3a 5a 67 68 69 63 3b 1a 3a 62 68 69 66 65 5f 3b 28 42 5c 65 65 63 5d 50 41 42 50
5a 59 59 5a 58 50 45 48 51 5c 64 65 64 5a 41 39 47 58 64 66 56 40 42 57 65 6a 68 4e 1d 2b 5c 68 6a 69 68 59 25 20 53 67 6a 6a 69 67 46 16 2e 61 69 69 68 68 64 46 23 34 58 65 68 68 64 56 43 41
5e 5f 60 5d 5a 59 57 53 52 57 5b 5d 5f 61 63 61 5e 5c 58 4e 48 4b 53 5e 65 67 69 6a 6a 6b 65 31 13 45 69 6c 6a 6a 6a 6b 6a 6b 57 f 1e 68 6b 6b 6a 68 68 6a 6b 6b 69 3c e 3a 6b 6b 6b 6a 69 66
4d 46 4b 57 5e 60 62 64 61 54 37 2e 4c 62 66 64 65 66 66 5a 38 25 43 5f 66 66 66 68 69 61 37 1c 3f 62 69 6a 6a 68 54 2a 27 51 67 6a 6b 69 56 1e 22 59 69 6a 69 68 5e 3b 2d 45 5b 65 63 5f 58 52
58 5c 5e 5f 5c 5d 5b 57 55 57 5c 5c 5b 5c 5e 5f 60 60 5c 55 50 4d 52 5d 62 67 6a 6a 6a 69 53 24 2a 5a 6a 6b 6a 69 69 6a 6b 6b 5d 15 19 61 6c 6b 6a 68 64 64 66 69 6a 6b 6c 32 f 45 67 6b 6b 69
63 63 5f 59 53 49 47 51 59 5e 64 66 69 6a 6a 6b 6b 28 b 4e 6a 6c 6a 6b 6b 6a 69 60 3d 24 3d 60 69 6b 6a 69 69 6b 6a 6a 48 10 2d 68 6b 6b 6a 69 64 63 66 65 5c 47 3b 46 56 5e 64 65 64 64 63 5e
64 64 61 5d 54 49 46 4e 5b 65 68 69 67 68 69 6b 67 45 26 3a 5a 67 6a 6b 6a 6a 6a 6b 6a 6a 53 f 22 6a 6c 6b 6a 69 66 63 65 68 69 6a 6a 6d 3a 12 3f 65 6b 6b 6a 68 67 66 63 5f 58 54 51 50 54 57
47 4c 58 61 65 64 59 45 32 3b 57 66 67 68 69 5b 38 23 3e 60 68 65 66 67 60 3c 20 3c 5f 67 69 69 65 46 20 31 5b 69 6a 67 5b 2f 24 4a 63 69 68 68 57 26 21 50 67 6a 69 63 55 3f 37 47 58 60 62 5e
52 5a 60 60 5d 55 45 38 40 55 65 67 68 66 52 31 29 47 62 68 68 68 65 51 26 28 53 64 67 6a 6a 57 26 23 51 65 6a 69 65 46 1e 31 5c 69 6a 68 5e 2f 1e 48 65 69 69 64 55 34 2e 4b 5d 64 65 5c 50 48
47 37 42 5b 66 69 6a 6b 68 41 13 32 63 6a 69 66 67 69 64 3f 1d 39 5e 68 69 69 66 5b 34 26 48 61 69 69 69 65 4c 26 30 56 66 69 68 69 69 4f 19 27 5d 68 68 67 65 5b 47 3a 44 55 5e 60 60 5c 56 52
64 61 5b 4a 3b 43 58 62 67 69 68 68 68 66 51 21 2b 5d 68 69 69 69 69 67 66 5a 33 27 4c 62 68 6a 6a 6a 69 68 54 1f 25 5b 68 6a 6a 6a 6a 6a 6a 5d 18 18 5f 6b 6b 6b 69 67 63 61 59 42 3a 4b 59 60
61 5d 58 50 4b 49 4f 5c 66 68 69 6a 6b 6a 6b 6b d a 6a 6b 6c 6b 6b 69 68 68 67 61 49 35 3b 51 61 67 69 68 67 67 69 6b 6b 6c 31 c 45 6b 6c 6b 6a 69 66 63 60 58 52 4f 51 53 56 59 5e 63 64 61
60 67 67 66 67 67 68 68 58 35 2e 4e 64 68 6a 6a 6b 6a 69 6b 6b 6b 58 17 1e 60 6c 6b 6b 6a 69 68 69 68 6a 6a 6c 6c 25 c 53 6c 6b 6b 6a 6a 68 67 65 5f 55 4d 4c 52 58 5b 5e 61 63 65 63 60 5e 5b
51 49 46 49 4d 52 58 5d 58 3d 32 42 57 63 63 53 30 2c 4a 62 66 5c 38 21 40 61 66 5e 39 20 3f 65 69 5c 37 22 42 65 68 5c 38 22 3e 62 68 5f 48 2b 32 56 64 5e 51 43 43 4c 51 55 55 51 49 4d 52 4e
5b 5f 61 60 5e 55 52 53 52 50 59 63 61 62 65 64 61 60 56 46 46 54 59 5c 60 60 5e 62 66 69 6a 6c 6a 1e e 5a 6b 6c 6a 6a 6a 6a 6a 69 44 12 32 67 6b 6b 69 68 69 6a 6a 6a 58 1e 21 5a 69 6b 6a 69
5a 56 49 48 56 61 65 64 63 62 62 5c 41 3c 4f 5a 65 68 63 5a 51 50 5b 63 65 68 65 4a 2c 3a 5a 66 68 69 6a 6a 6a 5a 1d 1f 5c 6a 6b 6a 6a 6a 6a 6b 5d 16 17 5f 6b 6b 69 68 68 68 67 5f 48 2f 3c 58
53 57 5f 64 62 60 59 4e 40 3d 50 61 66 68 67 68 66 5a 31 23 4b 65 69 69 67 68 69 65 34 17 44 63 6a 6a 68 68 67 56 29 25 51 65 69 68 69 69 68 4d 15 27 62 6a 6a 69 66 65 60 4d 35 3a 52 5f 64 63
43 48 53 5d 64 68 6a 68 62 45 25 36 5a 67 69 67 68 6a 68 63 43 1f 34 5e 69 69 68 67 67 67 5f 34 20 45 63 6a 69 68 68 65 4e 26 2d 59 69 6a 6a 69 64 42 1f 36 60 6a 6a 65 61 5e 53 41 3c 4c 5c 61
57 57 58 5d 5f 62 65 64 5d 55 4d 46 48 51 5d 67 69 6a 6a 6a 6a 65 1d 12 5a 6b 6c 6a 69 6a 6b 6a 65 34 12 41 6b 6b 6b 69 68 68 6a 6a 6b 5d 1c 19 5a 6a 6b 6b 69 67 66 63 5b 52 47 42 4f 5c 5f 62
64 65 64 63 55 37 33 4e 60 66 66 66 68 6a 6a 66 30 13 45 67 6b 6a 69 69 68 65 5b 32 24 4b 61 67 69 69 69 68 67 58 25 21 53 67 6a 6a 69 69 69 69 56 23 23 56 67 68 68 68 66 62 5b 4f 3f 44 56 5c
57 60 66 65 66 66 64 61 5a 45 36 43 5c 67 69 6a 6a 6a 6b 6a 6b 5f 1b 18 5d 6b 6b 6a 69 67 67 68 69 68 6a 4d 1c 30 5f 69 6b 6b 6a 6a 6a 69 66 41 15 3a 6b 6b 6c 69 67 66 63 5d 52 48 49 50 5a 60
64 65 65 64 60 58 51 4d 48 4c 5b 63 66 6a 69 6a 6a 6b 6b 6c 42 c 33 6c 6c 6b 6b 6a 6a 69 69 6a 6a 6b 6c 34 d 44 6a 6c 6b 6b 6a 6a 6b 6a 6b 64 4b 30 2f 51 6b 6a 68 68 68 67 65 60 5c 55 4b 4b
5c 5a 58 53 52 51 56 5e 61 61 61 61 5c 4d 44 48 51 5b 64 68 6a 6a 6b 59 1d 20 5c 6a 6b 6a 6a 6a 6b 62 11 15 67 6b 6b 69 68 69 6a 6a 66 39 13 3e 69 6a 6a 69 66 64 65 5f 53 49 42 47 57 60 64 64
51 5a 64 64 64 62 5f 53 3e 38 4d 61 67 68 68 69 69 69 4b 21 30 5a 68 6a 6a 6a 6a 68 5b 2b 20 4f 68 6a 69 6a 6a 69 68 58 21 20 59 68 69 68 67 68 69 6a 6b 53 20 25 57 69 6a 69 69 67 61 5a 51 4b
47 43 50 5e 64 67 68 68 67 64 55 2f 29 51 68 69 68 67 67 68 69 66 50 25 2d 58 67 6a 69 68 68 67 67 57 29 26 54 66 6a 6a 6b 6a 68 63 35 16 43 69 6b 6a 69 69 68 68 5c 35 24 48 64 66 67 68 66 62
62 61 56 40 38 48 5a 65 68 69 6a 52 22 29 56 67 69 68 67 63 46 22 35 5d 65 66 68 69 65 52 25 27 56 66 68 69 68 66 5b 32 27 49 5e 66 68 69 69 67 3d 13 37 65 69 69 67 65 5e 4c 38 3d 51 5d 63 61
3e 48 5c 64 64 64 5e 45 30 3e 57 65 68 6a 69 54 20 24 57 69 6a 69 68 59 2d 26 4f 63 69 69 69 64 37 1a 3f 61 67 67 67 68 5f 3e 25 3c 5b 66 68 68 67 66 4a 1d 30 5d 67 67 67 63 5a 49 3a 41 55 5d
58 59 5d 61 61 60 5f 5d 58 54 4d 4a 51 5c 64 67 68 69 6a 6b 4d 22 30 59 68 6a 6b 6a 6b 6b 6b 62 d 12 6a 6c 6c 6b 69 68 69 6a 6b 6b 45 11 31 65 6c 6c 6b 69 67 65 63 5b 4a 45 4c 53 59 5e 66 65
51 4e 4d 4d 58 63 67 6a 66 3b 20 41 61 69 6a 69 67 53 23 2c 5c 67 69 6a 6a 69 53 18 24 5f 69 6a 69 68 67 60 42 2a 40 5a 64 66 66 68 6a 68 4a 1e 2f 5a 66 6a 67 64 62 57 48 44 4a 53 5b 60 5e 5a
49 56 61 66 67 66 62 45 21 37 62 69 69 67 67 69 67 4d 26 2f 55 66 69 67 66 67 65 57 34 2a 4b 64 69 68 6a 68 58 2c 29 53 64 6a 6a 6a 65 44 1d 34 5f 69 6a 69 67 62 50 30 35 53 62 65 65 62 5b 54
63 60 52 40 37 46 5a 65 68 69 69 61 37 1b 3f 63 69 68 67 69 68 55 26 25 52 65 69 6a 69 63 35 1c 43 64 69 6a 66 56 2b 27 51 64 6a 6a 67 57 35 28 46 62 67 65 62 65 61 43 31 43 57 5f 61 61 60 57
56 5f 64 67 68 68 65 61 48 1f 35 63 6a 6a 69 68 68 68 69 5e 31 20 48 62 69 6a 69 67 69 69 62 3c 1e 3d 62 6a 6a 6a 69 68 66 52 27 28 55 69 6b 6a 6a 6a 69 62 45 26 35 5b 68 69 69 67 64 5f 54 4d
3e 36 4c 61 66 67 67 69 69 50 18 25 5f 6a 6b 69 68 67 5e 3b 22 3f 61 67 69 6a 67 65 57 2b 21 4e 67 69 69 69 67 64 55 2e 28 4d 64 67 68 69 67 67 59 2d 24 4b 64 69 69 67 60 57 49 3f 48 55 5e 5f
50 4a 4f 58 5e 61 65 67 6a 6b 6c 6b 37 11 45 6a 6b 6a 69 6a 6a 6b 6b 6b 58 d 1c 6a 6c 6b 6a 6a 65 64 66 68 6a 6a 6b 43 1d 36 5c 6a 6a 6a 68 67 64 61 5c 57 56 52 50 52 58 5c 5b 5f 60 61 60 5d
65 63 5f 59 4f 49 4b 50 5a 63 66 66 67 6a 6a 6b 6b 28 d 50 6a 6b 6a 6a 69 6a 6a 6a 5f 28 18 51 6b 6b 6a 68 66 66 68 69 6a 6b 4a 13 30 64 6b 6a 68 68 68 66 63 62 5f 51 40 47 56 5a 5f 64 65 64
63 65 65 64 61 5d 58 4e 44 47 55 60 64 68 68 69 6a 6b 6b 69 2b e 4c 6b 6b 6b 6b 6b 6b 6b 6b 6b 51 c 23 6b 6b 6b 6a 6a 69 69 6a 6a 6b 65 46 2b 39 57 65 66 68 68 68 68 65 62 5c 51 4d 50 52 56
61 5d 55 4c 44 4a 58 61 64 66 67 69 6a 6b 6a 31 10 46 68 6b 6a 69 69 6a 69 69 54 1c 22 5e 6b 6b 69 69 68 6a 6a 6b 66 2b 11 4b 6b 6b 69 69 67 65 62 63 60 56 49 44 4c 55 5d 63 64 64 62 60 5e 5c
5c 56 4d 44 4a 56 60 66 69 69 6b 6a 6b 69 d c 6a 6b 6b 6a 69 69 6a 6a 65 52 30 2f 4f 62 68 69 69 68 69 6b 6b 68 38 10 3f 6b 6b 6a 69 68 67 65 63 5e 4e 45 49 4d 57 62 64 65 62 5e 5d 5d 5b 55
59 62 63 64 65 63 5f 4b 2a 38 5f 69 6a 67 67 69 6a 66 46 22 34 5a 69 6a 69 68 69 67 5d 43 2c 3c 5b 68 69 69 69 6a 68 47 1e 33 5d 68 6a 6b 6a 6a 63 39 15 3d 69 6b 6b 69 66 63 60 51 3d 3e 50 5d
5f 59 4b 44 4a 56 62 68 6a 6a 6b 6a 6a 6a 6b 6b 51 c 24 6b 6c 6b 6b 6a 6a 6a 69 69 6a 6a 6a 69 47 26 38 57 67 69 69 6a 6a 6a 68 67 67 63 57 4d 4c 4c 51 5c 62 64 64 65 67 66 63 5e 59 56 56 56
61 63 64 64 62 60 5b 56 52 4e 50 5a 64 67 67 67 66 64 66 6a 5b 41 39 46 59 65 69 6a 6a 6a 6a 6a 6b 6a 6a 40 d 36 6c 6c 6b 6a 69 68 68 69 69 6a 6a 6b 6c 3c 12 3b 65 6c 6b 6b 6a 69 67 64 62 5c
4e 4f 54 59 5f 62 59 44 3a 4b 5c 61 65 66 5e 38 28 47 61 69 69 68 5a 27 24 55 66 6a 69 69 56 22 21 54 67 6a 6a 68 66 4f 1f 28 58 67 69 69 68 69 5f 29 1c 4c 64 69 69 65 63 5a 44 34 3f 57 63 63
55 4e 43 42 52 60 64 64 59 37 29 47 5f 66 68 61 41 24 3d 5f 68 67 5d 39 25 43 62 69 67 59 2d 24 50 67 69 68 54 28 26 51 65 68 67 5b 3d 27 41 60 65 66 5d 44 2f 3e 57 62 64 5e 50 3e 3e 4d 5a 5c
61 57 40 39 4d 5c 64 66 68 67 5d 2d 25 51 64 66 67 67 64 4b 28 36 5b 67 69 68 68 60 34 1d 43 63 6a 68 67 68 65 49 1f 31 5d 67 69 68 69 69 58 27 1f 50 68 69 67 68 66 5d 40 2e 45 5b 61 62 62 5f
63 62 5a 3b 2e 46 5d 67 68 65 58 2f 25 4b 62 66 67 65 58 30 26 4a 61 67 67 66 5d 34 23 45 5e 68 69 66 54 29 2b 56 66 69 66 4f 28 2d 56 68 6a 68 54 2e 28 4a 64 68 65 59 48 3d 3e 4f 5d 61 5d 53
41 4d 5f 63 61 55 34 30 4e 64 69 69 60 35 1d 41 63 6b 6a 62 40 1f 3a 61 69 69 61 43 27 39 5a 67 6a 65 4c 21 2f 5c 66 67 65 5a 36 27 49 61 67 66 60 4c 32 37 53 61 63 5e 55 4a 44 4a 52 57 59 57
49 42 4f 5d 64 66 66 69 6b 6a 68 51 18 25 62 6b 6b 6a 69 69 6a 6a 6b 56 1b 23 5d 68 6a 69 69 69 6a 6b 6b 64 20 12 57 6b 6b 6a 68 68 67 65 64 5a 40 40 52 54 5a 62 65 64 62 62 62 5a 50 4f 54 57
5d 50 44 46 52 5d 64 65 65 67 67 65 5e 3c 26 45 64 68 67 67 67 68 69 64 52 31 31 4e 60 68 69 69 69 68 68 66 31 15 49 66 6b 6a 6a 6a 6a 6a 57 18 1e 5f 6b 6b 6b 6a 69 68 65 51 2a 2c 55 66 69 68
5f 5a 4e 3f 40 55 63 66 67 69 68 69 64 3e 17 3a 67 6b 6a 68 67 69 6a 69 5a 27 1f 51 68 6b 6a 6a 69 68 5c 2b 22 52 67 69 6a 6a 6a 65 4b 1d 2c 5f 6b 6b 69 68 63 56 48 42 48 57 5f 5f 5f 5f 5c 58
60 62 58 47 3e 44 54 63 68 69 64 3e 21 3e 61 69 6a 69 5a 2b 24 50 66 6a 6a 67 51 1f 27 59 67 69 6a 69 66 4c 23 2b 55 66 68 68 69 68 58 25 22 51 65 69 68 66 63 5b 44 32 3f 55 63 65 61 5d 56 4d
63 66 67 68 65 61 5c 48 36 40 59 67 69 69 68 67 68 6a 6a 64 3d 1a 3c 66 6b 6b 67 62 62 66 67 69 6b 6d 41 14 39 65 6b 6b 6a 6a 6b 6a 69 4a 15 2d 65 6c 6b 6a 69 67 64 60 58 4f 48 49 4f 59 63 65
5b 58 4d 46 48 4d 56 5f 61 61 57 41 34 44 5b 65 69 67 4e 27 2d 55 67 6a 67 4b 22 33 5d 69 6b 67 52 1a 24 5f 69 6a 6a 63 40 1c 34 5f 69 69 68 63 43 25 37 59 65 67 66 5e 4d 3e 3f 4b 5b 61 5d 58
60 65 64 61 5e 58 41 35 4c 61 66 69 69 6a 69 69 59 1a 1e 5d 6a 6a 69 68 68 67 64 52 2e 2c 50 65 69 68 67 69 69 69 65 23 13 53 6a 6b 69 69 68 68 67 63 40 26 3f 5d 66 68 67 66 64 61 5c 53 45 46
5b 58 50 45 46 52 5c 61 66 67 66 5a 3d 26 3e 61 67 68 68 6a 68 59 2f 25 49 63 68 67 67 69 68 51 1f 24 56 67 6a 6b 6a 5e 2a 22 51 67 6b 6a 68 54 20 23 57 68 6a 67 62 59 42 3e 4b 57 5c 5c 5c 58
5a 5d 5f 63 65 65 63 5e 59 51 49 49 54 5c 62 68 69 69 6a 6b 6b 6c 3e 11 3b 68 6c 6b 6a 6b 6b 6b 6a 69 60 30 16 48 6c 6b 6b 69 69 6a 6a 6a 6b 6b 6c 36 c 41 6b 6b 6a 6a 6a 69 66 63 5d 56 51 4e
61 5e 58 53 4c 4b 50 58 5f 64 68 6a 6a 6b 69 2b 10 4c 69 6b 6b 6a 6a 6a 69 55 1e 24 5b 68 6a 6a 69 69 6a 6a 68 49 1a 2f 61 69 6a 69 67 64 66 69 6a 63 42 2a 3e 59 64 67 68 67 65 63 60 58 50 4c
60 62 64 67 67 65 64 64 58 43 3e 47 57 66 69 6a 6a 6a 6a 6a 6a 6b 54 24 24 55 6b 6b 6b 6b 6a 6b 6a 6b 6a 6c 6a c c 6c 6c 6b 6b 6b 69 68 66 64 62 58 4e 4d 4c 4e 59 62 65 67 66 63 61 60 5b 56
6a 69 69 68 65 5e 44 27 3c 63 6c 6b 6a 6b 6a 6a 6a 69 6a 6b 6b 69 28 d 4f 6d 6b 6c 6c 6b 6b 6a 68 68 67 67 65 58 49 44 48 51 5b 65 68 68 69 69 69 68 67 64 60 57 4a 4a 52 57 5f 64 64 65 67 65
5b 61 66 60 47 2f 3c 57 63 68 69 6a 5c 23 1c 51 67 6a 69 66 4f 23 2c 58 65 69 69 64 47 1b 32 62 68 69 68 64 51 2c 2e 51 61 62 63 65 66 63 48 27 34 55 63 67 67 64 5d 43 31 42 56 60 62 60 5b 4f
58 4e 49 4a 50 5b 65 68 69 6a 6a 6a 6b 6a f b 68 6b 6c 6b 6a 69 69 69 68 62 4a 3c 40 49 58 66 69 69 68 68 6a 6b 6b 6c 35 c 42 6b 6b 6b 6a 69 67 66 62 59 4d 4a 4f 53 57 5b 63 64 63 61 5d 5a
5b 60 63 66 68 68 68 68 66 62 56 48 41 4a 56 5e 67 6a 69 69 6a 6b 6a 6a 6a 6a 60 32 1b 47 68 6b 6b 6b 6a 6a 6a 6a 6a 6b 6b 6a 6b 58 20 25 59 66 6b 6a 6b 6b 6a 6a 69 67 63 5c 55 4d 49 50 58 60
64 62 4f 32 31 4d 62 68 69 62 3c 1e 3a 5d 68 69 65 4b 21 2e 5b 69 68 60 3c 25 3f 5e 66 65 5e 42 28 3c 5d 67 68 62 44 26 39 5b 66 66 62 4c 2c 31 52 63 66 64 59 3b 2b 47 5c 60 62 5d 4e 42 46 4e
66 64 5f 5a 51 48 47 50 5e 66 68 6a 6a 6a 6b 6b 6b 6b 42 b 33 6c 6c 6b 6b 6b 6a 6a 6a 6a 6a 6b 6c 38 b 3f 6c 6c 6b 6b 6a 6a 69 68 67 65 58 4c 49 4b 51 59 60 64 66 67 66 66 64 5e 59 54 54 57
63 65 66 65 63 5f 58 4d 43 46 58 62 65 68 69 68 6a 6b 6b 6a 43 13 34 66 6b 6a 6b 6b 6b 6a 6b 6a 6b 68 c c 6b 6c 6c 6a 6a 68 67 68 68 6b 6b 54 3d 3a 43 59 63 67 6a 6a 68 65 62 5e 57 51 51 54
5c 59 49 41 4c 5b 62 66 69 67 65 62 36 1f 45 62 69 6a 69 69 6a 69 5d 35 21 45 65 69 69 66 66 67 68 5f 3c 22 3f 62 6a 69 69 68 61 40 27 40 5d 67 6a 69 69 65 54 23 26 5a 68 6a 67 66 61 56 47 44
5c 60 61 5c 4e 43 46 51 5d 63 63 66 68 5c 39 2a 47 61 68 69 69 67 5b 32 26 4b 62 68 6a 69 6a 65 3c 19 3c 63 69 6a 6a 6a 66 57 2c 25 50 66 67 68 69 6a 6a 63 30 17 44 65 6b 6b 68 65 60 52 40 42
45 43 4e 5e 65 67 62 3f 21 3c 5f 69 6a 69 62 38 1f 40 5f 69 69 62 4a 2a 33 58 66 69 68 58 28 23 4f 66 6a 69 66 4e 22 2a 55 65 67 67 68 60 44 23 33 5b 67 68 68 69 5a 3a 2c 44 5b 62 65 62 59 4a
69 6a 6a 69 6a 6a 68 65 42 14 37 6c 6c 6c 6c 6b 6a 69 69 69 6a 69 69 61 3a 2a 44 59 67 6b 6b 6a 6a 6a 69 6a 6a 6a 69 56 37 2f 4b 65 67 67 68 69 6a 69 68 64 5c 55 51 50 52 59 5e 60 63 64 65 64
5e 65 68 69 6a 6a 6a 6a 6a 6c 3b c 3c 6c 6c 6b 6c 6b 6a 6a 6a 6a 6a 67 5a 3b 30 46 5b 67 6a 6b 6b 6a 6a 6b 6b 6b 6b 58 2c 20 4c 6c 6c 6a 6a 69 68 68 67 62 5e 54 4a 4c 54 57 5d 62 63 66 66 62
62 65 66 5c 43 2e 40 5d 66 69 6a 68 63 39 1c 3f 62 69 69 69 68 5d 31 25 4a 62 67 68 69 68 60 3a 1f 3e 61 69 69 67 66 60 4b 2d 35 56 64 68 68 69 69 5f 24 18 52 69 6b 6a 67 61 4d 3c 3e 4e 5d 62
62 61 5e 58 50 4b 4b 52 5c 63 68 69 69 6a 6b 6b 6b 35 c 41 6c 6c 6a 6a 69 69 6b 6b 6a 65 3d 18 3a 64 6b 6b 6a 6a 69 69 6a 6b 6b 6b 37 c 40 6b 6b 6b 6a 6a 68 66 62 5d 55 4c 4c 51 53 5b 62 63
4b 42 49 59 5d 5d 57 4b 3e 40 51 5b 61 63 58 34 2a 4c 62 66 66 57 2d 23 4f 66 68 63 55 34 29 4c 62 65 65 55 2c 28 51 65 69 64 4a 21 2e 5b 67 68 63 50 22 26 59 67 68 5f 48 31 3b 56 61 5e 57 53
4e 49 4e 54 5a 53 42 40 4a 56 5e 5a 4a 39 3e 53 62 65 51 2d 28 4c 65 68 5e 3a 1f 3e 62 69 5e 3a 1e 3d 64 69 62 40 1e 35 5f 68 5f 4b 2e 35 57 64 61 53 3b 36 4c 5b 5d 55 45 43 4d 54 51 51 4f 50
62 65 66 63 5f 56 43 3c 4c 5d 63 65 66 66 66 67 66 55 39 34 4b 60 65 64 63 63 66 68 68 63 46 24 36 5d 68 69 6a 6a 6a 69 5d 26 1e 53 67 6b 6a 6a 6a 6b 61 1c 16 5a 6a 6c 6a 68 65 62 5a 48 40 4a
5e 5c 59 50 47 49 51 5b 65 69 6b 6b 53 1f 27 59 69 6b 6a 6a 63 3d 20 3e 62 69 6a 6a 6a 67 48 18 2f 62 69 6b 68 67 69 69 5f 3e 22 3d 61 68 68 67 66 66 69 65 49 30 37 4f 64 67 67 67 62 5a 51 4c
4d 55 5b 60 61 59 45 32 3f 5b 67 68 69 60 2e 1b 49 66 6a 69 65 4e 27 2f 56 66 68 66 58 3b 34 4b 5f 63 61 5c 50 3a 3b 51 62 67 67 5b 32 26 4b 63 68 69 68 52 1d 27 5d 69 69 66 5b 48 38 3d 52 5e
4e 4e 58 62 68 67 66 62 64 6a 5b 36 2d 4f 66 69 6a 6a 6b 69 6b 6b 6b 64 d 11 6b 6c 6b 6b 6b 6a 69 69 6a 6a 6b 68 36 10 42 6b 6b 6b 6a 6a 69 65 63 61 5b 51 49 4e 53 58 5e 60 65 65 64 62 5e 59
5f 60 5c 50 3e 3f 51 5e 65 68 63 48 2e 39 57 67 6a 68 51 2a 2e 54 67 6a 6a 5f 31 1f 48 63 6a 6a 68 51 1e 26 58 67 68 67 67 62 49 21 2f 59 65 66 67 67 67 54 32 2a 46 60 67 67 64 5e 4e 3d 41 50
57 56 57 5c 5e 5f 60 5d 57 49 46 52 5c 63 68 6a 6b 62 33 23 4e 66 6a 6b 6b 6b 69 40 17 3a 65 6a 6a 69 69 6a 6a 60 2c 1b 4a 66 6a 6b 67 63 64 68 6b 6a 4c 22 31 57 64 6a 69 67 62 5b 57 58 55 51
4f 3e 38 4a 5f 68 69 67 5b 28 1f 4e 65 6a 69 69 52 22 26 54 67 6a 69 5d 38 24 42 60 68 69 64 4a 28 32 56 65 66 66 62 48 2e 39 54 62 66 66 65 51 2c 2d 50 64 67 66 61 56 43 38 45 58 5f 60 5c 57
5d 5c 58 4f 46 4a 56 60 65 67 69 6a 6a 6a 6c 46 c 30 6b 6b 6b 6a 67 65 66 68 6a 6b 6c 31 f 47 68 6b 6b 6b 6a 6a 69 5f 3e 1c 3c 6a 6b 6b 6a 68 65 63 5e 55 4a 47 4f 57 5e 61 63 65 63 5f 5c 57
62 65 63 5e 4f 3b 3a 4d 5f 66 68 6a 69 69 55 17 22 5f 6a 69 68 69 68 66 58 30 25 48 61 69 69 69 67 67 65 4e 20 2b 5b 68 6a 68 68 68 67 53 1c 24 5c 69 69 68 65 64 5e 4e 36 3a 55 60 63 62 5e 5b
4f 58 61 65 68 69 69 68 67 64 57 37 25 49 6b 6c 6b 69 68 69 69 6a 6a 6b 6d 31 c 46 6a 6b 6b 6b 6b 6b 6b 6b 69 45 11 31 67 6c 6b 6b 6a 68 66 64 60 59 4e 44 47 55 5e 62 64 66 64 62 61 5d 57 55
42 42 54 63 67 69 6b 6a 6b 5f 19 17 5d 6a 6b 6a 69 6a 6b 6a 63 20 14 57 6a 6a 6a 67 65 66 68 69 6a 3f 15 3c 65 69 69 69 69 69 65 5d 45 33 46 5c 62 64 64 5f 5a 5d 5e 5b 55 4d 51 56 57 5c 60 5e
54 4b 41 49 58 60 67 69 6a 6b 6a 6b 69 1f c 57 6b 6c 6b 6b 6b 6a 6b 68 4f 24 28 55 6a 6b 6b 6b 69 6a 69 6a 66 2b 11 4b 6b 6c 6b 69 68 68 67 67 5d 4d 40 40 51 5c 63 65 65 65 66 62 5a 51 4d 53
5c 60 61 5f 58 47 37 43 5a 62 64 68 68 5a 32 2b 4e 60 65 68 65 56 3a 34 4c 60 66 67 67 58 31 27 4c 64 69 6a 69 68 4e 1a 29 5c 68 6a 69 69 68 59 20 1e 56 68 69 68 68 65 5b 38 29 46 5e 66 66 62
4e 51 5a 63 67 69 6a 6b 6a 6a 69 66 43 11 35 6b 6c 6c 6b 6b 6a 69 69 69 6a 6a 6c 51 19 28 5f 6b 6c 6b 6a 6a 6a 6a 6a 68 60 46 2d 3b 5d 69 66 67 69 69 69 67 63 5f 54 4d 4d 4f 57 5d 63 67 66 63
55 59 5d 5e 5f 5e 55 48 43 4a 59 62 66 6a 6a 69 46 1b 33 5e 6a 6a 6a 69 66 48 1f 31 5e 69 6a 69 69 68 5d 2b 1c 4d 67 6a 69 69 6a 69 5d 2b 1d 4d 67 6a 69 68 68 66 5b 3f 31 46 5b 61 64 64 61 5b
58 5e 62 64 5c 3e 28 40 5c 65 68 68 67 52 20 25 58 67 67 66 64 55 37 2e 46 5f 67 68 66 58 37 29 46 5e 67 68 65 51 2f 2d 4f 63 68 68 63 4d 26 2d 57 65 68 69 66 50 1b 24 59 68 6a 67 63 4f 31 38
5f 62 65 64 59 42 35 43 5b 66 67 69 6a 69 58 29 25 51 65 69 6a 69 68 61 39 21 43 60 69 69 68 67 62 4d 2d 31 54 65 67 68 69 69 68 51 1b 27 5e 6a 69 68 68 69 69 58 2a 24 50 65 69 69 65 60 59 50
55 56 58 5a 5e 61 61 61 60 5f 5a 4e 44 49 56 60 64 68 6a 6b 6b 6b 55 15 23 64 6b 6a 6a 6a 6b 6a 6a 63 2a 13 4d 6b 6b 6b 69 66 66 69 6b 6b 6a 3f 11 36 67 6b 6b 6a 69 66 65 63 61 57 48 43 4b 58
4b 44 4a 55 61 65 67 68 69 68 50 22 2b 5a 69 69 69 69 69 69 62 3c 21 3e 5f 67 69 69 69 68 67 5c 2e 1f 4d 66 69 69 68 69 69 67 4e 1d 29 5d 69 6a 68 68 6a 68 63 41 22 3b 5e 67 69 68 65 61 58 51
51 5b 63 67 69 69 63 3b 1d 40 64 6a 69 69 69 6a 59 21 23 57 66 6b 6a 6a 69 62 3a 1d 40 64 68 69 69 6a 6a 66 48 21 33 5b 65 68 67 65 66 67 69 59 30 29 4d 62 68 67 66 65 62 52 46 4a 53 57 59 5b
44 3e 48 59 63 66 65 60 4b 2b 34 54 62 67 68 67 65 51 29 29 4f 63 67 69 68 65 47 21 30 58 66 69 68 64 4e 29 2b 52 66 6a 69 61 45 25 32 58 66 6a 69 66 49 1b 2c 5c 69 69 66 60 4f 36 36 4e 5e 62
54 5c 60 64 62 5b 45 31 3f 5b 63 66 69 6a 67 4b 22 2d 56 67 69 66 66 68 62 47 24 32 59 67 69 69 69 67 51 25 27 52 67 6a 69 68 5e 34 21 44 61 68 6a 6a 67 53 23 24 54 66 69 67 63 59 4a 41 47 53
47 4a 50 5b 65 68 68 69 6a 6b 6a 6b 46 c 30 6b 6b 6b 6b 6b 6a 6a 6b 6a 6a 6b 31 c 46 6b 6b 6b 6a 6a 6a 6b 6a 6b 66 45 29 35 55 6a 6a 6a 69 68 67 64 61 57 4e 4a 4e 54 5a 60 62 63 65 63 5f 5b
43 44 53 60 64 66 64 59 39 2a 48 61 67 69 69 61 43 26 38 5b 67 6a 69 65 4e 23 2c 5a 67 6a 69 69 64 38 17 3e 64 67 67 68 67 62 4a 24 32 59 64 66 65 67 68 66 4a 25 2e 54 65 69 68 65 5e 51 44 40
4e 4a 4b 52 5b 64 68 69 6b 69 43 14 34 66 6b 6b 69 6a 69 64 41 25 3d 5b 65 69 69 6a 69 60 3f 20 3a 62 69 69 69 69 69 67 53 25 2a 56 66 6a 69 68 68 6a 6b 58 26 24 52 66 69 69 68 63 5d 54 48 4a
66 61 58 51 4a 43 4c 5d 64 69 6a 6a 6a 6a 6a 6b 6b 6b 4b c 2b 6b 6c 6b 6b 6b 69 68 67 68 69 6a 69 6b 6c 3d 1b 3f 5f 68 69 6b 6a 69 69 68 65 60 58 54 52 54 57 59 5b 5f 62 64 65 60 5d 5e 5e 5c
3e 40 53 60 65 63 59 41 2e 41 5c 66 66 62 59 41 2e 40 5c 66 65 61 54 38 32 47 5b 64 66 67 5f 33 24 46 61 69 69 66 4e 22 2b 59 68 6a 65 42 21 39 5f 69 6a 65 44 1b 31 60 68 67 61 56 43 39 48 57
56 51 4a 48 51 5e 67 69 6a 6a 6a 6b 6b 6b 3d b 39 6b 6c 6b 6a 6b 6b 6a 69 69 67 57 39 31 43 5b 6a 6b 6a 69 6a 6a 6a 6b 6b 6c 36 d 41 6a 6c 6b 6b 6a 68 65 62 5e 55 4e 4b 4f 58 5d 60 62 64 64
49 48 52 5c 62 67 69 6a 6b 6b 6a 69 69 66 53 24 26 59 6c 6c 6c 6c 6b 6a 6a 6a 69 6b 69 6a 62 32 1e 49 64 6a 6c 6b 6b 6b 6b 69 69 6a 66 5d 53 45 40 4d 5b 64 67 68 68 68 66 66 64 5f 5a 55 54 56
58 5b 61 63 62 61 5c 57 4d 44 48 56 62 66 69 6a 6a 6b 69 33 15 47 67 6a 6b 6a 6a 6a 69 4f 17 27 63 6b 6b 6a 69 68 6a 6a 64 46 21 30 5d 6b 6a 68 66 66 69 68 69 60 3a 2b 47 5b 66 67 68 67 66 61
64 64 64 62 5f 56 44 3b 49 5d 66 68 69 68 6b 6b 6b 60 17 15 5f 6c 6c 6a 68 66 67 69 66 60 3f 23 3f 61 69 6a 69 68 6a 69 68 5b 23 1c 57 6a 6c 6a 69 68 69 6a 61 3c 25 41 60 67 68 66 65 64 61 5b
5d 58 4f 43 40 4d 5b 62 66 67 64 49 25 31 57 68 68 68 67 5e 3f 24 3a 5b 66 68 67 67 5f 2f 1d 49 62 67 69 68 5e 36 23 44 5f 68 6a 69 59 26 1f 51 67 6a 69 68 58 2c 23 4c 65 69 66 5f 55 45 41 4c
37 23 14 3a 62 4b 36 35 37 2a 15 32 62 4d 35 35 37 24 10 35 63 4c 32 34 38 26 11 35 61 4d 32 31 38 25 10 36 64 48 32 35 39 25 b 35 68 4b 32 33 36 23 14 3c 66 47 31 36 39 24 12 39 64 49 35 36
49 4f 58 5f 5a 45 3c 4a 58 5c 5c 57 43 35 46 5d 65 61 53 38 2e 45 5e 67 66 5c 36 23 3f 5f 69 67 5b 38 22 3f 61 69 66 52 2a 28 4f 67 69 64 4b 21 29 55 67 69 65 56 32 25 46 61 65 5f 58 47 3a 44
61 57 39 30 49 5d 67 6a 69 5f 22 18 52 68 6b 6a 65 46 1c 2f 5e 69 6a 69 5a 2b 1f 4a 66 68 68 67 5f 45 24 32 5b 68 69 67 63 58 37 2d 48 5c 66 67 63 5f 47 31 3f 5a 61 61 5e 58 4a 41 4a 57 5c 5c
5b 61 64 62 58 44 32 3d 59 66 67 67 66 5c 32 24 4a 63 68 68 69 67 61 48 22 32 5a 66 67 68 69 66 46 20 34 5c 68 69 69 67 58 2b 23 4e 66 6a 6b 6a 57 1f 23 59 69 6a 67 5e 4c 3e 42 50 5a 5e 5c 56
5c 57 51 49 48 52 60 68 6a 6a 6a 6a 6b 6b 6b 4a d 2c 6a 6c 6b 6b 6b 6a 69 69 6a 69 64 40 22 3d 5e 67 6a 6b 6a 67 66 69 6a 6a 6b 6c 43 1b 35 5d 6a 6b 6b 6a 6a 69 66 62 5b 54 4e 4b 4f 57 5e 62
62 5d 4d 40 43 50 5d 63 67 68 6a 6b 5e 2e 1f 4a 65 6a 6a 6a 6a 68 51 20 26 5a 69 6a 69 6a 6a 69 53 19 24 60 69 69 69 69 69 69 64 44 23 35 5c 68 69 68 66 66 67 62 50 34 37 53 61 63 66 65 62 5e
40 41 3e 3a 2f 2e 3e 3f 43 43 3a 38 33 2f 37 39 41 41 3f 3a 30 32 38 3b 39 3b 41 3d 35 30 38 3a 3f 42 38 33 33 32 3c 3e 3c 3f 3d 39 2d 2b 3a 3f 45 42 3b 38 2e 2e 37 3b 44 42 3c 3a 34 33 3c 3d
60 5e 58 52 4b 49 50 5b 64 68 69 6b 6b 6b 6c 3a d 3e 6a 6b 6a 6a 6a 6b 6b 6a 67 4b 11 2b 6b 6b 6b 6a 69 69 68 6a 6a 6c 50 d 26 6a 6b 6b 6a 69 67 64 60 5b 54 4e 4c 52 58 57 5c 62 63 63 60 5a
50 54 5c 64 68 69 6a 6a 69 69 67 62 57 3d 26 44 6a 6c 6b 6b 6a 6a 6b 6a 6a 6a 6b 6a 67 35 11 43 6b 6c 6b 6b 6b 6b 6a 69 69 6a 6a 64 54 43 40 4b 58 60 64 68 69 69 68 66 62 5f 5b 58 54 53 55 5a
