48 4d 58 64 64 5c 42 31 3c 54 64 68 69 5f 36 1c 3f 5f 67 69 63 55 2e 24 4a 63 68 6a 66 52 1e 21 55 68 69 68 5f 47 24 2f 56 64 69 68 61 55 2b 28 4e 5f 67 6a 67 5e 38 1e 3c 5f 67 68 63 5d 46 36
4e 50 56 5e 63 66 66 68 6a 68 61 47 2d 3b 5b 69 6a 69 69 6b 6b 6b 65 38 1a 44 66 6a 6b 6a 6a 6a 6b 6b 6a 5a 1a 1f 61 6a 6a 6a 6a 66 66 69 6b 6a 6b 5f 2e 1e 4d 66 69 6b 6a 69 68 66 63 58 4f 4d
60 62 55 41 3b 48 59 62 67 67 67 5f 35 22 44 5f 68 69 68 66 62 39 1f 42 5f 67 69 6a 67 59 28 21 50 65 6a 6a 69 64 38 1a 3e 62 68 67 66 68 64 57 26 26 57 62 63 64 68 67 5f 4e 2e 33 56 64 66 60
46 44 54 5d 60 66 66 67 69 6b 69 68 58 19 1f 60 6c 6b 69 69 67 66 68 6a 6a 68 56 20 24 5c 6a 6a 6a 6a 6a 6b 6a 6c 64 27 15 52 6a 6b 6a 69 68 68 67 61 5c 48 37 45 5b 62 64 67 67 65 62 5d 57 52
3c 3a 4e 5d 66 67 5a 4f 40 36 45 5d 69 69 64 42 1f 3c 60 66 61 5a 49 30 3f 5b 63 66 64 5a 28 1a 4c 65 6a 68 61 5f 5d 49 23 29 58 66 69 68 62 63 5a 2e 1c 44 61 66 68 66 5b 4f 41 39 42 54 61 60
5d 66 68 68 68 66 49 25 35 59 68 6a 68 67 69 6a 6a 5b 20 1d 57 69 6a 69 64 65 68 69 63 37 21 3f 5e 6b 6a 69 67 5c 40 34 49 60 69 6a 69 66 58 28 22 55 69 6b 69 65 5e 54 4b 4d 57 55 53 5a 60 5e
52 4d 40 45 5b 64 66 67 64 62 54 37 2e 45 62 67 67 66 63 65 66 56 23 23 57 66 69 6a 66 66 66 5a 23 1d 55 67 6b 6a 66 66 64 4d 1e 29 5c 67 6a 6b 67 67 67 53 1a 22 5e 69 69 69 65 60 5b 52 40 40
45 49 59 63 65 66 69 69 68 64 4c 28 30 58 68 67 68 66 67 69 6a 66 54 21 26 5c 6a 6a 67 65 62 67 66 67 5d 30 28 50 63 69 69 69 66 63 49 27 3a 60 6a 6a 6a 6a 6a 5e 33 1f 46 67 6a 6a 67 65 61 57
4e 54 5d 5e 54 48 37 40 59 64 64 62 53 36 2a 44 61 69 68 5d 3c 21 3c 60 69 68 63 43 22 34 59 67 69 65 52 25 24 53 68 69 67 59 2a 21 4e 66 68 66 57 36 28 47 5f 64 61 56 4d 43 43 4c 57 5d 57 50
66 68 67 61 5c 57 50 47 4b 59 60 63 68 69 69 6a 6b 69 68 67 62 50 2a 2f 5b 68 69 6b 6a 6a 69 68 6a 69 6a 6a 6b 6c 2c f 4d 69 6b 6a 6a 6b 6a 6a 69 66 64 5b 55 52 4c 4d 53 5d 65 66 65 66 67 62
4c 41 49 5b 60 61 60 61 64 5e 4b 37 3f 56 5f 64 68 69 69 65 42 1c 38 62 69 6b 6a 69 67 5c 32 20 48 65 69 68 6a 68 68 60 30 1c 48 65 69 6a 69 69 6a 69 54 1c 24 5d 6a 6a 69 67 66 61 54 3e 3a 4e
60 67 65 64 65 58 36 2f 4d 62 66 67 68 68 67 66 56 1e 24 5e 69 6b 6a 69 66 66 62 49 27 36 5b 64 66 66 66 63 63 63 5c 35 23 4a 65 6a 6b 6b 69 69 5e 1c 16 58 6b 6b 69 69 68 65 5f 3e 24 3f 5f 67
60 5f 5b 55 4a 45 53 5e 62 66 66 67 67 68 6a 6c 47 19 34 61 6a 6b 6a 6a 6a 6a 6b 6a 68 3a f 3d 6c 6c 6b 6a 69 68 6a 6a 6b 6a 6b 35 c 42 6c 6c 6b 6b 6a 68 64 63 60 5b 54 50 50 4e 51 5d 63 65
67 67 65 51 29 2c 52 65 6a 6a 68 66 66 58 1f 23 5a 67 6a 69 69 69 68 55 27 28 51 65 68 68 68 6a 5f 2e 1f 4b 65 69 67 65 5f 54 41 3d 4a 58 61 65 5e 47 43 5b 67 68 68 55 31 2d 4f 64 65 64 5e 57
4e 55 58 5e 60 60 5e 4d 43 4c 54 5a 60 63 63 5d 4c 3c 44 57 65 69 6a 68 5d 23 1b 55 68 6b 6a 69 69 4d 1b 2d 5e 68 69 69 6a 69 65 38 16 3d 64 69 69 68 69 69 69 59 2a 24 50 65 69 68 63 60 58 50
50 58 5f 66 67 64 5e 51 41 42 51 5f 66 68 67 68 68 63 48 28 36 5b 69 6b 69 6a 69 6a 65 3e 19 3c 65 69 6a 69 69 6a 6b 6a 5c 1b 1b 5f 6b 6a 68 66 65 67 6a 6b 6b 5c 1d 1b 5c 6a 6b 6a 68 66 64 5d
56 5e 62 65 64 63 63 5c 4f 44 41 50 62 63 62 65 66 68 69 6b 6a 53 1c 26 5c 69 6c 6b 69 69 69 69 67 59 2b 24 51 66 6b 6b 6a 6a 69 6a 6a 51 10 24 6a 6c 6c 6a 6a 69 68 67 60 42 29 42 5f 66 68 67
5f 5f 59 4c 3f 43 52 5f 66 68 66 66 5d 41 28 3a 5d 69 69 6b 67 68 58 1b 1c 59 69 6a 6a 6a 66 63 4c 24 2f 56 65 67 67 69 66 65 5e 35 1d 41 62 6a 6a 6a 68 68 61 35 1e 41 61 6a 69 69 5f 59 51 48
44 33 41 59 66 69 69 68 54 25 24 50 66 69 68 66 64 52 2c 2d 51 5e 63 66 68 65 55 32 28 4a 61 69 6a 68 5f 35 1f 44 62 69 6a 69 5e 30 1e 46 65 6a 6a 67 57 33 2b 49 61 66 64 5e 58 44 3e 4a 56 5b
5c 62 5f 5c 58 53 4f 52 58 5d 5c 5c 5e 5e 5c 5d 5b 57 50 49 4e 56 5e 62 65 69 6a 6b 66 2b 16 4f 69 6b 6a 6b 6a 6b 61 19 18 62 6b 6b 6a 6a 6a 6a 6a 68 28 e 50 6b 6b 6b 69 67 64 62 5e 55 44 3d
5f 5c 55 4b 44 4b 5a 65 69 69 6a 6b 6b 68 1b e 5f 6b 6b 69 6a 6b 6a 6b 4a 10 2d 6a 6a 6a 6a 67 67 6a 6a 69 50 30 2c 4b 67 6a 65 63 63 66 68 68 69 57 3b 38 4e 5b 5f 65 66 66 60 5c 54 50 56 59
4c 53 59 61 66 68 69 6a 6a 6b 62 27 16 52 6a 6b 6b 69 66 64 66 65 63 60 5e 47 2a 40 62 69 68 6a 6a 6c 6a 6b 65 29 14 50 6a 6b 6a 6a 69 68 66 67 5b 2c 27 57 68 67 65 66 67 66 5f 5c 5a 51 47 4d
60 64 66 65 66 67 65 65 5f 34 28 52 66 68 6a 6a 6a 6b 6b 6a 6b 63 1b 17 60 6a 6a 6b 6b 6a 6a 6b 6b 6b 5e 14 19 66 6c 6a 6a 69 67 68 68 67 68 61 50 41 3d 4c 5d 64 69 68 67 65 61 5f 5d 58 55 56
53 51 50 53 61 69 65 60 53 3c 3c 51 5f 69 6a 67 5c 42 36 49 5d 66 68 69 61 3a 26 47 61 67 69 6a 6a 66 4d 1c 2a 60 69 6a 6a 6a 6a 69 5f 23 1b 55 66 69 68 68 6a 69 68 51 25 2c 53 65 69 69 68 62
63 5c 4a 2f 36 58 66 66 69 69 64 47 1d 31 60 69 6a 69 69 62 3c 1d 3c 60 67 68 68 68 5e 2b 1e 4d 64 69 6a 69 5a 2a 21 4e 66 6a 68 63 50 34 34 4d 63 66 65 60 55 3e 32 46 5e 67 64 5d 52 49 4a 4e
50 55 5e 61 61 5f 60 5b 52 4e 4c 4c 56 61 61 62 67 69 69 69 5a 25 1e 53 68 6a 6b 67 64 63 67 66 5a 32 23 4a 65 6a 6a 69 69 68 67 58 23 1e 56 6a 6c 6b 6a 69 69 6b 5d 1e 17 58 6c 6b 6a 69 67 62
57 5d 5d 5c 5a 5b 5d 5c 57 57 52 4a 4c 56 60 63 66 68 68 59 38 31 4f 60 63 66 67 6a 68 5a 2a 23 52 69 6b 6a 6a 6a 60 19 1b 63 6a 6a 69 6b 6a 69 5e 14 18 64 6a 6b 6a 69 67 64 5e 47 34 40 57 63
5d 62 65 66 64 58 3b 36 51 60 63 64 64 66 67 66 53 30 31 53 63 65 68 6a 67 5b 2d 28 55 66 6a 69 69 69 69 4e 17 2a 62 68 6b 66 66 68 68 65 48 23 34 5d 67 66 67 67 6a 6a 6a 5b 2e 22 4b 65 67 68
5d 50 43 4c 54 59 61 66 69 6a 6a 6a 6a 6b 43 d 33 6b 6c 6b 6a 68 67 69 6a 6b 6b 69 36 13 42 67 6b 6b 6b 6a 6b 6a 69 64 41 18 38 69 6b 6a 69 6b 69 66 62 5d 4e 41 49 53 59 5f 65 66 65 64 61 5b
68 69 69 69 69 68 65 61 43 25 3d 63 6a 6b 6c 6b 6a 69 6a 6a 6a 6a 67 47 17 33 66 6a 6b 6b 6b 6a 69 68 69 6a 6a 6b 6a 52 2d 32 53 63 67 6a 6a 69 6b 69 65 62 5f 59 54 53 51 51 59 61 64 62 64 65
61 63 62 5e 4f 3e 37 48 60 68 68 67 61 60 56 43 32 3d 5b 64 64 64 63 67 67 66 27 f 4d 67 6b 6b 67 67 61 3d 1e 3b 60 67 69 69 67 63 50 29 26 4d 68 6a 68 68 66 64 4f 2d 2c 4e 65 67 68 67 5b 4e
50 58 5d 60 61 56 3a 31 49 62 67 67 67 5d 33 20 44 62 6a 6a 67 64 57 2e 23 49 64 68 69 69 64 45 1e 30 5a 69 6a 68 65 51 21 25 55 68 6b 6a 62 44 21 35 5e 68 6a 65 5e 47 35 40 51 5a 5e 5c 5b 59
5f 56 4d 4b 4d 52 5e 68 69 68 69 6a 6a 6b 6b 6c 44 e 33 6a 6c 6b 6b 6a 6a 6b 6a 6b 6a 6b 65 3b 12 3d 6d 6c 6b 6b 69 68 67 69 69 69 6b 6c 56 38 3a 4d 5a 62 67 68 69 68 66 66 60 5b 59 56 55 55
42 47 56 62 67 69 6a 69 6b 6b 6b 66 2b 11 4d 6c 6b 6b 6a 6a 6a 6a 6b 69 66 4a 15 2d 68 6c 6c 6a 69 6a 6b 6a 69 69 6a 66 3b 20 43 5f 68 6a 6b 6a 69 68 67 64 5e 52 47 47 50 59 5e 64 65 66 67 65
42 4b 5d 62 63 62 62 5b 3f 2d 45 61 67 66 67 67 63 47 22 34 5d 65 67 67 67 67 52 30 2e 4c 63 66 67 68 65 5b 3e 25 3c 5f 68 6a 6a 68 5a 27 23 50 65 68 6a 6a 67 4f 1b 25 5d 69 6a 68 63 55 46 40
5f 63 63 64 65 63 5e 4d 3c 40 52 64 68 69 69 69 6a 6b 6b 51 10 24 68 6c 6c 6a 68 67 67 6b 6a 6c 6c d a 6b 6c 6b 6a 6a 69 68 65 64 5a 40 39 4f 60 61 5f 61 68 68 62 62 5f 4f 4b 4f 56 5f 60 5e
49 47 50 57 5f 61 64 65 65 60 49 2d 3b 5c 67 68 66 5f 5f 62 55 4a 45 40 4e 60 66 67 69 69 66 45 21 39 60 69 67 67 67 69 6b 59 1a 1f 5f 6a 6a 6a 66 47 21 38 60 6a 6a 69 65 5b 3b 28 41 61 67 67
60 5e 54 43 3e 4f 62 66 65 5f 58 49 3a 48 5f 64 69 68 69 5c 27 1e 50 67 6b 6a 69 68 59 3a 30 4b 5d 63 64 65 67 68 6b 61 23 16 52 68 6b 6b 69 64 3f 26 42 61 6a 6a 69 62 46 34 40 51 5e 66 65 5f
61 66 68 68 6a 68 65 66 5e 3c 27 43 64 6b 6b 6b 6a 69 69 6a 6a 6b 6c 36 f 44 69 6a 6c 6b 6a 6a 6b 6a 6b 6b 68 33 10 44 6b 6b 6b 6b 68 67 65 66 67 63 5a 4e 3f 46 57 5f 62 66 66 67 67 65 5f 57
59 55 58 5b 5f 64 66 67 66 65 60 5b 53 4b 48 4a 59 65 67 6a 6a 6a 6b 6b 6a 6b 6a d b 6c 6c 6b 6b 6b 6a 6a 69 69 6a 6b 6a 47 23 31 56 6c 6b 6b 6a 68 66 66 66 63 5a 54 50 49 4f 58 5b 61 64 66
64 5f 58 4b 38 44 5f 66 68 6a 6a 6a 69 69 6b 69 6a 68 17 f 62 6d 6b 6b 6b 6a 69 68 69 69 68 6a 6a 5d 33 26 4a 62 69 6b 69 6a 69 67 66 64 65 61 59 4d 41 4a 5d 60 63 66 66 66 66 62 60 5f 5c 59
41 42 55 5e 50 3a 33 3f 57 5e 53 35 27 3d 5e 64 5a 3b 16 30 5f 65 57 39 22 38 5b 65 56 37 22 3c 5f 68 53 31 22 3e 60 65 54 3a 26 3d 5b 60 53 3f 30 3e 58 60 52 3d 2f 46 5d 5f 53 3a 36 46 58 59
62 5f 48 2e 32 4f 65 6a 66 60 38 1f 3d 5c 67 68 62 4c 20 2d 5b 66 68 60 3d 24 3d 5c 66 64 5c 3e 2b 40 59 62 65 5c 3a 2b 45 5f 65 64 5f 44 25 36 58 66 65 60 50 39 33 4d 5e 60 5d 55 4c 46 48 4e
65 64 63 5d 55 4c 45 4e 58 60 66 67 6a 69 6a 6b 6a 6b 54 1a 24 5f 6c 6b 6a 6c 6b 6a 6b 6a 6b 67 40 15 36 68 6b 6b 69 6a 68 67 69 6a 6b 6b 69 44 1f 39 5e 68 68 6a 6b 68 66 67 65 5c 53 4b 4e 52
58 5f 62 60 5e 5a 54 52 4f 4d 54 5b 5e 62 65 68 69 67 45 26 3e 5d 65 68 6a 6a 69 6a 5a 23 22 58 68 6a 6a 6a 6a 6a 69 54 18 23 62 6b 6b 69 68 67 6a 69 6b 60 1b 17 5e 6b 6a 6a 68 69 63 5b 50 4d
5f 52 34 3b 5b 63 67 68 68 6a 6a 6c 68 e d 68 6b 6c 69 68 67 69 6b 69 61 31 19 47 66 6a 69 69 67 67 68 69 60 47 2e 38 5a 66 66 66 65 66 67 63 5a 47 36 46 5f 63 63 63 63 60 5b 59 57 55 52 53
4c 42 30 30 41 4e 4b 46 3b 34 38 42 4e 4d 3e 2b 38 4c 49 40 2f 36 40 48 40 3c 37 33 43 4a 40 3a 36 37 45 4c 4d 3c 26 31 4c 53 4e 39 21 2e 46 55 50 3d 2c 2f 42 4c 49 3c 35 34 3e 4a 4a 46 3c 35
4b 46 55 60 60 62 62 63 64 60 55 42 3e 4f 5f 61 61 63 66 6a 6a 6c 67 22 13 56 69 6b 6b 6a 6a 68 63 3c 20 41 62 69 6a 69 69 69 6a 63 36 19 42 66 6c 6a 68 64 62 66 6a 6b 60 38 26 46 5f 68 6a 6a
68 65 63 5d 3e 27 45 64 69 69 69 6a 68 68 61 3f 1d 3a 65 6a 6a 6a 67 66 68 67 59 25 23 58 64 6a 6a 6a 67 68 68 57 1d 22 60 68 6a 69 69 68 68 67 53 24 27 5a 6b 69 67 66 63 63 62 59 42 3e 4f 58
60 63 66 64 5a 49 33 3b 59 65 6a 6a 69 69 5d 22 1e 59 69 6b 6b 6b 68 63 2c 15 4c 6a 6b 69 68 65 63 60 4c 34 3c 55 60 64 67 69 69 68 4d 24 2d 57 69 6a 69 69 67 5c 42 2f 40 5d 66 66 65 61 58 50
67 66 62 57 47 3b 44 58 62 67 69 68 6a 6a 6a 6a 4a 13 2d 66 6c 6c 6a 67 66 67 67 69 65 34 1c 47 62 6b 6a 6a 6a 69 68 68 4e 17 2a 65 6c 6b 6a 69 68 68 65 53 39 35 50 61 64 66 65 66 62 5b 56 52
5e 55 4f 51 4d 52 5d 64 66 66 68 6a 6a 6a 67 5b 3a 1e 41 6c 6c 6b 6a 69 66 67 67 6a 6b 6b 6c 29 b 50 6c 6b 6b 6b 6a 6a 69 6a 6a 61 39 17 3f 6b 6b 6b 6b 6a 69 68 65 61 57 4b 48 4c 52 5c 63 67
56 53 4a 49 55 5f 67 67 68 6a 6a 6b 6b 6a 50 d 27 6d 6c 6a 6a 6b 69 68 69 6a 6a 6a 5c 36 22 43 66 6b 6a 6a 6b 6a 6a 6b 6b 6b 52 1f 26 59 6c 6b 69 6a 69 67 66 61 59 55 4f 49 4f 5b 60 62 63 63
5e 5f 5e 60 61 5b 53 55 59 57 55 59 5c 62 68 68 5d 44 36 4d 63 67 69 6b 6c 6a 6b 4d 10 29 69 6c 6a 6a 69 69 6a 6b 6a 56 1a 20 5f 6c 6b 6a 67 64 65 68 69 6b 67 40 1c 3a 5f 6a 6a 69 69 65 60 5d
64 62 49 22 30 58 67 6a 69 68 4f 22 27 53 67 6a 68 64 49 1e 2c 59 67 6a 69 63 43 1e 30 5a 67 6b 67 64 46 22 34 59 65 67 64 57 42 33 42 5c 63 64 5d 4a 3c 43 56 60 60 60 58 43 37 48 5a 62 60 58
5c 5c 4e 41 4a 57 5e 64 68 6a 69 6b 4f 23 2d 59 69 6a 6a 6b 6a 6a 60 13 16 64 6c 6b 69 6a 69 69 6a 65 41 1e 39 5f 69 6a 68 65 65 68 6a 69 50 28 31 53 63 69 69 68 67 66 63 58 49 40 48 57 5d 63
63 5a 40 37 49 58 61 67 68 63 46 27 3a 5a 65 69 68 65 4d 22 2d 5b 68 69 67 68 64 42 1b 34 60 69 6b 67 66 65 59 35 2a 48 5f 66 64 66 68 66 45 1e 33 5c 69 68 69 69 5d 30 23 48 5f 69 6b 63 57 4e
5b 60 63 5e 4e 38 39 4f 5e 66 68 6a 6a 60 20 18 54 68 6a 69 69 68 56 28 24 52 66 6a 6a 69 61 47 21 34 5f 67 69 68 67 60 4d 33 35 50 61 65 64 66 69 67 4b 23 2c 57 68 68 69 67 61 53 42 3f 49 55
4b 4a 53 5f 66 68 69 69 68 6a 6c 5c 1b 1d 60 6c 6b 6a 6a 6a 69 6a 6b 64 3b 21 42 5f 66 6a 6a 68 68 69 6b 6a 6a 5b 19 1d 5f 69 6b 6b 6a 67 65 67 6a 68 5e 41 2d 45 60 64 65 66 67 67 64 5f 5a 55
66 64 63 5f 56 49 3e 45 59 66 6a 6a 6a 6a 69 6a 6c 69 26 d 52 6c 6b 6b 6a 6a 6a 6a 6a 6a 68 4e 1f 2a 5a 6b 6c 6a 6a 68 69 69 6b 6b 6b 46 e 31 6a 6c 6b 6a 69 68 67 62 5f 56 4c 47 4c 5a 62 60
56 5a 61 64 62 60 5f 5a 56 52 4c 4b 52 5a 61 65 69 6b 6a 6a 5e 28 1b 54 6a 6a 6a 6b 6b 6a 69 53 19 26 62 68 6a 6a 6a 6a 69 69 68 4d 1c 2b 5f 6b 6a 6a 69 67 68 68 6a 6b 4f 22 30 59 67 69 6a 68
50 60 65 67 68 5e 35 20 44 65 6a 6b 6a 69 5e 2e 1d 4a 66 6a 6a 68 66 58 33 26 47 60 69 6a 6a 63 48 22 31 5a 67 6a 68 66 51 2f 31 4f 61 67 68 67 65 49 28 32 55 65 69 67 66 5f 4e 3a 3c 4d 5b 60
55 57 5d 5c 5c 60 62 61 61 4e 38 41 55 63 69 69 69 69 6a 57 16 1f 63 6c 6b 69 69 68 68 65 4b 1f 2e 5e 69 6b 6a 6b 68 68 63 44 1e 36 61 69 6b 6a 6a 68 6a 64 3a 16 3c 67 6c 6c 69 67 64 5b 4f 4d
4c 48 4c 45 42 4e 5e 5c 41 30 3a 4f 5f 59 4c 3e 34 3d 56 60 50 40 30 38 59 64 59 39 22 3a 5e 67 5a 39 1d 38 60 67 5f 44 1d 2b 57 67 62 55 28 1b 4b 63 66 5b 40 27 3a 57 5f 5b 52 47 41 47 49 4f
64 65 5e 51 46 42 4c 5e 66 67 68 68 6a 6b 6a 4c 15 2b 65 6b 6a 6a 6a 6a 6a 6a 61 1f 16 5a 6b 6b 69 68 69 69 69 69 60 2d 1b 4e 68 6a 68 67 66 68 6a 6a 61 41 2a 40 5f 66 64 67 65 61 5d 5b 59 58
5a 5f 61 67 67 63 5d 57 4f 46 47 54 5f 65 69 69 6b 6b 6b 64 23 16 56 69 6b 6b 6a 6a 6b 6b 6a 54 d 21 6c 6b 6b 6a 68 66 67 69 6a 6a 67 3b 17 3f 66 6a 69 68 66 65 63 62 5e 56 51 50 4e 53 5c 5f
4e 31 3b 5a 65 67 69 67 64 54 2b 29 52 65 69 68 67 67 65 55 2a 25 51 66 68 68 68 67 5c 35 26 45 60 68 68 6a 65 56 27 25 55 65 69 69 6a 66 4b 24 31 59 66 67 65 65 62 56 3c 32 46 5c 65 63 61 5e
5c 57 50 4f 52 56 58 5c 61 65 63 65 6a 6a 4f 1f 31 5f 69 6a 68 68 69 6a 6b 63 21 17 57 67 6a 6b 69 69 6a 6a 68 58 1c 1e 5f 6b 6a 69 67 68 69 69 6a 68 43 1f 39 60 67 67 6a 66 65 65 61 5e 50 44
55 59 5c 60 64 67 69 69 67 66 62 5a 4d 44 42 4e 62 68 68 69 6a 6b 6a 69 6b 6a 68 48 24 36 58 66 6b 6b 69 69 68 68 69 69 6b 6a 6c 6c 1f b 5a 6c 6c 6b 6b 6b 68 67 65 63 5f 57 52 4f 50 55 5c 60
5e 5c 5c 5a 53 55 5e 62 65 66 68 65 61 5e 59 51 46 44 54 65 68 68 6a 6a 6a 6a 6b 6a 6a 42 c 34 6c 6c 6c 6b 6a 68 69 6a 6a 6b 6a 6b 6d 2f c 49 6b 6c 6b 6b 69 69 69 64 5e 5c 57 51 4e 4f 56 5e
64 4f 2b 37 5b 64 68 6a 6a 69 6a 63 25 17 54 67 6a 6a 6a 69 69 65 30 16 46 65 69 69 69 6a 69 65 5e 35 1e 48 65 66 66 67 68 68 67 5c 42 2d 3f 5c 65 67 6a 69 68 66 5e 44 28 3e 61 65 68 68 65 5f
65 66 68 66 63 5d 56 4d 4a 4c 4e 5e 68 6a 6a 69 6a 69 6b 6b 68 46 11 32 6c 6b 6b 6b 6b 6b 6a 6a 6a 6a 6a 6c 48 c 30 6c 6c 6a 6b 6b 69 67 66 66 67 67 60 4f 3c 41 52 5c 64 68 67 68 66 65 63 5e
4d 3e 3c 4d 5d 65 68 69 69 60 2a 19 4c 64 68 68 68 68 60 2e 1a 47 62 6a 6a 69 61 44 20 35 5d 67 6a 68 61 4e 2f 30 51 64 67 68 69 5f 3e 25 3a 5a 68 67 66 67 5d 42 30 3d 54 60 65 64 60 55 47 47
61 60 59 54 3f 31 4a 62 68 6a 69 52 21 26 55 66 6b 6a 63 3e 1e 36 5d 69 68 65 56 3d 30 41 58 65 67 68 5f 46 24 31 5a 67 6a 68 65 4d 25 2d 53 64 6a 6a 66 4f 2d 2e 4e 62 66 65 60 53 3f 3a 4c 59
59 5f 67 68 67 66 67 68 69 64 43 21 3d 64 69 6a 6b 69 6a 69 6a 6a 6b 68 47 17 30 63 6b 6c 6b 6b 6a 69 69 6b 6c 6b 61 22 15 56 6c 6c 6b 6b 6a 69 68 68 64 5e 56 49 42 48 56 63 67 68 67 66 65 61
60 63 62 61 5e 5b 53 41 41 53 5c 62 67 6b 69 69 64 33 1b 45 65 6a 6a 6b 6b 68 64 3d 14 38 66 6a 6a 69 68 69 65 5e 44 2e 3b 54 63 68 68 68 68 68 69 69 3e 11 36 66 6c 6b 6a 69 63 63 5e 4d 3d 43
47 4f 5c 63 67 69 69 6a 6a 6a 69 69 69 5c 32 1b 46 6d 6b 6c 6b 6b 6a 68 6a 6a 6a 6a 6a 66 57 3b 2f 43 5d 69 6b 6c 6b 6b 6a 6b 6a 6a 69 64 56 44 41 4b 56 61 66 68 68 6a 69 67 67 5f 58 56 55 59
65 66 67 64 63 64 59 43 38 4b 5d 63 67 6a 6a 6b 69 6a 6b 6c 62 e 13 6a 6d 6b 6b 6b 6b 6a 69 6a 69 66 58 30 28 4f 65 6a 69 69 69 6a 6a 69 69 6a 61 2e 1f 4f 66 69 69 6a 6a 68 65 63 5c 51 4b 4c
54 5c 60 64 63 5f 51 3f 3a 4d 62 67 68 69 6a 65 4b 25 33 5b 66 66 66 68 68 64 50 2b 2d 55 65 69 66 66 68 68 4b 20 2f 59 67 69 68 6a 68 60 27 1b 53 67 6a 69 6a 69 68 4d 16 2a 61 6a 69 67 66 5f
53 54 58 5c 5f 63 64 61 3b 1e 40 60 69 69 66 67 66 4f 1a 24 5c 69 6a 69 67 67 5f 31 19 41 65 6a 68 68 65 64 57 31 23 46 62 67 67 66 65 64 62 4a 23 2c 56 68 69 68 64 65 5c 3e 2d 42 5b 62 64 62
5f 5d 5c 59 4d 43 4e 5a 5e 62 67 6a 6a 69 4f 21 2d 5a 69 6b 6b 6a 6a 66 3f 1a 3c 64 69 6a 69 6a 6b 6a 57 1b 1e 5c 6b 6a 69 63 61 66 69 6a 66 3d 1d 3b 5f 69 68 67 66 64 62 60 5b 4c 46 48 52 5d
67 67 66 63 5b 4c 39 40 58 63 67 69 69 69 6b 6b 69 5a 1b 1f 60 6c 6c 6b 69 69 69 6a 67 50 24 29 5a 6b 6b 6b 6a 6a 6b 6a 69 65 1c 11 5d 6b 6c 6b 6a 69 67 66 64 5a 49 45 47 4f 5c 65 68 67 64 61
45 46 50 59 63 67 64 52 31 2a 48 62 67 68 67 5d 41 25 3a 5d 65 65 66 61 50 32 2d 4b 5f 65 68 67 54 34 28 44 61 6a 6a 64 52 22 26 54 64 69 6a 67 46 1d 2e 5a 69 68 68 63 52 32 2b 4c 60 64 64 5e
68 67 68 69 6a 69 66 60 59 4c 3d 3c 55 68 6a 6b 6b 6a 69 6a 69 6a 6b 6b 6b 44 c 34 6d 6c 6b 6b 6b 6a 6a 6a 6a 6a 6a 6a 67 4b 2f 39 52 64 68 68 6a 6a 6b 69 66 62 5c 57 55 53 55 58 58 5c 61 63
62 64 66 66 63 60 59 51 46 40 50 65 67 64 65 69 69 6a 6a 6b 69 22 f 57 6a 6b 6b 6a 69 69 6a 6a 66 45 1d 37 61 69 6b 69 6a 69 69 6b 6b 6b 5d 21 1a 57 6b 6c 6b 6a 69 67 65 64 63 57 45 42 4f 59
5b 58 51 49 49 54 60 67 69 68 6a 6b 6b 6c 27 d 52 6a 6c 6b 6b 6b 6b 6b 6a 5c 1c 1b 5c 6c 6b 6a 69 68 68 68 69 6a 67 4c 24 31 59 67 6a 68 67 67 67 66 64 5f 57 48 41 4e 59 5f 66 65 63 63 60 5d
56 61 66 67 67 69 6b 6a 6c 59 11 1e 68 6c 6b 6b 6a 66 64 66 69 67 5f 46 2b 3f 61 68 68 68 67 68 69 6a 67 57 20 28 62 68 6b 69 68 68 69 6a 64 4d 25 30 5e 6b 6a 68 68 69 66 62 5e 51 43 44 55 5f
58 49 39 46 5b 62 65 62 53 33 32 4d 60 67 69 67 44 1c 32 5e 69 6a 67 4e 27 2c 53 64 6a 67 5c 39 22 3f 5f 69 68 67 5c 38 25 40 5e 66 67 68 64 42 20 36 5c 68 68 67 5d 42 2e 3a 55 63 64 61 56 4d
63 65 58 40 34 46 5d 67 6b 6a 67 5f 42 28 3e 62 69 66 5c 53 58 60 60 55 3e 3d 4e 5b 65 69 69 69 65 31 18 47 67 6b 68 69 6a 60 28 1b 50 66 6a 69 69 6a 5e 26 1c 52 66 6a 6a 65 5b 4c 47 4b 4d 53
68 68 68 69 69 68 65 43 17 37 69 6c 6b 6b 66 62 63 66 68 6b 67 68 59 1c 24 60 6a 6b 6b 69 68 68 69 6a 66 54 28 2b 59 67 6c 6b 68 67 69 68 65 5d 3f 2e 4b 61 66 68 67 66 65 63 60 5b 55 53 50 4e
5f 5f 5f 61 60 5b 55 4e 4a 4b 56 61 64 68 68 6b 6b 6b 5b 18 1c 61 6b 6a 6b 6a 69 6a 6b 6a 51 17 25 62 6b 6a 6b 69 67 68 6a 6a 6b 63 24 16 56 6a 6b 6a 69 66 65 65 60 5d 5b 4e 46 4b 53 5c 64 66
59 62 66 68 67 66 62 4b 21 31 5f 69 68 68 69 69 6a 65 47 20 32 5c 66 68 68 68 68 68 67 52 2a 29 51 66 69 66 66 67 69 6a 4d 18 2a 60 6a 6a 69 69 67 5c 3c 24 3e 63 6a 6a 67 66 5d 4f 45 49 57 59
4d 52 5d 64 67 69 6a 6a 69 68 63 5b 42 27 3e 63 6c 6c 6b 69 68 67 68 69 69 69 6b 6c 2a d 4f 6b 6b 6b 6b 6b 6b 6b 6b 6a 69 56 2e 28 51 6d 6c 66 65 6a 67 65 64 63 5c 53 4e 4f 53 58 5f 63 63 63
5a 53 4c 4a 52 5c 60 65 68 68 6a 6b 6a 6a 6b 6c 45 c 32 6c 6c 6b 6b 6a 68 65 64 69 69 6a 6b 6b 6c 2e 12 4c 66 69 6b 6a 6a 6a 6a 69 66 5d 50 4c 51 55 59 5f 60 63 60 60 66 63 5e 5e 59 57 59 5b
57 4a 40 44 54 60 65 68 69 69 69 69 55 19 20 5f 6b 6c 69 68 68 68 69 67 34 15 45 66 69 6a 6a 69 69 65 43 1c 35 61 6b 6a 69 6a 68 66 57 2d 23 4e 6a 6a 6a 67 63 57 48 48 53 56 58 5d 5e 5e 5b 56
54 5b 60 63 62 61 4f 32 3a 5b 64 63 63 65 67 66 49 26 34 58 67 68 68 69 6a 57 26 29 57 65 68 69 69 68 60 34 1d 46 64 69 6a 69 63 50 2d 32 56 66 6a 6b 6a 63 3c 19 3b 66 6a 67 65 63 5c 4d 42 49
32 3c 59 64 67 69 69 6a 64 2b 16 4b 66 6a 6a 6a 6a 68 51 19 23 5d 68 6b 69 6a 69 63 41 1d 37 62 68 69 68 69 67 61 3c 1f 40 64 67 66 65 62 60 60 56 41 38 49 5d 63 66 65 61 5a 4a 40 4b 58 5c 5e
55 61 67 67 69 69 67 4d 1f 2c 5d 6a 6b 69 65 67 6a 6b 5f 28 1e 51 67 69 67 64 61 60 63 65 5e 4d 35 39 53 5f 64 66 67 69 6b 68 4d 19 2d 63 69 6b 68 68 6a 63 3b 1d 3e 63 6a 69 66 66 61 57 4c 4b
5f 59 4d 43 44 54 60 63 65 68 6a 68 69 64 36 16 43 69 6a 69 69 69 68 66 64 57 25 25 5b 69 68 6a 6a 6a 69 69 53 17 24 60 6a 6a 6a 6a 69 68 68 57 1b 1e 60 6a 6a 69 67 64 63 62 5d 45 35 47 5b 61
60 64 62 5b 41 2f 44 5a 65 67 69 6a 5e 2d 21 51 66 69 69 69 68 50 22 2a 55 65 67 67 68 67 62 41 21 3b 5d 68 68 68 67 5f 45 2c 3a 56 66 69 69 68 5a 2c 25 52 67 6a 69 69 5d 3b 27 42 61 67 69 62
63 62 57 4c 47 47 51 5d 65 67 69 69 6a 6a 6b 63 1c 12 5c 6b 6c 6b 6a 69 6a 69 68 62 25 1c 56 67 69 6b 6a 68 65 67 6a 6a 69 50 1b 2a 60 69 6b 6a 69 68 64 62 64 5d 51 46 44 51 5e 61 62 65 64 62
51 53 57 5e 61 62 5c 4b 3f 42 54 65 67 68 65 43 24 3d 61 69 6a 69 68 4c 1e 2e 5d 68 6a 69 68 66 44 1c 35 60 6a 68 6a 69 68 59 25 1e 53 67 68 68 65 66 69 65 50 2c 2d 4e 64 69 67 67 63 58 49 44
4d 4c 53 58 5d 65 6a 6b 6b 6a 42 13 35 65 6b 6b 6a 6a 6a 6c 69 3a 13 3e 66 69 6b 69 68 6b 6b 6a 57 10 1e 68 6c 6c 69 63 53 4e 5e 67 68 62 4f 3f 3b 4b 5d 68 6a 64 5e 60 60 5a 4d 44 4e 5b 5d 5e
69 69 66 5c 53 43 36 46 60 68 69 69 69 67 6a 6b 6a 55 1a 21 5f 6b 6b 6a 69 66 65 68 68 6a 6c 52 19 28 60 6b 6b 69 69 69 6a 69 5e 25 1a 56 6c 6c 6a 69 66 63 62 5f 55 49 43 4d 5a 5f 64 65 62 60
5a 5d 61 5e 57 4f 49 49 51 5c 64 68 6a 69 65 43 21 3b 64 6a 68 64 5a 58 5b 5d 59 52 46 40 4e 5f 63 68 69 68 68 3e 13 3c 67 6a 69 6a 6a 6a 61 19 16 5e 6a 6b 6a 68 68 65 5e 36 25 49 60 68 68 65
57 59 5e 60 62 63 62 5c 4b 41 49 54 5f 64 66 67 69 6a 6b 53 1e 29 5d 69 6b 6a 6a 6a 69 67 50 1f 29 5d 6a 6b 69 67 68 69 69 65 42 1a 35 66 6a 6a 67 65 66 68 69 6b 64 39 1e 42 64 68 6a 6a 67 5f
57 5e 5f 5c 55 49 44 4d 59 62 65 66 69 67 4a 1f 33 60 68 69 69 6a 68 5f 3c 29 44 5a 64 68 6a 6a 68 5d 31 1f 48 65 6a 6a 6b 6a 62 27 18 52 68 6a 6b 69 67 51 27 28 51 68 6b 69 64 59 4d 48 49 4f
5c 59 57 57 54 4f 53 5d 64 65 63 5e 4f 38 3d 59 65 67 6a 6b 69 4e 21 30 5e 69 6b 6b 6b 66 3d 1c 3f 65 6a 69 68 69 6b 6a 5c 28 1c 4e 68 6a 69 68 65 64 6a 6a 5b 32 2a 4a 60 68 69 68 63 5f 56 53
64 67 66 65 66 64 52 3b 37 4d 65 68 69 69 6a 6a 6a 6b 6b 4a c 2c 6c 6b 6b 6b 69 66 66 67 6a 6a 6b 6c 21 b 57 6c 6b 6a 6a 68 68 67 64 5c 50 4a 4e 52 58 5e 61 63 63 62 63 5e 5b 58 56 56 57 5c
5f 5f 53 36 36 57 67 6a 69 6a 68 63 30 1c 4e 67 67 67 68 6a 68 5c 30 27 4e 64 6b 6a 68 66 5b 33 26 4a 63 6a 69 68 66 61 3c 23 43 62 66 67 68 68 65 60 2d 1d 4d 64 6a 6a 68 68 67 5d 39 2c 47 5d
68 65 63 5f 50 34 38 59 67 68 6a 6b 6b 6b 69 6a 6b 6a 6b 3a d 3d 6c 6c 6b 6b 6b 6b 69 6a 6a 69 6a 6a 68 44 24 38 59 68 6a 6b 6a 6a 6a 67 65 65 5f 57 4c 48 54 5b 5b 60 63 63 65 64 64 63 5d 5a
64 67 64 57 32 2b 4d 63 69 69 69 69 55 2b 2b 51 65 69 67 64 5e 41 2c 41 5d 68 69 65 53 33 35 53 63 67 68 67 59 29 22 4f 66 6a 69 67 63 58 35 26 47 62 66 68 68 69 66 4f 21 2a 5a 65 68 69 66 5b
50 4e 53 5b 62 63 62 60 60 56 40 39 4c 5d 66 68 68 6a 69 68 5c 29 1b 50 69 6b 6a 68 67 68 66 56 28 25 54 65 6b 69 69 69 6a 67 48 1c 2f 5e 68 6b 69 69 6a 69 69 51 14 23 64 6b 6b 6a 67 63 60 58
5c 5e 5b 59 5b 58 4e 4d 57 61 62 59 4d 4b 57 63 69 64 59 45 35 46 60 69 6a 6b 6a 60 20 1a 5b 69 6b 6a 6a 6a 6a 49 10 2d 69 6a 6b 67 69 69 6b 66 2c 18 4b 65 6a 69 67 64 64 62 5f 57 3e 33 4d 61
5b 59 53 50 5a 63 66 62 5e 5d 57 57 55 51 50 52 5c 61 64 61 56 59 64 6b 6b 6b 67 30 11 47 6b 6c 6c 6a 69 60 3e 37 56 65 6a 6a 6b 6a 6b 67 21 f 55 6b 6b 6a 66 62 64 68 67 58 45 43 4b 57 60 61
53 4f 51 52 50 45 45 54 5f 61 5c 4e 2f 30 53 63 65 63 4a 29 2d 52 65 68 65 57 1f 1e 51 66 69 64 4f 24 23 4e 65 67 63 57 38 24 3e 5e 65 65 59 3f 2c 3c 57 63 64 5e 49 34 39 50 5c 5f 5f 53 42 41
5f 5d 50 47 41 46 54 61 65 64 63 57 41 33 40 58 63 66 68 64 56 38 2d 45 5d 64 66 65 66 63 46 21 33 59 67 6b 6b 6b 5c 20 1a 53 68 6b 6b 63 40 1d 34 5e 69 6a 68 5d 3c 23 3b 5c 68 6a 64 5b 45 38
5a 60 62 5f 5b 4f 48 47 4f 5c 62 62 65 66 63 57 3f 36 4e 62 63 65 64 60 5e 5b 50 4b 49 4e 58 5c 5a 5e 65 6a 6a 6c 61 12 14 63 6a 6c 6b 6a 69 5c 19 1e 62 6a 6c 6a 6a 6a 66 49 18 2d 65 6a 6a 65
48 42 4e 58 5b 60 65 67 64 43 25 39 5a 66 6a 69 6a 5c 26 22 54 65 6a 66 5a 3a 39 56 5f 64 66 5d 3b 2a 4b 63 6b 69 69 5f 2a 21 51 63 65 65 66 66 65 53 2a 2b 53 62 67 69 67 64 52 35 39 53 5e 61
5f 5e 56 40 3a 50 5c 63 65 66 65 67 67 5b 25 20 57 67 6b 69 6a 68 69 68 50 18 23 60 6a 6b 69 68 69 69 69 56 15 20 63 6a 6b 69 6a 67 65 60 35 1b 43 66 6a 6b 6a 69 64 5e 54 3d 31 48 62 66 68 64
45 49 58 63 68 69 6a 6b 6a 6b 64 11 10 67 6c 6c 6a 69 69 6a 69 66 4a 2d 3a 58 64 68 66 66 66 66 6a 68 4f 27 34 5c 64 68 6a 68 67 6a 6b 6b 60 2f 1d 4c 65 69 6a 69 67 67 61 5b 59 4d 45 4e 5c 60
5b 61 5d 5d 5e 58 4f 47 48 54 63 6a 6b 6a 6b 64 29 19 51 68 6b 6b 6c 6a 67 41 1c 3c 64 69 6a 69 6a 6a 6a 68 47 16 30 64 6a 6a 69 66 65 67 69 69 51 28 30 57 67 66 66 65 64 5e 5c 59 53 4f 4d 53
43 49 54 5a 5c 60 60 57 3f 34 44 59 65 68 68 65 49 21 2f 56 64 67 69 67 5d 3a 1e 3b 61 6a 6a 68 64 52 20 25 56 66 6a 6a 68 5d 2d 1f 47 62 68 68 66 65 4d 21 28 56 67 69 68 63 56 40 34 45 59 60
58 56 58 60 60 5e 5d 58 55 50 41 4c 60 5d 59 5b 63 68 6a 6c 64 1f 13 57 68 69 67 60 5e 62 64 65 65 47 1d 36 63 68 67 68 68 67 60 45 2c 3b 5c 6b 6a 6a 69 52 24 2e 5d 6a 6b 6a 68 5c 43 36 4a 5f
44 45 55 5f 65 64 59 41 31 40 5a 65 65 66 62 47 25 31 58 67 67 68 5f 35 24 41 5e 68 68 63 51 2d 30 53 65 69 67 55 31 2a 4a 64 6a 68 58 31 27 49 63 69 6a 5f 40 25 3c 61 68 66 62 57 3c 38 49 56
56 60 67 66 5b 3f 2c 40 5b 66 6b 6a 68 4d 24 30 57 66 6a 67 57 32 30 51 63 68 64 5f 44 2b 3c 58 64 6a 6a 62 4a 29 2f 54 66 6a 6b 66 47 20 31 5b 67 6b 6a 61 3f 1e 39 61 68 69 63 57 4c 3f 44 52
4c 41 4c 5b 61 64 64 68 6a 6a 6b 64 2c 12 4b 6b 6b 6b 69 68 6a 68 69 64 29 17 52 69 6a 6a 6a 6a 69 6a 67 5c 33 22 4a 66 69 69 69 6a 6b 6a 66 47 1a 32 63 6b 6b 6b 68 65 61 5c 4f 46 4c 55 59 5d
4d 4a 4c 55 5a 5c 52 45 41 49 55 5d 62 5f 4c 32 30 51 66 69 66 5a 2d 1e 47 64 6a 69 5c 34 22 47 65 69 66 57 2c 24 4a 63 68 68 5d 2e 1f 46 61 68 68 60 3d 24 3d 5a 66 64 5c 45 32 42 56 5d 5e 5a
