44 4f 5e 66 68 6a 6b 6a 69 69 69 69 65 42 13 36 6b 6c 6b 6b 6b 6a 6b 6a 69 69 6a 68 62 45 26 38 5b 68 6b 6a 6b 6b 6b 6a 6a 6b 69 64 55 41 39 49 5d 63 65 67 68 68 68 66 62 5e 5a 58 56 52 51 59
5a 61 64 64 63 4f 2a 31 59 68 68 66 65 63 56 33 2e 4d 5e 65 65 63 67 67 5e 38 21 41 60 68 68 69 68 68 56 27 25 52 66 6a 69 68 61 36 21 46 62 69 6b 69 60 3d 20 3f 64 68 69 65 5f 47 39 48 56 5d
4e 3d 3c 50 5d 64 69 69 62 2e 16 46 66 6a 6a 67 52 20 28 5a 66 69 67 60 45 22 35 5e 66 66 67 62 50 30 30 4f 61 68 68 66 5c 3e 2a 3f 5c 65 67 68 5c 37 28 49 62 69 68 5d 4c 40 3f 4b 58 5e 61 5c
49 57 64 68 69 60 3f 25 41 61 67 68 68 63 50 2a 31 58 66 69 6a 67 62 3d 1b 3b 63 67 69 6a 69 68 4e 1e 29 5b 69 6a 68 68 64 50 2a 2d 53 64 69 68 68 65 51 23 29 59 69 69 68 65 5e 4a 33 3d 58 60
5e 64 68 67 63 5e 51 37 2c 4d 6a 6a 67 66 66 68 69 65 41 22 3b 5b 66 69 68 68 68 68 64 42 24 3d 5e 66 67 68 69 69 6a 67 3a 15 3e 65 6a 69 68 69 6a 6a 63 33 15 41 68 6b 6b 6a 68 63 5c 54 47 46
4f 54 57 51 4c 4c 4f 53 5b 60 5c 4e 3f 39 4c 61 65 66 63 4b 28 31 58 66 69 65 50 28 2b 57 67 69 67 50 26 29 55 68 6a 66 51 24 29 59 67 69 67 55 26 26 56 67 67 64 58 36 29 4a 64 67 62 5a 48 3f
5e 65 69 6a 6a 6a 6a 69 67 63 57 3e 26 41 69 6c 6b 6b 6b 6a 6a 6b 6a 6a 6a 6b 6a 44 1d 35 5b 6a 6b 6c 6b 6a 6b 6a 6a 6a 6a 68 59 43 3b 49 56 5b 65 6a 6a 6a 68 68 67 63 5d 57 51 51 52 57 5f 61
62 62 5c 51 43 46 53 5e 63 66 66 67 69 6b 65 36 18 42 66 6b 6b 6a 69 6a 69 66 45 18 32 63 6a 6b 68 68 69 6a 6b 69 51 1a 24 5d 6b 6b 69 68 68 69 69 69 62 3d 28 42 5b 64 67 69 67 64 61 5e 56 50
50 5a 60 65 69 6a 69 6a 4f 14 26 60 6a 6b 68 68 68 69 69 5c 2d 1d 49 66 6b 6a 68 66 67 66 5d 39 25 42 60 6a 6a 69 68 68 67 53 21 25 58 69 6a 69 67 66 66 64 56 38 32 4b 5d 65 67 65 63 61 5b 52
5b 51 3d 3a 50 61 68 67 63 4e 2a 2e 53 65 67 68 66 54 26 24 55 67 68 68 60 3c 26 40 5c 66 67 61 44 2b 3b 5a 67 68 66 52 2a 2c 54 67 67 67 60 36 21 46 63 67 67 63 48 31 3d 53 60 63 63 58 45 41
52 56 57 59 60 64 65 64 5a 3d 33 4a 5d 67 6a 6a 69 57 34 36 54 62 67 6a 6a 67 55 28 24 52 69 69 66 66 6a 69 6a 56 1f 22 57 69 6a 68 63 62 67 6a 6b 5a 25 1f 51 67 69 69 67 63 5e 56 51 52 53 53
65 65 60 5a 57 53 51 53 57 5c 61 65 69 6a 67 67 67 65 61 59 3f 39 4d 5c 66 67 69 69 6a 6b 6b 6a 6b 6a 69 58 21 21 58 69 6c 6b 6b 6a 6a 6a 69 69 6a 6b 6a 5d 30 26 4b 62 69 6a 6a 6a 69 68 67 64
56 51 4c 4b 52 5c 64 68 69 68 68 6b 6c 50 17 29 61 69 6c 6a 6a 6a 6b 6b 6b 5d 1e 19 58 6b 6b 6b 69 67 67 68 69 6b 6b 65 2e 15 48 69 6b 6b 69 69 68 67 63 5b 56 4c 46 4e 56 5c 62 63 62 63 62 5e
60 65 69 69 69 68 67 62 5a 4e 43 42 4c 5c 69 6b 6b 6b 6a 6b 6a 6a 6b 6b 6b 48 f 2e 68 6c 6b 6b 6b 6b 6b 6a 6b 6a 6a 69 65 4c 30 39 53 62 67 69 6a 6b 6b 69 67 64 5f 56 51 4f 52 57 5a 5f 62 65
52 52 4d 4d 59 61 65 65 5c 45 2f 40 5d 66 69 69 6a 60 32 21 48 65 6a 6a 69 5b 3b 2a 43 5f 68 69 69 69 61 3d 1c 39 63 69 6a 68 67 68 61 44 27 37 59 65 68 67 68 69 69 58 2a 24 4e 65 68 68 67 60
62 5f 4c 31 36 53 64 69 69 66 42 1f 37 5c 69 6a 67 57 2b 21 4c 67 6a 69 64 47 1d 30 5e 68 6a 69 62 46 1d 2f 5e 68 67 66 64 59 36 27 45 5f 66 68 65 60 4c 32 37 52 60 65 63 5c 4c 3e 44 57 5e 5b
64 62 62 5d 53 4e 4b 4d 55 5d 64 67 6a 69 6a 6b 6b 6b 43 b 32 6a 6c 6b 6a 6b 6a 6a 6a 6b 6b 6a 3b d 3a 6b 6c 6b 69 6a 69 69 6a 6a 6c 6a 45 24 34 54 6a 6a 69 69 69 66 63 60 59 51 51 53 56 58
5d 62 65 67 67 65 61 50 2e 32 58 68 67 67 65 63 67 69 69 69 50 26 2c 55 66 68 69 67 65 66 68 67 54 31 2c 4b 65 6a 6a 69 6a 6a 69 4f 16 27 62 69 6b 6b 69 69 68 65 51 2d 30 52 65 69 68 66 65 60
57 40 38 49 5a 62 68 6a 6a 68 69 5c 20 19 54 6a 6b 69 68 67 66 65 4c 25 31 57 65 69 68 67 68 65 63 4b 21 30 5d 68 69 67 66 67 66 63 52 2d 2b 52 67 68 68 66 67 66 67 60 2d 1b 4d 69 69 68 68 63
43 40 51 5f 63 63 65 61 4e 30 34 56 66 66 64 67 6a 5a 24 1f 51 67 69 68 67 67 5f 3e 25 3f 60 67 67 65 65 64 4c 26 30 58 67 6a 68 67 5d 35 25 46 62 67 68 68 68 5b 25 1d 53 69 6a 68 64 59 49 3f
42 47 54 60 67 69 68 55 22 25 55 65 69 6a 67 5e 3a 23 41 60 67 69 69 69 53 17 21 5e 6a 69 66 64 60 4a 32 3b 50 5d 63 67 69 63 4e 2b 31 56 65 66 65 67 68 4b 1f 2e 5a 66 68 67 65 5f 4d 3a 3d 4d
5f 62 63 5c 43 35 42 56 64 69 6a 6a 65 3b 1c 3d 62 6a 69 69 69 56 24 27 55 66 69 69 6a 69 51 1f 28 58 67 69 67 67 69 66 52 2a 2c 51 62 67 65 65 67 69 66 4a 23 2f 56 67 69 68 66 62 59 4d 42 46
60 54 40 39 48 5c 66 68 69 6b 6a 6a 58 1e 1e 58 6a 6b 68 67 68 6a 6a 64 41 1f 38 5d 69 6a 68 69 6a 68 59 2b 24 50 66 69 69 6a 69 65 51 24 2a 5a 6a 6a 68 68 64 55 3d 3a 50 5e 60 61 60 5c 58 53
4b 48 51 5f 64 68 6a 6b 6a 2f 11 48 67 6b 69 6a 6a 68 49 1e 30 5d 69 69 67 67 68 67 5b 3c 28 3f 5f 67 67 66 67 68 69 63 2c 1d 4d 64 69 68 66 68 68 63 48 2d 3a 58 65 65 66 66 61 5b 4e 48 4d 53
62 64 63 60 5f 5e 51 43 47 53 5f 65 68 69 6a 6a 6a 62 27 1e 54 67 6b 6a 69 6a 6a 6a 63 3d 1c 3b 64 6a 6a 6a 67 67 6a 6a 69 5e 1d 1a 5c 69 6a 69 66 62 60 65 67 69 6b 5b 32 2a 4a 61 68 6a 69 67
55 5d 62 66 66 65 64 61 58 3e 2d 46 62 68 6a 69 69 6a 6a 6b 65 22 11 54 69 6b 6b 69 6a 6a 6a 68 54 2e 24 49 68 6b 6b 69 68 6a 6a 6a 62 27 16 4f 6a 6c 6b 68 66 67 65 62 55 39 39 53 5f 61 65 64
60 5e 57 46 35 40 56 62 67 68 67 46 1b 33 5d 67 67 63 57 40 3b 4a 56 5c 50 4c 59 61 62 57 39 2e 47 62 67 69 58 37 2e 48 62 68 65 55 29 25 55 67 69 68 5a 23 20 54 68 68 64 5b 45 2f 3b 5a 64 60
61 61 5b 4c 3b 3c 52 61 65 67 68 5c 32 24 46 62 6a 6b 68 5f 36 1d 40 62 68 6a 69 65 46 1a 30 60 68 69 68 64 45 23 35 5a 68 6b 68 5f 3d 22 3d 5e 68 6a 6a 66 42 19 32 60 69 69 65 5f 55 3d 38 4a
60 66 64 61 5f 55 3f 33 47 61 68 69 69 68 66 66 5a 2b 23 50 65 69 69 68 67 65 66 5d 3a 27 41 5e 68 6a 69 68 67 68 61 28 17 4f 67 6a 6a 6a 69 68 67 52 1c 23 5b 6a 6b 69 67 65 5f 5b 53 48 42 49
62 64 66 65 63 5f 56 4c 43 47 54 60 68 6a 6a 6a 6a 6a 6b 6b 44 e 31 69 6c 6b 6b 6a 6a 6a 6b 6a 69 63 3c 28 3f 56 67 6b 6a 6a 6a 6a 6a 6b 6b 6b 44 14 33 63 6a 6b 6b 6b 6a 66 64 60 57 4e 4a 4e
64 65 5f 4b 2e 34 57 68 69 68 68 69 64 3c 1a 3c 63 69 68 65 65 65 62 4a 2d 39 55 61 65 66 68 68 63 41 24 3e 5e 66 67 67 68 64 46 25 38 5d 67 69 6a 6a 69 44 13 32 64 6a 6a 68 65 5b 4c 40 43 54
4d 54 5d 64 67 68 68 69 69 68 65 5a 2f 20 4e 6b 6b 6b 69 69 67 68 6a 69 68 69 5d 27 1d 51 6b 6c 6b 6a 6a 6b 6a 6a 6a 65 3a 15 3d 68 6c 6b 6b 69 68 67 67 61 58 50 46 46 53 5d 61 64 65 65 63 60
58 59 5b 5b 5a 5b 59 50 44 46 56 5b 5f 62 63 65 5f 50 31 30 52 63 68 68 67 67 64 4e 22 2b 5a 66 68 68 66 66 64 50 28 29 52 65 68 69 68 68 66 4e 1b 27 5e 69 6a 68 67 68 69 4e e 23 67 6a 6b 68
54 5f 61 62 62 5f 54 3c 37 50 63 69 6a 6a 6a 66 3b 1b 3d 62 6a 6a 6b 6a 68 4c 18 2d 62 69 6a 67 68 69 6a 67 3e 17 37 61 69 6a 67 62 64 67 6a 6a 51 25 2b 53 66 68 68 66 63 59 54 56 58 52 4b 52
5d 58 51 4d 4c 54 5e 62 65 68 66 5a 3d 30 4c 61 66 68 69 69 60 32 20 4b 67 6a 6a 6a 6a 68 55 22 25 57 67 6a 68 67 6a 6a 6b 61 24 17 51 68 6a 6b 67 65 67 67 68 60 40 2a 42 5b 62 67 67 66 63 5b
54 54 58 5a 59 5b 5c 59 55 52 52 55 5a 60 60 64 69 65 4c 2e 3b 5a 67 68 69 6a 6a 66 33 19 49 68 6a 6a 69 6a 6a 69 50 11 25 67 6b 69 68 63 61 66 6a 6a 6a 3f 14 38 65 6a 6a 68 66 63 5f 58 4c 4b
46 51 5b 60 5f 5e 4e 3d 3d 4b 5a 62 63 5e 4c 39 3b 51 60 66 62 58 40 2a 3f 5e 66 68 68 59 32 24 48 62 67 67 63 50 2a 2a 54 67 6a 68 52 20 27 5a 6a 6b 69 5b 20 1c 56 6a 6a 66 5e 43 29 3d 5b 63
59 4c 42 44 53 5e 65 69 69 68 5d 27 1e 51 67 6b 68 62 61 5c 50 48 46 49 4c 55 5f 65 67 69 68 50 2a 2b 4f 66 6b 6a 67 61 40 26 3b 5c 69 6b 6a 68 4f 19 27 5d 69 69 67 68 65 5c 35 23 46 62 67 67
60 5e 59 54 4d 4c 52 5b 62 66 67 68 68 69 6b 6b 42 18 37 61 6b 6b 6a 6a 68 69 6a 6a 66 4d 1d 2a 5e 6c 6b 6a 69 68 69 69 6a 6a 6b 6c 2c b 49 6b 6b 6c 6b 6a 67 66 65 61 58 4d 4b 4e 50 57 60 64
65 66 61 50 3a 36 4d 62 68 68 68 67 69 6b 6a 68 34 10 40 69 6b 6b 6a 66 65 66 68 68 64 3f 23 3d 5d 68 6a 69 69 69 69 65 44 1c 35 63 6b 6b 6a 68 67 66 64 4a 2d 3a 5a 66 67 64 62 62 5d 59 56 4f
4d 4d 4d 56 63 67 68 69 68 6a 66 4c 25 2d 57 6b 6b 6a 69 65 64 64 63 5e 55 44 39 48 5c 65 67 67 68 6a 6b 6b 66 2e 15 4a 69 6b 69 69 6a 6a 6a 6b 4c 11 29 67 6b 6b 6a 69 66 65 5f 59 53 42 41 52
5e 64 65 60 4b 2e 2e 51 68 69 69 69 61 3a 1b 3b 61 67 65 67 67 5a 2b 1f 4b 64 69 6a 68 50 22 29 59 68 69 67 5e 3c 20 3b 60 67 69 69 62 51 29 26 50 66 68 67 66 61 4d 2f 36 50 5e 65 63 61 53 49
5f 61 61 61 5c 45 2d 40 5c 64 67 68 67 67 5f 34 1e 43 66 69 69 67 66 68 61 39 1a 3b 62 69 6a 66 64 66 66 5b 30 24 4b 61 68 69 67 67 66 5d 26 1a 51 67 6a 6a 67 66 61 4a 2a 30 56 68 68 65 60 5a
64 64 63 63 5e 51 45 44 4e 5a 62 67 69 69 69 6a 5e 2b 1d 4d 68 6b 6a 6b 6b 6a 69 4f 1a 28 61 6b 69 6a 68 69 69 6a 6a 54 1b 23 5c 69 6b 6a 68 65 64 67 69 69 57 30 2a 4e 62 68 68 68 66 62 5f 59
4b 46 4e 5e 66 65 68 6a 6a 61 2d 1b 4c 66 6b 6a 6a 6b 6a 66 31 16 46 66 6b 6a 68 6a 6b 6a 63 2e 15 49 69 6c 69 66 65 64 65 66 66 55 2a 2d 55 62 66 67 67 68 67 62 5c 52 44 43 53 5a 5c 63 64 62
66 66 63 5b 47 38 43 59 64 67 68 68 69 69 6a 68 64 49 1f 33 61 67 69 69 66 64 64 68 69 69 6a 63 23 18 56 6a 6b 69 69 68 69 6b 69 4a 1a 2e 60 6c 6b 6a 69 67 65 64 61 4f 3a 3c 52 63 63 63 67 65
4c 46 4e 5c 5f 62 67 69 69 67 64 4c 29 30 58 6a 69 69 68 68 68 6a 6b 56 2b 25 4d 66 6b 6a 69 68 68 69 69 60 33 1f 47 65 6a 6a 6a 6a 6b 6b 4b 10 2b 67 6b 6b 6a 6a 68 61 56 48 41 4b 56 5b 60 63
5a 63 68 68 63 42 20 38 5f 68 6a 6b 6a 64 34 1a 43 64 69 68 67 65 5f 4b 30 35 54 65 68 69 64 52 3f 44 59 5e 58 54 4d 4a 55 62 68 67 51 2c 2c 51 65 69 68 69 62 2d 18 4a 66 6a 6a 66 5b 46 39 43
39 3d 53 63 69 69 62 36 1a 41 62 69 6a 67 55 25 25 53 67 6a 69 5d 39 21 3e 63 67 68 67 58 2c 23 4c 63 68 68 62 56 3a 2d 44 5c 64 66 67 61 42 24 37 5a 67 69 67 62 4a 2f 38 54 60 64 62 57 4c 43
54 47 42 51 5b 5f 63 64 67 69 6a 6b 6b 60 2b 19 4b 69 6c 6b 68 62 61 66 68 6c 6a 6c 56 18 21 5e 6a 6c 6b 6a 6a 6a 6b 67 40 16 35 64 6b 6c 6a 69 68 68 65 5d 4f 3c 3c 4d 5c 65 67 66 65 62 5f 5b
5c 56 50 4c 4a 53 60 65 69 68 69 6a 69 6a 6a 5e 36 1a 42 6b 6c 6b 6a 69 68 67 67 69 69 65 5e 40 2d 41 58 66 6a 6b 6a 69 6a 6b 6b 6b 6c 4a c 2c 6a 6c 6b 6b 6b 6a 68 64 61 5f 55 4b 48 50 5a 5d
51 4a 4a 54 5e 66 6a 6a 6a 6b 6b 6b 6b 47 c 2e 6b 6c 6b 6b 6a 6c 6b 6a 6a 69 65 47 22 32 5c 6a 6a 6b 6a 6a 69 69 6a 6a 6b 65 3a 1f 3e 5f 6a 6b 6a 69 68 68 65 62 5d 54 4b 48 52 58 5d 64 65 63
5c 60 61 63 60 57 4d 48 48 52 5f 64 68 69 6b 6a 68 5a 2c 22 4e 67 6b 6b 69 6a 6a 69 65 3c 15 3a 66 6b 6b 6a 6a 6a 6a 68 5e 2d 1c 4b 66 6a 6a 67 67 68 6a 6b 6a 50 17 24 5e 6c 6c 6a 68 66 62 5d
68 66 66 62 5b 51 43 41 51 62 65 68 69 6a 6a 6a 6b 6a 6a 69 64 54 2c 25 51 6c 6b 6b 6b 6b 68 68 68 69 68 68 6a 6b 69 3e 23 41 58 64 69 6c 6a 6a 6a 6a 6a 65 61 5c 54 52 4e 4e 56 5f 61 64 68 67
5f 61 62 62 62 60 5d 5a 53 4d 51 58 5c 62 65 67 67 65 66 67 5f 4d 39 3a 52 64 6a 6a 6a 6a 6a 6b 6b 6b 67 37 10 3e 6b 6b 6b 6b 6a 69 6a 6a 6a 6b 6b 6c 26 a 50 6b 6c 6a 6b 6a 69 66 63 5e 57 50
50 48 3f 45 57 5f 62 5d 4a 2e 35 55 64 68 63 47 25 33 5a 66 66 60 3f 1f 3b 60 68 65 60 45 25 3a 5d 63 64 5b 40 29 3e 5c 65 64 5a 34 23 47 64 68 65 59 2b 1e 4b 66 69 64 4f 2f 30 4d 60 61 59 54
62 5f 5b 53 46 41 50 60 65 67 67 69 69 6a 6a 6b 4e 15 2a 63 6b 6a 6a 6a 69 6a 69 69 66 45 21 34 5c 6b 6b 6a 69 69 69 6b 6a 6c 5b c 1a 6a 6c 6b 6a 6a 69 66 63 60 5a 52 4c 4d 52 53 5b 64 65 64
65 64 5f 59 4f 46 47 54 5f 66 68 69 6a 6a 6a 6b 6b 6b 49 d 2d 69 6c 6b 6b 6b 69 69 69 69 69 6a 6b 6c 31 f 46 68 6a 6b 6b 6b 6b 69 68 67 5f 53 4d 4a 4e 53 5c 62 63 66 66 64 62 5d 5a 59 58 59
65 63 5e 48 30 3d 5b 66 69 69 68 69 6a 6a 4e 14 28 63 6b 6a 6a 6a 6a 69 64 49 23 32 5c 67 68 69 69 6a 67 66 58 23 24 57 66 6a 69 69 68 67 68 62 34 1f 48 61 68 69 67 67 64 61 5b 4a 3f 47 56 5f
58 61 64 66 69 68 65 54 1f 26 5e 6a 6a 68 66 66 69 69 64 48 21 31 5b 69 69 67 68 68 67 5c 3b 27 43 61 68 69 69 6a 67 47 1c 30 5d 69 6b 6a 69 66 5a 33 25 4c 67 66 66 65 60 5d 57 4c 46 4e 59 59
64 66 67 66 61 5c 56 4a 3f 48 59 63 66 68 69 6a 6a 6b 6b 6b 1b a 5b 6c 6b 6b 6a 6a 6b 6a 6a 67 50 28 2e 55 64 69 69 6a 6a 6a 6a 6a 6b 6b 41 1a 38 5e 6a 69 6a 6a 68 67 64 5d 56 4f 4d 51 54 58
4e 49 4a 4f 5c 64 66 68 68 6b 6b 6b 5c c 1a 69 6b 6c 6a 6a 68 68 6a 6a 68 4e 23 2b 57 68 6a 6a 68 69 6b 6a 69 63 3b 17 3f 69 6a 6a 67 66 65 64 61 5c 50 46 4a 51 5c 60 60 60 61 60 5d 5c 5b 58
61 66 66 63 62 5f 56 43 39 49 5d 66 67 68 69 6a 6b 6b 68 37 f 3d 69 6c 6b 6a 67 67 68 69 69 68 3a 15 3e 64 6a 6a 69 69 6a 6a 6b 6a 4e e 27 69 6b 6b 68 68 67 65 61 60 5a 48 3e 49 55 60 66 65
56 5f 65 65 66 5a 35 24 45 64 69 68 66 66 64 4c 30 33 50 61 64 65 68 69 61 32 1b 46 65 6a 69 67 5b 39 29 46 62 6a 69 65 52 26 2c 55 64 69 68 66 54 2f 2d 4f 63 66 67 64 58 3d 35 48 5b 63 61 5b
4d 4b 51 5b 62 65 67 68 67 67 66 55 33 2d 4f 65 69 69 6a 6a 6b 6a 6b 5e 26 1b 51 6a 6b 6a 6a 6a 6b 69 6a 68 4b 24 30 57 66 69 68 68 68 69 6a 6b 6b 6b 49 19 2f 5d 6a 6a 6a 69 68 67 64 5d 53 4c
5d 57 48 3f 48 55 5a 60 66 68 66 52 2a 2a 50 64 69 68 69 67 58 2a 21 4e 64 68 68 67 66 54 36 2e 46 5e 66 68 67 63 41 24 3b 5b 69 6b 69 5a 2a 22 4e 65 6a 6b 67 56 24 26 57 66 68 67 60 50 3d 40
61 5d 4a 3d 46 52 5c 64 66 68 69 69 5c 32 23 48 63 69 69 69 69 68 52 1c 26 5d 68 69 68 69 69 68 56 1e 23 5a 68 69 68 69 68 68 63 3a 1d 40 63 68 68 68 68 68 69 58 3a 2a 40 60 68 6a 68 65 5e 55
52 56 61 65 68 68 69 68 68 67 5c 33 23 4d 69 69 6b 6a 6a 6b 6b 6b 6b 6a 56 19 21 5e 6b 6c 6b 6b 6a 6a 6a 6a 6a 68 4f 25 2b 56 68 6b 6a 6a 69 69 69 69 66 60 51 3f 3c 4d 5e 64 67 68 67 66 64 5f
5f 60 5f 57 48 45 4e 55 5b 61 65 67 69 68 4d 28 32 56 65 68 6a 6a 6a 61 2f 1c 49 64 6a 6a 69 69 68 56 23 23 54 67 69 69 68 68 69 67 49 1f 2e 5c 69 6a 69 68 69 69 67 45 28 3a 55 64 67 69 67 62
51 4a 4b 4b 4c 4e 54 5a 4d 3c 40 4e 5d 62 51 32 2d 48 60 68 56 35 2b 43 5f 67 5b 35 21 40 60 69 5c 3c 25 3b 5d 66 63 47 21 2e 57 69 63 52 29 26 4f 65 65 58 38 28 44 5d 5f 55 4e 4c 4b 4a 48 4f
56 5b 60 61 5d 51 3b 3e 53 61 67 67 5d 42 3a 4e 61 69 6a 5b 32 23 49 66 6b 6b 63 3e 29 45 5f 68 69 6a 66 3b 13 38 66 6a 6a 68 69 68 4e 1b 27 5c 69 6a 66 64 62 5e 4e 34 3a 54 62 66 60 5c 55 52
5a 5d 5d 5f 61 63 62 5d 5a 54 49 49 52 58 60 65 68 69 6a 6b 6a 6c 45 c 30 6a 6c 6b 6a 6a 6a 6a 69 69 62 34 17 44 6a 6b 6a 6a 68 69 6a 6b 6b 6b 3f c 36 6a 6c 6b 6a 68 66 65 63 5d 55 4c 4a 51
53 57 5d 61 5d 4e 39 3a 51 63 69 66 62 44 2a 38 56 68 69 6a 62 37 1e 42 64 6a 69 65 4c 26 30 58 67 6a 66 58 2f 26 4e 67 6b 6a 61 31 20 49 63 67 69 65 50 2c 2b 50 67 68 65 5e 49 35 3e 54 5e 60
63 5f 54 3d 38 4e 5f 67 66 66 68 69 6a 5f 1f 18 57 68 6a 69 68 69 69 68 55 22 25 57 66 69 69 69 69 69 65 3f 1a 39 63 68 68 68 68 68 67 64 4e 1c 2c 61 68 68 68 69 67 64 5f 4d 37 40 58 5d 62 64
59 5b 5e 62 65 66 64 60 58 47 3c 49 5b 62 66 68 68 69 6a 6b 69 4a 14 2d 65 6a 6a 6a 66 63 64 68 6a 6b 6c 37 f 41 67 6b 6a 6a 68 6a 6a 67 42 17 37 66 6b 6b 6b 69 67 65 5c 4b 41 49 55 58 5f 65
51 49 4b 58 60 63 63 61 5c 4f 35 3a 57 61 63 5f 5e 66 6a 6a 52 20 28 57 66 68 67 57 44 51 62 67 6a 5d 31 1e 47 65 68 69 68 68 5e 30 20 4b 63 69 69 69 67 58 2b 23 4f 65 69 68 68 65 4f 33 3a 55
5d 62 61 56 42 36 46 5a 63 67 6a 6a 5d 1d 1b 59 69 6a 68 68 67 56 24 23 53 67 69 68 68 69 64 3d 1d 3a 5e 68 69 68 65 5d 40 2d 41 59 65 69 68 65 54 2c 26 4e 66 69 68 68 5c 40 2e 41 5c 64 64 60
5c 56 4d 4a 4f 55 5b 5d 5a 49 3e 4b 60 67 66 5f 3d 29 45 60 68 69 62 3c 23 41 60 68 6a 68 51 1b 26 5e 69 6a 69 65 49 1a 2e 5e 68 69 68 68 65 46 1d 30 5c 67 69 69 67 5b 42 2d 3d 59 64 66 62 5b
56 57 56 5a 5d 5e 5d 5c 5c 5b 59 58 52 4a 4d 58 5e 64 67 6a 6a 6b 6b 28 c 4d 6a 6b 6a 69 69 6b 6b 65 34 15 42 68 6b 6a 68 68 68 69 6b 69 46 15 30 63 6b 6a 68 67 67 66 67 60 4f 3c 3c 4f 5c 64
55 5c 62 61 60 5b 4e 3d 3d 52 61 66 67 6a 69 63 37 1a 40 64 69 69 69 69 65 4f 25 2c 56 67 69 69 69 67 5e 31 1c 49 66 68 68 69 69 67 4d 21 2d 5b 67 69 69 69 69 64 43 22 3a 5d 65 68 68 64 5a 4c
5c 56 53 51 54 5b 5f 65 68 69 69 68 66 65 61 58 45 29 40 68 6b 6b 6b 69 6a 69 68 6a 6a 69 62 43 31 40 52 62 68 6b 6a 69 69 6a 69 6a 6b 6b 6c 39 b 3d 6b 6c 6b 6b 6a 6a 68 67 64 60 59 50 4e 51
62 5d 4a 35 3c 56 63 68 6a 67 56 24 23 55 68 68 6a 6a 5e 26 1a 50 68 6b 69 66 57 2f 28 4d 63 67 67 65 5d 46 2c 38 57 64 67 68 67 55 33 2b 4a 61 64 64 67 6a 63 43 21 36 5c 67 69 65 5c 50 46 48
5a 55 54 52 51 58 61 64 64 63 61 57 47 3f 49 59 61 65 68 6a 6a 61 3f 29 40 5e 69 69 69 6a 6a 67 46 1f 34 5d 68 69 6a 6a 6a 6a 6b 66 37 15 3e 66 6b 6a 68 62 60 65 6a 6b 6c 60 26 1a 50 68 6b 6a
57 51 46 46 54 5f 65 68 69 6b 6a 6b 6a 6c 6a c c 6a 6c 6b 6b 6b 6a 68 69 69 6a 6b 6c 44 18 33 5f 6b 6b 6a 6a 68 66 66 67 69 5d 47 41 46 53 5c 60 66 66 67 67 65 62 5d 53 4f 53 56 5a 5b 5c 60
58 5f 60 5d 53 47 3a 42 59 64 65 66 66 54 2e 2a 4a 61 67 68 66 63 5a 3a 27 42 5f 65 67 68 68 54 25 26 53 66 69 69 67 4e 25 2d 54 67 6a 69 62 36 19 41 66 6a 69 67 5b 31 24 4a 62 67 64 5c 50 47
54 59 5d 5e 60 61 61 5f 5b 58 50 45 4a 56 5e 66 69 6a 6a 6b 6c 4d d 29 69 6b 6b 6a 69 6a 6b 6a 68 41 e 34 6a 6b 6b 69 69 68 69 6a 6b 6b 49 1d 2d 59 6a 6a 6a 68 65 65 64 61 59 4d 44 49 57 5d
54 5a 5f 5f 5a 53 4d 47 51 5e 62 64 63 61 55 3b 3a 51 5d 62 65 67 67 63 48 29 38 5b 67 68 68 69 6b 61 21 17 54 69 6a 69 6a 69 62 31 1a 49 66 6a 68 67 68 6b 69 40 16 35 61 6a 6a 68 63 60 54 49
43 42 4f 5d 5b 47 36 3c 53 60 5c 47 2c 36 58 66 60 42 22 36 5b 68 5d 39 21 39 5c 6a 5c 36 1d 3d 5e 68 5c 3b 24 38 59 66 5c 4b 2f 35 55 62 5b 47 2f 38 52 63 5d 4d 3a 3e 52 5c 5b 4d 41 44 50 58
56 50 4d 56 5c 61 5b 4e 40 47 5a 61 64 66 63 49 28 36 5b 68 65 5e 4d 43 51 60 62 5d 46 2f 43 5b 64 68 69 69 54 15 21 62 69 6a 6a 69 58 20 21 59 68 6a 68 68 61 35 1c 42 63 6a 67 60 58 4d 49 4b
40 3d 50 5d 64 66 68 68 69 6a 54 1c 23 5b 6a 6b 6a 68 67 67 65 4f 27 2f 57 64 67 68 69 6a 69 65 3f 1a 38 63 6a 69 68 68 68 68 5f 24 1a 54 68 6a 68 67 67 66 63 4a 32 3d 52 5f 65 66 63 60 5e 58
66 68 68 67 64 53 2f 2a 50 6a 6b 6a 67 65 65 68 6a 64 52 34 2e 4b 63 69 6a 68 67 69 69 6a 68 40 1e 3a 5f 6a 6a 6a 6a 6a 6a 5b 1b 1d 5c 6a 6c 6b 6a 68 65 5e 4c 39 3d 53 62 65 65 65 64 60 56 53
57 5a 5b 5a 56 56 56 53 52 51 55 60 66 66 61 46 2d 41 5f 68 6b 6a 67 43 21 3d 61 68 6b 6a 69 65 39 17 40 66 69 69 6a 6a 6a 64 2b 15 4b 68 6a 6a 67 68 69 67 54 25 28 56 65 69 67 67 64 5b 4b 43
65 66 67 66 62 5e 59 4d 43 49 56 60 66 68 6a 6a 6b 6a 6b 6b 68 46 e 30 6b 6c 6b 6b 6a 6a 69 69 6a 6a 6a 6b 6b 33 c 44 6b 6c 6b 6b 6a 6a 69 66 63 5f 57 50 4f 52 54 56 5d 61 64 66 66 64 60 5a
5e 54 37 31 52 63 67 68 65 66 67 54 1c 21 5b 67 69 66 64 65 62 57 2f 27 50 62 67 67 65 67 66 60 29 19 4e 64 69 68 65 66 62 48 21 32 5f 65 67 68 64 66 61 4a 24 2b 5a 69 69 67 63 60 59 4c 3d 42
61 62 60 56 48 42 44 50 5f 64 66 6a 67 45 20 35 5d 69 6a 69 62 3a 25 45 60 67 69 69 63 42 1f 36 5e 68 69 69 69 67 4c 1c 2a 5c 68 6a 69 6a 69 5f 2f 1f 49 62 68 67 67 64 61 51 38 38 50 60 62 60
4f 56 5d 61 62 5b 42 34 46 5b 64 69 6a 6a 51 1e 28 59 66 6a 68 67 58 26 25 56 67 69 69 67 54 23 23 56 68 6a 69 67 64 53 2c 2a 50 63 66 67 66 68 64 41 21 38 5c 66 68 65 63 60 4d 36 38 51 63 65
5b 5c 5c 5e 5c 5c 55 4b 4c 52 59 5d 60 60 5f 62 67 5e 43 34 45 5b 65 69 6a 6a 68 5f 33 23 4b 64 6a 6b 6a 69 64 48 20 32 5f 68 6a 69 69 69 6b 63 1e 15 57 6b 6b 6a 67 67 67 6a 6b 4e 1f 2d 59 67
5d 54 46 41 4b 5a 5f 65 69 6a 69 55 20 26 59 68 6a 67 67 65 55 3b 33 49 5f 66 68 69 65 58 38 25 46 64 67 68 69 69 66 4e 23 2d 59 67 69 68 67 69 6a 60 21 16 53 69 6b 69 67 66 62 56 40 3b 4a 59
3a 45 5b 64 65 66 66 61 4f 28 30 5b 65 68 67 68 69 67 4d 20 2c 59 66 69 67 67 69 67 5b 2e 23 4d 65 68 67 68 67 60 42 25 3b 5e 67 69 69 67 5b 30 23 4a 65 69 69 67 64 59 40 2f 43 5d 64 65 62 5c
3a 40 56 64 69 68 66 58 2c 22 4e 67 68 65 63 64 5f 3f 29 3e 57 62 68 69 6a 64 2d 16 49 65 6a 6a 67 58 2c 25 4e 64 6a 69 66 55 28 27 54 63 63 65 65 5c 3c 2c 44 5d 65 65 60 57 4c 40 44 54 5c 5e
63 64 60 47 31 38 50 61 68 6a 66 46 1e 30 5b 69 6a 69 61 36 1d 3f 63 68 69 68 5f 3a 21 3d 5f 69 69 64 54 2e 2b 52 64 68 67 59 35 28 49 63 68 68 65 44 27 35 56 66 69 65 58 3b 36 4d 59 5e 5e 57
5f 5e 59 50 4b 4a 4f 58 61 65 68 68 6a 6a 6b 6b 1b c 5c 6b 6c 6b 69 69 6a 6a 6a 58 1e 20 59 6a 6b 6a 69 67 64 65 68 68 61 40 22 3e 61 68 69 67 65 65 64 62 63 5f 51 42 44 53 5c 60 62 64 65 64
67 68 68 68 69 68 66 63 50 32 31 51 68 6a 6a 6a 6b 6a 6b 6a 6b 6b 6b 54 15 21 61 6c 6c 6b 6c 6b 6a 69 69 69 69 6a 6b 4d 29 37 54 62 67 6a 6a 6a 6b 68 64 61 5e 57 53 50 52 56 5b 62 64 62 64 64
40 4a 5b 63 67 68 69 69 67 63 43 1c 38 64 6a 6a 69 67 67 69 69 67 55 22 24 58 68 6b 69 66 65 69 69 68 51 21 29 59 69 6b 6a 6a 67 66 4f 21 30 5f 69 6b 6a 67 63 5e 4f 40 47 52 57 60 62 62 60 5c
54 58 5f 64 53 31 2f 51 64 67 68 5c 27 1d 52 66 69 68 4d 22 29 58 68 68 63 49 1f 2d 5f 68 69 62 3d 23 3c 5f 67 65 5a 3b 28 43 5e 64 63 59 3d 30 46 5d 5f 61 5c 48 38 45 57 5c 5b 56 4b 44 4c 53
55 54 56 5a 5f 5f 5f 63 63 5f 5a 56 51 43 44 55 62 68 68 68 6a 6a 6a 6b 29 f 50 69 6a 6a 6a 6a 6a 6b 67 49 19 2d 62 6b 6a 69 69 68 69 6a 6b 6b 29 b 4b 6b 6c 6a 69 68 66 64 5f 54 4c 4e 51 52
41 4b 59 5e 64 67 68 68 66 54 21 24 58 6a 6b 67 65 64 66 67 5c 35 23 46 62 69 69 68 68 67 5c 36 23 46 62 67 6a 6a 69 64 59 2e 23 4e 66 6a 69 69 69 67 54 25 28 57 66 68 67 66 65 5b 4a 3f 45 54
5d 61 64 5b 44 36 43 58 62 66 68 63 4c 38 43 5a 64 68 68 55 2d 2b 52 67 6a 6a 69 5c 2c 22 50 68 69 67 69 69 61 32 1a 44 63 68 68 67 67 63 4a 26 36 5d 66 68 68 68 66 4b 28 32 55 64 68 64 61 58
64 64 64 63 5e 52 3e 3f 52 5c 63 6a 69 68 69 6b 6b 67 31 14 46 66 6b 6b 6a 69 69 6a 6b 69 57 12 1d 65 6c 6b 6a 69 66 63 67 69 6a 6a 62 32 20 4a 62 68 6a 68 66 66 63 62 60 5c 51 49 4a 51 5b 60
5c 57 52 4d 49 4d 5a 64 69 6b 6a 6b 6b 6c 6b d a 69 6b 6b 6b 6b 6b 6a 6b 6a 6a 46 d 30 68 6c 6b 6a 69 68 65 66 68 65 56 3d 3c 4c 57 61 65 68 68 63 5f 61 5f 58 54 55 56 52 54 5d 5e 5e 60 61
46 4b 57 5d 5c 59 4b 36 41 59 60 67 68 54 27 26 53 68 6b 68 56 27 23 53 65 68 64 51 2d 30 57 65 66 62 51 2a 2c 56 66 69 68 56 23 22 57 67 6a 67 5a 32 21 47 63 66 63 59 49 3a 41 54 5c 5b 58 50
61 55 43 3c 44 56 64 67 5f 4b 2d 35 56 63 68 68 5c 31 22 4a 64 69 69 59 28 21 51 67 69 68 5b 2b 22 4c 63 68 68 5e 3d 25 3f 5f 66 67 64 47 25 34 59 65 68 65 51 2b 2b 53 63 64 63 59 48 41 45 50
3d 3a 35 39 38 34 3e 3e 3e 3b 34 38 3e 38 33 33 41 40 37 39 37 32 37 3e 3a 35 35 38 3e 38 39 39 3b 38 32 36 3d 37 38 39 3e 3c 32 37 36 2f 3a 3f 42 3b 30 37 3b 35 36 39 3e 39 37 3e 3d 35 37 38
5f 63 64 63 63 62 5d 4a 32 3f 5d 66 69 69 68 69 6a 6a 5d 21 1c 57 68 6a 6a 68 69 6a 6a 68 4c 17 29 61 6b 6b 6a 68 68 6b 6a 6b 69 2b e 4a 6a 6c 6a 69 68 65 63 61 58 4c 48 4a 4e 59 62 65 64 61
5a 4c 3e 42 55 5d 61 64 65 67 6a 6a 6a 69 19 c 5d 6a 6c 69 67 67 69 6a 63 45 25 34 59 67 6a 68 67 67 6a 6a 68 53 19 22 5f 6b 6b 67 65 65 67 68 65 58 39 34 51 5d 5f 63 64 63 62 62 5d 55 4f 4c
52 59 5b 5f 60 5d 55 46 3c 49 5d 65 67 69 69 69 53 19 24 5d 6a 6a 69 69 68 68 5d 29 1f 51 65 69 67 67 68 67 59 29 25 51 65 69 68 69 68 63 42 1f 38 61 69 69 68 67 66 58 36 27 48 67 69 67 63 5e
60 5a 47 39 44 58 62 67 69 69 65 41 16 34 65 69 68 68 68 66 50 27 2c 54 65 68 68 67 65 53 27 2a 55 63 67 68 66 61 4e 2e 34 53 62 68 69 69 68 4e 1a 27 5d 6a 6a 69 69 60 3e 28 43 5d 63 65 63 5d
49 4a 51 5b 5d 5f 61 5b 4b 39 3f 57 62 65 68 68 63 39 1c 3f 62 69 68 66 68 5f 32 21 48 61 68 68 68 67 5a 2b 21 4d 64 69 69 69 67 53 1e 26 59 66 69 69 6a 66 49 1b 2d 5e 68 69 64 63 5d 44 38 48
67 68 65 53 2c 28 4f 65 68 67 68 68 63 50 24 2b 57 66 68 66 66 68 68 54 1f 25 57 68 68 68 68 67 4d 29 33 56 64 66 66 64 58 3a 2b 46 62 69 6a 69 65 44 1b 36 64 6a 69 62 59 4c 49 44 4a 5a 5f 5c
59 58 56 57 58 55 5b 64 65 67 69 69 69 68 62 5a 4e 41 44 4f 5c 68 69 6a 6b 6b 6b 6b 6a 6a 6a 64 43 1e 36 61 6a 6a 6b 6b 68 68 69 6a 6a 6a 6b 6b 6d 3c 1b 40 5c 68 6a 6b 6b 6b 69 68 65 61 5b 54
3d 3d 52 61 68 6b 69 52 16 21 5d 69 6b 6a 69 5b 22 1a 52 68 6a 6b 68 5a 28 1d 4e 64 6a 69 67 5c 2b 20 4e 63 69 69 63 52 2d 2a 4f 65 66 64 5f 50 3b 3d 4e 5c 62 5c 56 53 50 4e 4b 4f 55 59 59 57
62 67 68 68 68 68 64 5f 55 42 36 47 5f 69 6b 6a 6a 6a 69 6a 6a 6c 6c 2c c 4b 6a 6c 6b 6b 6b 6a 6a 6a 6a 6b 6a 42 e 34 6a 6c 6c 6b 69 69 67 66 63 5e 57 54 4e 4a 51 59 5f 65 66 65 63 63 61 5b
3e 3c 52 60 60 60 63 67 67 5a 27 23 52 64 69 67 65 67 65 49 23 31 59 65 68 69 66 65 5b 34 1f 45 64 69 68 68 65 62 51 2d 2d 4f 61 66 67 69 68 68 60 20 14 52 69 6b 68 67 63 5d 4a 38 3e 50 5f 63
54 40 34 49 60 65 66 63 5d 47 30 3b 55 61 64 64 67 63 48 23 30 58 66 68 68 6a 62 39 1d 3e 60 69 69 6a 65 42 1c 37 5e 69 69 69 62 39 20 41 60 68 6a 68 5c 32 21 48 65 68 67 63 52 3a 37 4c 5e 62
63 64 63 61 55 38 34 4f 61 66 68 68 68 6a 68 5c 21 1a 57 69 6b 69 68 68 69 68 5d 26 1c 53 65 69 69 68 69 69 67 5b 22 1e 57 68 6a 69 68 68 67 66 55 29 27 53 67 69 67 65 65 62 5e 53 40 42 54 5b
5c 5d 5b 5c 5c 55 4e 4e 55 5b 5c 5d 62 64 63 5a 44 38 4a 5b 62 66 69 6a 68 5f 3a 21 42 64 69 6a 6a 69 69 5a 2b 23 4f 66 6a 68 69 6a 69 69 4f 17 27 61 6b 6a 67 66 67 6a 6b 6a 43 19 34 5f 69 6a
53 4e 4e 50 57 63 67 67 69 68 4c 20 2f 5c 69 69 69 6b 6b 5e 29 21 51 64 69 69 69 6a 6a 56 23 22 55 68 6a 68 67 69 68 66 47 29 35 54 65 69 67 66 66 69 69 65 3b 1d 3f 61 68 68 66 64 63 5c 4e 4a
5a 46 33 43 5f 67 69 6a 69 62 30 19 48 66 6a 67 67 69 67 4e 22 2b 58 67 68 67 68 63 48 24 31 58 68 69 69 6a 60 33 1e 45 62 68 69 68 68 5a 2e 23 4b 64 68 66 63 5e 53 3f 3c 4e 5a 5f 60 5c 5a 57
