52 4f 51 56 5b 60 62 62 60 57 49 41 47 55 60 64 67 68 69 62 3d 23 3e 5f 68 69 68 69 69 60 3b 20 3f 63 68 69 68 69 69 65 48 25 31 58 68 69 66 65 65 65 5c 47 37 40 55 61 64 65 64 60 57 4f 4d 50
3e 39 38 3c 41 3e 3e 3f 40 3e 37 37 3a 39 40 41 41 3c 33 39 3c 3a 3b 3a 3d 3f 3c 3d 3a 36 37 3b 40 3d 39 3b 3d 3c 3c 3e 3b 38 35 3d 42 3d 3c 3b 3d 3e 39 3c 3a 36 3d 44 44 3f 38 3a 3c 39 3e 40
60 62 63 63 60 57 4c 46 48 51 5d 64 67 67 68 69 68 5e 37 23 45 64 69 69 68 67 69 6a 67 53 2b 29 51 66 6a 6a 67 67 69 6a 68 51 2a 2c 50 65 6a 69 67 65 66 65 61 54 40 3d 4e 5b 61 64 64 64 63 5e
5b 5c 5b 56 4e 4a 4d 53 5d 63 65 65 61 55 3c 33 4a 5f 65 66 68 68 66 57 2c 25 50 66 69 69 68 68 65 4a 24 2f 59 67 69 68 68 68 65 4b 26 32 57 65 68 66 65 62 5d 51 3e 3d 50 5d 61 62 5f 5d 57 52
62 5e 56 4c 45 4a 58 63 68 68 69 69 69 6a 6b 66 42 15 34 68 6c 6b 6a 6a 68 69 6a 6a 6a 61 46 2f 39 53 65 6a 69 69 69 68 67 66 65 5a 4a 44 4b 56 5e 62 63 63 64 66 65 61 5b 55 53 53 54 59 5e 60
5a 5f 61 5f 5b 50 44 44 50 5d 64 65 64 65 5e 4b 37 3b 52 62 66 66 67 68 63 47 26 35 59 66 68 69 69 68 63 3f 1d 39 60 69 69 68 68 68 60 3c 22 3e 60 67 68 68 66 61 55 44 3c 49 5a 60 61 61 5d 57
5d 58 4e 4a 4c 55 5e 63 66 67 66 65 60 53 3c 32 4b 62 68 69 68 68 6a 6b 68 4e 1e 29 5a 69 6b 69 68 68 69 6a 67 4e 24 2b 57 68 6a 69 67 67 67 66 5f 4c 3b 3e 51 5e 64 66 66 63 62 5f 58 50 4d 50
58 53 4e 4e 53 5a 60 64 66 65 63 5d 4f 40 3d 4b 5d 66 68 68 69 69 6a 5f 33 1f 47 64 68 69 69 69 6a 6a 68 4d 1e 2a 5b 69 6a 69 68 68 68 66 5b 3d 2e 46 5d 63 65 67 67 64 62 5a 4c 46 4d 55 5c 5f
5d 60 62 63 63 60 5e 5a 55 51 50 52 57 5f 66 69 69 68 68 66 62 5a 49 38 3d 55 67 6a 6a 69 6a 69 6a 6a 6a 6b 6b 2e c 48 6b 6c 6b 6b 69 69 68 65 63 5b 51 4c 4c 52 59 5d 60 63 65 65 62 60 5c 58
53 54 59 5f 62 63 63 60 58 4d 44 45 52 5d 64 67 68 69 69 68 4c 22 2e 58 68 6a 69 68 69 69 67 52 2a 2a 4f 65 6a 6a 69 67 69 69 60 3e 22 3c 5f 69 69 68 67 65 63 5d 4e 43 45 4f 5a 60 63 63 62 5e
52 52 53 55 57 57 53 4f 50 54 57 59 5b 59 4f 45 47 50 57 5f 62 5e 53 42 3c 49 59 62 66 66 5c 3b 26 40 5e 67 69 67 5c 3a 25 43 61 69 6a 69 5e 2c 19 49 67 6a 69 65 56 3b 31 47 5e 65 64 5b 4f 47
5a 5d 61 64 65 65 64 62 5e 54 4c 48 49 55 62 67 6a 69 68 69 69 6a 67 5f 40 1c 3b 68 6b 6b 6b 6b 69 68 69 6a 6a 6a 5d 38 2e 49 5b 64 68 69 68 68 69 68 66 60 58 4d 49 50 57 5b 60 64 64 63 63 61
51 4e 4f 56 5e 63 66 66 63 5f 53 41 3c 48 5b 66 68 68 68 69 69 61 39 1e 3f 63 69 6a 68 68 69 69 68 51 24 28 55 68 6b 6a 68 67 68 67 5e 3f 2a 40 5c 66 68 67 66 64 61 5d 51 45 46 4f 59 61 64 63
56 52 4e 4e 54 5b 61 62 5f 59 4b 41 44 53 60 63 65 67 64 50 33 34 50 61 66 67 68 68 5a 38 27 44 62 68 69 69 69 63 43 21 36 5d 68 69 68 68 67 5a 36 26 45 61 68 69 67 65 5c 49 3e 43 50 5b 63 63
64 65 5f 55 46 3d 48 5a 63 66 67 68 69 6a 68 52 23 26 57 6a 6b 69 68 68 69 6a 66 4c 24 2e 57 68 6a 69 67 66 67 68 66 56 3a 30 45 5e 66 68 67 67 66 64 5f 56 4b 44 49 55 5e 63 63 62 5f 5d 5b 58
59 5f 62 62 5e 54 48 43 48 56 62 64 65 65 65 60 47 2d 3b 57 64 67 68 68 68 66 56 2c 26 4d 64 69 68 68 69 68 5f 37 1f 40 62 6a 69 68 67 67 63 4b 2c 34 54 63 67 67 66 65 5f 51 45 43 4b 57 60 61
59 5c 58 52 4f 50 54 59 5f 62 60 5c 52 47 48 4f 58 60 63 66 66 62 4c 2e 37 56 65 68 68 69 69 62 3c 20 40 63 69 69 69 6a 68 5a 27 20 52 68 69 69 68 68 65 50 34 34 4f 61 65 66 65 60 57 4f 48 4c
4d 4a 4e 55 5d 60 5a 4e 40 42 4e 5a 62 63 5d 46 35 3e 54 62 65 65 56 33 2c 4a 61 67 67 5d 3d 28 41 5d 66 68 62 4a 2d 34 53 64 68 65 54 33 2d 4c 62 66 65 5c 45 32 3f 5a 62 61 5b 51 46 46 4e 55
5c 5d 5d 56 4c 48 4c 55 5e 63 64 62 59 44 38 45 59 65 67 67 66 5d 3d 2c 44 5f 68 68 68 68 5c 37 27 45 60 68 69 69 67 5a 38 2b 48 61 68 68 68 68 5e 38 25 44 61 68 68 67 62 57 46 3e 47 57 60 62
49 4a 50 59 61 64 61 58 44 37 43 58 65 67 67 63 56 37 2c 49 62 67 68 68 65 4b 26 2f 57 67 68 68 67 60 41 27 3a 5b 67 68 68 67 58 31 26 4b 63 68 68 67 61 4c 37 3a 4f 5f 64 63 5e 54 4a 49 4f 54
5b 5b 54 45 41 49 53 5e 64 64 59 3d 30 43 5c 66 69 67 52 26 27 53 67 69 68 5f 3b 23 3f 5e 68 69 63 4b 2d 32 52 64 66 63 58 44 35 40 59 63 62 5d 50 43 40 49 59 60 5e 56 4e 4a 4c 51 55 59 57 53
5b 5f 5d 56 48 3f 45 56 62 65 66 61 4c 31 37 53 64 68 67 65 56 31 29 4c 63 68 68 67 5c 3b 29 42 5d 66 68 68 62 43 24 38 5b 66 68 68 64 4f 2c 30 52 63 67 66 61 57 45 3b 45 56 5f 61 5e 58 4f 4b
5f 62 63 62 5f 5d 5b 57 53 50 50 57 5f 64 68 69 68 67 64 60 58 4b 3e 3f 55 67 6a 6a 6a 6a 6a 6b 6a 6b 6b 37 c 3f 6b 6c 6b 6b 6a 6a 69 68 66 60 53 46 44 4d 59 5f 63 66 67 66 64 61 5d 57 54 54
58 5d 61 62 60 5e 56 49 43 49 55 61 65 66 66 67 68 57 31 2b 4e 64 67 68 68 69 69 62 47 26 35 5a 67 69 68 68 69 69 60 38 1e 40 62 69 69 68 66 66 65 5d 43 31 3f 57 64 66 66 65 63 5e 55 4c 48 4d
4c 44 46 52 60 65 68 67 5a 3a 28 44 61 67 67 68 69 5f 38 23 42 60 67 68 67 67 60 40 25 3c 5d 66 68 66 65 5f 48 30 39 56 62 66 66 66 61 4f 35 34 4f 61 64 64 64 5f 50 40 40 4e 5a 5f 61 5e 57 52
61 63 64 61 5c 54 4b 49 4f 57 60 64 65 66 66 67 6a 6a 4c 1f 30 5c 69 6a 6a 67 65 68 6a 6a 67 4c 1c 2c 5e 69 6a 69 67 65 66 68 69 65 55 3b 33 49 5f 65 67 66 65 64 63 62 5d 52 4c 4e 52 58 5e 5f
61 62 62 60 5d 5a 56 52 4e 51 5a 62 66 67 66 65 66 64 5d 51 3f 38 4e 64 69 6a 69 69 68 69 6b 6b 69 3c e 3a 6a 6c 6b 6a 68 67 68 69 69 65 59 43 3b 48 56 5f 64 66 66 66 66 63 61 5a 53 50 51 56
4a 4c 53 5b 60 61 5b 4d 41 40 4d 5c 64 67 66 58 39 2b 45 60 67 68 68 63 44 25 37 5b 67 68 67 64 4e 2b 30 53 65 68 68 65 54 33 2b 4c 63 67 67 65 58 3c 31 46 5d 64 64 60 59 4b 42 46 51 5b 5f 5c
4e 4f 57 5c 5a 55 48 41 49 56 5d 60 61 56 3b 31 49 60 67 67 5d 3c 29 41 5e 66 67 5d 41 2e 3e 5b 68 69 5f 40 27 3c 5c 67 68 62 49 28 34 58 65 66 61 53 3b 35 4a 5d 64 5f 55 4a 44 48 51 57 5a 59
53 56 5a 5e 63 67 67 67 66 63 5e 57 4a 40 44 55 65 6a 69 6a 6a 6a 6a 6b 6b 6b 43 10 33 66 6b 6b 6b 6a 69 6a 6a 69 69 61 4c 3c 40 50 5b 62 67 68 69 68 68 64 5e 58 52 51 53 55 5a 5e 60 63 63 62
5e 5a 50 47 45 4c 59 60 64 64 5c 44 31 41 5a 64 67 67 60 45 27 39 5b 65 66 66 60 49 2e 37 55 64 68 68 66 50 27 2d 54 65 68 68 67 57 30 28 4d 64 67 66 65 5c 44 32 3e 57 62 63 60 5b 51 46 46 50
51 4c 4e 57 60 66 69 69 69 69 67 63 5e 53 3e 33 4b 65 6a 6a 6a 69 6a 69 6a 6a 6b 6b 4a 20 2e 58 6a 6b 6b 6b 6b 69 68 68 66 5f 51 45 46 51 5a 5f 63 66 67 66 64 62 5f 5b 54 52 56 59 5b 5c 5e 60
