5a 5d 5a 5a 5c 59 58 54 4e 4e 56 5c 61 63 61 62 5c 46 3c 4b 5a 5f 66 69 6a 69 61 32 1e 46 62 6a 6a 69 69 67 4f 28 30 55 66 6a 69 6a 69 64 44 20 35 5c 68 6b 6a 67 66 5e 4c 3c 3d 50 60 66 66 5f
60 63 66 66 67 66 62 54 44 41 4c 59 62 67 69 6a 68 69 6a 6b 60 38 22 43 63 6a 6b 6a 6a 69 6a 6b 6a 6a 4d 16 2a 62 6c 6b 6a 69 68 68 67 67 66 62 48 34 40 53 62 69 69 69 68 65 62 5f 5a 54 52 51
5f 62 63 62 5c 56 50 4e 4e 54 5f 66 67 67 67 67 65 59 3f 31 45 60 69 6b 6a 69 6a 6a 6a 54 21 26 58 69 6c 6b 6a 69 6a 6a 69 58 26 23 54 68 6a 6a 69 68 69 68 67 5c 41 32 43 59 65 68 67 68 68 63
4b 49 52 5b 5f 64 68 69 68 68 68 66 55 3a 32 47 60 6a 6b 69 6a 6b 6b 6a 6a 5e 32 22 48 62 69 6b 6a 6b 6a 6b 6a 6a 69 47 1c 33 5d 69 6b 6a 69 69 67 66 67 5d 50 44 3f 4b 5d 65 67 66 67 66 60 5d
5b 61 64 65 62 5e 5d 5a 51 4d 50 53 5c 63 64 67 66 65 66 68 57 39 33 4a 62 69 69 69 69 6b 6b 6b 67 31 11 45 6a 6b 6b 6a 6a 69 6b 6b 6b 66 3e 17 39 64 6b 6c 6a 68 67 65 64 62 5a 4e 47 49 53 5b
51 54 5a 59 5b 5b 55 4f 53 59 5e 5f 60 60 58 43 3c 4c 5d 63 63 65 60 57 49 40 4a 59 65 69 69 63 45 23 35 5d 69 6b 6a 61 43 32 44 5c 67 69 67 66 4e 2a 30 50 65 6a 69 68 61 52 42 41 4e 5c 61 61
57 57 56 56 57 5a 62 66 67 67 66 64 62 5e 54 45 3f 49 5c 68 6a 69 69 68 68 6a 6b 6b 6a 3d f 39 69 6c 6c 6b 6a 68 68 69 6a 6a 67 53 3b 3a 4b 5a 64 68 68 68 67 67 65 62 5d 56 51 4f 52 55 5b 62
58 55 56 58 5b 5c 5a 56 53 57 58 59 5d 60 5f 5a 56 4a 42 4b 5a 63 66 68 68 5d 39 2d 49 60 69 6a 6a 69 5e 2b 1d 4c 66 6a 6b 6a 69 64 48 23 37 5f 6a 6b 69 66 64 52 3f 3a 47 5d 65 64 63 5f 59 55
5e 60 5d 50 46 49 54 5e 64 67 68 62 51 38 38 52 63 68 6a 6a 6a 64 36 1d 43 64 6b 6b 6b 6a 63 42 21 3b 63 6a 6b 69 66 63 53 39 35 4d 62 65 64 63 62 61 56 4a 4a 4d 57 5f 5f 5f 60 5f 57 51 50 54
58 4e 46 4f 5d 61 64 66 65 63 5e 4f 3e 42 56 60 63 66 67 68 69 60 46 30 3e 58 63 68 6a 69 6a 69 63 42 22 39 5e 68 6a 6b 6a 6a 6a 65 47 1d 32 5f 69 6b 69 67 67 68 68 60 45 31 3e 56 63 69 68 67
49 50 5c 63 66 68 69 68 67 64 52 37 35 4e 63 69 6b 6a 69 69 6a 6a 60 37 21 43 63 6a 6b 6a 6a 6b 6b 6b 6a 5d 1d 19 5b 6b 6c 6b 6b 6b 69 68 66 5b 48 40 46 50 5d 66 67 67 66 65 63 5b 55 54 51 51
4a 46 52 5e 64 65 68 68 68 5d 39 28 47 62 68 6a 6a 6a 69 68 4a 1b 2d 5f 6a 6b 6a 69 6a 69 65 44 1d 36 60 6a 6a 69 67 66 67 60 4b 36 3e 55 5f 65 65 65 66 63 61 54 47 48 4f 58 5f 60 60 62 62 5d
54 55 5d 62 67 68 68 66 64 5f 57 44 34 46 61 67 6a 6a 6a 6a 6b 6b 6b 67 33 14 44 67 6b 6b 6b 6a 6a 6a 6a 6b 6b 64 30 15 46 69 6c 6c 6b 6a 68 66 65 63 5d 51 47 47 50 5a 60 65 67 66 65 60 5d 59
68 68 68 66 5c 3f 29 42 60 68 6b 6a 6a 69 6a 6a 6a 5a 1f 1e 58 6a 6b 6a 6a 6a 69 6a 6a 6b 61 34 1c 43 65 6b 6a 6a 69 67 67 64 63 5c 4a 42 42 4e 62 68 68 65 64 62 5f 5e 59 55 54 51 55 5d 5e 5c
51 53 57 5a 5e 60 5f 60 5d 53 4a 45 4d 5b 63 66 68 66 63 4f 31 36 55 65 69 69 69 6b 6a 57 25 22 52 69 6b 6a 69 69 69 63 38 20 41 61 6a 6a 69 68 68 66 55 3e 2f 43 60 67 67 67 63 61 5c 54 4e 4a
60 63 65 61 54 4d 46 46 51 5e 67 69 6a 6a 67 46 22 37 5b 68 6b 6b 6b 6a 63 38 1a 42 68 69 69 69 6a 69 68 5c 2f 1f 4b 65 6b 6b 68 64 64 61 53 43 41 4c 5b 60 63 63 62 5f 57 52 52 53 55 56 59 5c
48 4d 59 5e 61 64 64 62 56 3d 39 4e 5e 66 68 6a 68 65 44 1f 39 61 6a 6b 6a 6a 67 5e 2f 20 4b 67 6a 69 69 68 66 56 2d 2c 53 64 66 66 67 61 60 5f 51 41 44 52 5b 5e 5f 60 61 62 5d 51 4d 4e 51 59
5f 56 4a 47 4c 5a 66 6a 69 67 68 69 69 67 62 5a 43 27 40 67 6a 6b 6b 6a 68 68 6a 6a 6b 6b 6a 3d 18 3c 61 6a 6b 6b 69 68 67 68 68 64 5c 53 50 4a 47 55 62 65 67 67 67 64 62 5f 5c 5b 58 53 54 5b
63 64 5d 55 4b 43 4e 5d 63 65 65 64 65 67 62 46 2d 3c 5a 68 6a 6a 6a 6a 6a 69 53 1e 26 5c 68 69 6b 6b 6a 69 69 60 35 1d 44 64 6a 6a 68 69 68 68 63 52 3e 39 4a 5c 65 67 66 67 65 5f 55 55 53 50
59 5b 5a 57 55 55 54 58 5c 5f 64 60 5b 55 4b 46 52 60 64 66 67 64 59 43 37 43 59 67 69 69 69 68 60 38 24 45 61 69 6a 6b 6b 6a 62 37 1c 42 65 6a 6a 6a 69 69 6a 59 2c 23 4c 66 6b 6a 69 64 5d 56
5b 4d 42 4c 57 5f 65 69 6a 6a 68 63 5d 41 24 40 64 6b 6a 68 69 69 69 69 60 39 21 44 63 69 6b 6a 69 6b 6a 69 5c 24 1d 54 6a 6b 6a 69 68 68 67 64 4c 39 3c 4c 60 67 67 67 68 67 5f 56 4d 4a 50 56
5e 5d 52 4a 4d 54 5e 64 65 66 65 63 59 3f 32 49 63 69 68 6b 6a 6a 68 50 25 2c 57 67 6a 6a 69 6a 6a 69 5a 27 20 51 68 6a 69 69 69 69 6a 64 43 24 3a 5c 67 69 69 67 66 60 5b 53 46 48 53 5b 60 62
65 68 68 67 67 65 5e 53 47 3d 46 5c 68 69 6a 69 68 68 6a 6b 6a 6a 3a 10 3d 68 6c 6c 6c 69 67 66 69 6b 6b 6b 61 3f 2d 41 58 64 6a 6a 68 66 64 63 65 63 5e 57 4f 4e 52 55 5c 62 62 64 65 65 63 5d
65 62 5f 58 4c 47 4d 55 5e 66 69 69 68 69 6a 6a 6a 67 4a 19 2f 63 6c 6c 6b 6a 68 66 68 6a 6a 6b 6a 50 28 2c 52 68 6b 6b 6a 68 67 65 66 67 60 57 51 47 44 51 60 65 66 67 67 66 64 5f 5c 58 54 55
62 68 68 68 68 66 65 61 5a 4c 3c 41 57 65 6a 6a 6a 69 69 69 6a 6a 6a 68 54 2c 25 4f 6a 6c 6b 6b 6a 6a 6a 69 6a 69 6a 66 4c 34 3c 53 61 65 68 68 6a 6b 69 68 66 5e 58 53 4f 50 58 5e 5f 62 64 63
63 68 67 65 65 5b 39 2d 4b 64 68 6a 6a 6a 6a 6a 62 37 1b 41 66 6a 6a 6b 69 68 6a 66 45 22 36 5d 69 6a 6a 6a 6a 6a 64 41 21 3c 61 68 68 69 68 67 61 5a 51 48 47 4f 58 61 67 67 63 5f 59 57 53 51
63 67 68 66 65 64 61 4b 2e 3a 59 68 6a 6a 6a 6a 6b 6b 6a 49 18 30 61 6a 6a 6b 6a 6a 6a 6a 67 52 2b 2a 50 68 6b 6b 69 69 69 69 66 5e 46 2f 3f 5c 65 67 69 68 67 63 60 5c 55 4a 49 53 5c 5f 64 65
68 66 63 5f 55 4a 43 4c 5a 61 65 68 67 65 66 68 6b 6a 69 63 38 18 40 68 6c 6c 6b 69 66 63 66 68 6a 6a 6a 5e 39 2a 47 5e 66 69 69 67 66 62 5d 61 66 62 5a 51 4c 4d 57 5d 5f 61 62 63 63 61 5f 5d
52 57 5c 5e 64 69 69 69 69 68 61 54 43 40 49 56 64 67 67 68 68 6a 6a 6a 6b 6a 65 35 14 41 6a 6c 6c 6b 6a 69 68 68 69 6a 6b 61 48 35 3e 54 61 65 68 69 68 67 67 66 64 5e 56 50 4f 51 53 5a 62 63
5e 59 55 4e 4f 58 5e 5f 60 61 5b 53 49 4a 53 5a 60 64 68 62 4f 3c 3f 53 60 67 6a 69 65 4a 28 32 58 69 6b 6b 69 65 4a 25 34 5c 68 69 6a 69 65 58 36 29 46 62 6a 68 66 64 5a 4d 44 48 56 5a 5c 60
53 56 5a 5d 5b 5a 5b 57 51 52 58 5d 5d 5c 59 50 4d 52 57 5e 61 60 5f 53 42 43 51 59 61 67 67 68 5f 3e 2a 3f 59 67 6a 6a 6a 63 3e 22 3d 5f 6a 6b 6b 6a 68 52 1c 24 5b 6a 6b 6a 67 61 56 4b 44 4a
61 60 54 4c 48 4c 5b 63 65 66 68 68 68 65 5b 42 32 41 5c 67 69 68 69 69 6a 6a 69 5e 26 1b 51 6a 6b 6b 6b 6a 6a 6a 6b 69 58 28 24 52 66 6a 6a 6a 6a 69 68 63 5a 4f 47 46 4e 59 62 65 67 66 64 60
