58 5c 61 64 64 64 64 5c 4e 44 43 4e 5e 65 65 66 67 69 6a 69 5b 2d 21 4d 67 6a 6a 68 66 67 6a 6a 66 3f 17 37 64 6b 6b 69 67 66 67 68 63 53 3a 36 4c 5d 65 67 65 64 63 63 5f 56 4f 4d 4e 53 5b 60
4e 4c 52 59 5e 60 5f 5c 54 45 40 4c 5b 62 63 65 66 60 49 2d 37 57 66 68 67 68 69 60 2f 1b 48 65 6a 68 67 68 65 4b 1f 2e 5c 68 68 67 67 65 5a 40 31 41 58 63 65 65 63 5b 4d 46 48 50 58 5b 5e 5d
62 64 65 64 5f 57 49 41 47 54 63 68 67 67 68 6a 6b 6b 4a 18 2d 60 6b 6b 6a 69 67 69 6a 6b 69 40 15 36 63 6b 6b 69 67 66 66 64 60 58 4b 3f 46 56 60 63 64 64 62 61 5f 5c 58 52 4f 52 57 5d 60 60
5e 5e 57 4c 45 48 54 5e 65 67 66 5f 4a 31 37 54 66 67 68 69 69 5e 2c 1f 4c 64 69 69 68 68 62 41 21 39 5e 68 69 68 67 66 53 31 2e 4d 63 67 67 67 62 55 41 3c 49 57 61 64 61 5c 56 4e 4b 50 54 59
4e 4c 4e 56 5d 5f 5f 5c 51 44 3f 4b 5b 62 64 65 63 52 36 33 4c 5f 65 67 68 68 54 26 28 53 66 69 68 67 63 4d 2c 30 53 65 67 68 69 65 47 24 34 59 67 68 67 65 5e 47 34 3d 55 62 65 64 5e 53 49 49
58 4e 46 49 54 5f 65 67 66 65 63 55 39 32 4a 60 67 68 67 68 69 68 4e 21 2c 5a 69 6a 69 68 69 68 62 3c 1e 3d 62 69 69 68 67 67 66 57 37 2e 4a 60 66 66 67 65 63 5c 51 47 45 4d 56 5e 62 63 60 5d
5d 61 65 67 68 66 65 62 5b 4d 42 43 50 61 69 69 6a 69 69 6a 6a 6b 6a 48 18 2f 60 6b 6b 6b 6b 6a 6a 69 69 6a 68 57 3d 35 47 5a 64 68 69 69 69 68 67 64 5e 54 4e 4d 52 58 5b 60 63 65 65 62 60 5c
5a 59 55 4e 4b 51 5a 5f 61 61 5b 4d 3d 43 56 5f 63 65 67 61 48 2e 3c 59 63 67 67 68 66 4f 28 2e 57 66 69 69 69 67 58 28 24 52 66 69 68 69 68 62 43 24 39 5c 67 68 68 65 5d 4d 3f 41 50 5c 61 60
61 64 66 65 64 61 59 4f 49 4a 50 5b 64 67 68 69 6a 6a 6a 6b 69 48 11 2f 68 6c 6b 6a 6a 69 6a 6a 6a 6a 69 51 35 39 4b 5d 66 68 68 68 68 67 65 62 5c 52 4c 50 55 59 5e 61 61 61 61 62 61 5d 59 57
67 66 62 5d 52 49 48 4e 57 62 68 6a 6a 6a 69 69 6a 6a 58 33 21 45 6b 6b 6b 6b 6a 6a 69 69 6a 6a 6a 54 36 36 4b 5d 64 68 69 6a 69 67 67 65 61 58 4f 4b 4e 55 5d 61 63 64 63 64 64 61 5d 59 56 57
5b 53 45 40 49 57 60 63 5f 52 3a 34 4a 5d 67 68 5f 3f 27 3d 5d 67 68 60 3e 23 3c 5f 68 67 60 41 28 3b 5a 66 67 61 4b 2d 37 57 62 64 61 53 3c 35 49 5d 62 60 58 49 3f 47 52 58 5d 5a 52 4e 4b 4d
5a 56 53 4b 48 4d 54 58 5e 61 5a 4b 3f 44 4e 58 62 66 61 4b 33 36 4f 62 67 68 63 45 23 35 5a 68 69 69 5f 33 1c 45 65 69 69 67 52 29 2a 52 66 68 66 5a 4a 3b 3e 51 60 61 5c 54 4b 48 4c 51 57 59
58 56 53 54 57 5b 61 66 68 68 66 63 5e 57 4c 40 3f 54 68 6a 6a 69 69 69 6a 6a 6b 6b 34 c 42 6c 6c 6b 6a 69 68 68 69 67 5e 4d 43 48 51 59 5f 62 66 67 66 64 60 5a 55 54 54 56 5a 5d 5d 5e 60 60
4b 4c 54 5c 62 62 58 47 38 3f 55 63 67 67 62 4b 2b 32 55 66 68 68 66 50 29 2b 52 64 68 68 64 52 2f 2e 4e 62 68 68 66 5b 39 25 41 60 67 68 67 5e 46 32 3c 55 62 64 62 5b 51 48 44 4a 54 5b 5e 5b
57 58 5b 5d 60 64 65 66 65 63 5d 56 4c 48 4a 54 61 66 69 6a 6a 6a 6a 6b 6b 5c 32 1b 45 6c 6b 6b 6a 6a 6a 6b 6a 69 69 61 49 37 40 52 5e 65 68 69 69 69 69 66 5f 56 4e 4e 53 55 5b 5f 61 64 64 63
5e 63 63 60 5c 56 4c 45 48 54 5f 63 65 68 69 68 62 44 24 37 5d 69 69 68 68 69 6a 67 46 1a 31 61 69 6a 68 67 67 68 67 51 27 2a 53 68 6a 69 67 64 63 5e 51 45 44 4d 57 5e 64 65 62 5e 58 54 52 53
58 52 4a 4d 56 5c 62 65 66 67 67 62 54 3f 33 45 5f 68 69 68 67 69 6a 6a 60 2a 1a 4e 68 6a 6a 68 68 69 6a 6a 5e 37 23 42 61 69 69 68 66 66 66 63 58 46 3f 47 56 5f 63 64 65 64 61 5c 54 4e 4f 55
59 5d 5e 5d 5a 53 4c 4a 4f 59 60 61 63 64 5f 54 41 39 4a 5d 64 66 67 69 69 5c 32 21 48 65 69 69 68 69 69 62 37 1b 41 64 69 68 67 67 68 66 4f 2d 32 50 62 67 67 66 66 60 53 47 44 4a 55 5e 61 60
4a 49 4d 55 5e 62 62 5c 49 36 3b 52 62 67 68 66 59 35 29 47 60 67 69 69 63 42 1f 36 5f 68 69 68 65 54 2f 2b 4e 62 67 68 67 5f 40 26 3b 5c 66 67 65 5e 4e 3d 3e 4f 5c 61 61 5b 52 49 48 50 58 5a
5c 5e 5f 59 52 4e 4a 4d 57 5f 64 66 64 5f 4e 3c 3c 4e 5f 65 67 69 69 68 54 22 25 57 67 6a 68 69 69 65 4d 24 2d 5a 68 69 68 68 68 64 4a 2a 33 55 65 68 67 66 61 59 4b 42 46 54 5e 61 60 5f 59 53
47 47 50 5a 61 61 57 46 39 41 55 62 66 66 57 31 28 4a 62 68 67 62 40 21 3b 5e 68 69 64 4b 25 2e 58 66 68 63 53 35 32 4c 60 66 63 55 40 37 47 5b 62 60 58 4d 44 45 52 5c 5c 57 4f 4c 4c 50 56 57
5e 60 5d 57 4f 4a 4e 57 5d 61 61 64 65 65 5f 49 31 3c 58 65 67 67 67 69 6a 6a 57 1d 20 5a 69 6b 69 67 67 69 69 65 3f 1d 3b 61 69 69 67 66 66 65 5f 51 42 3f 4c 59 61 65 65 64 60 5a 53 51 52 52
3e 39 36 3c 3f 3c 40 42 40 3e 35 37 3d 3b 3e 3c 40 3e 39 3d 3b 38 38 3a 3d 3f 3e 3e 3c 36 38 3d 40 3d 37 38 3e 3d 3e 3e 3b 39 37 3b 3e 3a 3c 3f 40 40 37 3a 3b 37 3d 42 44 3e 38 3d 3d 3a 3d 3d
50 51 58 5e 62 62 63 62 5c 50 40 3e 50 5f 65 67 69 69 6a 68 46 1b 32 5d 6a 6b 69 68 69 69 68 4b 1c 2c 5d 6a 6a 69 68 67 68 65 4f 32 35 4e 5f 67 67 66 66 64 5d 52 4a 49 4e 55 5d 61 61 61 5f 5a
5d 5d 56 4e 47 45 4d 5a 63 66 65 58 3e 31 43 5c 66 68 68 62 45 23 35 5c 67 69 68 66 52 27 2a 55 65 68 69 67 54 2d 29 4e 64 68 67 66 59 39 2b 45 5e 65 65 63 59 47 3d 43 52 5e 62 5f 57 4e 49 4d
59 5f 61 5e 56 4a 42 46 56 61 64 66 66 60 44 2e 3f 5b 66 67 68 67 63 4c 2a 33 56 65 68 68 69 68 59 30 25 4b 64 69 69 68 67 61 3f 22 3d 60 67 68 67 64 5f 50 3e 3b 4b 5c 63 64 62 5c 53 4c 4b 4e
57 58 55 4e 49 47 4d 58 5f 60 5b 4b 3b 3e 51 5f 65 65 55 37 2f 4a 60 67 67 5c 38 26 43 61 69 69 60 37 21 41 5f 69 69 61 46 29 37 58 65 65 61 54 3e 35 47 5b 61 5f 59 4e 45 48 50 57 5a 59 52 4d
50 4e 54 5b 60 63 63 60 59 4c 42 44 53 5f 63 64 67 68 67 51 2a 2d 54 66 69 69 69 69 69 5b 2a 1f 4f 68 6a 69 67 68 68 63 48 25 32 59 69 69 66 65 65 64 5a 45 38 42 55 60 65 66 65 61 58 4e 4b 4f
60 62 61 5d 53 4c 4f 54 5b 60 63 65 65 65 63 60 5a 45 35 46 5e 68 69 69 68 69 6b 6a 6b 5a 13 1b 65 6b 6b 6a 68 67 67 69 68 62 4b 35 3d 50 5f 67 67 67 67 66 63 5e 55 4f 4e 51 56 5a 5d 61 63 62
5b 54 4e 4d 51 59 61 66 69 69 69 6a 69 68 64 5a 3f 24 40 68 6c 6b 6b 6a 69 6a 6a 6a 6a 6a 65 41 29 3e 59 66 68 69 69 69 68 68 66 64 5e 54 4c 4b 51 58 5e 63 64 65 65 64 63 60 5c 58 56 55 58 5c
54 5a 5e 5c 53 49 43 4a 57 61 64 64 61 4f 30 33 52 63 68 69 66 58 3b 2d 45 5f 66 67 67 62 43 28 3b 59 65 67 68 64 4c 2b 33 55 66 69 69 65 48 26 34 59 66 68 66 60 4f 36 38 50 60 65 62 5a 4e 47
54 53 55 58 5c 5f 62 63 63 61 5a 4e 44 45 50 5c 65 66 67 69 6a 6a 67 3d 16 3a 65 6b 6a 68 68 69 6a 6b 64 3b 18 3b 65 6b 6a 69 67 66 67 65 59 44 39 46 57 60 65 66 66 65 62 5a 52 4d 50 56 5a 5b
