56 5a 60 61 62 61 5b 55 4f 49 4e 58 5f 65 66 65 68 66 5b 3d 29 44 63 69 6b 69 6a 6a 69 5d 30 1f 4c 67 6a 6b 69 69 6a 6a 65 2f 14 48 69 6b 6b 6a 69 67 64 55 45 45 4b 53 5d 61 63 65 62 5f 59 54
50 4f 53 58 60 67 69 69 69 69 67 63 59 46 34 3d 5b 68 6a 6b 69 68 69 69 6a 6a 6b 60 25 18 52 6a 6b 6c 6a 69 69 69 69 6a 68 57 3f 39 44 58 64 67 69 68 67 65 64 63 5e 55 4e 4d 53 59 5c 61 63 63
62 5f 5c 58 55 52 4f 54 5d 60 5c 5a 56 55 5d 65 68 6a 6b 68 49 13 2d 67 6b 6b 6b 68 5f 4e 4c 59 64 6a 6b 6b 64 3a 1c 3f 61 69 6a 6a 65 5c 4d 4e 5f 61 5f 5c 5a 57 51 4c 4e 59 61 64 64 60 5a 58
61 60 59 4e 43 43 55 64 67 68 69 6b 6b 6b 69 2d f 4a 69 6c 6b 6a 6a 6a 6a 69 55 2a 2b 55 66 69 69 68 67 67 66 65 5c 4a 3a 3f 55 62 64 66 67 68 67 65 62 52 41 45 53 5b 61 61 62 63 60 60 5e 5a
60 60 5c 4d 46 4c 52 5b 63 66 65 62 58 41 37 49 5e 68 6a 6b 6b 64 34 19 44 65 6a 6a 6a 66 54 36 33 4c 60 67 69 68 63 55 38 2f 4c 61 69 68 65 5d 4e 48 49 4e 59 5f 61 61 5d 54 4e 4f 52 56 5a 5d
5d 56 4f 4f 55 59 5d 61 62 62 61 5c 4e 44 45 50 5f 66 68 69 69 68 51 27 2d 57 66 69 6a 69 6a 6a 5d 2c 22 4d 66 6a 6a 6a 6b 6a 68 42 18 37 64 6a 6a 69 68 65 5e 55 48 44 4d 55 5c 61 63 62 5e 5b
5f 59 4d 4b 50 56 5e 65 68 67 68 69 69 69 67 61 46 1b 35 69 6b 6b 6b 69 65 66 69 6a 6a 6a 6b 4f 25 2f 56 66 69 6a 69 66 64 66 68 66 61 59 54 4b 48 51 5b 61 63 65 65 63 62 5f 5b 5b 5a 58 57 5a
5a 62 66 68 69 69 69 68 64 5c 52 41 31 4a 6a 6b 6b 6a 68 68 69 69 6a 6a 6b 68 36 10 41 6b 6c 6b 6c 6a 67 68 69 66 65 64 5a 4a 45 4c 55 5c 62 64 66 68 69 67 63 60 5b 55 53 54 56 59 5c 61 63 61
64 64 64 61 5d 51 43 43 50 5b 64 68 69 69 6a 6b 6a 6b 3e 11 38 66 6b 6b 6a 69 68 69 6b 6b 6b 56 1d 21 5a 6b 6b 6a 69 68 68 67 64 5f 58 48 3a 47 5b 63 66 67 66 65 62 60 5b 57 55 51 53 58 5d 5e
5c 60 63 64 63 61 61 5b 4f 4a 4c 53 5d 64 66 66 66 69 6a 6a 59 35 2c 4a 64 6a 6a 6a 6a 6a 6b 6a 68 3f 13 38 68 6b 6c 6a 6a 68 68 6a 6b 6b 5c 30 22 49 65 6b 6b 6a 69 67 66 66 60 56 49 46 4f 57
56 57 58 5b 5c 5d 5c 56 55 52 50 53 59 60 62 61 60 5b 4a 3b 49 5d 62 64 67 68 69 63 3a 21 42 61 68 69 6a 6a 69 50 24 2d 58 68 6a 6a 6b 69 66 46 1b 33 62 69 6a 69 68 64 5b 4d 3c 40 55 5d 62 63
52 4a 49 51 58 61 66 69 6a 6b 6b 6b 68 3d 11 3a 6a 6b 6c 6b 6a 6a 6a 6b 6a 5a 30 27 4d 62 68 6a 69 68 67 69 6a 69 62 44 2b 3e 5a 65 68 68 67 66 65 66 65 5a 4f 46 46 53 5e 63 63 63 64 63 5f 59
5a 5f 62 64 61 5a 4b 3b 41 57 65 68 69 69 69 64 3c 19 3d 64 6a 6a 6a 6a 68 5e 38 23 45 62 68 69 69 68 68 5c 3b 2a 43 5f 68 68 67 66 64 5d 44 34 47 5a 62 65 65 62 60 5a 4f 49 4c 52 5a 61 61 5e
50 54 5c 60 63 66 68 67 65 60 4d 37 3c 52 63 69 69 68 69 6b 6a 6a 58 27 23 51 68 6b 6b 69 6a 6a 6a 6b 66 40 19 38 64 6a 6b 69 67 68 68 68 68 59 3e 37 48 5a 63 67 67 66 65 64 61 58 51 51 51 53
61 5d 54 4b 49 4d 58 62 65 67 68 69 67 56 31 2a 4e 67 6a 69 6a 6a 69 67 51 28 2c 55 66 69 69 68 69 69 68 59 2b 23 51 65 69 6a 69 68 68 6a 5f 3d 29 42 5e 65 67 68 68 65 61 59 4a 46 4c 52 5c 62
5c 5d 59 56 54 53 56 5c 5d 5d 5d 5f 60 61 59 52 4a 47 51 5c 63 67 68 6a 6a 6a 51 25 29 54 68 69 6b 6b 6b 69 6a 51 1b 26 5d 6a 6b 6b 69 6a 6a 6b 60 35 20 43 62 6b 6b 69 69 68 64 5a 4a 44 4c 55
53 4c 4c 54 5e 63 64 65 63 62 5c 50 43 3f 4f 62 68 69 69 69 6a 67 4b 28 33 54 67 6a 69 69 69 69 67 58 33 2b 4a 60 68 6a 69 6a 6b 6a 6a 4a 15 2d 64 6b 6c 6a 69 68 66 61 53 42 3e 4a 5b 65 66 64
65 68 68 67 67 64 5d 54 48 3f 48 5b 65 69 69 68 69 69 69 6b 6a 6c 3f e 38 69 6b 6c 6b 6a 68 68 69 6a 69 69 60 3f 30 44 59 62 67 69 68 67 66 65 65 63 5f 57 4c 4c 53 56 5c 62 63 64 65 64 61 5d
66 63 60 56 47 42 4d 59 5f 66 68 69 68 68 69 6b 6a 6a 4a 12 2d 67 6c 6c 6b 6a 66 65 66 68 6a 6a 6b 56 2d 2c 4f 63 68 6a 6a 68 66 63 63 67 62 5a 52 48 46 50 5c 63 64 66 66 65 63 5f 5c 59 56 56
58 5d 5f 5e 5d 58 4d 48 4a 54 60 64 65 62 5a 4b 40 49 5a 64 68 69 69 61 38 20 43 60 69 6a 68 66 57 39 32 4f 64 6a 6a 69 64 4d 29 2f 55 68 69 68 65 5d 54 49 47 50 5a 60 63 60 5a 54 51 53 51 52
5a 5d 5e 5a 52 51 50 52 59 5f 65 66 63 5e 52 40 40 50 5b 65 68 68 69 67 51 2c 30 53 65 68 69 6a 69 66 4c 22 2f 5c 68 6a 6a 6a 6a 61 40 22 3b 61 6a 6a 69 68 62 56 45 3c 46 59 64 64 62 61 5a 54
51 4e 4f 56 5d 5f 63 63 64 62 50 3b 3f 50 5e 68 69 69 69 6a 62 37 1f 44 64 69 6a 6a 68 69 65 4c 21 30 5e 67 6a 6b 6a 69 68 5a 2a 23 52 67 6a 6b 69 66 63 5b 49 3e 45 54 60 60 62 63 62 5c 56 54
51 4c 4e 58 61 65 67 68 67 67 67 5e 3b 2c 49 5e 66 6a 6a 69 6b 6b 6a 67 42 1a 37 62 6b 6b 6b 6a 69 6a 6a 69 61 3c 1d 3e 65 6a 6b 6a 69 69 68 67 63 56 40 37 4a 5d 64 66 68 68 67 65 60 58 4e 4c
52 51 55 5a 5d 61 62 62 5d 54 4c 44 4a 58 64 66 66 67 67 58 36 2e 4e 66 68 69 69 6a 67 54 2c 29 51 67 6a 6a 6a 6a 68 3e 17 3d 66 6a 6b 6b 69 65 5d 42 30 44 5b 63 66 65 61 5d 58 54 51 4e 52 58
64 66 67 65 61 5e 53 47 43 4c 5d 66 67 68 68 69 69 69 6a 6c 4a 1b 2f 5e 6b 6b 6b 68 66 68 6a 6a 6a 6b 61 2a 17 4e 6b 6b 6a 6a 68 65 65 63 61 61 5b 4e 43 49 57 5d 63 68 67 63 60 5f 5e 5b 56 57
5b 5f 66 68 69 68 67 65 61 52 3d 37 4b 62 6a 69 6a 68 68 69 6b 6b 6b 6a 3a f 3d 69 6c 6c 6b 69 68 69 6a 6a 6a 67 59 39 2f 48 5e 67 69 6a 69 67 66 67 66 62 57 4c 4a 4d 54 5c 61 65 66 65 64 61
62 63 5f 59 4f 44 46 55 60 64 68 69 6a 6a 6b 63 42 24 38 5b 69 6b 6b 6a 6a 6b 6a 69 53 23 28 58 68 6a 6b 69 69 69 6a 6a 69 4d 26 32 56 65 6a 69 68 69 68 65 62 5a 4b 42 4b 58 5e 60 62 65 65 63
5e 62 62 61 61 5b 4a 42 4d 58 5c 61 66 68 6a 6a 64 48 26 35 5e 69 6a 6b 6a 69 69 63 3f 20 3c 60 69 6a 6a 6a 6b 6a 68 44 16 34 64 6b 6a 6a 68 67 66 60 55 44 40 4a 56 60 67 67 65 61 5c 5a 53 4e
52 50 4e 54 5f 62 62 61 5a 4b 44 4a 55 60 66 69 6a 66 3b 1e 3f 60 69 6a 6a 68 57 34 2e 4d 64 6a 6a 68 63 4f 2a 2e 56 65 69 69 66 5d 4c 3e 42 53 60 66 65 60 5b 4d 46 4c 52 5a 60 5e 5c 5a 58 55
5a 61 63 65 64 62 61 57 4a 44 44 52 63 67 68 68 6a 6b 6b 68 35 12 41 68 6b 6b 6a 68 69 69 6a 67 43 1f 35 5c 6a 6b 6a 6a 6a 69 69 5e 46 2d 37 5a 69 6a 68 67 66 63 5d 55 4f 4a 4d 57 5f 62 64 62
59 59 58 58 58 5b 61 63 64 64 66 64 63 60 56 46 3f 4c 5c 63 66 69 68 67 68 69 6b 6a 6a 4f 17 27 61 6c 6c 6b 6a 66 65 67 69 6a 6a 69 59 33 2d 4d 60 66 69 69 67 65 65 62 60 5e 5b 58 50 47 50 5e
5e 5e 5f 61 5b 56 57 55 54 57 5d 60 61 65 65 62 5f 59 4b 42 45 56 64 68 69 69 6a 6b 6b 6b 46 d 30 6b 6b 6c 6b 69 69 6a 6a 6b 68 37 e 3f 6c 6b 6b 6a 6a 68 66 61 5a 51 4e 4c 4e 53 5d 66 66 63
