69 68 67 63 5d 55 4e 4a 4c 50 5c 67 69 67 68 6a 69 69 6a 67 58 42 29 3a 62 6b 6b 6c 6a 68 67 68 69 6a 6a 69 5b 33 28 49 61 6b 6b 69 68 67 64 65 68 68 63 56 45 41 4b 58 62 65 65 66 67 65 63 5e
4d 5b 62 64 63 5e 53 4f 4c 46 50 5e 63 66 6a 6a 5e 46 3b 41 4f 5e 65 68 69 6a 69 5a 2d 27 4d 61 69 6a 6a 69 68 5c 36 26 45 5f 69 6a 6a 6a 6b 6b 4b 13 27 61 6a 6c 69 69 68 65 5c 4c 39 38 51 62
54 51 4e 54 5b 5e 63 66 66 5a 41 31 41 5a 65 6b 69 68 5f 40 30 43 5c 67 68 6a 67 64 3f 1e 3b 5f 68 68 68 68 5e 43 2f 42 5c 65 68 66 65 5f 47 31 3e 55 61 68 68 64 5c 4b 42 4a 51 58 62 62 5c 58
54 50 48 4a 58 60 65 66 67 68 66 60 3f 29 40 5c 69 6a 68 6c 6b 6a 66 42 1d 36 5e 69 6a 69 69 6a 6a 68 4c 1e 2b 5b 69 6a 69 6a 68 68 65 58 3a 2e 48 60 69 68 68 65 60 5d 5c 4e 45 51 5b 5c 5c 5f
57 5a 5e 63 64 65 66 65 60 55 51 4f 4f 4e 53 60 6a 6a 69 68 68 69 69 62 52 3a 32 4b 60 68 6a 6b 6a 6a 6a 6b 6b 6b 6b 43 14 32 61 6c 6b 6b 69 69 69 6a 6a 66 5c 48 3e 43 4f 5e 65 69 68 68 68 65
60 65 66 66 62 5f 5c 52 43 41 53 60 63 64 65 68 68 69 69 69 54 26 2b 56 65 6b 6a 69 69 6a 6b 6b 67 42 18 35 61 6a 6c 6a 69 66 67 68 69 67 50 2e 31 50 64 68 67 66 66 64 65 64 5c 53 4c 4a 51 56
5d 5f 5d 60 5f 59 53 47 40 4d 5e 66 66 65 65 63 51 35 3a 56 61 63 68 69 68 69 5a 27 24 54 66 6a 69 68 69 65 49 23 35 5c 66 69 68 6a 68 5f 3a 23 3f 5e 69 6b 68 67 66 5d 4a 38 3d 55 61 65 65 5f
55 5c 64 64 65 67 68 64 62 5e 4c 3b 3f 53 62 66 69 69 68 6a 6a 6b 6c 57 2a 24 4c 66 6b 6b 6a 67 68 69 6b 6a 6a 54 19 22 5d 6a 6b 6a 6a 68 67 66 65 62 5e 50 3a 42 58 5c 61 68 6a 68 66 5f 57 53
4f 5b 62 63 66 69 68 68 68 68 5f 51 3a 2c 4a 69 6a 6a 68 69 68 69 6b 6a 6a 67 56 34 2a 47 62 6b 6b 6b 69 69 69 69 68 69 68 51 36 36 4d 5f 65 67 68 68 67 66 65 63 60 59 54 53 4f 50 56 5e 62 64
5f 5d 4e 42 48 55 61 65 65 65 66 64 50 38 38 4e 61 67 66 68 69 65 4e 28 30 57 67 6a 6a 6a 69 69 4e 19 2a 60 6a 68 67 69 6a 6a 5f 32 23 48 60 68 69 68 64 5f 59 51 4c 48 4c 59 5b 5c 5f 60 5f 5c
58 5a 5a 52 4a 4d 53 57 5f 65 66 61 53 3f 39 4a 5a 63 69 6a 6a 63 3d 23 3b 5c 69 6a 6b 69 61 3d 21 3a 5e 69 6a 6b 6a 63 3e 22 39 5b 6a 6a 67 64 5f 50 46 44 46 52 5f 63 64 61 5b 58 52 4c 4b 50
66 63 60 5c 51 43 45 4f 5b 66 6a 68 69 68 69 6b 69 68 52 25 25 52 6a 6c 6c 6b 68 65 65 68 6a 6b 68 59 35 28 44 60 6a 6b 6b 69 68 65 66 65 60 5d 54 47 43 4f 5b 61 64 67 68 66 62 5f 5f 5b 55 53
67 62 58 53 4c 46 48 5a 68 69 69 6a 6a 68 68 69 5c 35 21 46 67 6b 6b 6a 6a 69 69 69 6a 6a 66 4c 28 2f 52 67 6a 6a 69 68 68 69 6a 67 63 53 3d 3d 4c 5a 63 66 66 65 65 65 64 62 5d 55 4e 4e 53 58
58 55 54 50 53 5c 5e 61 63 60 55 3e 3b 4d 5f 69 6a 69 69 5a 2e 26 4d 64 6a 69 6a 69 67 4e 21 2b 57 69 6a 69 68 68 68 5b 2e 27 4b 60 68 68 67 67 67 5f 4d 3b 39 4d 61 67 67 65 5d 5a 57 51 4e 52
5a 5e 63 64 5b 49 3d 48 59 60 66 67 67 60 4d 38 3f 56 61 65 68 64 60 5e 45 30 44 5b 63 65 68 6a 68 5a 2a 22 4f 65 69 6b 6a 69 68 4f 25 2c 55 68 6a 69 69 67 61 53 36 35 51 61 65 67 63 5d 58 51
5e 5d 51 48 44 50 61 68 6a 69 69 6b 6b 6a 36 e 3e 69 6c 6b 6b 68 69 6a 6a 6b 61 38 19 3c 64 6b 6c 6a 69 67 67 69 65 5b 49 3d 41 50 5f 65 66 66 66 65 65 5e 55 51 51 52 51 52 5d 64 63 62 60 61
60 61 5b 51 47 45 52 5c 60 65 65 64 68 67 61 41 27 3e 5f 69 6a 69 6b 6a 6b 69 32 12 42 65 6a 6a 6a 68 69 68 63 55 34 27 4a 65 6b 69 68 68 66 65 63 4d 34 3b 53 61 65 64 65 65 5f 5b 5b 59 4e 4a
61 5b 55 55 4c 4d 58 5f 62 65 66 64 65 66 69 6b 49 22 37 5c 69 6b 6b 68 66 68 6a 69 66 47 24 34 58 67 6b 6a 68 66 68 6a 6a 6b 69 4b 1f 2c 59 6b 6c 6a 69 68 67 66 63 59 50 4c 4a 4f 55 5e 64 66
66 69 69 66 65 61 58 46 33 40 5d 69 6a 69 69 6a 6b 6b 69 43 1c 34 5e 69 6a 6b 6a 6a 6a 6a 68 51 2d 2c 4f 65 69 6a 6a 6a 69 69 69 61 44 29 3b 5a 67 68 69 69 67 64 61 5a 52 47 48 51 5a 60 66 65
58 5c 5b 54 54 59 58 56 55 55 55 5b 58 57 5a 56 51 53 5a 5f 60 55 41 45 55 5a 61 68 67 5f 46 2f 3e 5b 66 6a 6a 68 4d 22 2d 58 67 6a 6a 6a 64 46 23 32 59 67 6b 69 68 63 50 37 2f 46 61 69 6a 62
4e 4d 4e 55 5b 61 66 67 67 68 69 6a 69 64 42 16 35 66 6c 6b 6b 67 63 63 68 6a 6a 6a 68 45 21 36 59 65 6b 6b 69 66 64 65 65 63 5b 51 52 4d 4b 58 5e 60 61 64 63 5f 5f 5d 59 59 5b 5b 5b 56 55 5b
50 45 42 51 5f 65 68 69 68 69 69 65 4c 23 2c 58 6a 6c 6a 66 68 66 67 65 51 2f 33 52 62 69 68 69 67 68 68 67 59 38 2d 45 5d 69 68 69 69 69 68 69 69 4d 22 2f 59 68 69 69 67 67 65 63 5c 4c 44 49
5e 63 66 64 63 60 53 44 40 47 58 66 6a 6a 69 6a 6b 67 3d 1d 3a 5f 69 6b 6b 6b 6a 69 68 5b 30 20 49 66 6c 6c 6a 6a 69 69 66 4b 2a 31 54 66 67 67 66 65 65 65 62 54 3d 3d 51 5e 63 63 61 64 63 5d
5f 5a 53 48 48 56 60 63 66 66 66 62 5d 48 30 42 5d 66 69 66 63 62 63 60 54 44 3d 4b 5a 60 61 63 67 69 67 66 4c 1f 30 5d 67 6a 6a 68 6a 6b 6a 59 16 1d 5f 6b 6c 6a 68 67 66 62 56 3c 33 49 5e 64
65 64 62 5e 51 44 42 4e 5b 61 67 69 6a 69 55 2d 2b 4f 65 6a 69 6b 6a 69 5c 23 1e 56 69 6a 69 69 6a 6a 6b 4b 1c 2c 5a 69 6b 6a 68 66 65 5f 44 32 44 5a 62 63 62 61 61 5d 53 50 4e 4e 57 59 5f 60
56 57 5b 5f 5f 5f 58 4a 42 4a 57 60 65 66 63 53 41 44 53 5c 63 66 65 60 45 2e 3c 57 65 68 68 69 5c 34 2b 4e 63 68 6a 6a 66 4d 1f 2e 5e 68 69 68 63 5a 52 48 43 4d 5c 62 62 5c 58 54 4c 51 57 57
4a 48 50 5d 63 65 68 68 69 5b 37 2a 48 60 66 6a 69 69 69 68 44 1a 34 5f 69 69 69 69 69 69 64 41 1d 39 5f 69 6a 6a 69 68 66 5a 41 33 44 59 60 66 65 63 66 61 58 4e 47 4a 53 5b 62 61 5f 5f 5f 58
56 5c 5c 5d 62 62 59 4f 4a 44 4a 5f 67 69 69 69 68 5b 24 22 56 67 6b 6b 69 68 69 5d 36 24 45 62 66 67 6a 6a 68 63 53 34 2d 4e 62 66 67 65 63 66 69 6b 52 29 2f 51 62 68 69 67 62 5a 57 57 51 4a
52 4c 4f 55 5b 61 63 5e 53 4b 4c 51 58 5d 61 65 63 52 3d 3e 4f 5e 67 68 6a 5e 37 22 42 5f 69 69 6a 66 5b 35 29 4a 61 68 69 6a 67 5b 3a 24 3f 61 68 69 68 62 5b 4c 43 46 4d 5b 62 61 5e 58 56 53
5b 60 63 65 67 66 63 5f 56 4b 43 44 55 65 69 6b 69 68 69 6a 69 5a 3c 28 3f 60 6a 6a 6b 6b 6a 6b 6b 6c 6a 40 15 37 65 6b 6b 69 68 68 67 67 65 60 52 3f 3a 4c 60 68 67 64 63 64 64 5f 5e 59 50 4e
64 66 60 59 51 41 3e 4f 5f 67 6b 6a 6a 6a 6b 68 37 13 3f 65 6b 6b 6b 69 6a 6a 69 61 38 25 44 5d 67 6b 69 66 65 68 6a 64 4e 30 2f 4f 66 6b 69 68 68 6a 66 5d 4d 41 47 4f 5a 63 64 64 60 61 61 5b
3e 3f 4f 60 68 69 6b 6a 6a 62 3f 23 3b 5c 68 6a 68 68 6a 69 69 58 2c 25 4d 65 6b 6a 69 69 68 67 62 42 25 3d 5d 66 68 69 67 64 65 66 53 32 36 54 61 63 66 67 66 66 62 59 4b 41 48 54 5c 63 66 62
