63 60 58 4f 47 48 53 60 67 69 68 67 67 68 69 69 5f 3e 1c 3b 69 6c 6b 6a 69 67 67 69 6a 6a 69 52 30 33 50 60 66 69 69 67 66 68 68 65 5f 55 4a 48 50 58 5e 61 63 64 64 63 61 5f 5c 58 55 55 57 5a
5f 5e 56 4a 44 49 53 5c 64 67 66 5c 3f 2e 42 5b 65 68 68 67 5e 3d 26 40 5e 66 67 67 66 5d 3f 2a 40 5c 65 68 68 68 5c 35 26 46 61 68 69 68 64 52 34 33 4e 60 65 65 63 5b 4f 45 44 4e 5a 5e 5e 5b
5c 60 63 65 63 60 5b 50 43 43 51 5e 64 66 67 69 69 6a 67 40 1c 39 60 6a 6b 69 67 69 6a 6a 65 43 1c 35 60 6a 6b 69 67 67 68 69 68 56 37 2f 48 5f 67 69 68 67 65 63 5f 57 4c 47 4d 57 5d 61 64 63
60 62 61 5f 5b 4f 44 44 51 5e 64 66 67 68 68 68 4b 23 32 59 67 69 68 68 69 69 66 4b 21 2f 5b 68 69 69 67 67 68 67 5b 36 25 45 62 69 6a 68 66 66 65 5d 49 3a 41 53 5f 63 65 66 63 60 59 52 4d 4e
4f 4d 50 58 61 66 68 68 69 69 69 67 65 5b 3c 20 42 6c 6c 6b 6b 6a 69 69 6a 6a 6a 6a 5a 36 2f 49 5d 66 68 69 6a 69 69 68 66 60 57 4f 4d 4f 55 5b 5f 61 63 65 65 63 61 5e 5a 57 58 59 5a 5a 5c 5e
66 67 65 62 5b 4e 44 44 4f 5e 67 69 68 67 68 6a 6a 6a 6a 42 f 34 6a 6c 6b 6b 69 66 66 69 6a 69 66 4e 35 3b 4f 5d 65 67 67 66 65 66 67 64 5c 52 4a 4c 54 5a 5e 60 61 62 62 62 62 5f 59 56 54 56
5b 55 48 44 4d 58 61 65 65 61 4f 35 37 51 62 67 69 69 63 43 21 37 5e 68 68 67 64 58 3d 31 45 5c 65 66 66 66 5a 37 29 47 5f 66 67 68 66 58 37 2c 49 61 66 67 64 5f 52 40 3d 4c 5b 62 62 5d 56 53
52 58 5e 60 5f 59 4d 42 43 52 5f 64 66 66 5f 45 2e 3c 59 66 68 67 68 64 47 24 34 5a 67 69 68 68 61 48 2c 36 56 65 67 68 69 66 4e 25 2c 57 67 69 67 65 60 50 3e 3b 4a 5b 63 64 61 59 50 4c 4c 51
5c 5b 58 53 4f 4e 53 5a 60 62 63 62 5c 4e 41 41 4f 5d 63 66 67 69 69 5e 34 22 46 62 69 69 69 69 69 64 3c 1b 3c 63 69 69 67 68 69 67 54 2a 26 4f 67 6a 68 67 66 61 55 46 3f 48 55 5e 62 63 60 5c
4c 4b 54 5d 61 62 63 61 5a 4a 3a 3f 55 61 66 66 67 68 63 48 25 34 5a 66 69 69 68 68 63 43 21 36 5c 68 69 69 68 68 64 48 22 31 5b 67 68 67 66 66 62 4f 38 3a 4e 5c 63 65 64 62 5d 52 48 48 51 59
51 57 5f 65 68 68 68 68 67 65 5f 51 39 31 4f 69 6b 6a 6a 6a 69 69 6a 6a 6a 62 41 26 38 5b 6a 6b 6a 6a 69 69 69 69 69 63 51 3f 3f 4d 5a 63 66 67 67 67 68 67 62 5b 52 50 51 53 58 5d 60 63 64 63
57 55 53 4f 4c 4d 53 58 5c 5e 58 4d 41 43 4f 59 61 66 62 4e 31 33 4f 62 68 69 66 49 20 2f 59 68 6a 69 60 38 1f 41 62 68 69 65 55 30 28 4a 64 68 65 5c 4f 40 3e 4e 5b 5e 5c 57 51 4c 4a 4f 55 57
52 4d 4c 54 5d 60 63 65 65 66 65 60 4c 38 3d 52 61 66 67 66 66 68 6a 69 60 38 1f 42 64 69 6a 69 67 69 6a 6a 68 4c 1f 2d 5b 69 6a 69 68 67 67 67 63 53 3c 38 4c 5d 64 66 66 66 64 62 5b 53 4e 4f
5f 5c 54 4c 49 4e 59 62 64 65 65 64 61 51 35 34 52 65 67 67 68 69 69 68 50 22 2b 57 67 6a 69 68 69 69 68 5a 28 1f 52 68 6a 69 67 67 67 67 5e 40 2d 41 5b 65 66 66 65 64 60 59 4d 47 4b 54 5c 5f
55 58 5e 63 63 64 64 5f 57 49 3d 47 5a 62 65 67 67 69 6a 6a 65 32 16 46 67 6b 6a 68 66 67 6a 6a 64 45 1e 33 60 6a 6b 69 66 66 67 68 65 55 39 33 4b 5e 65 67 66 65 64 63 5e 54 4e 4c 4f 55 5c 5f
4f 4f 50 53 5a 5d 56 4a 43 49 51 5a 62 63 5c 43 33 40 55 64 68 68 5c 31 1f 47 64 69 69 65 48 1f 2f 5b 68 69 67 59 39 27 41 60 68 65 5e 50 3e 39 4a 5b 60 5d 56 51 4c 49 4c 53 58 58 56 54 50 4e
49 47 4f 5a 61 62 5e 51 3f 3b 4d 5e 63 64 63 55 3a 32 4a 5f 64 66 64 5a 3c 2b 43 5f 66 68 67 5d 36 24 44 60 68 69 68 5e 36 22 42 62 68 68 66 5a 40 2e 40 5b 64 64 60 58 4e 47 46 4e 57 5c 5c 58
59 53 49 44 4b 55 5c 62 60 56 42 37 45 58 63 67 67 59 34 25 45 61 68 69 66 50 26 29 54 66 6a 68 62 45 22 33 5a 67 68 65 5c 49 32 38 54 62 64 60 5a 51 41 3e 4d 5a 5e 5e 5a 52 49 49 4e 56 59 59
5f 63 65 66 67 67 65 62 5c 4c 3b 3f 54 63 69 6a 6a 6a 69 6a 6a 6b 6b 53 22 25 56 6a 6b 6b 6b 6a 69 69 69 6a 68 5b 46 3b 43 54 60 66 68 68 68 68 68 65 61 5a 50 4c 4f 54 5a 5f 63 64 64 63 62 5f
5e 61 60 58 4c 41 42 50 5f 66 68 68 62 49 2a 34 58 67 68 69 69 66 50 29 2b 53 65 69 68 67 64 54 36 2f 4a 60 68 68 69 67 5a 37 27 46 62 67 67 66 63 58 43 39 46 58 61 61 60 5d 56 4e 4a 4f 54 57
56 5a 5d 5b 54 46 3f 49 57 60 65 65 5b 41 2e 3f 5a 66 68 67 60 3c 21 3e 5f 68 68 67 5b 36 27 46 60 67 68 65 54 30 2b 4c 63 67 66 62 51 35 33 4e 5f 64 63 5e 51 40 3e 4c 59 5f 5e 5a 54 4d 4a 4e
64 66 67 67 64 61 59 4d 42 43 52 61 68 69 69 69 68 69 6a 6b 6a 48 15 2f 63 6b 6b 6b 6a 69 68 69 6a 6a 68 55 3a 36 48 5c 65 68 68 68 67 68 67 65 5e 53 4a 4c 53 58 5e 61 62 62 62 63 62 5e 5a 57
60 5e 5a 52 48 47 51 5c 64 66 67 68 69 6a 6b 6b 35 c 41 6b 6b 6b 69 68 68 69 6a 69 5c 3b 26 40 61 6b 6a 68 65 65 66 67 64 56 47 43 4a 55 5e 64 65 65 64 63 61 5c 57 53 51 52 56 59 5d 60 62 61
59 5f 63 63 5f 55 44 3c 48 5b 64 66 67 69 69 5f 33 1e 46 65 69 69 68 69 69 60 36 1d 42 64 6a 69 68 68 68 5d 3e 27 3d 5e 68 68 66 66 64 5d 47 39 44 53 5d 63 64 63 61 59 4e 49 4e 53 58 5d 5f 5d
4b 48 4e 57 5f 62 64 60 50 39 3a 51 60 64 67 67 63 4a 2b 37 58 65 67 68 67 5f 3e 29 41 5c 65 67 67 67 5f 41 27 3c 5c 66 67 68 68 60 3e 26 3f 5d 67 68 67 64 58 43 36 43 59 63 65 62 5c 51 4a 4b
52 50 50 53 5b 61 63 63 61 59 4a 3c 41 55 62 66 67 67 68 67 53 28 2a 54 66 69 69 69 69 68 5c 32 21 47 65 6a 69 68 69 69 65 4b 24 30 59 68 69 69 67 65 61 57 44 3d 48 56 60 63 63 62 5e 58 51 50
40 3d 3a 3c 3e 3b 3c 3f 42 40 3b 3d 3b 3a 3c 3c 3e 3c 3c 40 3f 3d 37 38 3d 3c 3c 3d 3f 3c 3a 3f 3c 38 38 3a 40 3f 3e 3f 3d 3a 37 3d 40 3b 3b 3c 3f 40 3e 3f 3c 38 3a 3e 40 3d 3e 43 41 3d 38 3a
62 5e 54 45 3f 4c 5c 65 68 68 68 6a 6b 6a 47 12 2e 65 6b 6b 69 68 67 69 6a 67 4d 24 2b 57 69 6a 68 66 65 66 66 65 59 45 3a 44 55 62 65 65 65 63 61 5d 5a 57 50 4d 4f 56 5d 5f 60 60 5e 5d 5b 59
4e 51 59 5f 61 61 5f 58 47 3a 45 59 63 66 66 66 65 5a 33 27 4c 63 68 69 68 68 66 51 28 2a 53 65 69 68 67 67 64 4f 28 2d 56 65 68 67 66 66 63 51 31 31 50 62 66 66 65 63 5c 4e 40 42 51 5c 61 61
4e 4d 52 5b 61 65 66 66 66 63 59 40 31 46 60 67 67 67 67 6a 6a 6b 5f 23 19 55 6a 6a 69 68 67 69 6a 69 5d 35 24 45 62 6a 6a 67 65 65 65 63 5b 4c 42 44 51 5d 62 64 64 64 62 5e 59 53 50 53 56 59
57 53 50 51 56 5b 5f 61 62 61 5c 50 43 44 50 5c 63 66 68 68 68 5e 3a 23 41 62 69 69 68 69 69 67 52 1f 26 5b 69 6a 68 68 69 69 64 42 1f 37 5d 68 69 69 67 65 60 55 47 40 46 56 5f 62 64 61 5d 59
5f 62 64 64 61 5c 4f 42 41 4e 5e 66 67 67 69 6a 6a 68 33 14 44 66 6b 6a 68 68 69 6a 65 4a 23 2f 59 68 6a 69 68 67 68 67 5d 43 30 3f 58 63 67 67 66 65 63 5e 54 4b 47 4d 57 5c 60 62 61 5f 5d 59
