67 68 67 64 55 3a 2f 49 63 67 69 6a 6a 69 6a 6a 69 58 27 23 51 67 6a 6a 6a 6a 69 69 6a 6b 67 3a 17 3c 63 6b 6a 6a 69 67 65 66 67 5f 4c 39 3b 51 62 67 68 67 64 62 60 60 5b 55 52 4f 51 59 5d 5d
44 48 57 61 66 67 6a 6b 6b 56 25 24 52 68 6b 6a 6a 6a 6a 66 3e 1b 39 60 69 6a 69 68 69 68 64 4c 29 32 56 65 66 67 67 65 65 64 60 4d 3b 3c 4e 60 67 68 68 66 66 5f 4f 42 47 55 5b 5c 60 63 65 60
54 5d 65 65 65 64 64 60 56 45 3d 49 5c 65 68 67 67 69 6a 6b 66 47 1d 33 60 6a 6a 6a 69 6a 6b 6b 6b 68 24 e 51 6a 6d 6b 69 66 64 66 66 63 58 47 3a 43 59 63 66 67 68 68 67 5f 57 55 4f 4b 51 58
5c 61 61 63 62 58 49 3f 42 51 61 69 6a 6a 6a 69 47 1d 32 5a 68 6b 6b 69 68 66 56 32 2c 4c 61 67 69 69 69 69 5e 36 22 42 61 6a 69 6a 69 68 5b 3f 31 40 58 65 68 68 67 63 5a 4d 45 48 50 59 60 63
64 66 5f 57 4c 42 45 53 60 67 69 6a 6a 6a 6a 5c 33 20 45 66 6b 6a 6a 68 6a 6a 6a 65 39 1c 40 60 68 6b 69 67 67 69 6a 66 4b 24 2e 58 69 6b 69 69 67 68 63 5d 51 43 46 50 59 61 64 64 63 63 60 5b
55 57 56 55 5b 60 61 63 66 66 66 64 63 5d 4e 3b 3f 55 64 67 67 66 64 64 68 68 6b 6a 68 53 25 26 53 69 6c 6a 6a 65 62 62 66 6a 6a 69 6b 46 23 39 58 66 68 69 68 66 65 62 61 63 5d 53 4f 49 4e 5a
61 62 5f 5b 50 46 49 52 5b 63 68 69 68 63 4e 30 34 52 64 6a 6a 6b 6a 69 5b 27 21 52 68 6a 69 6a 6a 69 66 3a 19 3d 63 69 6a 68 68 67 63 56 42 36 45 5a 64 66 67 63 5d 57 52 53 4f 4f 56 5a 5e 5f
54 53 57 5f 65 65 66 64 61 61 5a 4d 3f 42 54 60 66 69 69 69 69 6a 6b 67 3b 18 3c 62 6a 6b 6a 69 69 6a 6b 6a 6a 50 17 25 5e 6b 6c 6b 6a 69 67 66 65 61 50 3e 3e 50 5e 62 65 68 68 66 63 5d 54 4f
64 62 5f 54 46 46 50 57 5e 67 67 66 66 67 67 6b 6a 6a 4c 13 2b 64 6c 6c 6b 68 63 61 64 67 6a 6b 69 55 2e 2f 50 61 66 68 69 65 64 61 62 66 64 61 57 45 41 4e 5a 61 63 65 66 66 62 5d 5b 5b 59 57
5c 5c 56 50 49 49 56 62 67 69 69 69 69 65 54 27 27 56 68 6b 6b 6a 6a 6a 6b 6a 46 15 30 61 6a 6b 69 68 69 69 68 64 50 32 33 4f 60 67 68 68 67 68 67 5d 51 44 45 50 5a 61 64 63 62 63 5f 5e 56 51
52 54 59 5b 5e 63 5c 54 54 52 50 53 56 5a 60 60 5e 5e 61 58 46 3e 49 5b 61 63 68 69 65 57 33 27 4c 65 6a 6a 69 69 5f 34 22 47 62 68 6a 6b 6a 68 50 21 25 55 6a 6b 6a 68 63 59 47 3f 48 51 5d 62
55 48 41 50 5a 5f 65 67 68 67 63 56 3b 32 4a 5f 66 68 67 6a 6a 69 5b 33 24 47 64 69 69 69 6a 69 68 5b 2f 22 4b 65 69 69 66 68 69 68 61 3e 23 3d 5f 67 6b 69 67 66 64 5f 51 3c 3c 50 5e 64 66 65
57 60 63 65 67 69 68 68 67 63 56 46 36 3d 5d 6b 6a 69 67 68 68 69 6a 69 6a 65 48 23 30 5a 6b 6c 6b 6a 68 68 67 67 67 68 68 52 39 3b 4e 5e 64 65 67 68 68 67 66 64 62 5a 52 50 51 53 56 5d 62 63
55 54 55 54 53 58 5e 61 63 5c 4c 43 48 55 5e 62 65 68 61 45 32 41 57 63 68 69 69 62 3a 22 42 60 69 69 69 69 65 42 1e 38 5e 68 69 69 68 62 52 36 32 4d 60 67 68 63 60 57 49 45 49 54 5f 5f 5d 5d
5c 59 53 4c 51 56 5a 60 64 62 64 60 55 48 3e 48 5d 67 66 67 69 65 53 37 33 4b 60 69 6a 6a 6a 69 5d 2b 22 4e 63 6a 69 6a 6b 6a 69 46 16 30 63 6b 6a 69 68 65 63 5c 44 35 42 57 60 65 67 63 5e 59
4c 4d 4e 53 5a 64 67 68 69 68 69 6a 6b 54 1a 22 5b 6b 6c 6a 69 67 68 69 69 6a 67 59 2f 22 4b 66 6b 6b 6a 67 66 67 67 67 60 55 40 3a 4b 5b 65 66 67 68 67 64 60 5d 56 50 51 54 58 5a 5d 5f 61 63
57 54 54 54 58 5b 5c 61 62 5f 53 3f 3e 51 60 66 69 69 67 56 32 2b 4d 65 6a 6a 6a 6a 68 51 26 27 52 69 6a 6a 69 68 68 62 3e 24 3c 5c 68 68 67 67 68 6a 62 45 27 37 5b 66 67 67 64 62 60 58 4c 49
68 68 66 63 5e 54 47 44 48 56 66 68 67 65 65 68 69 69 6a 6a 4a 1a 2c 5d 6c 6c 6b 67 65 65 68 6b 6a 6a 67 40 1b 3a 63 6a 69 69 68 66 65 61 61 61 5e 55 45 46 55 5c 60 65 65 62 63 62 61 5d 58 57
5e 5f 5f 4d 3a 43 57 60 63 65 67 64 58 43 33 42 5b 66 69 69 69 69 4c 23 2e 56 67 6a 6a 69 5f 3c 2a 40 5b 68 6a 69 66 59 37 28 47 63 6a 69 65 5b 4f 4c 49 47 54 5e 63 61 5a 54 53 55 56 56 56 55
62 64 64 61 5b 59 56 52 4f 52 5a 5e 60 61 61 67 67 66 64 5b 42 34 47 5c 68 6a 69 69 69 6b 6b 6c 5d 12 19 62 6c 6c 6b 69 6a 69 6a 6b 6b 69 3f 1d 39 5e 68 69 6a 6a 67 65 64 64 5f 52 4c 4a 4d 53
54 58 5d 61 61 5c 50 44 46 51 5c 63 67 64 5d 49 3d 48 55 60 67 67 68 63 42 27 3c 5a 66 69 68 69 64 43 27 3c 5c 67 6a 6a 68 5d 39 26 43 60 69 6a 68 61 5b 50 42 40 51 5f 63 60 5e 5b 53 53 52 4f
55 53 56 5a 5c 5e 5d 57 4e 49 50 56 5c 61 64 66 5f 4b 34 3a 53 62 69 6a 69 62 41 23 39 5c 68 6a 69 67 5f 42 26 39 5c 68 6a 69 68 63 4a 2c 35 54 64 68 67 64 60 53 45 41 48 58 61 63 60 5c 57 50
54 53 50 53 57 59 5f 5f 63 65 5d 4b 3f 42 55 63 64 66 68 69 66 4c 26 32 59 65 69 69 69 69 67 4e 20 2c 5b 69 6a 6a 6a 6a 69 58 23 22 55 68 6a 6b 67 64 5f 57 49 3f 49 5a 61 60 61 60 5a 55 52 59
5f 55 47 44 4e 5a 63 68 69 69 68 63 5c 41 2a 3f 5d 69 6a 67 67 66 67 67 61 46 2a 39 5a 67 67 66 68 6b 69 6a 5b 23 1f 54 68 6a 69 6a 69 69 68 5f 39 27 43 5e 69 6a 68 68 67 61 55 48 42 49 58 5e
60 64 64 62 61 60 53 44 45 4e 5b 66 69 6a 6a 69 67 62 3f 27 3f 5e 6a 6b 6a 69 6a 6a 68 58 2c 25 4f 68 6c 6b 6a 69 6a 69 67 51 22 28 59 69 6a 69 67 67 68 66 65 5a 3b 35 4c 5b 65 67 66 66 64 5f
57 5a 61 64 63 66 67 67 62 57 4e 4b 4d 4f 56 63 6b 6a 69 68 68 6a 6a 66 52 32 31 4e 62 69 6a 6b 6a 6a 6a 6b 6b 6b 6b 4a 19 2b 5d 6c 6b 6b 6a 69 68 6a 6a 67 5f 4a 3e 44 51 5d 61 65 69 68 67 65
5e 5d 57 54 4e 4f 5c 62 62 64 65 65 63 65 68 5a 3e 32 45 60 68 6a 69 67 67 69 6a 6a 64 3e 1d 38 61 6b 6b 69 67 66 68 69 6a 6a 69 40 13 35 64 6c 6b 6a 68 67 66 65 63 5b 50 4b 4c 4f 54 5c 63 66
65 69 69 69 68 67 65 47 1b 33 62 6c 6b 6a 68 69 6c 6b 6a 4f 20 2a 59 68 6b 6a 69 68 68 69 65 56 3b 32 43 5c 69 69 69 6a 6a 68 66 5a 3c 2b 45 61 69 68 69 69 66 61 5d 56 50 44 44 55 63 64 68 67
52 57 5c 5e 63 66 66 66 61 5b 51 41 42 4f 5c 66 69 68 68 69 6a 6b 61 33 1c 45 66 6b 6b 69 6a 6b 6a 6c 6b 4c 13 2a 64 6b 6c 6a 69 69 68 66 65 57 46 42 48 53 5e 65 66 64 64 65 62 5a 56 54 50 52
55 5c 5c 5d 63 62 58 51 4c 44 4a 60 68 68 69 6a 67 54 27 2b 58 66 6a 6b 6a 6a 69 5f 31 1e 48 65 69 6a 6a 6a 69 66 51 28 2c 55 65 69 69 68 66 67 66 5a 40 32 43 5a 63 68 69 67 61 5d 57 4f 4b 4d
66 68 69 67 64 5f 58 53 4d 43 4b 5f 67 69 6a 6a 69 69 69 6a 67 5a 2f 1f 4c 6a 6c 6b 6c 6a 67 68 69 6a 6b 6b 65 3f 27 3f 5a 66 69 69 69 69 65 63 64 64 62 5b 4c 48 4e 54 5d 61 64 66 65 65 62 5d
60 53 40 45 54 5f 64 65 65 62 64 67 67 69 69 66 47 17 31 67 6c 6b 6a 68 64 61 63 67 6a 6a 6a 56 29 29 52 64 67 6a 69 67 61 61 64 66 63 5f 5e 53 42 45 54 60 63 65 66 64 62 5d 5a 5d 5d 5d 58 56
