4c 4c 56 5d 5f 60 5f 5c 54 48 42 4c 5a 61 63 64 66 64 52 34 31 4d 63 67 68 69 69 65 49 24 33 59 66 69 69 69 68 63 3d 1d 3b 60 69 69 67 67 68 61 45 2c 39 55 64 67 67 66 63 59 49 41 48 52 5c 5f
5a 60 63 66 66 65 62 56 42 3b 48 59 63 67 68 68 6a 6a 6a 62 33 18 43 67 6b 6a 69 69 69 6a 6a 62 3d 1e 3c 62 6a 6a 69 68 67 67 68 60 46 32 3f 56 62 66 67 66 65 64 5f 58 4f 49 4e 57 5b 5e 61 61
55 4f 49 4d 59 60 62 62 5d 50 41 40 51 5e 63 66 67 63 4d 33 36 51 63 68 67 67 65 51 2e 31 52 62 68 68 68 65 55 31 2b 4d 63 68 68 68 68 5e 36 21 45 64 68 68 67 66 5e 48 34 3d 55 62 65 62 5e 59
58 56 54 54 56 5a 60 65 67 67 67 64 5f 58 4f 45 42 4d 5f 6a 6a 6a 6a 6a 6a 6a 6b 6c 3a b 3b 6b 6c 6b 6b 6a 69 69 6a 69 64 52 42 43 4c 56 5f 64 67 68 67 67 64 5e 57 53 53 54 57 5a 5c 5f 61 62
63 64 63 61 5d 56 4f 4b 4d 56 61 67 69 69 69 68 67 65 60 50 3c 34 49 65 6b 6b 6a 6a 6a 69 6a 6a 6b 69 41 1b 36 5d 6b 6b 6b 6a 69 69 69 68 65 5d 4e 41 45 51 5c 62 66 67 68 65 64 61 5c 56 53 55
64 66 66 65 63 5f 5a 53 4b 46 4f 5e 65 68 69 69 6a 69 69 68 64 57 36 26 48 69 6c 6b 6b 6a 69 69 6a 6a 6a 69 5e 3b 2c 46 5c 64 68 6a 69 69 68 67 66 65 5f 52 49 4a 52 59 5d 61 63 66 65 64 63 5f
4a 46 4d 58 60 63 5f 50 3b 38 4c 5d 64 66 65 57 35 2a 48 61 67 68 65 57 33 25 47 63 67 66 64 56 30 28 4b 63 68 67 65 55 31 29 48 62 67 66 63 55 3a 30 46 5e 64 62 5d 54 4a 43 47 52 59 5a 5a 56
5a 60 63 63 5d 51 43 40 4a 5a 64 66 67 68 68 5e 37 25 44 5f 68 68 68 69 68 64 47 22 33 5a 67 69 68 69 68 66 54 2c 27 4e 65 69 67 67 67 65 5b 46 32 3b 57 65 67 66 65 61 59 4e 47 49 4f 58 60 60
5d 61 61 5a 4d 40 40 4e 5e 65 67 68 63 4d 2e 33 54 65 68 68 68 66 4e 2a 2e 52 64 68 67 67 62 4e 31 34 51 61 67 67 68 66 54 2e 28 4d 65 68 68 67 63 52 38 36 4c 5e 64 65 60 5b 52 49 46 4f 57 5a
59 5c 5e 5f 5d 5a 56 51 4b 4d 55 5d 63 66 65 64 61 58 43 37 44 59 65 67 68 69 6a 6a 64 3e 1e 39 5f 6a 6a 69 69 6a 6a 68 3d 12 38 67 6b 6a 68 67 66 65 5e 4e 3f 40 4c 5a 63 66 66 64 5c 57 54 52
5c 55 4c 49 4e 58 61 65 66 66 66 64 5d 4c 37 39 53 65 68 68 67 68 6a 6a 65 47 20 32 5d 69 6a 69 68 69 6a 6a 66 45 1c 32 5f 69 6a 69 67 67 68 68 60 48 35 3c 53 61 66 67 66 65 63 5f 57 4e 4c 50
57 53 50 4c 49 4d 54 57 5a 5c 57 4c 42 45 50 55 5d 63 60 4c 34 38 4e 5d 64 66 63 48 25 30 57 67 68 67 5f 38 1c 3d 62 68 68 64 53 2b 27 4e 65 68 64 5a 49 37 3b 50 61 61 5b 52 4a 48 4a 50 57 58
53 59 60 61 5e 56 48 3e 49 5a 64 67 67 65 56 38 30 4b 60 66 67 67 67 60 3f 27 3f 5d 67 68 67 68 61 46 2b 38 57 66 68 68 69 65 4f 25 2d 59 66 68 67 66 65 57 3c 31 45 5c 66 66 64 5f 54 4b 48 4d
5d 5a 53 4f 4f 51 58 5e 61 63 64 63 5e 50 3d 3b 50 61 65 66 67 68 68 66 4b 26 31 57 66 69 69 69 6a 69 66 4e 1f 2a 5c 69 6a 69 68 68 69 68 51 26 2b 54 66 68 67 67 66 63 5e 52 43 41 4d 5a 61 63
51 54 59 5e 62 64 65 64 62 5d 51 44 41 4d 5d 65 67 66 67 69 6a 69 5c 31 22 4a 66 6a 69 68 67 69 6a 6a 68 4e 1e 2a 5c 69 6b 69 67 66 67 68 68 64 4d 31 37 52 63 68 68 66 65 64 63 5d 57 50 4c 50
4e 4e 52 59 5e 60 5f 58 4a 41 47 55 5f 63 65 65 5d 44 30 3e 58 63 66 67 68 63 3f 24 3f 5d 67 69 68 68 62 42 21 38 5e 67 68 68 68 61 3d 26 40 5d 67 68 68 65 58 40 33 44 5c 63 65 62 5d 52 4a 4a
5c 5a 59 59 56 55 57 5c 62 65 67 67 66 64 5f 57 4c 44 49 52 5e 68 69 69 6a 6a 6a 6b 6b 6a 43 d 32 6a 6c 6b 6b 6b 6a 69 69 69 69 69 51 37 3e 4e 59 62 67 67 68 67 66 65 60 5a 54 50 51 56 5a 5d
5f 61 60 60 5c 57 51 4b 4d 56 5e 63 66 66 64 63 61 59 44 35 44 5e 67 68 68 68 69 6a 6a 60 34 1d 44 64 6a 6a 68 67 68 6a 6b 6a 42 13 33 63 6c 6b 69 67 66 65 63 5d 51 46 44 4c 58 60 65 65 64 60
60 63 60 5c 53 4a 49 4f 59 61 64 65 66 66 64 58 40 32 44 5d 66 67 67 69 6a 6a 65 42 1f 38 5e 68 69 69 68 69 69 69 5c 2a 1d 4d 67 6b 6a 68 66 67 67 61 4d 36 3a 50 5f 65 67 67 64 61 5b 53 4d 4d
4e 4b 4f 56 5d 62 64 64 63 58 44 39 44 56 62 66 67 67 68 66 51 2a 2b 50 65 69 68 69 68 67 5f 3b 21 3e 61 68 69 68 69 68 66 50 24 2a 56 67 69 69 67 66 63 57 42 38 46 58 61 64 64 62 5e 57 4e 4e
57 58 59 5b 5f 63 65 66 65 62 5e 59 50 49 49 50 5c 65 68 6a 6a 6a 6a 6b 6b 6b 3f c 36 6a 6c 6b 6b 6b 6a 6a 6a 6a 69 5f 4b 3d 42 50 5b 63 67 68 68 67 68 66 60 56 4f 51 54 55 5a 5e 60 63 64 62
5d 59 50 47 48 53 5d 62 65 64 5f 4d 34 39 55 63 66 67 68 67 55 2d 29 4f 64 68 68 69 69 60 39 21 41 61 68 69 68 68 62 44 24 37 5c 67 68 68 66 60 4c 38 3b 4f 5f 64 65 62 5a 50 4a 4b 51 57 5b 5b
61 60 5d 57 4f 4c 4f 59 62 66 68 69 68 67 66 63 5b 4d 3c 38 50 67 6a 6a 69 69 68 69 6a 6a 6b 6c 36 d 40 69 6c 6b 6a 69 68 69 66 64 5f 57 4e 49 4d 55 5b 60 63 65 65 64 62 5e 5b 58 55 56 59 5a
56 5a 61 64 66 66 67 65 60 58 4e 45 43 50 60 67 6a 6a 69 6a 6a 6b 6b 6a 3e e 38 69 6c 6b 6b 6b 69 69 69 6a 6a 63 4e 3b 3d 4e 5b 63 68 68 68 67 66 66 64 5b 52 4e 4e 54 5a 5d 60 63 63 63 63 5f
5d 5c 5a 55 4f 4e 50 56 5e 62 63 62 5e 55 48 43 48 55 5f 64 67 68 67 62 43 27 3a 5b 67 69 69 69 69 64 42 1e 36 5e 68 6a 69 69 69 68 4e 1d 28 5b 6a 6a 68 67 66 62 54 3e 37 49 5b 62 64 65 61 5b
5a 5a 58 53 4b 44 46 52 5e 63 63 5c 48 34 3a 50 61 66 66 63 4f 2b 2b 50 65 68 67 64 53 29 27 50 64 68 67 64 50 29 29 50 65 67 65 63 51 30 2d 4e 61 63 63 5f 53 40 38 46 5a 61 5f 5a 54 4c 46 4c
54 4e 46 45 4e 58 5a 59 50 45 3f 46 54 5c 5e 57 46 38 3f 4f 5b 63 5d 44 2a 38 56 62 64 5f 46 27 34 55 62 65 60 47 28 32 54 63 64 5e 4a 2d 33 50 5e 62 5d 50 40 38 42 57 5e 5a 55 4b 44 48 4f 51
50 52 57 5d 61 64 65 64 60 58 47 3e 48 57 61 66 66 67 68 69 69 5a 2d 22 4d 67 6b 6a 67 66 69 6a 69 56 28 25 50 66 6b 6a 67 66 67 69 68 59 36 28 46 61 69 68 67 66 64 63 5d 51 48 47 4e 59 60 62
50 4b 48 4b 56 5f 61 60 54 41 39 45 59 63 65 65 5c 40 2b 3b 59 65 66 67 61 46 24 34 5b 66 67 67 62 4c 25 2c 56 65 67 67 65 55 2d 26 4e 64 66 66 63 56 3c 31 46 5c 62 63 5f 55 48 40 47 55 5d 5d
5a 55 4d 49 4f 57 5f 63 64 64 62 58 43 38 45 57 63 67 68 69 69 65 45 1e 32 5d 69 6a 69 69 69 67 54 26 26 53 66 69 69 69 69 67 5f 3e 24 3c 5f 68 68 67 65 62 5d 53 46 41 4b 58 5e 61 62 60 5b 57
50 55 5b 5c 57 51 48 43 4b 5b 62 63 63 56 3d 32 45 5d 66 67 65 5b 3d 26 3f 60 67 68 67 5d 39 25 41 5e 67 68 65 5f 44 25 36 5b 66 68 68 64 49 27 33 56 64 66 64 5f 52 3d 3b 4c 59 60 60 5b 52 4b
55 57 58 51 49 43 47 55 5f 61 5c 4c 38 39 4f 5e 64 64 56 38 2c 46 5d 66 65 5a 38 27 41 5e 68 67 58 35 27 45 5f 67 65 57 39 2b 43 5e 64 62 58 45 36 41 55 60 5f 58 4d 42 43 4d 58 5c 5a 54 4a 48
