5d 62 65 65 64 61 5e 51 40 41 51 60 66 68 69 6a 6a 6b 69 46 1e 35 5d 69 6a 6b 6a 6a 6b 6a 68 4e 14 2a 66 6b 6b 6a 69 68 68 68 66 5d 45 35 42 57 62 66 68 68 66 65 63 5e 53 49 4c 54 5a 5e 62 62
51 51 58 60 65 66 66 63 5e 58 45 38 4b 5d 64 67 68 69 6a 6a 6b 5e 1a 1b 60 69 6a 6b 69 6a 6a 6a 65 3e 1c 3d 63 69 6a 6a 69 66 66 64 5b 4b 3b 40 55 61 65 67 67 66 63 5e 56 4f 4c 4e 56 5d 60 61
5f 5a 51 49 46 4b 56 60 66 66 5f 4a 38 3e 55 63 69 6a 6a 59 28 1e 4c 66 6b 6a 68 61 42 27 3b 5c 67 69 69 68 59 31 24 47 62 68 68 62 59 4f 46 46 50 58 5c 5e 5a 55 52 50 4f 50 57 5b 5b 56 55 54
5d 61 5f 55 49 47 4e 55 5e 64 65 63 5c 4a 3a 40 55 63 68 69 69 66 47 24 35 5a 67 69 6a 68 63 56 34 2d 4e 62 66 67 69 69 63 46 27 36 59 66 69 69 69 66 59 41 31 40 5c 66 66 65 62 5b 54 4c 46 4e
4f 4e 52 5a 62 66 69 6a 6a 6a 69 66 64 5d 3e 1f 42 6c 6c 6b 6b 6a 69 6a 6a 6b 6a 69 62 48 33 3f 54 60 66 6a 6a 6a 68 68 67 67 65 5c 4e 49 4d 54 5b 60 63 65 65 65 66 64 5f 5c 59 59 57 54 57 5e
4c 4e 54 59 5e 5e 58 4e 45 41 4e 5d 63 65 62 52 37 31 48 5e 66 69 66 56 35 29 44 5e 67 68 64 57 32 27 46 5f 68 6a 67 58 39 28 3f 5e 67 68 66 5a 41 31 3d 55 62 65 63 5b 53 49 42 46 52 5b 5e 5c
57 5d 65 67 68 6a 69 69 67 63 5a 4c 39 3d 58 66 6a 6a 69 6a 6a 6a 6b 6a 6a 6a 56 2c 29 4f 66 6a 6b 6b 6a 6b 6a 69 69 69 68 5e 46 38 44 59 62 64 68 69 69 69 68 68 65 5c 53 4d 4f 53 57 5f 63 64
50 56 5e 63 65 67 68 65 62 5c 4b 37 40 58 66 69 68 68 68 6b 6a 6b 5f 24 1b 55 6a 6a 6a 6a 6a 6a 6a 6a 66 3d 1a 3d 65 6a 6a 6a 68 68 67 65 60 53 43 40 4d 5a 62 67 65 65 64 62 5e 57 53 52 52 56
64 64 5e 55 45 3d 4c 5d 65 67 66 67 69 69 5b 34 27 4a 65 69 6a 6a 69 6a 6a 64 3c 1c 3f 63 68 6a 6a 6a 69 69 65 47 21 35 5f 69 69 69 66 66 66 62 51 3f 41 4d 5a 63 66 64 64 62 5e 56 4d 4f 54 58
50 4d 52 5a 5f 62 65 65 64 5d 47 35 42 58 64 69 6a 6a 69 68 51 22 2a 59 69 6a 6a 6a 6a 68 5e 37 20 43 65 69 6a 6a 69 68 68 5b 37 28 46 61 68 6a 68 67 66 60 56 46 41 4c 57 5d 62 64 63 60 5b 55
5f 5c 56 50 4c 4b 56 62 66 67 68 69 69 64 5b 43 2f 3f 5d 69 6a 69 69 6a 6a 6a 69 60 32 1d 48 67 6b 6b 6a 69 68 6a 6a 6a 64 38 1d 42 61 6a 6a 6a 69 69 66 64 5e 52 48 46 4e 58 60 64 65 65 65 62
5d 62 65 66 67 67 66 63 5e 52 43 3e 4d 60 69 6a 6b 69 69 69 6a 6b 6b 6a 3b e 3c 6b 6c 6b 6b 69 69 68 68 69 69 68 5d 42 38 48 56 61 67 68 67 66 68 69 66 62 5b 53 51 4f 51 57 5f 64 64 64 64 62
50 4b 4d 54 5a 5d 60 5f 5a 4c 40 46 55 5d 62 64 64 59 3e 31 47 5c 63 66 68 63 4a 2d 33 4f 63 68 68 66 61 46 27 34 56 65 68 6a 69 63 40 1d 36 5e 68 69 68 65 5a 43 38 3e 51 60 65 64 5e 55 4e 4c
50 53 59 5d 62 63 60 59 49 3c 44 56 63 68 68 68 66 59 34 28 4b 63 69 6a 69 69 67 51 2b 2c 52 64 68 69 69 69 65 4f 24 2c 57 67 6a 69 69 68 64 4d 2f 34 52 62 66 67 67 63 5b 51 45 44 50 59 5f 60
58 5c 60 62 62 5d 4c 3b 42 54 61 66 67 69 69 65 45 21 36 5e 67 69 6a 6a 68 59 35 27 47 61 68 6a 69 68 66 56 31 2a 4d 63 68 68 69 68 66 59 3a 2f 48 5d 64 67 67 65 62 58 48 44 4b 54 5d 62 61 5e
5a 50 46 48 53 5d 64 68 69 67 67 61 3e 29 42 5c 67 6a 69 6a 6a 69 5e 2c 1f 4f 66 69 6a 6a 6a 69 63 41 20 3a 61 69 69 69 69 68 66 56 39 31 4b 5f 65 67 66 65 64 5d 52 4a 47 4d 57 5f 62 62 5f 5e
50 4d 4e 4f 53 59 5b 5a 52 4b 4b 4b 50 56 5c 60 5e 50 40 3b 44 55 63 68 66 57 37 2a 42 5b 66 69 67 57 34 25 40 5f 68 68 67 58 32 21 42 61 67 67 65 5a 43 30 3a 51 60 65 62 5b 53 46 3f 49 56 5b
54 58 59 58 51 4c 49 4b 51 58 5e 60 5f 57 41 34 42 55 5f 66 68 5c 37 23 3d 5c 67 68 66 57 31 26 46 5f 68 68 63 50 2e 2b 49 60 67 66 60 55 38 2c 43 5c 64 63 5e 56 4b 3f 42 4f 57 5e 5d 59 52 4b
66 63 5e 56 4b 46 4c 57 60 66 68 68 69 69 6a 6b 6a 6b 47 c 30 6d 6c 6b 6b 6a 69 69 69 6a 6a 6a 64 48 33 3e 51 60 67 69 69 69 69 67 66 64 5b 4f 4e 50 53 58 5e 62 62 64 65 63 62 5e 5a 58 56 57
5f 5b 51 49 4b 52 5b 63 65 66 67 68 64 4b 2a 33 58 69 6a 69 6a 6a 69 65 45 20 37 5e 67 69 6a 6b 6b 69 65 46 1b 33 63 69 6a 69 68 67 67 60 4c 38 3c 53 60 65 66 66 65 61 5d 54 49 49 51 59 60 61
56 51 50 53 59 61 66 68 66 64 64 64 5c 48 35 42 5c 66 69 68 69 69 6a 6a 6a 64 31 1a 49 66 6a 6b 69 68 68 6a 6a 6a 68 4c 22 2f 59 69 6b 6a 69 68 66 67 65 5d 50 44 44 50 5b 61 66 66 66 65 61 5c
61 65 64 5f 5c 53 44 44 54 61 65 66 67 67 66 62 50 34 36 53 65 68 68 69 69 69 69 59 2d 24 4d 67 6a 6a 69 69 69 69 64 34 18 46 67 6a 6a 6a 67 67 66 60 4d 39 3d 51 5e 64 67 67 65 62 5c 56 4e 4c
65 67 68 68 66 61 5a 51 4a 46 4c 5c 66 69 6a 6a 6a 6a 6a 6a 68 5e 39 1e 42 6a 6c 6b 6b 6a 6a 6a 6a 6b 6a 6a 66 42 29 40 5a 64 68 69 69 69 68 67 66 63 60 58 4d 4b 51 56 5c 61 63 66 65 64 64 5f
4f 4d 4f 59 62 65 67 67 67 67 66 5a 3e 31 46 5d 68 69 69 69 69 6a 6a 67 4a 23 32 5a 68 6a 6b 6a 68 6a 6b 6a 65 3b 17 3e 67 6a 6a 6a 69 68 67 66 5e 4f 41 40 4f 5d 63 66 67 66 64 61 5c 56 50 4f
57 5c 60 60 5b 54 49 43 4b 58 62 66 68 67 57 3b 32 48 5e 67 6a 6a 69 63 40 1f 39 5e 68 69 68 68 65 51 2e 2e 4f 64 67 6a 6a 68 61 42 29 3a 57 66 69 67 65 62 58 47 3d 46 58 61 63 61 5c 59 52 4d
4e 50 57 5d 60 61 64 63 5c 4b 3a 41 58 63 67 68 69 69 64 48 24 35 5c 67 69 69 69 69 66 4c 23 2f 59 68 6b 6a 6a 69 67 4f 23 2d 59 67 69 69 68 65 62 55 42 3d 45 56 63 66 65 63 60 59 51 4a 4e 56
61 64 64 64 61 5d 5b 51 45 43 51 61 67 66 66 69 6a 6a 6a 6b 3b d 3d 6c 6b 6b 6a 68 68 69 6b 6a 6a 3a d 3d 6c 6b 6b 6a 69 66 64 61 59 56 52 4a 4c 55 5c 62 64 62 60 5d 5f 5e 5b 59 55 54 57 5a
63 66 67 65 61 5c 52 4a 47 4b 59 64 67 67 65 66 69 69 6a 6b 54 22 25 57 6c 6b 6b 69 66 65 67 6a 6a 6b 6c 37 10 42 68 6c 6b 6a 69 67 66 63 5f 5a 55 4d 48 50 5b 60 63 66 65 61 5f 5f 5e 5a 57 57
5e 5c 54 49 47 4f 57 5e 64 67 66 5b 3e 2e 44 5c 65 69 69 68 60 3e 27 3e 5b 66 69 69 66 5e 48 2e 37 55 64 68 69 69 64 44 25 37 59 67 69 69 68 61 46 2f 3b 55 62 66 65 61 59 51 47 45 4f 59 5f 5e
66 67 66 64 5e 45 2d 41 5f 66 69 6a 6a 6a 6b 6a 6b 56 17 22 61 6b 6b 6b 6a 69 69 6a 6a 67 52 2a 29 52 68 6b 6a 69 68 67 66 65 63 55 43 40 4b 58 62 65 68 67 63 60 5d 5a 58 56 54 53 55 5b 5f 60
5e 62 64 64 61 5d 56 48 3f 4b 5c 66 68 68 69 6a 6a 61 3e 21 3d 62 6a 6b 6a 6a 6a 6a 68 4b 1e 2f 5d 69 6b 6a 69 69 69 69 64 41 22 3b 5e 69 69 69 68 66 65 61 5a 50 44 45 52 5d 63 64 63 63 61 5b
5f 57 4e 48 46 53 64 68 69 68 6a 6a 6a 6b 6b 6c 3c b 3b 6c 6c 6b 6b 6a 68 69 6a 6a 69 5e 4a 42 45 4d 5b 64 67 68 68 69 68 67 67 5c 4f 4d 50 56 5b 5d 60 62 62 64 65 62 5e 5a 58 56 55 59 5d 5f
