5b 5a 63 5e 56 54 59 57 54 57 59 5a 59 53 49 51 60 65 69 6b 6b 67 27 13 4c 67 6c 6b 67 5e 57 4f 4a 4d 5a 63 5f 4f 49 4a 53 5f 63 67 68 6a 60 2d 1a 49 66 6c 69 67 69 66 5d 43 2c 3b 58 65 69 66
63 54 3a 41 5b 64 61 60 68 68 66 65 67 66 5d 4f 3a 37 4f 63 69 6b 69 6a 6c 6c 6b 6a 66 4b 23 2c 57 69 6d 6c 6b 6c 69 69 6b 6b 64 4a 2b 3b 58 62 66 66 67 69 66 68 69 64 53 47 48 4e 57 5f 65 68
4d 5d 65 66 68 69 69 69 68 60 4e 35 37 4d 60 6a 6d 6b 69 68 6a 6b 6b 64 4c 29 30 52 66 6c 6c 6b 6b 6b 69 6c 6b 5f 4a 3d 39 49 5e 6a 6b 6a 6a 66 64 69 67 60 57 44 3d 4b 57 62 66 68 67 64 61 5d
4b 2d 3f 5e 61 65 67 69 6a 68 63 40 1e 38 5e 68 6a 68 64 5e 4a 40 57 5b 58 5e 54 50 54 59 5a 56 59 53 4d 50 52 57 61 65 68 66 65 2f 16 48 68 6c 68 62 60 54 49 51 5f 63 64 5a 37 38 57 63 5f 61
63 5f 46 34 42 5c 64 63 61 65 67 68 5f 56 54 4f 45 4c 59 60 60 62 64 67 6a 6b 68 4d 24 31 59 6a 6a 6a 6a 6a 6b 6c 69 43 18 32 5f 69 6a 66 69 6a 66 64 64 57 3d 38 4e 5d 62 64 63 66 68 61 5c 5b
5a 5d 59 56 4e 4e 5e 64 5d 52 57 62 58 4f 55 61 5c 52 53 5a 51 50 5e 65 67 6b 67 38 1c 3f 60 6a 6d 68 67 68 58 26 23 52 68 6c 6b 6b 67 51 20 28 5a 69 6b 6d 68 64 4d 36 3c 4c 59 63 68 66 64 51
5b 4c 42 4a 53 5a 5d 60 64 64 63 66 64 56 40 34 46 5f 63 63 67 65 69 6a 68 5b 27 23 54 63 67 6b 69 69 68 69 59 17 20 60 6c 6a 6a 69 6a 69 69 5f 31 2a 4a 5a 68 6b 6b 69 63 51 3f 46 55 5b 61 62
53 48 44 4b 5d 64 64 63 67 60 4f 2d 33 54 62 6b 69 69 6a 65 40 1e 36 5e 6b 6b 6a 69 65 59 40 27 3d 60 66 69 6b 68 54 38 33 4a 5f 68 6b 69 60 56 3b 2a 48 64 6c 66 61 5e 4e 51 55 52 4e 49 5b 64
6a 6b 6a 60 24 17 4e 68 6c 68 67 69 6b 6a 6a 53 27 2b 52 65 6a 67 61 58 5d 64 67 67 5d 39 34 47 55 60 69 6a 5f 5f 65 66 5e 31 2d 55 62 64 5b 5e 63 5f 5f 58 49 51 5c 4d 55 5c 51 53 60 66 63 5c
66 63 63 65 3e 21 46 67 66 67 6b 69 6a 6a 5d 2a 20 4e 66 69 6a 68 68 6b 68 55 26 24 53 69 68 68 66 62 69 60 56 56 3a 34 54 64 65 66 61 5e 5c 62 5f 5e 5d 51 36 3d 59 64 65 65 61 65 67 5e 49 41
2b 43 61 67 66 68 6c 68 68 5a 32 27 4c 61 65 68 68 64 65 69 66 50 30 32 53 64 62 5f 64 6a 67 67 67 5c 35 26 45 61 69 69 6a 6b 69 6a 67 32 17 44 63 69 69 68 6a 63 5d 57 4f 4a 49 4d 57 63 6d 64
57 53 44 3e 55 5c 60 67 69 67 67 5f 43 2a 38 5b 69 69 69 6a 6b 60 38 1f 3d 5d 67 6b 6c 6b 6b 69 52 2a 2b 4e 63 67 67 6a 6a 6a 69 4b 1b 2d 5a 67 6c 6c 6a 68 62 5f 4d 3a 3d 53 5c 5e 66 67 60 61
4d 57 5f 60 5f 62 60 5a 4b 39 3f 55 60 67 6a 6b 61 53 34 2a 49 61 6b 69 68 6a 69 52 1c 25 59 68 6c 69 68 6a 67 58 1e 20 57 68 6c 6b 69 66 66 5d 3d 32 43 4f 5f 67 64 64 63 5f 55 46 41 48 54 5e
6a 62 51 43 34 44 63 67 66 66 67 64 64 69 6b 69 5c 35 19 41 6b 6d 6b 68 5e 5f 60 5e 68 6b 6c 6d 4b 1b 2e 5e 6a 6a 6a 6c 6a 69 68 64 49 42 56 5e 5d 52 50 5b 62 5e 60 5c 58 5f 66 63 54 4b 59 5e
59 5d 5d 5f 64 66 67 62 5a 48 31 3e 60 6b 6c 6a 6c 6b 6b 59 1e 20 58 6a 6b 69 69 68 6a 6a 5c 42 23 37 62 6c 69 69 69 6b 6a 67 4b 2d 33 4e 60 69 67 66 6a 69 65 51 36 3a 50 5d 64 68 68 65 60 59
62 66 66 66 66 63 4a 30 37 56 6a 6a 68 69 6c 6a 64 51 25 2c 5a 69 6b 6d 67 68 66 65 58 44 36 45 5b 66 6a 68 67 6a 69 6a 5e 38 25 40 60 69 6b 6a 67 68 68 69 64 48 29 3b 5c 64 66 65 65 63 65 61
4f 55 5a 5b 59 5e 62 64 69 6a 66 62 59 42 34 3e 58 65 68 6b 67 67 6b 6a 67 69 65 4b 2e 28 4c 6a 6d 6b 68 66 68 69 68 6b 68 60 37 25 48 60 65 65 65 66 68 67 67 66 5a 47 4a 5e 64 59 4c 52 5f 65
5f 56 4b 42 4c 5f 65 5c 5e 62 65 63 59 50 46 3a 4d 62 69 64 63 64 62 64 58 42 3d 48 55 63 67 64 63 62 61 65 63 61 3b 21 47 65 67 6a 6b 6b 69 6c 59 14 1c 5d 6b 6c 6c 6a 6b 6a 65 4a 2a 36 56 64
64 6b 6b 6c 6a 45 1a 30 5d 6b 6b 6c 6a 69 6c 66 42 17 36 64 6a 68 69 6c 69 68 5f 32 1d 45 62 6b 6b 6c 6b 67 60 51 49 39 40 58 63 68 68 6b 6c 63 58 43 32 3f 59 67 69 69 67 63 63 63 4f 49 4e 4d
48 44 4f 54 64 6a 6b 6b 58 31 24 43 65 6a 6a 6b 6a 6a 57 12 1e 60 6b 6b 68 68 64 5f 5a 47 3a 40 54 69 64 5b 51 54 59 5b 5e 5d 57 51 50 53 54 4e 4e 57 62 68 6b 66 5d 4d 39 37 51 62 65 64 60 60
6b 6d 69 64 45 17 2d 60 6c 6b 69 68 67 67 67 6a 6a 6a 5a 29 1f 4b 66 6b 69 69 65 62 65 62 63 64 5c 53 4e 44 43 54 63 69 68 6a 67 5b 55 4f 47 50 5d 60 5d 5b 5a 5a 56 5c 64 5f 57 53 57 5e 5d 50
4d 48 46 4e 59 61 63 64 69 67 58 41 3c 45 53 5f 65 65 66 6b 66 40 26 3a 5a 6a 6b 6b 6a 61 52 34 33 4d 5a 65 6b 6c 6b 6b 5f 2e 16 44 69 6b 6c 6b 69 64 61 57 34 2a 4b 64 69 6a 67 66 64 58 45 49
63 65 59 39 33 4d 61 69 69 6a 6a 69 69 50 1e 28 5c 6a 69 6a 69 6a 6c 68 41 18 35 61 6c 6c 6b 6b 6a 68 5e 37 1d 43 68 69 67 66 64 65 61 5a 4e 3f 42 54 62 69 67 66 61 5a 58 54 4b 47 55 5d 5f 64
55 41 37 49 5f 68 6b 6a 6b 6a 6a 5c 15 18 5a 6b 6c 67 66 6a 6a 69 68 4d 20 2c 57 6a 69 67 69 69 69 6a 46 25 3a 57 63 66 69 67 64 67 64 56 40 39 45 58 66 67 67 64 60 5d 5e 48 40 54 5b 5c 5d 5f
55 5a 5f 5e 60 51 45 49 56 5d 61 69 6b 69 4e 25 2b 58 68 6a 6c 6b 66 58 35 29 4a 64 64 64 63 65 65 49 2b 34 50 62 63 68 69 65 62 45 2c 3b 58 64 63 63 62 65 64 54 32 34 57 62 64 65 62 5b 54 4e
6a 6b 69 67 6b 5c 19 1f 5d 6b 6b 6b 6c 6b 6b 6b 6b 4f 1c 2a 58 69 6a 6c 6b 6c 6b 69 68 6a 57 2a 22 50 66 67 69 6a 61 5e 65 66 67 60 5b 4a 38 44 58 63 68 64 61 66 61 5c 5a 5d 59 4e 50 5a 56 57
56 64 65 69 68 62 57 59 5c 53 40 43 55 5f 67 68 66 6a 6a 6b 6b 5e 48 29 32 59 67 69 6b 6b 67 69 6a 69 6c 59 2f 2c 46 5d 68 6a 6c 6a 69 67 68 68 5e 51 40 39 4b 5c 68 67 65 6b 6c 67 61 58 4f 4b
65 6a 6a 6a 6b 6a 61 40 18 33 64 6d 6c 6a 6a 6a 6a 6b 6b 5f 38 23 3f 5f 66 6a 68 66 64 66 68 65 59 49 37 3a 54 63 68 68 67 66 66 65 54 45 48 4e 55 5d 62 64 60 5e 5f 57 56 53 52 56 5b 5b 5c 5d
64 5f 5b 52 43 40 4d 5b 65 6a 68 6a 68 39 16 3c 62 6c 6b 6b 68 62 57 42 42 51 55 5a 67 66 5f 52 43 47 57 63 67 65 62 55 3f 38 4a 5d 66 68 67 67 68 5f 32 22 47 60 69 66 63 65 61 64 52 30 38 55
55 5a 5e 62 62 60 60 5f 47 3c 4b 53 5a 62 68 69 6b 67 59 36 21 45 66 69 6b 69 6a 69 6b 50 23 29 53 66 6c 6a 6a 69 68 55 29 24 51 68 6a 6b 67 68 6a 5f 52 36 2e 47 62 6a 6b 6a 64 61 5b 51 4d 45
5e 5e 64 67 65 67 53 30 2a 4b 65 69 69 67 69 5a 34 2f 45 5d 6b 6b 6b 69 5f 3e 28 3d 57 67 68 65 69 69 67 4a 2a 33 55 64 66 65 68 66 62 52 3a 31 46 5f 67 68 6b 69 66 53 38 3c 52 5a 5f 64 5d 56
4f 54 5a 63 69 69 63 52 31 30 52 5e 66 65 65 5c 4c 47 45 4b 5e 63 66 5e 50 37 30 4c 5f 63 63 66 5d 3c 35 47 54 5e 68 68 6d 55 24 26 53 64 69 68 67 62 57 45 2e 3e 5c 68 6c 66 5f 55 40 3e 4f 56
