54 54 55 59 5c 5b 5a 58 52 4a 4b 54 5d 61 61 64 60 4f 3e 3f 4f 5d 64 68 68 68 61 39 22 44 61 68 69 69 69 65 4b 1f 2e 5d 68 69 68 69 69 5f 36 21 44 61 67 68 67 66 61 4f 3c 3d 4d 5c 63 63 61 5b
5f 62 64 64 62 5e 54 47 40 4a 59 62 66 68 68 6a 6a 6a 5a 2a 20 4e 67 6b 6a 69 68 6a 6a 69 5a 27 1f 51 69 6b 6a 68 67 67 68 68 60 44 2d 3d 59 65 68 67 66 65 64 61 5b 50 49 4b 52 5a 5f 62 63 61
59 54 50 4e 51 5a 60 62 64 66 65 64 5e 4e 3a 39 52 63 68 68 67 68 6a 6b 69 51 1b 26 5c 6a 6b 6a 68 68 6a 6a 69 5c 29 1e 50 67 6a 69 67 66 67 67 64 58 44 3b 48 57 60 65 66 65 64 61 5c 56 51 50
51 4b 4b 56 60 64 67 68 67 65 62 53 39 33 4b 63 69 69 67 68 6a 6a 6b 5f 27 1a 52 69 6b 6a 69 68 69 6a 6a 63 3b 20 40 60 68 6a 69 67 66 66 65 5e 4f 41 42 4e 5b 63 66 65 64 62 5e 5b 56 52 52 54
5f 60 5e 59 53 4c 4a 4e 59 62 65 67 67 66 5a 3e 2d 42 5e 67 69 69 69 69 66 4a 23 31 59 67 69 69 69 69 69 62 3a 1d 3f 62 68 68 67 67 68 68 5f 45 2e 3b 57 65 67 67 66 64 5f 58 4c 43 48 55 5e 61
4f 52 59 5e 60 61 60 5c 52 47 44 4d 5c 62 64 64 66 67 5c 3f 2b 41 5e 66 68 69 69 68 63 46 22 33 5d 68 69 69 68 69 68 57 23 21 54 68 6a 68 66 66 66 5f 48 33 3a 52 64 67 66 65 63 5c 50 49 4b 51
59 56 54 53 55 5b 62 67 68 67 66 63 60 59 4f 43 3f 4f 63 6a 6a 69 69 69 6a 6a 6b 6b 43 c 32 6b 6c 6b 6b 69 68 68 69 69 66 5d 4d 40 44 51 5b 61 66 68 67 66 64 61 5e 59 54 52 54 57 5a 5d 60 62
56 52 4f 50 57 5d 60 63 64 63 5c 4e 41 43 51 5d 64 67 69 68 67 5d 39 25 42 61 69 69 69 69 69 67 53 28 28 53 66 69 69 69 69 69 68 4c 1f 2c 5a 68 6a 69 69 67 64 5b 4a 3d 41 53 5e 62 64 64 61 5c
5a 56 4c 44 49 51 59 60 60 58 45 3b 45 54 5f 64 62 51 35 34 4e 62 67 64 51 33 32 4e 62 66 64 51 36 31 49 61 68 67 59 36 2a 47 60 66 66 5c 45 2f 3a 58 63 64 61 54 3e 3a 4a 58 60 5e 58 4f 48 49
5b 60 63 65 65 64 61 56 45 3e 47 58 62 67 68 68 6a 6a 6b 66 40 19 37 62 6a 6b 69 68 68 6a 6a 69 54 24 25 54 68 6b 6a 69 67 67 68 66 5f 46 32 3d 55 64 68 68 66 65 63 60 5a 51 4e 50 52 57 5e 5f
4f 54 5b 5d 5a 52 48 45 4b 57 60 62 61 54 40 37 47 5b 64 68 65 54 33 2b 48 62 69 69 66 4e 27 2b 53 66 69 69 62 47 25 31 57 66 69 66 5d 49 31 36 51 63 65 62 5b 4f 44 40 4b 59 5e 5d 59 52 4c 4c
61 64 62 5e 57 4c 45 49 56 5f 64 67 67 68 67 60 41 28 3d 5c 68 69 69 69 6a 6a 67 45 1c 33 5e 69 6a 69 68 69 69 66 55 2c 26 4f 66 6a 6a 69 67 66 62 58 47 3c 43 55 60 65 67 65 61 5e 58 52 4f 50
63 66 66 66 65 63 5e 56 4e 47 48 54 61 68 69 69 69 69 68 69 67 61 4f 2d 2d 56 6a 6b 6b 6b 6a 69 69 69 6a 6a 68 4c 28 34 55 65 69 6a 69 69 68 68 67 65 61 56 4a 48 4e 56 5d 62 65 66 66 65 63 5e
42 3e 36 3a 40 3e 41 41 43 3f 39 3c 3e 3b 3e 3b 3c 3c 3d 43 41 3c 36 36 3c 3f 40 3f 3e 38 3a 3f 40 3e 39 38 3d 3b 40 43 41 3f 38 3a 3c 38 3d 40 44 43 3c 3c 39 37 3f 43 44 3c 39 40 43 40 3e 3e
57 52 4d 4a 4c 54 5a 5e 5d 56 4a 41 47 54 5d 61 63 5a 45 33 3d 55 63 68 67 5c 3d 2a 40 5c 66 68 66 54 32 29 49 63 69 69 66 52 29 27 50 66 69 67 60 4d 34 35 4f 60 65 63 5c 4d 42 43 4e 59 5e 5b
5d 59 51 4b 48 4b 54 5d 62 64 5d 4c 39 3c 51 5f 66 68 67 54 2f 2a 4c 63 68 68 65 56 33 2b 4a 63 68 69 66 55 31 2a 4b 62 68 68 65 55 39 2f 47 5f 66 65 63 58 47 3d 43 52 5d 60 5f 5a 52 4c 4a 4f
5b 59 55 52 51 55 5d 64 68 68 66 66 65 63 5c 50 40 38 4c 65 6b 6b 6a 68 67 68 6a 6b 6b 6c 33 b 43 6b 6c 6b 6a 68 66 67 67 67 62 56 4c 48 4c 55 5b 61 63 64 63 63 65 63 5c 56 54 53 56 5a 5c 5e
4a 4c 54 5c 61 61 60 57 47 3c 46 59 64 66 67 65 5a 3a 2c 46 5f 67 67 67 68 5e 35 23 47 61 67 68 68 67 5e 3b 26 42 5f 67 68 68 68 5c 37 26 45 62 68 67 65 60 54 46 3f 47 59 60 61 5e 5a 54 4e 4e
5f 5f 5b 52 4a 4a 50 59 61 65 66 66 63 55 3a 35 4b 5e 65 67 68 69 69 65 40 1d 3a 5f 69 6a 69 6a 6a 66 48 1f 31 5c 68 69 68 68 69 66 56 33 2c 4b 60 67 68 67 65 60 56 49 43 4b 56 5c 60 61 5e 5b
60 5e 5b 56 50 4c 50 5c 65 67 69 69 68 68 66 61 58 47 34 3e 5c 6a 6b 6a 6a 69 68 69 6a 6a 6b 68 2f f 47 6b 6c 6b 6a 6a 69 68 67 64 60 57 4b 48 4d 54 5b 61 65 67 67 65 63 5f 5b 58 55 54 58 5a
54 53 53 57 5d 61 64 66 67 67 65 61 57 45 3c 45 57 65 69 69 68 68 69 6a 6a 6b 5d 1b 19 5b 6b 6c 6b 6a 68 68 69 69 69 63 4a 32 3e 55 5f 64 68 68 66 65 66 65 5e 53 4c 4f 54 57 5d 60 61 62 62 61
51 4f 52 57 5b 5e 60 5e 58 4f 46 49 55 5e 62 64 66 63 52 38 35 4c 62 68 68 69 69 63 42 21 38 5e 69 69 69 69 69 5d 2a 1c 4d 67 6a 69 67 67 64 56 36 2d 49 61 66 66 65 63 5c 51 46 43 4e 59 60 61
5e 5c 54 49 44 4c 56 5e 65 67 65 58 3a 32 49 5d 65 68 69 69 5f 35 20 43 61 68 69 68 67 5e 40 29 3f 5c 65 68 68 67 5f 3e 24 3d 5e 67 68 67 64 58 41 37 46 59 62 64 62 5d 52 4a 48 4c 55 5b 5d 5b
50 4e 50 57 5e 63 64 63 61 57 46 3c 46 57 62 66 68 68 68 67 50 29 2d 53 66 69 69 69 69 68 5d 37 22 42 63 69 6a 69 69 69 68 4f 22 2b 58 68 69 69 68 66 63 5a 47 3a 45 56 60 63 63 62 5f 5a 53 51
52 57 5c 5e 5e 5c 50 44 45 51 5c 63 65 65 5f 47 35 40 56 63 67 67 67 61 42 28 3c 5b 66 68 68 68 62 43 25 38 5c 67 68 68 69 65 4c 22 2e 5a 67 69 68 66 63 53 3b 35 48 5c 65 66 63 5c 52 4c 4b 50
65 64 60 5c 55 4a 46 4e 5a 64 68 69 69 69 69 69 68 64 58 38 25 47 68 6c 6b 6b 6a 68 68 69 6a 6a 6b 63 38 24 44 5d 67 6a 69 69 69 69 68 67 64 5c 4e 46 4c 53 5a 61 63 64 64 65 65 61 5d 5a 56 56
61 64 64 63 5d 51 46 45 4d 59 63 67 68 68 68 69 65 4c 25 31 5b 68 6a 69 69 69 6a 69 5e 36 22 43 62 6a 6a 69 68 68 69 69 5f 38 22 43 63 69 69 67 66 66 66 64 5c 4a 3a 42 56 60 64 65 64 63 61 5c
5e 62 65 65 64 63 5e 53 49 43 48 58 64 67 66 65 66 69 6a 6b 69 40 17 38 63 6b 6b 6a 67 64 66 69 6a 6a 61 3e 21 3b 61 6b 6a 69 66 63 65 66 66 64 55 40 3c 4c 5b 62 66 66 64 62 61 60 5c 57 54 53
60 63 61 58 47 3b 42 56 64 68 68 68 61 46 27 37 5b 68 69 69 69 67 4f 27 2c 55 65 69 68 67 64 56 39 2f 49 60 66 67 67 66 5d 40 2c 40 5c 66 67 66 63 5a 48 3c 44 55 5f 61 60 5e 59 52 4c 4f 52 55
50 50 54 5a 60 64 65 64 64 61 52 41 3f 4c 5c 65 67 66 67 6a 6a 68 4c 1e 2e 5e 69 6a 68 67 68 6a 6a 65 40 1d 39 60 6a 6b 69 67 67 69 6a 61 45 2c 3b 59 65 67 67 67 66 64 5e 55 4c 49 4d 55 5d 61
48 48 52 5d 64 65 5c 47 35 3c 54 63 67 68 63 4c 2e 33 53 66 68 68 64 4a 28 32 55 64 68 67 62 4c 2e 33 51 63 67 67 64 56 37 2b 46 60 66 66 64 5c 46 34 3f 57 61 62 62 5a 4f 47 45 4d 57 5c 5d 59
59 5e 64 66 67 67 67 65 61 5a 4d 41 40 51 64 69 6a 6a 6b 6b 6a 6a 6b 6b 59 2a 1d 4d 6b 6c 6b 6b 6a 6a 69 6a 6a 69 65 54 3d 3d 4b 57 62 68 69 69 69 68 68 64 5e 55 50 50 53 56 5a 5f 61 64 66 64
