52 52 54 5a 60 64 65 65 65 61 58 46 3a 45 58 64 68 68 68 6a 6a 6a 63 30 17 48 69 6b 6a 69 68 69 6a 6a 61 3f 22 3a 60 6a 6a 69 67 67 67 67 64 4f 38 3c 4f 5d 64 67 66 66 65 62 5b 52 4e 50 54 58
55 56 54 4b 46 46 4d 59 5f 5d 56 44 35 3f 55 60 63 5f 4c 35 36 4c 5e 64 61 51 33 2f 49 5d 65 64 52 33 2e 48 5e 66 64 55 34 28 45 60 65 63 57 3e 30 41 58 61 61 59 4a 3f 41 4e 59 5c 59 52 49 48
59 5c 5c 58 53 50 4e 51 59 5e 61 61 5b 53 49 43 4c 5a 61 65 67 66 5a 3c 2f 46 5d 67 69 69 68 63 42 23 39 5d 68 69 69 6a 68 55 21 23 58 68 69 68 68 68 64 4a 29 33 55 65 68 67 65 5f 55 49 43 4b
4a 48 4e 56 5c 5c 54 47 3f 46 50 58 5f 61 58 42 36 40 52 5f 64 64 54 30 28 4a 60 66 66 5e 3e 24 3a 5b 66 66 61 4b 2d 2f 4e 62 67 63 56 3d 2e 41 5a 62 62 5a 4a 3d 3e 4c 59 5e 5b 53 4c 49 4c 4f
5f 62 64 64 62 5d 54 49 44 4b 5a 63 66 67 67 67 68 67 53 31 30 4f 64 69 6a 68 68 6a 6a 69 5a 29 1e 4f 6a 6b 6a 68 68 69 6a 69 5f 3f 29 3c 5b 68 6a 69 68 67 66 63 5b 4c 42 45 52 5e 63 65 65 63
4f 49 4a 53 60 65 67 67 68 69 68 60 43 2c 3c 59 68 69 69 68 68 69 6a 68 5a 2e 22 4d 67 6a 6a 6a 68 69 6a 6a 67 54 2a 2a 52 65 6a 6a 69 67 66 66 65 5d 4c 40 47 53 5c 62 66 66 64 63 60 5a 55 53
52 56 5c 61 66 68 68 68 67 65 60 55 45 3c 46 5a 67 6a 6a 6a 6a 6a 6a 6a 6a 64 45 24 33 5a 6b 6b 6b 6b 6a 6a 6a 6a 6a 68 59 40 39 47 57 62 67 69 69 69 68 68 65 5f 57 52 50 4f 54 5b 5f 63 65 65
5f 5f 5a 50 47 47 51 5d 64 65 65 60 4a 36 3d 53 62 67 68 67 65 53 2e 2d 51 65 69 69 69 66 53 2f 2d 4e 62 68 69 68 67 5e 3d 27 40 5d 67 68 68 69 65 4d 2c 33 55 64 66 66 64 5f 51 44 43 4e 59 5e
58 5e 63 64 63 60 57 49 3c 45 5a 64 67 67 67 67 68 5c 39 28 46 60 67 69 69 69 69 68 5d 39 24 41 61 69 6a 69 69 69 69 5d 2f 21 4b 64 69 69 67 67 66 64 59 43 36 43 58 63 66 67 65 62 5a 53 4f 4f
58 57 56 56 58 5c 61 64 67 67 67 65 62 5d 52 46 45 4c 58 65 6a 6a 6a 6a 6a 6a 6b 6a 5f 39 19 3e 6a 6c 6b 6b 6a 69 69 6a 6a 6a 69 52 37 39 4c 5d 64 67 68 69 68 67 67 64 5c 54 50 4e 52 58 5e 61
5c 5d 57 4f 46 43 4c 5a 61 64 63 59 41 33 42 58 65 67 66 60 47 29 34 55 65 68 67 64 50 2b 2d 52 63 67 68 65 54 2b 26 4d 64 67 67 66 59 39 29 44 5e 65 65 63 5a 47 38 3f 54 5f 60 5d 59 51 49 4b
5e 5f 5a 51 4a 49 4c 53 5d 62 63 5f 54 45 3f 49 5a 61 63 65 62 4b 33 3b 53 61 67 68 66 59 3b 2d 45 5e 68 69 68 65 4b 24 2f 57 66 69 6a 69 5f 35 1f 43 64 69 69 67 63 51 38 35 4a 5d 64 63 5e 56
4e 4b 51 59 61 66 68 67 65 5e 4a 35 3b 52 64 69 69 69 6a 6a 69 56 1e 22 5a 69 6b 6a 69 69 6a 68 57 36 29 45 62 68 69 69 68 68 67 60 4e 39 38 4e 60 66 68 67 65 63 60 58 4b 47 4d 56 5c 5f 62 62
51 53 57 5b 5e 5d 5b 57 4f 46 49 56 60 64 65 64 5b 48 3b 43 54 60 66 68 68 68 5a 31 25 4a 63 69 69 68 69 64 45 22 37 5c 68 69 68 69 69 5c 32 1f 46 66 6a 69 68 66 5e 4b 3b 3f 4f 5e 63 64 61 5b
5b 5f 61 60 5e 58 4f 4a 4a 51 5c 62 63 64 64 65 5a 3f 31 46 5e 66 68 69 69 69 65 47 20 32 5c 68 6a 6a 69 68 67 57 27 23 53 67 6a 69 68 68 68 62 45 2b 3a 56 64 67 67 66 65 5d 51 49 49 4f 57 5d
62 60 58 50 49 4a 54 5e 64 66 66 67 68 66 56 39 30 49 61 69 69 68 68 69 6a 69 56 2d 28 4e 64 6a 6a 68 68 69 6a 69 5e 34 1f 46 66 6a 6a 68 67 67 67 65 56 42 3d 48 57 61 65 66 65 64 60 5b 56 52
50 4e 51 57 5e 63 65 65 62 55 42 38 45 5a 65 68 69 69 69 66 48 1e 31 5d 69 6a 69 69 69 67 54 30 28 4a 65 69 69 69 69 68 62 4a 2b 34 55 65 68 68 67 66 65 5c 48 39 40 53 61 65 65 63 60 5a 53 50
4c 54 5d 62 62 60 56 45 3c 45 59 64 67 67 66 5b 40 2d 40 5d 67 68 68 68 64 46 21 34 5c 67 68 69 68 62 4d 30 34 53 63 67 68 68 65 4e 2a 31 54 64 67 68 67 63 51 3c 3a 4a 5d 64 64 62 5b 52 4a 4a
5e 5c 57 53 52 51 52 59 60 63 62 61 5d 52 45 42 4d 5a 62 66 68 69 68 61 40 23 3b 5d 68 6a 69 6a 69 68 52 24 27 55 68 6a 69 68 69 69 68 44 1b 33 5e 6a 6a 68 66 64 60 56 47 43 4a 54 5e 62 62 60
5a 55 51 4f 51 58 60 67 6a 69 69 69 68 67 63 5a 43 24 3d 69 6c 6b 6b 6a 6a 69 69 6a 6a 6a 68 46 29 3d 56 62 68 6a 6a 69 68 69 68 65 60 57 4f 4a 4d 55 5c 61 64 66 66 65 64 60 5d 5b 58 57 58 59
61 65 68 68 68 67 65 61 5a 48 37 40 5a 69 6b 6a 6b 6a 69 6a 6a 6b 69 4d 22 2c 57 6a 6b 6b 6b 6a 6a 69 69 6a 68 5b 47 3d 43 52 5f 66 68 69 69 68 68 66 61 5a 53 4e 4f 53 58 5f 62 65 65 64 63 60
65 64 61 5b 51 48 48 51 5b 63 67 69 6a 6a 6a 6b 6b 6b 42 c 34 6c 6c 6b 6b 6b 69 69 69 6a 69 65 51 3b 3d 4c 5a 63 67 69 69 69 68 67 66 5e 51 4b 4f 53 58 5e 61 62 63 65 64 62 5d 58 56 57 58 5a
5f 5f 5b 54 4c 4a 51 59 60 64 65 65 65 62 4d 35 3a 53 63 67 68 69 6a 6a 64 41 1d 38 61 69 69 69 69 6a 69 65 43 1c 36 60 69 6a 68 68 68 68 66 52 33 32 4d 61 66 68 67 65 62 5c 52 4a 4a 51 58 5d
59 51 46 43 4b 57 63 66 63 57 41 34 3f 56 65 67 68 66 4f 27 29 51 66 69 67 66 5a 36 24 44 61 68 67 66 5f 42 27 39 5a 65 67 67 63 4f 2f 2f 51 65 65 63 60 57 46 3c 44 53 5d 60 5f 59 51 4a 4c 50
5d 5d 59 51 4b 4a 51 5a 62 65 65 64 5d 4a 36 3d 56 64 67 67 68 66 5f 42 27 3d 5d 67 68 69 68 68 5f 3a 22 41 61 68 69 68 68 69 67 43 1c 37 60 68 68 66 64 63 62 55 3f 38 4a 5c 62 63 62 60 5b 56
61 65 66 66 63 5f 59 4e 43 43 51 62 68 68 68 68 6a 6b 6b 6b 37 10 41 68 6a 6b 6a 69 69 6a 6b 69 5e 3c 24 3e 62 6b 6a 69 68 67 67 65 61 56 49 42 49 56 5f 64 66 66 64 62 60 5b 58 54 50 53 59 5b
65 67 67 66 63 5e 56 4c 45 48 55 62 68 69 69 6a 6a 6a 6a 6a 5d 3e 20 3b 66 6b 6b 6b 6b 6a 6a 6a 6a 6a 69 50 33 35 4c 60 67 69 6a 6a 69 69 68 65 5e 53 4a 4c 51 58 5e 61 64 65 64 63 62 5f 5b 57
4f 4f 55 59 58 52 46 45 4f 59 5f 60 59 4a 3b 3e 51 60 65 62 4e 33 36 50 62 67 65 54 33 2d 49 61 68 67 5d 39 24 3f 5d 67 68 62 48 26 32 58 66 66 62 54 3e 33 44 5a 64 61 58 4d 46 48 4e 54 57 57
61 5f 5b 56 50 4c 4e 57 61 65 67 67 68 66 61 55 43 39 47 5c 65 68 68 68 69 69 69 67 4a 26 32 57 68 6a 6a 69 69 6a 6a 6a 66 3f 17 38 64 6b 6b 6a 68 67 67 66 62 55 41 3e 4c 59 61 65 66 66 65 61
4a 4a 53 5d 62 61 57 46 3b 41 53 62 66 66 5f 4a 30 34 51 64 67 67 65 54 2e 28 4b 63 68 68 65 57 33 28 47 61 68 68 66 5a 37 25 41 60 67 67 65 5b 42 2e 3c 59 64 64 61 59 4e 44 42 4d 57 5d 5d 59
4c 45 4a 54 5d 63 65 66 64 54 35 31 4e 62 67 67 68 69 65 46 20 34 5c 67 69 68 67 68 5c 38 26 43 60 68 69 69 68 63 4d 2c 30 53 64 68 67 66 62 5a 4c 3b 3d 52 61 65 64 60 5a 53 4d 4c 50 54 59 5d
52 4d 4a 4c 55 5c 5e 5d 57 47 3a 44 58 62 64 62 5a 44 31 3d 58 65 68 67 61 41 25 38 5a 66 67 65 61 4e 2a 2e 54 63 67 67 65 55 2d 26 4d 63 67 67 65 58 38 2a 45 60 65 65 61 56 46 3c 44 55 5e 5f
