5b 5e 61 62 62 60 5e 5b 56 4e 4c 53 5b 61 64 66 66 66 67 65 60 4e 3a 3a 50 65 68 69 69 69 69 6a 6a 6a 60 2e 19 4a 6a 6b 6a 69 68 68 69 6a 6b 68 52 2d 2d 50 65 69 69 69 68 67 65 62 5c 52 4b 4d
5c 60 62 62 5d 53 48 43 49 57 62 66 67 68 67 60 41 27 3c 5c 68 69 68 68 68 66 51 28 2b 53 65 68 69 69 68 67 5d 38 23 41 61 69 68 67 67 68 67 54 31 2f 4d 61 66 67 66 65 61 56 4a 44 4a 55 5d 60
58 59 56 52 4e 4a 49 51 5a 5f 60 5a 4b 3e 3f 4d 5c 63 64 5f 51 38 33 49 5e 66 66 64 55 31 29 49 61 67 68 65 51 28 27 50 65 68 67 65 53 2b 26 4d 64 67 65 61 52 3b 34 47 5b 62 61 5c 54 4a 44 4a
54 57 5a 5b 5b 58 56 53 50 4f 52 58 5e 60 62 5f 55 48 43 4b 56 5e 64 67 68 64 4d 2d 33 54 65 68 69 69 69 5d 2e 1f 4b 65 69 69 69 6a 69 54 1c 23 5c 69 6a 69 68 67 5d 43 32 41 57 62 64 64 60 58
4c 49 4d 56 5e 62 62 5d 50 3e 3e 50 5f 65 67 65 5f 46 2d 3a 57 65 67 68 67 60 3a 25 43 5e 67 68 68 66 5a 39 29 44 5e 66 68 69 67 57 2d 27 50 66 68 67 66 61 4f 35 34 4f 63 65 63 60 59 4d 47 4c
5f 60 5a 4f 44 44 4e 59 63 66 66 60 4a 36 3c 51 62 67 68 68 60 40 25 3b 5c 67 68 68 66 5a 37 2a 47 5f 66 68 68 67 58 2f 24 4b 63 68 69 68 62 51 37 35 4c 5e 65 66 64 5b 4e 45 44 4e 58 5d 5f 5b
5d 5e 5e 59 52 4b 48 50 5c 62 64 65 62 5b 4c 3b 3d 52 62 66 67 68 68 66 48 23 33 5a 68 69 69 69 68 64 45 20 34 5e 67 69 68 68 69 66 4c 23 2d 59 68 69 68 66 63 5c 4d 40 42 4f 5b 60 62 62 5c 57
5b 5a 54 4f 50 53 59 5d 60 62 62 5e 51 42 3f 4c 5d 65 68 68 68 68 54 29 27 52 67 69 69 69 69 68 5c 2c 20 4d 65 69 69 69 69 69 64 3d 1e 3b 61 69 69 67 66 64 5f 50 40 3e 4c 5b 61 63 62 5f 5a 56
60 5f 5d 59 54 50 4d 52 5b 61 65 66 67 65 61 5c 4c 3c 3f 52 63 67 68 67 67 69 6a 69 58 2b 23 4f 67 6b 6a 68 68 69 6a 6a 66 38 11 3e 6b 6b 6b 69 67 67 66 63 5b 4d 43 46 51 5a 61 65 65 64 62 5e
65 67 67 66 63 5e 58 50 49 47 50 61 68 69 69 69 69 69 69 68 62 54 37 28 4b 6b 6b 6b 6b 6a 6a 69 6a 6b 6a 6a 5a 35 2f 4c 5e 64 69 6a 69 69 69 67 64 63 60 54 49 49 51 5a 5f 62 64 65 64 65 63 5e
50 4c 50 58 5e 62 64 64 61 55 40 37 47 5d 66 67 69 69 69 62 32 1b 46 65 6a 6a 69 69 69 5e 32 1d 47 66 69 69 68 68 68 61 42 29 3a 58 66 68 67 65 64 5e 51 46 43 4b 58 5f 62 62 60 5b 55 50 4f 53
5e 62 64 65 64 61 56 44 3b 46 5b 66 68 68 68 6a 6a 6b 5e 1b 18 5c 6b 6b 6a 68 68 69 6a 6a 58 28 21 51 6a 6b 69 67 67 67 65 5e 4f 42 45 4f 59 60 63 65 63 62 5f 59 53 50 53 56 58 5b 5e 5e 5f 5e
59 55 50 4c 49 4c 53 58 5c 5d 58 4d 41 44 51 58 5f 64 60 4a 32 37 50 60 65 66 63 49 26 32 57 67 68 67 5d 36 1e 3f 61 68 68 63 4f 2c 2d 50 65 67 64 5b 49 37 3b 51 5f 60 5c 55 4d 48 4a 50 57 58
56 51 49 43 4a 52 57 5e 5f 58 46 38 3e 4f 5d 63 65 5c 3f 27 3a 59 63 66 64 51 29 27 4e 63 67 65 59 38 25 3f 5e 66 64 5c 47 33 38 4e 60 62 5d 52 43 3f 46 53 5d 5c 54 4d 4a 4a 4c 52 58 57 52 4e
51 53 5a 60 63 64 64 63 5c 4c 3d 41 52 61 68 69 69 6a 6a 6a 50 19 27 5f 6a 6b 6a 69 6a 6a 6a 5a 29 22 50 66 6a 6a 69 67 67 67 60 4b 36 3a 51 61 66 67 67 66 63 5c 54 4f 4b 4e 56 5d 5f 61 62 5e
4d 4b 50 56 5b 5c 56 4b 41 45 50 5a 62 62 59 46 39 3d 50 60 66 66 5c 3b 26 3e 5c 67 68 65 51 29 29 4f 64 68 68 60 42 24 34 5a 67 67 63 55 3d 30 43 5c 64 62 5a 50 47 41 46 54 5d 5d 58 52 4c 4a
5a 56 50 4e 51 57 5f 63 65 65 64 63 5d 50 3d 3b 51 62 67 67 67 68 69 6a 68 47 1c 33 5f 69 6a 69 68 69 6a 6a 66 44 19 33 64 6a 6a 68 67 66 67 68 61 4c 35 3a 52 61 66 67 66 65 63 60 59 50 4c 4f
52 4f 52 57 5e 64 68 69 6a 6a 69 67 63 5d 51 3d 33 4c 68 6c 6b 6b 6b 6a 6a 6a 6a 6a 69 5a 42 38 41 53 62 69 6b 6b 6a 6a 69 69 69 69 69 52 3e 45 4e 57 5e 64 68 69 68 68 66 63 5e 59 55 54 55 57
5c 5b 56 4f 4c 4f 55 5c 61 63 61 5b 4d 3f 40 51 60 65 67 69 68 5d 34 23 47 63 69 69 69 69 65 49 24 32 59 67 69 68 68 69 63 44 1d 33 61 69 69 68 66 63 57 44 3a 44 57 61 64 64 60 5a 53 4e 4b 4f
4f 53 59 5d 5d 5b 54 4a 46 4b 56 5f 65 66 5f 4f 3a 37 4b 5f 66 67 68 65 4e 29 2f 53 64 69 68 68 61 46 25 35 5a 66 68 69 69 61 38 1d 3f 63 69 68 67 65 57 3d 32 45 5a 63 65 62 5c 51 47 4a 51 57
53 4d 4c 50 57 5d 62 63 61 54 43 3d 4a 5b 63 66 68 68 5d 3b 27 42 60 68 68 69 69 63 3d 23 3f 5d 68 69 69 69 67 4e 1f 2b 5b 67 69 68 67 65 59 3e 32 46 5a 63 65 65 61 57 4d 48 49 52 5b 5d 5e 5d
4f 52 58 5d 5e 59 4e 45 45 4d 59 62 64 61 54 40 3a 45 58 65 67 66 61 4b 2d 33 52 64 67 67 65 58 36 28 45 60 68 68 69 63 3f 1c 36 5f 69 69 69 64 4f 2d 2e 51 64 66 65 5f 56 48 40 45 52 5b 60 5d
66 67 66 64 60 57 4c 43 43 52 62 68 69 68 68 69 6a 6b 6b 4e 1e 29 5a 6b 6b 6b 6a 68 68 69 6a 6a 66 41 1f 39 5e 69 6b 69 68 68 67 66 64 5b 4f 47 49 54 5e 60 61 62 63 63 62 5f 5c 58 54 54 57 5a
56 59 5e 61 65 66 67 66 63 5e 56 4d 46 47 53 60 69 6a 6a 6a 6a 6b 6b 6b 6b 3f c 37 6b 6c 6b 6b 6a 69 69 6a 6a 69 64 4f 3d 41 4d 59 61 67 68 68 68 68 67 63 5b 52 4e 50 55 59 5d 60 62 64 64 62
5c 58 51 4e 50 55 5b 60 63 64 63 61 5a 4b 3e 43 55 62 66 67 68 69 69 63 42 22 3a 5e 68 69 68 69 6a 69 67 4e 1e 2a 5d 69 6a 69 68 68 69 69 5d 33 23 48 62 68 69 68 67 65 61 57 4a 45 4b 55 5d 61
53 53 56 5b 62 66 68 69 68 67 62 5c 51 43 40 4a 5c 68 6a 6a 69 6a 6a 6a 6a 6b 6b 3c c 3a 6b 6c 6b 6b 6a 6a 6a 6a 69 67 62 4e 3d 42 4e 5a 63 67 68 67 67 68 65 61 5a 54 52 51 54 59 5c 60 63 63
54 5a 60 62 62 60 58 4e 43 44 52 5f 65 66 67 68 67 58 30 27 4c 64 68 69 69 69 69 65 4a 24 2f 58 68 6a 69 69 69 68 61 3a 1c 3e 64 6a 6a 68 66 65 61 52 3f 3c 4b 5b 62 64 65 63 5f 57 4e 4c 50 55
5d 5b 58 56 54 53 57 5c 60 62 64 65 64 63 5f 57 46 3a 47 5e 67 67 66 64 64 68 6a 6a 67 46 1d 33 5f 6a 6b 6a 66 63 65 69 6a 6b 6a 3c 13 3a 65 6b 6b 6a 67 64 63 63 61 59 4e 48 4b 52 5a 60 64 65
55 56 5b 61 65 66 67 65 62 5b 51 41 3d 4f 61 69 6a 69 69 69 6b 6b 6c 5c f 1a 68 6c 6b 6b 6a 68 67 68 69 68 5e 49 3c 45 53 5d 63 66 66 65 66 66 63 5e 56 4d 4c 54 5a 5d 5f 60 62 62 60 5d 5b 5a
61 5f 58 51 4a 4a 54 5e 64 66 66 66 65 63 59 40 32 44 5e 68 68 67 67 69 69 6a 60 33 20 47 63 69 69 68 68 69 6a 6a 65 3a 18 3d 65 6b 6a 69 67 66 66 64 5b 4a 3d 42 53 5f 64 66 66 65 61 5c 56 52
51 50 54 5b 61 64 65 65 62 5c 4e 3f 40 50 5f 66 67 68 69 6a 6a 60 36 1e 42 64 6a 6a 68 68 69 69 68 55 2c 28 4e 65 6a 6a 68 67 68 69 67 53 2f 2c 4d 65 6a 69 67 66 65 62 59 4d 47 48 51 5b 62 64
65 64 5d 52 47 43 4b 5b 66 68 68 69 69 6a 6b 6b 6a 47 10 2f 68 6c 6b 6b 6a 68 68 6a 6a 69 67 55 36 33 4b 5e 67 69 68 67 67 67 66 63 5d 54 4b 4c 53 5a 5e 60 62 62 63 63 60 5d 5a 58 56 57 59 5b
