5c 5d 59 53 4b 48 4d 56 5f 62 62 5e 53 45 40 4a 5a 63 65 66 62 46 2e 3f 59 65 67 67 65 59 35 28 49 62 68 6a 6a 69 52 18 24 5e 69 6a 69 69 67 51 1f 27 5a 68 6a 68 67 62 52 3a 34 4a 5e 64 65 60
62 64 64 62 5f 5b 51 44 42 51 61 66 68 67 67 69 6a 6a 4d 1b 2c 5f 6a 6b 6a 68 68 69 69 67 56 2e 27 4e 65 6a 6a 68 68 69 6a 6a 6a 41 e 35 6a 6b 6b 69 67 65 63 62 5e 53 48 46 4d 57 5e 62 64 63
4c 52 5a 5c 60 62 60 5b 52 46 43 50 60 65 63 61 5c 54 4e 4f 52 54 56 55 54 59 62 69 69 69 5e 2b 1d 4d 67 6a 69 68 69 66 46 1d 33 60 6a 6a 69 6a 69 63 2a 14 4b 68 6b 69 68 67 62 53 3d 3a 4f 5d
4f 42 41 52 60 68 69 6b 6a 6a 69 36 10 3f 67 6b 6a 6a 6a 6a 69 5d 32 23 47 62 68 6a 68 69 6a 69 66 44 18 32 63 6b 6a 68 66 65 66 64 5b 44 38 44 55 60 65 64 64 62 62 5e 50 4a 50 52 56 5c 60 61
58 5f 63 65 67 67 66 64 60 59 50 49 47 4f 5c 66 6a 6a 6a 6a 6a 6a 6b 6a 6a 4a d 2c 6b 6c 6b 6b 6b 69 68 69 6a 6a 6b 6a 65 44 2c 3e 55 63 68 69 6a 69 6a 69 66 62 5c 55 50 4f 53 57 5b 60 64 65
54 59 5d 5b 56 51 4d 49 50 59 5e 61 61 5e 53 44 3d 47 59 62 65 64 63 5e 43 2e 40 59 64 68 68 68 60 3f 22 3b 5e 68 69 6a 6a 5e 2e 1e 4a 64 69 69 69 69 4e 14 27 62 6a 6a 68 64 5c 45 34 43 59 60
61 63 62 5f 57 48 42 4a 56 60 64 66 67 68 68 61 3a 1f 42 64 68 69 69 69 68 67 5c 2f 23 4e 63 68 69 69 69 68 66 51 26 2b 56 66 69 69 69 69 69 69 56 23 23 56 69 69 68 67 66 62 5c 51 41 41 52 5c
64 65 64 63 5f 56 44 3f 4b 59 63 67 69 69 6a 6a 6a 60 23 18 55 6a 6c 6b 69 68 6a 6a 65 4c 27 31 57 66 6a 6a 68 68 6a 6a 69 53 1b 25 5f 6a 6a 69 67 67 67 66 61 52 3e 40 50 59 61 65 65 65 63 5f
5e 57 4b 47 4b 54 5b 62 67 69 65 4a 27 34 58 66 69 68 69 68 57 2b 24 50 66 69 69 69 69 5c 2e 1e 49 67 69 68 68 67 62 4e 2f 34 53 62 65 64 64 67 68 62 3e 20 3a 5f 6a 69 67 64 5f 52 49 46 4a 54
54 5c 63 67 69 6a 6a 6a 68 66 5f 50 3a 2e 4c 6a 6b 6b 6a 6a 6a 6b 6a 6a 6a 6b 6c 3c 12 3c 65 6b 6b 6c 6b 6b 6b 6a 69 69 67 57 44 3e 47 56 60 65 68 69 69 69 67 65 61 5b 55 4e 50 56 59 5e 62 63
5d 63 65 64 60 5b 4b 39 40 57 63 66 68 6a 6a 6a 69 45 15 31 63 6a 6a 69 69 69 6a 65 3f 1c 3a 61 69 69 68 68 69 69 65 40 19 38 64 6a 69 68 65 64 64 60 4e 39 3f 54 5f 62 64 64 62 60 5a 53 4e 4f
53 5b 63 67 68 68 68 64 59 3b 23 45 6a 6b 6a 68 66 68 69 69 66 49 1f 31 5d 69 6b 69 67 67 69 69 66 4f 2a 2f 54 65 6a 69 68 68 69 6a 67 4a 1e 2e 5e 6a 6b 69 68 66 64 61 5a 48 3b 47 59 61 64 64
61 64 65 65 65 64 5f 56 4a 3e 45 5a 66 69 69 6a 69 69 6a 6b 69 3a 15 3e 65 6a 6b 6a 6a 69 6a 6b 6a 6a 57 22 21 56 6a 6b 6a 6a 69 69 69 69 6a 63 4a 31 39 52 62 68 6a 69 68 67 65 60 59 51 4d 4f
59 50 45 45 52 60 67 69 6a 6b 6a 6b 6b 6a 3f e 37 6a 6c 6b 6b 6b 6a 6a 6a 6a 67 56 33 2f 4b 5e 67 6a 6a 69 69 69 69 69 68 57 32 2a 49 64 6a 69 69 68 66 66 66 61 58 4f 48 48 54 5e 63 65 65 64
5f 59 4b 41 46 55 61 64 65 64 56 3d 38 4d 5f 64 68 69 69 5b 24 1f 55 67 69 69 68 66 4f 2e 33 53 65 69 69 69 64 48 22 33 5b 66 69 67 67 65 4f 2d 33 56 64 67 66 66 61 50 38 39 51 5e 62 61 5f 5b
60 5d 54 4b 47 4d 58 60 61 62 5b 49 40 4b 59 5f 63 63 57 3f 39 4d 5f 67 69 68 55 2a 2a 54 65 68 69 69 66 4a 1e 2d 5c 69 69 68 6a 68 55 19 20 5c 69 6a 68 68 67 5e 3e 2a 3f 5b 67 67 63 5f 56 4d
61 62 60 5b 4e 43 49 53 5c 62 65 68 69 6a 65 32 1b 4a 64 69 6a 6a 6a 69 63 41 1e 39 62 67 69 69 6a 69 68 60 3a 20 42 61 67 68 68 68 69 69 68 50 27 2d 55 66 69 69 67 65 62 5d 51 44 47 52 59 5f
4b 4c 53 5e 65 67 69 6a 6a 6b 6c 3e c 38 6a 6b 6b 69 69 69 69 69 65 54 3c 35 46 5c 66 68 69 68 68 6a 6b 6b 6c 38 c 3e 6a 6b 6b 6a 69 67 65 5e 57 50 4d 50 55 59 5b 5f 61 62 62 5e 5b 5a 58 57
59 57 54 53 55 59 5f 64 68 69 69 69 67 65 5f 53 45 39 44 5e 69 6a 69 6a 6a 6b 6a 6a 6b 6b 69 40 e 37 6c 6c 6b 6b 6b 6a 69 6a 6a 6a 6a 62 52 40 3b 4b 5a 64 68 69 69 69 68 66 63 5e 58 53 52 54
5b 55 50 4d 48 46 52 5c 5e 60 5b 4e 38 36 4e 5e 63 65 63 53 2e 28 4e 64 65 65 62 55 31 25 49 64 66 65 61 4f 2c 2c 50 62 66 66 64 4d 20 28 58 67 67 65 63 50 29 26 50 66 65 62 5c 51 42 3a 47 57
5e 5c 5a 56 51 53 58 5c 5f 5f 5e 62 63 62 5a 41 3f 53 5d 62 64 66 6a 6a 69 5d 32 23 4b 65 69 6a 69 69 6a 6a 6b 5a d 1b 6a 6b 6b 6a 67 65 66 69 6a 69 53 2d 30 52 63 66 68 67 65 64 62 5f 55 4e
56 54 52 4c 46 44 4d 5a 60 5e 52 3f 35 43 57 61 65 5d 3e 2a 3f 59 62 65 5c 3e 26 3b 5a 63 65 5e 41 25 38 5a 65 65 60 43 25 37 58 64 65 5f 49 2b 32 55 62 63 5f 4f 3b 3b 4a 58 5f 5a 52 48 44 4a
5d 57 4a 42 4a 57 61 65 67 69 6a 6b 6a 3e 10 39 68 6b 6a 69 6a 69 69 65 3c 1e 40 5f 67 6a 6a 6a 6b 6a 6a 4c f 2a 69 6b 6b 69 68 66 64 5f 53 41 42 51 58 5d 63 62 62 63 61 5a 52 4f 53 57 59 5b
52 53 58 5f 62 63 64 62 5b 49 3c 42 54 61 66 68 69 6a 6a 65 34 15 43 67 6b 6a 69 69 69 67 57 2e 28 4e 63 68 69 69 69 69 6a 68 34 12 42 68 6b 6a 69 67 67 65 5c 45 3a 48 57 5d 62 64 63 62 5f 59
53 56 5d 62 64 62 61 5f 57 4b 42 49 57 61 66 67 68 69 6a 6b 4f 1b 2a 5e 6a 6a 69 69 6a 69 69 5e 30 20 49 64 6a 6a 69 68 69 6a 6b 62 28 16 4f 69 6b 6a 69 66 64 62 5d 52 44 44 51 5b 5f 61 64 62
5d 5d 5a 55 4c 45 4f 5d 63 67 69 6b 67 38 20 47 62 69 69 6a 6a 6a 5b 19 1d 5f 6a 6a 68 67 67 69 69 5b 30 21 49 65 69 69 65 62 62 65 65 5a 46 35 42 59 62 64 61 61 63 60 5c 55 4e 4c 51 58 59 5c
62 61 5d 55 4a 42 49 59 62 65 68 68 69 6a 6b 69 31 f 46 6a 6b 6b 6a 68 69 6a 69 64 3e 20 3e 60 67 6a 69 67 67 69 69 69 5f 33 1d 48 67 6b 69 67 66 66 65 62 5c 4d 42 48 54 5d 60 62 63 62 60 5d
4a 48 54 5f 61 62 62 62 5a 49 37 42 5b 62 66 66 66 68 63 40 20 3b 60 68 69 68 68 67 5b 36 25 46 63 69 69 68 67 67 5b 2f 21 4a 65 69 69 69 69 68 5d 29 1d 4e 67 6b 69 67 62 5e 53 43 40 4b 59 60
56 5d 64 67 65 52 2e 2c 4f 65 69 6a 6a 67 40 1c 3a 61 69 6a 69 69 63 35 1a 42 63 68 69 68 65 54 2b 2c 54 66 6a 68 67 5d 3d 28 40 5f 67 66 62 5f 56 45 40 4d 59 5e 5f 5c 57 55 50 4e 4f 52 57 5a
65 67 67 67 65 61 54 41 38 49 5e 65 68 69 69 69 6a 6b 6b 61 24 16 52 6a 6b 6b 6a 69 69 6a 6b 6a 65 3a 17 3f 66 6a 6a 6a 68 67 68 67 67 62 54 3b 37 50 5f 64 67 67 66 65 63 60 5e 57 4e 4e 53 58
53 53 4d 4b 52 59 58 52 4c 4a 4a 51 5b 5e 59 4a 3e 3f 4f 5f 62 60 53 35 31 4b 60 65 64 5c 43 29 3b 5b 65 66 61 44 26 37 58 66 68 65 4e 1e 28 5a 67 68 66 59 34 22 43 64 67 63 5a 48 3a 42 52 5b
57 5a 5b 59 51 44 3d 48 59 63 65 62 57 3c 2d 40 5c 66 65 65 61 41 23 38 5a 66 67 66 5f 3f 24 38 5b 66 66 66 5f 3f 22 36 5c 68 68 67 62 46 1f 30 5b 66 66 65 61 51 33 2f 4d 5f 62 60 5d 54 44 42
54 58 5d 60 62 63 62 5b 49 3d 45 54 61 66 67 68 68 69 63 37 1a 44 65 6a 6a 6a 6a 69 67 4b 22 30 5a 67 6a 69 6a 6a 69 63 40 1b 39 63 69 69 68 67 67 69 68 57 2e 2a 50 63 67 68 67 66 61 5b 52 4b
5e 60 5f 5d 59 4f 46 4b 57 5d 5f 63 65 66 5e 41 33 46 59 65 69 6a 69 69 54 22 25 57 68 6a 69 69 68 66 54 22 25 58 67 6a 68 68 68 68 67 41 18 35 61 6a 6a 67 66 66 63 55 3d 3b 4c 58 61 64 63 60
67 62 5d 59 4f 44 47 56 61 67 6a 6a 6a 6a 6a 6a 69 65 58 35 23 4a 6b 6b 6a 6a 6a 69 69 6a 6a 6a 6a 6b 63 37 1f 43 63 6a 6a 6b 6b 6a 6a 69 67 64 5e 56 4c 49 4f 57 5e 63 65 66 66 63 61 60 5e 5b
51 55 5a 56 4c 44 46 51 5c 62 61 57 41 34 42 59 66 69 66 49 25 2f 55 67 69 68 5b 32 22 45 62 69 68 5d 40 25 3a 5f 67 67 62 47 26 35 59 66 68 63 50 34 34 4e 60 62 5f 53 45 41 4c 58 5b 5a 53 4d
4a 4b 52 5c 5d 59 4b 40 41 4c 5a 61 63 5c 44 2d 3a 57 64 67 64 4d 26 2d 53 64 67 63 54 33 29 49 64 67 64 54 31 2c 4e 63 66 64 53 2d 2e 51 64 67 62 55 34 2d 4c 61 65 5f 54 43 3b 48 57 5b 5b 58
52 54 59 5e 60 61 5e 55 45 3c 4b 5b 61 65 66 68 67 5d 2f 1f 4c 67 69 69 68 69 67 58 2b 24 50 65 69 69 68 68 65 4d 22 2c 5a 67 69 68 68 68 67 4e 20 2d 5a 67 69 68 66 66 5f 4e 3a 3c 50 5d 64 63
5a 58 51 4a 4e 55 5d 61 62 62 5d 52 44 3e 4c 5d 63 64 64 65 65 56 37 2f 4a 61 67 67 68 69 66 57 29 22 50 67 6a 69 68 69 67 50 1d 29 5e 68 6a 69 68 69 68 55 1f 20 59 6a 6a 69 67 63 5c 4e 3f 44
58 4e 44 46 52 5d 64 67 67 69 6a 6b 6b 38 d 3e 6a 6b 6b 68 68 69 69 66 53 2f 2c 4f 63 67 69 68 67 69 6a 6b 6a 36 f 40 68 6b 6a 68 67 67 65 60 52 42 42 50 5c 5d 60 63 63 61 5f 5a 54 50 53 58
5d 59 54 52 4d 4e 5a 63 66 67 66 66 64 5b 45 36 40 57 68 69 68 66 65 67 67 65 54 3c 38 49 5a 63 67 67 65 66 69 6a 6b 6c 26 c 51 6a 6b 6a 68 68 6a 69 5f 39 19 3e 6a 6b 6b 69 67 65 5f 59 4f 48
4a 44 48 56 60 63 5f 53 41 35 3f 57 64 65 64 5e 47 29 34 56 64 65 63 61 4f 2d 2a 4d 63 65 64 63 52 2c 28 4e 64 66 65 62 4e 2a 2c 50 63 66 64 63 4c 24 2c 57 67 66 63 5d 4e 38 35 4b 5e 62 5f 58
53 5d 64 67 69 6a 6b 6a 6c 6c d a 6a 6b 6c 6b 6b 69 68 6a 6a 69 5b 36 2a 48 61 68 69 68 67 68 69 68 66 5a 45 3e 46 55 65 66 66 67 66 66 62 59 52 50 52 57 59 5a 5e 5f 61 63 61 5e 5b 59 58 58
58 54 53 54 59 5d 60 63 64 63 63 64 5f 50 41 40 4f 5f 65 67 68 69 69 6a 6a 6a 4b 1d 2f 5b 68 6b 6a 6a 69 6b 6a 6b 6a 4f 19 27 5f 6c 6b 6a 69 68 67 68 6a 6b 6b 42 1f 3b 5a 66 69 6a 69 68 67 64
64 61 5b 51 42 42 52 60 66 68 69 69 69 6a 6b 69 42 13 35 67 6c 6b 6a 6a 69 6a 6a 6a 66 51 2c 2f 51 64 6a 6a 6a 68 68 69 69 6a 68 49 28 35 55 66 69 6a 6a 68 66 66 65 5e 50 45 48 50 5a 61 64 66
60 5c 56 50 4c 4d 57 63 67 68 6a 6a 6a 69 68 64 5d 49 2e 34 5a 6b 6b 6b 6b 6a 69 69 69 6a 6a 6b 6c 2e c 49 6b 6c 6b 6b 6a 6a 6a 69 67 61 58 50 49 48 50 5b 62 65 67 67 65 63 61 5e 5c 58 54 55
5e 5d 57 49 40 4c 5b 60 65 64 62 63 5c 48 35 3f 59 64 65 64 66 67 66 5c 2e 23 4f 65 69 68 68 68 66 55 20 24 5a 68 69 68 68 69 68 61 27 16 50 68 6a 67 66 66 66 60 48 31 3f 56 60 64 63 62 5e 59
67 69 69 6a 69 69 67 5e 3f 1c 3b 6b 6c 6c 6b 6a 69 69 6a 6a 6a 6b 6b 39 e 3e 6a 6c 6b 6b 6b 6a 6a 69 67 64 57 4b 48 4b 55 5c 60 65 67 67 67 65 60 5c 59 58 57 56 59 5a 5b 5f 61 61 60 5f 60 5d
45 3e 48 59 63 67 68 67 5d 3a 23 41 63 69 68 67 68 62 46 22 33 5d 66 67 66 68 66 58 2d 27 50 63 67 67 66 65 53 2f 2f 52 63 67 67 66 5e 44 2a 3e 5e 67 67 65 62 4f 38 37 4f 61 65 64 61 57 4b 48
54 59 60 60 5c 54 4a 46 4d 59 61 64 64 64 57 3c 37 4d 5d 64 66 66 65 5d 3e 2c 45 5f 67 68 68 68 60 3e 24 3c 5f 68 69 69 6a 67 52 20 28 5b 67 69 68 68 6a 6a 4a 1b 2e 5c 68 69 68 66 5f 52 47 46
60 60 58 48 3d 45 59 64 66 66 65 5b 46 31 3f 5d 65 65 66 66 63 56 35 2e 4b 5f 66 67 68 69 67 47 21 33 5b 69 6a 69 68 65 44 27 38 57 67 68 69 68 57 2c 27 51 66 6a 69 68 5e 4c 32 37 53 62 65 63
55 56 5e 63 64 65 66 65 65 64 53 3f 3c 4b 5e 67 6a 69 69 6a 6a 6b 6b 69 49 14 2d 64 6b 6b 6b 6b 69 69 69 6a 6b 6b 6a 32 e 44 6a 6c 6b 6b 6a 69 67 66 62 5d 56 4c 4b 4e 55 5c 61 64 65 65 64 62
3e 3a 4d 5f 66 69 69 67 46 19 30 5f 69 6a 68 67 65 4a 23 30 58 66 69 69 68 5e 38 22 41 61 67 68 68 63 4b 2c 33 54 65 69 68 65 57 39 30 4a 5f 65 65 63 5d 4f 3d 3d 51 5d 62 60 5b 53 4b 4b 50 56
56 5c 5e 5e 5f 5a 50 49 48 51 5c 63 66 65 64 61 4d 2e 39 58 63 65 67 69 69 68 52 21 28 59 68 6a 69 69 69 65 41 1e 39 5f 68 69 68 69 69 64 38 18 3f 66 6a 6a 68 67 65 58 40 37 46 58 60 65 65 60
50 59 60 63 63 5f 4e 37 3b 54 62 65 67 67 66 5b 3a 26 43 62 67 67 67 66 65 52 27 2d 57 64 67 68 68 66 5d 38 25 46 61 67 69 69 68 60 2e 1f 4c 65 69 68 66 65 5c 44 2e 3d 5c 65 66 65 62 58 49 45
59 59 56 52 51 54 5a 60 63 64 63 62 60 58 4d 43 42 54 63 67 66 64 66 67 67 65 4b 2d 38 54 63 69 68 67 68 6b 6a 6c 6b d a 6a 6b 6b 6a 68 67 69 68 63 4c 30 32 52 6a 6a 66 66 65 62 5e 57 50 4c
63 5d 44 2e 3d 58 66 69 69 66 3a 19 3c 61 69 68 67 5d 33 1d 42 64 68 68 64 58 39 2a 43 5d 64 64 61 59 43 34 40 57 60 63 64 5e 49 32 3b 56 63 65 61 5b 45 33 42 5b 61 64 60 55 43 3c 4b 5b 5e 5b
59 58 52 50 56 58 5b 5f 61 62 5f 57 4d 45 49 57 60 63 66 68 68 63 42 21 3b 62 69 69 69 6a 69 64 47 1c 33 63 69 6a 69 6a 6a 6a 5e 20 1a 56 69 6b 69 67 67 67 68 5f 3f 2b 41 5d 65 68 66 65 60 5a
49 48 51 5b 63 67 67 68 6a 6a 6c 42 d 35 69 6b 6b 69 68 69 69 69 5f 3d 28 40 5c 66 69 69 68 69 6a 6b 6a 43 e 33 6a 6b 6b 6a 68 66 64 61 59 4c 45 4b 54 58 5f 63 63 62 61 5d 58 56 54 55 57 59
4d 4e 57 5e 64 68 69 69 69 69 68 64 5e 53 3f 35 4a 64 6a 6a 6a 6a 6a 6a 6a 6a 6a 6a 67 3e 17 3b 65 6b 6b 6b 6b 6a 69 69 6a 6a 69 65 53 3a 3a 4d 5c 63 67 69 6a 69 68 67 64 60 5b 52 4e 50 54 5b
63 65 65 63 5e 54 4b 47 4b 55 5f 65 66 69 69 6a 6b 6a 52 22 27 57 6a 6b 6a 6a 69 69 6b 6a 64 49 1f 30 5f 68 6b 6a 68 67 68 69 6a 6b 6c 40 17 3a 61 69 6a 6a 69 68 65 62 5d 56 4e 4c 4f 56 5e 61
69 69 69 66 62 5c 4d 3f 41 4f 60 6a 6a 6b 6a 6a 6a 69 6a 6a 65 43 18 35 65 6b 6b 6b 6a 6a 6a 6a 6a 6a 6a 6a 5b 32 28 4a 62 68 6a 6a 6a 69 68 67 64 62 5c 53 4d 4b 51 5a 5f 62 64 65 64 64 63 5e
58 55 55 5a 59 56 56 59 5d 60 5d 55 4f 4c 4e 56 60 67 69 69 62 3f 26 42 63 6a 6a 6a 69 5f 41 2b 43 61 68 68 66 69 6b 6a 4c 14 28 63 6b 6a 65 5a 55 5d 68 6a 68 51 31 2f 4b 63 6a 69 66 61 5a 54
4a 48 4e 58 5e 61 5f 51 38 38 4f 5e 66 66 64 53 2f 2b 4e 64 67 67 62 45 23 35 5d 68 68 65 53 30 2c 4d 61 67 67 62 4e 2c 2c 52 65 68 68 64 50 2a 2d 52 64 67 65 5f 50 3b 37 4c 5c 61 60 5b 51 47
