5b 5a 58 55 53 57 5d 63 65 66 67 66 63 62 62 4f 37 3f 57 64 68 69 6a 6a 69 6a 6b 6a 67 44 11 33 6b 6b 6b 6a 6a 69 69 69 69 6a 6b 6c 4b 20 32 59 67 6a 6a 6a 69 69 67 65 5f 56 51 4e 4e 52 5b 61
4c 47 4d 59 64 67 68 68 69 69 69 61 2f 19 4c 6b 6b 6b 6a 69 68 69 6a 68 5a 2b 25 50 64 6a 6a 69 68 69 6a 6a 69 61 29 1a 50 67 6b 6b 6a 68 66 65 62 59 4e 46 48 53 5c 60 64 65 64 62 5f 5b 56 54
55 55 5b 5f 62 64 62 5e 57 51 4b 46 4f 5c 62 65 67 69 6a 6a 6a 37 10 40 68 6b 6b 69 69 69 69 66 4c 28 2e 53 68 6a 6a 69 6a 6a 6b 69 37 d 3f 6a 6b 6b 6a 67 64 62 5c 50 49 49 4e 57 5d 61 63 62
64 63 62 5e 58 4f 46 46 52 5f 65 68 6a 6a 6b 6b 6b 43 c 32 6b 6b 6b 6a 69 69 6a 69 63 4b 2e 36 52 62 69 6a 69 68 6a 6a 69 67 3f 19 3a 62 6b 6b 69 69 68 66 61 5a 51 4c 49 4c 57 5f 63 65 64 61
54 53 52 50 52 56 59 5c 59 4e 45 49 54 5e 63 61 58 42 37 47 5a 64 67 66 5c 3b 28 42 5f 68 69 67 5a 37 26 42 60 68 69 69 60 37 1e 3f 62 69 6a 6a 60 37 1b 3e 64 6a 69 65 5d 47 31 38 54 64 64 60
5f 60 5e 59 52 4d 51 58 5c 61 64 64 63 64 66 5b 46 3b 44 58 64 67 68 68 69 6a 6a 69 3c 18 3e 63 69 6a 6a 69 69 6b 6b 6a 4e e 27 69 6b 6b 6a 68 66 65 65 66 63 4d 35 3e 53 60 65 66 65 64 63 60
5c 59 55 51 51 56 5d 65 68 69 69 68 68 66 63 5d 52 43 38 49 64 6a 6a 6a 6a 6b 6a 6b 6a 6a 68 5b 41 32 3f 57 64 6a 6b 6b 6a 6a 6a 69 6b 6a 6b 6c 46 24 38 56 66 69 6a 6a 6a 69 68 66 62 5d 54 4f
5e 55 41 3d 4e 5d 64 65 67 67 5a 32 25 48 64 68 68 68 68 5e 32 21 48 62 68 69 69 68 56 24 25 53 66 69 69 68 61 40 26 3e 5d 65 68 68 65 55 37 2e 49 62 65 65 64 5b 4a 3f 44 52 5e 61 60 58 52 51
56 5f 65 67 68 6a 6b 6b 6c 3c b 3a 6b 6b 6b 6a 6a 6a 6a 6a 69 50 2a 2b 50 67 6a 6a 69 67 68 6a 6a 69 5c 33 22 47 66 6b 6a 68 66 67 66 64 5f 59 4a 40 4b 58 5e 63 65 64 63 61 5e 5b 56 53 56 56
5f 63 66 67 68 67 65 62 5a 4e 41 43 54 60 65 67 6a 6a 6a 6a 6b 6b 6b 6a 41 d 35 6b 6c 6c 6c 6b 6a 69 69 6a 6b 6b 69 53 34 35 4c 5e 66 69 6a 6a 6a 69 67 64 5e 54 4e 4e 53 57 5b 61 63 65 66 64
59 58 55 52 52 58 5d 61 64 65 61 5f 61 58 49 3c 45 5d 64 67 67 67 68 6a 6a 66 3f 1a 3a 63 6a 6b 69 68 68 6b 6a 6c 67 c d 6a 6b 6b 6a 68 66 65 62 60 5c 56 4e 42 47 59 61 64 64 62 61 60 5f 5a
5a 5a 57 57 58 58 5a 59 54 55 59 5a 5d 5e 5c 5a 54 4c 4a 54 5d 60 62 65 67 61 4c 2c 38 5c 66 68 68 69 6a 68 48 1b 33 60 69 69 69 6a 6a 6b 5d 11 18 65 6b 6b 68 68 69 68 63 46 29 38 57 66 69 67
5d 58 52 4b 4a 50 5a 63 67 69 69 6a 6b 6b 6c 40 d 35 69 6c 6b 6b 6a 69 69 69 68 61 45 35 3f 50 60 67 69 68 67 68 6a 6b 6b 6b 3b f 3b 68 6c 6b 6a 69 67 65 62 5c 55 50 4c 4d 54 5b 60 62 64 63
57 59 5c 5f 61 63 63 5f 56 50 4c 49 51 5b 61 66 67 6a 6a 6b 69 3f 18 39 62 6a 6b 6a 68 69 6a 69 62 36 16 40 6a 6b 6b 68 67 67 69 6a 6b 6b 3b 10 3b 66 6b 6b 69 68 65 64 60 57 4f 4a 4d 52 59 5e
5d 61 5e 5a 57 52 50 4e 53 5c 62 63 62 62 60 5e 56 48 3d 46 5c 63 65 67 68 69 6a 68 3b 15 3d 66 69 69 68 69 69 6a 67 3d 14 39 66 6a 6b 69 67 68 6a 69 5b 2b 1f 4c 68 6a 6a 68 66 64 5f 58 49 44
5d 60 63 64 63 5f 57 4c 3e 44 57 61 65 66 67 6a 6a 6c 6a 28 c 4d 6a 6b 6a 69 69 6a 6a 61 39 1b 3e 65 6b 6a 68 67 67 69 68 60 3e 23 3e 60 67 68 67 65 66 65 63 59 46 40 4b 57 5d 62 63 61 61 5e
53 53 58 5f 60 5f 5b 57 51 4f 4d 4e 59 60 64 62 60 60 58 4a 3b 41 58 62 65 67 68 68 64 52 28 2a 56 66 69 69 69 69 68 4d 1c 2a 5d 69 6b 6a 69 69 68 4b 14 2a 64 6b 6b 69 68 66 5f 4c 38 3e 52 5e
4d 3e 3f 53 62 67 67 65 56 34 2c 4d 64 68 68 67 67 51 28 2d 53 62 66 68 68 65 51 30 31 50 63 67 67 68 61 39 23 44 60 67 68 66 57 38 2f 4c 61 68 68 65 58 35 28 49 62 66 66 62 57 47 42 4c 55 5b
61 64 65 63 5b 50 41 3f 4c 5c 67 66 64 63 60 5b 53 46 3d 48 5b 62 64 65 66 68 68 60 33 1f 48 63 69 6a 69 68 68 5d 2d 1f 4c 66 6a 69 69 69 69 58 1f 1f 58 6a 6b 69 67 65 5f 51 3f 3d 4d 5a 62 63
5e 55 47 43 4b 59 62 67 69 6a 6a 6a 5d 2a 1b 4d 69 6b 6a 69 6a 6a 69 63 36 17 41 67 6b 6a 69 69 6a 6a 6a 63 25 14 52 69 6b 6a 68 65 64 62 5c 50 46 47 4f 58 5e 63 64 62 61 5c 56 53 52 54 58 5a
4d 48 4b 56 62 68 6a 6a 6a 6a 6b 6b 6b 4e d 27 6a 6c 6c 6b 6b 6a 6a 6a 6a 69 68 61 3e 27 3f 5d 69 6b 6a 69 69 69 68 67 64 5a 46 41 4f 5b 61 61 63 64 65 66 63 5f 5a 55 54 56 5a 5c 5e 5f 5e 5e
59 5e 62 61 57 49 40 45 57 60 64 68 67 63 4a 2a 36 58 64 68 69 68 66 4d 25 32 5a 66 69 69 68 61 43 26 39 5b 68 69 68 67 63 4a 25 34 5c 67 67 67 69 67 59 2e 24 4c 64 69 68 65 61 56 45 41 4d 56
59 58 53 4a 4b 56 5f 61 5f 56 48 44 4d 58 61 67 68 58 32 2d 50 66 6a 6a 64 42 25 3e 61 69 6a 6a 65 42 15 32 65 69 69 68 67 60 40 26 3d 5c 67 67 66 69 67 50 2f 31 4c 5f 66 66 64 5d 52 49 49 51
58 58 56 57 5a 5d 61 64 64 63 61 5f 59 4e 46 47 52 61 67 69 6a 6a 6a 6a 6b 6b 3e c 38 6b 6b 6c 6a 6a 6a 69 6a 6b 6b 6c 37 b 3f 6b 6b 6b 6a 6a 69 67 64 5d 55 4f 4d 4f 53 58 5f 64 64 64 63 5f
68 6a 69 68 67 66 5d 3b 1f 43 6b 6b 6a 6b 69 68 68 6a 6a 6a 67 3a 1c 40 5f 69 6b 6b 6a 69 6a 6b 69 68 5c 38 24 46 66 69 69 69 69 68 69 68 65 62 51 3b 3d 52 60 64 67 68 67 65 62 5f 5d 57 50 50
48 4b 53 5b 61 63 64 5f 4b 35 3a 54 64 66 66 66 66 57 38 2d 47 60 68 68 67 68 66 49 20 31 5b 66 69 68 68 67 57 2b 27 51 64 69 67 68 68 5a 26 20 52 67 69 68 67 63 58 39 2d 4a 62 66 64 60 59 55
61 5b 51 44 41 4d 5d 66 68 69 69 69 6a 68 37 11 3f 68 6c 6a 69 69 69 6a 65 47 25 33 58 67 6a 69 68 69 6b 6a 68 49 13 2d 67 6a 6b 68 66 65 65 65 60 50 3e 3e 51 5d 61 64 65 63 61 5d 57 53 51 52
5d 60 60 5c 4d 40 40 4d 5d 65 66 66 63 50 2c 32 57 66 68 68 68 67 51 25 29 54 65 69 69 68 64 49 26 36 59 65 69 69 67 5b 2f 22 4a 64 69 68 68 64 4b 28 33 59 67 67 65 60 54 48 42 46 51 5d 60 5d
60 64 63 5b 46 32 3b 58 67 69 69 69 5e 2a 1b 4c 68 69 68 67 63 49 26 34 59 65 68 69 64 51 30 30 52 63 67 66 60 50 39 37 4c 5e 65 68 66 5d 37 27 47 61 66 66 66 5e 4c 38 3c 52 61 65 63 5d 50 48
61 5f 5c 57 4f 4a 4f 59 61 65 68 68 67 67 65 5f 58 4c 3d 40 55 65 69 69 67 67 68 6a 6a 6b 6b 37 13 41 65 6b 6b 6b 6a 6a 6a 6b 6b 6b 3e c 38 6b 6c 6b 6b 69 68 67 64 5e 56 4e 4a 4c 52 5a 62 65
41 3f 4f 5c 63 67 69 6a 5f 39 23 41 60 68 69 69 69 69 52 1f 26 59 68 6a 69 69 68 62 42 1f 38 60 69 69 68 68 66 5f 3f 25 3f 5e 66 67 67 65 66 5d 44 2f 3e 5b 64 64 65 64 5e 53 4a 48 4f 55 5b 5e
66 68 68 68 68 66 5f 53 44 3b 47 5d 67 69 6a 6a 6a 6a 6a 6b 6a 69 49 14 2e 65 6b 6b 6b 6b 6a 6a 6a 6a 6a 6b 6a 54 2c 2f 52 61 67 6a 6a 69 68 67 67 64 60 5a 52 4e 50 53 57 5e 63 65 65 65 64 60
5e 5c 5a 55 50 4f 54 5d 64 68 69 6a 68 67 64 5e 56 43 32 47 64 6a 6b 6a 6a 69 69 6a 69 69 62 40 2b 40 57 64 69 6b 6a 69 69 6a 6a 6b 6b 6c 3c b 3a 6b 6c 6b 6b 69 69 67 64 61 5c 57 52 4d 4e 55
51 53 53 54 5c 62 63 5e 52 45 48 55 5d 62 64 65 5e 40 33 4a 61 69 6a 6a 66 45 20 38 61 69 69 6a 6a 65 4c 1c 2d 61 69 6a 68 68 69 68 55 22 25 59 68 69 68 67 67 65 5c 43 33 43 58 61 65 65 64 5c
63 62 57 41 33 41 5a 65 69 6b 65 3d 19 38 61 69 6a 6a 65 3a 17 3a 63 69 69 68 62 3f 20 3a 5e 68 69 67 5d 3a 27 43 5e 66 67 62 56 3f 37 48 5b 63 61 58 51 48 45 50 5c 5e 55 51 51 52 50 51 54 55
52 49 46 50 5b 5e 59 51 42 3d 4b 5b 62 63 58 3a 2c 47 5f 65 66 5e 38 21 41 5f 67 67 60 42 22 37 5e 67 67 5f 3c 26 41 5d 67 66 5c 38 25 43 61 68 66 5b 3d 29 42 5e 65 62 58 48 3a 40 55 5e 5c 57
66 67 65 63 5c 50 47 47 4b 59 66 68 69 6a 6a 6a 6a 6b 68 40 11 36 69 6c 6b 6b 6a 68 68 69 6a 6a 6a 6c 31 b 45 6b 6c 6b 6a 6a 69 67 65 61 59 54 50 4f 51 55 5b 60 63 65 64 61 60 5d 5a 58 58 5a
56 58 5b 5d 5e 5e 5d 5a 53 4c 4c 51 5b 61 63 63 64 63 5b 48 35 40 5a 64 67 69 6a 69 6a 5b 26 1f 52 68 6a 6a 69 69 69 66 43 17 34 64 6a 6a 68 68 68 69 6b 57 25 23 50 67 6b 6a 68 66 61 59 50 49
55 54 53 52 52 49 4a 55 5b 5d 5a 4f 3f 3f 51 5e 62 5f 51 3a 38 4e 5f 65 64 56 34 2c 4b 62 68 66 55 2f 28 4d 65 69 68 59 2b 20 4d 67 69 67 5c 34 20 44 62 68 67 5f 49 34 38 50 62 62 5d 53 47 46
5b 59 4f 43 47 57 61 64 66 66 62 54 39 32 4c 62 67 67 68 69 66 4e 24 2e 59 68 69 69 69 67 5c 33 26 48 60 69 6a 69 68 65 52 2a 2a 53 66 68 68 69 68 65 44 1e 37 60 67 68 67 65 5e 52 47 45 4b 57
60 63 63 62 5b 50 47 46 4f 5a 60 64 68 69 6a 6a 43 1c 39 5f 68 69 69 6a 6a 68 55 21 25 5a 68 68 69 69 69 69 68 5a 29 21 50 65 68 69 67 66 67 68 67 52 2d 2f 51 62 67 67 67 65 62 5b 51 4b 4b 51
5b 5c 59 55 52 51 55 5c 61 62 62 61 60 58 44 3c 4d 5f 65 68 69 69 69 5d 30 23 4c 65 6a 69 69 6a 6a 6a 51 13 24 65 6b 6a 69 67 68 69 6a 69 43 18 35 61 6a 6a 68 66 65 63 5f 57 4a 43 4b 57 5e 62
53 51 52 56 5c 5f 61 63 62 59 4c 3e 43 55 5f 64 66 66 67 67 5a 35 29 49 62 68 68 68 68 68 65 4f 24 2c 58 67 6a 69 69 69 68 5a 2e 23 4c 65 6a 69 69 6a 6a 67 3e 10 37 68 6b 6b 69 67 63 59 4b 46
45 43 4f 5e 66 68 62 4c 2b 30 54 65 69 6a 69 59 26 1e 50 67 69 69 67 59 2c 22 4e 64 68 68 66 58 2f 27 4b 63 69 68 64 56 36 2e 49 60 65 66 64 57 3b 35 4a 5e 64 61 5d 53 49 47 4b 53 59 5d 5c 57
4a 50 5d 61 5a 4e 3b 3a 51 61 65 67 62 40 23 3b 5e 69 69 62 4a 27 34 5d 67 68 60 44 2b 3b 5a 66 67 61 4c 2d 34 55 64 67 67 5a 30 27 4e 63 66 66 5f 47 2e 3b 58 63 63 5c 52 48 44 4b 52 59 5a 56
60 62 62 5c 4b 3d 40 52 62 66 66 68 68 62 42 24 3a 5e 67 69 68 68 67 65 42 20 3b 5e 67 69 68 68 67 5a 33 25 48 63 68 68 68 69 69 5d 29 1d 4f 69 69 68 67 66 64 55 39 34 4d 5e 63 64 62 5f 58 52
53 5a 5e 5c 55 4b 44 48 54 60 65 62 56 42 37 45 5a 63 66 63 53 38 34 4b 5d 65 64 61 54 37 33 4c 5e 66 66 61 4c 2d 31 52 65 69 69 64 3e 18 38 63 69 6a 69 5e 32 1d 46 65 68 67 63 55 3f 38 47 58
68 65 61 5c 51 44 43 50 60 67 68 69 69 6a 6a 6a 68 67 63 58 3f 2d 43 62 6a 6a 6b 6b 69 69 6b 6a 6a 6a 6b 6b 48 20 34 5a 67 6a 6b 6b 6b 6a 6a 69 67 62 57 4d 4a 4e 55 5a 5e 64 67 68 66 64 61 5d
59 5a 59 5a 5a 54 54 54 56 5b 5f 60 60 61 5f 50 3e 44 54 5e 66 69 69 68 67 52 2a 2b 53 67 69 69 69 6a 6a 68 3f 12 36 67 6b 6a 68 67 69 6a 6a 69 31 d 44 69 6b 6a 69 67 62 5d 58 4e 46 49 53 5a
66 69 67 66 64 5c 4e 3b 36 50 68 6b 69 69 69 6a 6b 6b 69 38 d 3d 6a 6c 6b 6b 69 69 6a 6b 6b 6b 41 d 35 6a 6b 6b 6a 69 67 66 64 60 57 4c 46 49 54 5f 63 63 65 64 62 60 5b 56 54 54 56 59 5d 5c
5c 5c 57 4e 4c 4f 56 5c 60 62 63 63 59 44 39 48 5b 63 67 69 69 69 5e 27 1c 52 68 69 69 6a 69 68 57 22 24 59 68 6a 69 6a 69 69 56 1f 23 5a 68 6a 68 67 66 64 5b 42 34 44 5a 64 64 64 62 5f 55 4d
5d 5a 50 44 46 52 5d 63 64 65 60 4f 35 38 54 61 65 67 68 66 53 2b 2c 53 64 68 68 68 67 5b 32 25 4b 62 68 69 69 67 58 2b 27 50 63 69 69 69 69 5e 30 1f 49 66 69 69 68 65 57 3f 35 46 5a 63 64 60
55 4d 48 4c 57 61 65 66 66 64 60 54 3b 31 4b 62 66 68 69 69 69 6a 63 2a 16 4c 68 6b 6a 69 69 68 66 52 27 29 54 66 6a 69 68 69 69 69 50 1b 28 5d 6a 6b 69 67 64 62 5d 52 43 40 4d 59 5f 64 65 62
5e 55 46 3f 46 55 60 65 62 52 36 34 4f 60 67 68 5e 3a 25 43 61 69 68 58 2e 25 4c 64 69 68 5b 2f 21 49 64 69 68 5f 42 26 3a 5c 65 65 61 4f 3a 39 4b 5d 63 60 56 42 3d 4f 57 5a 5d 56 4d 4c 4e 51
47 4b 59 64 68 6a 6a 6b 66 37 19 41 63 6a 6a 69 6a 6a 6b 5f 11 16 64 6b 6b 6a 67 67 68 67 63 43 29 3c 59 66 67 67 64 61 63 60 5e 5a 4a 40 48 56 60 61 62 63 62 63 5f 58 4e 47 4f 58 5a 5f 62 60
58 5f 66 68 69 6a 6a 69 67 63 59 46 30 3c 5f 6a 6b 6b 6b 6b 6a 6b 6a 69 6a 68 4d 29 30 53 66 6a 6b 6b 6a 6b 6b 6a 6a 6a 6a 67 48 2c 3d 56 62 66 69 6a 6a 6a 68 67 64 5f 58 4f 4e 52 55 5c 61 63
5e 61 62 63 5d 4e 38 3a 54 63 67 68 66 67 61 49 2b 34 57 67 68 67 67 68 64 4f 2b 2e 53 64 68 69 68 67 67 5b 26 20 54 66 6a 69 68 69 67 53 1e 23 5c 6a 6a 69 67 63 5c 4c 38 40 57 60 61 60 60 5a
48 53 5f 65 67 65 56 37 2e 4c 64 68 69 69 68 55 28 27 54 68 69 68 68 67 5a 33 27 4b 63 68 68 68 66 5d 3d 28 41 5f 66 69 69 66 59 30 2a 51 63 67 68 67 62 52 37 32 4c 61 67 66 63 5b 50 49 49 51
4a 48 4e 58 60 64 66 69 6a 6b 6b 41 17 38 61 6a 6a 69 69 6b 6a 69 4e 19 29 60 6a 6a 69 67 67 69 6a 69 5b 2e 22 4c 67 6a 69 67 63 62 65 68 62 53 3f 3d 4e 5a 61 64 64 65 62 5f 5c 55 52 52 52 56
3d 3b 37 3a 3c 37 3f 40 41 3e 35 37 39 38 3b 3b 42 3e 36 3b 3b 38 36 38 3b 3b 3c 3d 3b 36 39 3d 3d 39 33 35 3e 3d 3d 3d 3b 39 32 39 3d 38 3c 3d 3f 3f 38 3c 38 31 38 3f 45 3f 38 3c 3b 38 3a 3b
4e 57 62 66 68 68 68 68 65 5f 49 26 36 61 6a 6a 69 68 69 69 6a 6b 6b 5a 1b 1e 5d 68 6b 6b 6b 6a 69 6a 6a 6a 57 22 26 56 66 6b 6b 6a 67 65 65 62 5e 58 4a 43 4a 56 61 65 65 65 64 62 5f 5b 59 55
51 4f 52 54 57 5b 5c 5a 55 51 4c 4e 57 5b 60 60 5e 52 42 3e 4b 5b 63 66 68 67 55 2f 2a 4e 64 69 69 68 66 54 27 28 53 65 69 6a 69 65 3e 19 3b 64 69 69 69 6a 68 45 14 30 63 6a 6a 67 64 59 47 41
43 48 57 61 65 63 57 38 2e 4a 5f 67 68 67 56 2c 27 4f 65 69 69 63 49 23 31 5d 68 68 68 5f 3e 22 3b 5e 67 69 67 5d 40 27 3c 5c 66 68 68 5c 3c 29 40 5e 67 66 61 58 48 3e 44 54 5c 5e 5e 56 4e 4b
56 55 55 58 5b 5e 61 61 5e 5a 52 47 47 52 5e 65 68 6a 6a 6b 65 2f 16 49 67 6b 6a 6a 6a 69 63 41 27 3e 5c 65 69 69 69 6a 68 62 41 18 36 66 6a 6a 68 64 65 68 69 6b 4c 2c 3a 51 5f 66 67 67 65 61
