5e 5c 56 50 4c 4f 58 5d 60 64 65 62 60 5b 46 37 47 5c 63 66 67 69 69 68 64 33 1b 47 64 6a 6a 69 69 69 68 57 24 21 56 69 6b 69 68 69 69 69 5f 26 19 52 69 6a 69 69 67 65 60 57 44 3b 49 5a 61 64
5f 61 60 60 5d 57 4c 45 4c 58 5f 64 66 67 67 69 59 2f 29 50 65 68 69 69 69 68 62 41 24 3a 5c 67 6a 69 69 6a 68 65 4e 1b 29 5f 6a 6b 69 68 67 68 6a 66 3f 21 3e 5c 66 69 68 67 65 62 5a 50 47 49
64 65 63 5c 55 4c 47 4b 55 60 66 69 69 69 6a 6b 6b 6b 3f c 37 6b 6c 6b 6b 6b 69 69 6a 6b 6b 69 3b e 3c 6b 6c 6b 6a 69 67 66 66 64 61 55 48 47 4d 56 5d 62 65 64 65 65 61 5d 59 56 54 55 58 5b
5b 61 63 62 5e 53 40 3b 4c 5e 64 65 65 67 66 5c 39 25 45 63 68 67 66 67 67 5f 3b 24 40 5e 67 69 68 68 66 56 2d 28 4f 63 69 69 68 68 66 54 1e 23 5c 68 6a 69 67 66 61 4e 34 38 52 60 64 64 62 5c
4c 55 5d 61 62 5f 54 3d 36 4c 5f 66 68 69 66 4c 23 30 58 66 68 67 67 66 53 29 2b 52 62 69 69 68 60 4a 2e 36 55 62 66 67 66 5e 40 28 3f 5f 65 67 68 67 55 24 28 57 67 69 69 65 5b 40 32 45 5a 63
46 3f 47 56 62 67 68 60 45 29 36 58 65 68 69 65 4a 25 32 59 65 67 66 60 49 2a 35 58 66 68 67 5f 42 29 3a 59 66 68 68 62 45 28 37 58 65 67 67 64 51 2b 2c 52 65 68 66 62 56 41 38 46 57 5f 62 5f
5a 5e 63 64 63 61 57 48 3b 44 5a 65 68 66 65 66 66 62 49 2c 37 57 66 68 68 68 69 69 6b 6b 27 d 50 69 6b 6a 6a 6a 6a 5d 2d 1f 4d 66 69 68 67 66 65 5e 4c 3b 3b 50 62 65 65 64 62 5e 56 4e 4e 51
56 58 59 5a 59 57 56 55 55 52 54 5a 5d 62 5b 4c 48 50 59 60 62 63 60 48 33 43 5b 65 69 6a 69 66 3f 18 39 64 6a 6a 6a 6a 69 56 1f 21 59 68 69 69 69 6a 6a 5d 29 1b 4d 68 6a 6a 68 65 60 51 3d 3f
49 46 4e 58 60 65 67 67 67 5c 3a 24 43 64 69 69 68 69 69 66 44 1e 36 5e 68 69 69 69 68 65 4c 26 31 58 65 69 69 69 69 68 56 27 25 54 67 6a 68 67 66 64 5a 43 32 42 5c 64 65 64 63 5f 57 4d 48 4f
5e 64 65 64 60 56 45 36 42 5b 67 67 68 68 67 64 4e 2c 32 52 65 69 68 68 67 66 5f 44 2c 3a 57 65 68 69 69 68 64 52 28 2a 55 67 69 69 69 69 69 5c 27 1a 4f 6a 6b 6a 66 65 63 5a 48 3b 43 55 60 63
64 63 5e 55 4c 44 48 56 60 65 68 69 6a 6a 6b 68 34 f 42 6a 6b 6b 6a 69 6a 69 68 59 36 2b 46 5f 68 6a 69 68 69 6a 6a 68 44 16 33 65 6b 6b 69 68 66 65 63 5d 4f 44 46 4f 5a 61 63 65 63 60 5e 5a
67 69 69 68 66 62 5a 4b 3b 3d 54 67 6a 69 6a 6a 6a 6a 6a 6a 6b 68 23 f 54 6c 6b 6b 6b 6a 6a 69 69 69 69 6a 5c 37 2c 4a 61 65 67 6a 69 69 66 64 60 5d 59 55 50 53 58 59 5c 61 61 62 63 62 60 5c
5b 57 4d 45 47 4f 5a 60 62 5d 4c 39 3c 4f 60 66 67 5f 44 2a 3a 59 66 67 66 5b 3a 29 43 5e 67 68 64 53 2c 28 4e 65 69 69 66 53 25 25 53 66 69 6a 68 57 2a 23 4d 64 68 67 60 50 3e 3f 4c 58 5e 5c
5f 5e 5c 58 54 55 52 53 5d 63 64 64 65 63 60 5b 4e 45 45 53 62 65 67 66 65 68 6a 69 5f 33 1f 4a 67 6a 6a 69 69 68 6b 6a 6b 67 c d 6b 6c 6c 6a 68 67 65 63 62 5f 59 4e 43 47 55 5e 63 66 67 64
48 4b 55 5d 62 62 57 42 35 45 5b 64 67 66 5d 43 2a 3a 5a 66 68 68 61 43 22 36 5d 68 69 67 5c 3a 27 42 5e 67 69 66 56 33 27 48 63 69 69 66 51 27 2b 54 66 69 67 5d 4c 35 36 52 62 64 61 58 4e 46
65 68 69 69 69 68 66 62 56 3b 2b 49 69 6b 6b 6b 6b 6a 6a 6a 6a 6a 6b 4f 1a 29 5e 6a 6b 6b 6b 6a 6a 6a 69 69 68 61 49 35 3d 53 62 67 69 69 69 68 68 66 61 5a 53 4d 4f 54 59 5f 62 65 65 63 63 62
5a 51 45 45 4f 58 60 63 62 5a 47 38 3f 53 61 65 67 67 58 33 26 47 62 69 69 68 60 39 20 3f 5f 68 69 69 62 3f 20 3b 5e 67 69 69 64 3d 1c 3a 60 68 69 67 62 48 2c 38 55 62 65 64 5d 4f 43 43 4e 59
5e 62 63 64 62 5e 56 49 42 4b 5b 64 66 66 66 67 68 69 5b 2f 25 4f 67 6a 6a 69 68 6a 6a 6a 5c 24 1c 54 6a 6b 6a 68 67 68 6a 6b 6b 50 1d 29 5c 69 6a 6a 68 66 64 65 63 57 46 42 4b 58 5f 62 64 64
47 45 51 5d 64 66 67 67 66 5c 3e 28 40 61 69 69 69 6a 6a 69 5d 29 1c 4e 68 6a 69 69 69 68 67 5a 2f 26 4d 62 69 69 68 68 69 69 62 32 18 46 69 6a 68 67 66 64 61 54 47 44 4a 55 5e 63 64 62 5e 59
49 4a 58 61 60 57 43 38 45 5b 64 66 65 4d 29 2f 53 65 69 68 59 2b 22 4d 66 69 67 59 37 26 43 62 68 68 60 3e 26 3d 5d 67 68 61 4a 2e 39 57 63 64 62 52 3b 3a 4e 5c 61 5c 55 4c 45 4b 55 58 58 57
4d 49 4d 56 5d 61 62 5f 54 45 3c 46 5a 62 63 64 65 5c 44 2f 3d 5a 64 67 68 68 60 3f 24 3c 5e 67 69 68 67 61 3d 22 3d 5d 67 69 69 69 5e 2c 1c 4b 67 69 69 69 68 56 2a 24 4f 66 69 68 63 5a 4b 43
66 68 67 65 62 5d 52 3f 39 4e 63 67 69 69 69 69 6a 6b 6b 6b 24 b 52 6c 6b 6b 6a 69 69 69 6a 69 66 4d 21 2d 5c 69 6b 6a 69 67 67 65 63 62 5d 47 3a 4a 5a 61 64 64 65 64 63 62 60 5a 52 51 53 55
5b 4d 41 45 54 60 65 68 6a 6a 6a 6b 6b 6a 34 d 42 6b 6b 6b 6b 6a 69 6a 6a 6b 68 49 1c 30 5e 69 6b 6a 69 69 69 68 68 65 52 37 39 50 5c 64 68 68 68 67 64 61 59 52 4f 51 55 57 5d 60 61 62 62 5f
5f 5f 57 4b 40 42 51 5e 65 68 67 59 30 26 4a 63 68 69 67 60 41 26 39 5b 66 68 66 62 52 2c 2c 52 63 68 68 63 47 29 35 57 65 69 68 64 4b 20 2c 5a 68 6a 69 62 4c 2d 32 52 62 67 65 5d 53 47 41 4b
58 5e 64 65 60 4e 38 3a 50 61 67 68 68 67 5e 38 23 45 63 68 67 67 67 66 59 34 29 49 60 66 67 67 65 62 54 35 31 4d 60 67 68 68 68 5c 31 25 4b 63 68 69 69 68 5c 35 22 46 66 69 68 66 60 55 46 43
3f 3c 37 3a 3d 39 3c 3f 3e 3d 37 39 3b 39 3d 3a 3d 3c 37 3b 3c 39 37 37 3d 3e 3b 3b 38 35 3a 3d 3d 3a 37 39 3d 3a 39 3b 3d 3b 36 3a 3d 38 3a 3c 3e 3c 37 3b 39 34 3d 41 42 3b 35 3b 3d 39 3a 3b
58 4e 46 45 51 5e 65 67 68 69 6b 6b 6b 3e d 37 6a 6b 6b 6a 68 69 6a 6a 64 41 1d 38 61 6a 6a 69 68 67 69 6a 68 60 3c 25 42 5f 68 68 67 66 65 65 63 5e 53 44 45 4e 5a 62 64 64 62 60 5d 5b 58 55
60 5d 4e 42 46 52 5c 62 66 68 69 63 3f 1f 3b 60 6a 6a 6a 6a 69 57 1f 21 59 69 6a 69 69 69 65 48 21 32 5b 68 69 67 68 68 66 54 2b 2c 52 63 68 67 65 62 5e 56 48 40 4b 59 5f 60 5e 5d 5b 58 52 50
51 46 43 51 5f 64 66 64 60 56 3d 30 4a 61 66 65 64 66 64 52 33 2f 4c 61 66 68 68 68 64 3e 20 3b 5e 69 69 68 66 55 2c 2a 50 63 68 69 69 65 47 1d 30 5e 69 6a 68 66 5f 47 31 3c 54 61 65 63 5f 58
53 51 53 5a 5f 63 65 65 61 5c 4e 42 41 4d 5e 67 68 68 69 6a 6a 65 2e 14 49 69 6b 6a 68 68 69 69 65 46 1d 32 60 69 6b 69 68 68 6a 6a 61 33 17 44 6b 6b 6a 68 67 64 62 5e 4e 41 46 51 5a 60 63 63
59 5b 5b 57 51 4d 4d 51 59 5d 5f 61 5e 4c 3b 42 54 60 65 67 65 57 36 2d 4a 62 68 69 68 63 4b 27 31 58 66 6a 6a 69 5e 33 1e 44 64 69 6a 69 69 5f 2a 1c 4c 66 6a 69 69 67 59 35 28 46 60 67 67 62
54 53 54 51 4e 4a 4d 58 5e 5d 58 4a 3c 41 53 5f 62 61 53 3b 36 49 5d 65 66 5c 37 26 46 62 69 69 5b 33 24 46 61 69 69 5f 32 1d 45 65 69 68 5f 40 23 3a 5e 68 66 60 4f 39 38 4e 5d 60 5e 57 4a 46
57 50 49 4b 57 61 66 69 6a 6a 6a 69 69 67 65 5d 3b 1f 44 6b 6b 6b 6b 6a 6a 6a 6a 6a 6a 6a 69 60 3c 29 45 5c 66 69 6a 6a 69 6a 6a 69 67 65 60 52 44 44 50 5b 62 67 67 68 68 65 62 62 5f 59 56 55
5a 61 64 60 50 38 33 4b 60 67 6a 68 61 3a 1d 3d 61 68 68 67 63 4b 29 31 53 65 68 67 63 52 32 2f 4c 61 67 68 64 50 31 2f 4c 60 67 69 65 59 34 26 48 62 67 67 64 5a 43 32 40 58 63 64 60 57 4b 47
58 58 57 56 57 57 5a 5d 5d 5f 5f 5e 60 5d 53 49 44 4e 5d 63 67 6a 6a 6a 6b 4c 1c 2f 5e 69 6a 69 69 6a 6a 6a 54 13 21 64 6b 6b 69 67 67 69 6a 6a 56 29 26 50 67 69 69 68 65 63 62 5e 53 47 46 50
49 47 4d 57 61 63 5c 4b 38 3a 4f 61 66 67 5c 37 27 45 5f 67 67 62 45 23 35 5c 67 68 64 4d 27 2e 55 65 68 66 59 36 29 45 5f 66 66 5e 44 2e 3d 58 64 65 5f 4d 37 3c 53 5f 61 5c 53 48 44 4c 56 59
5b 58 52 52 56 57 5b 5f 61 61 5f 5d 58 4a 42 4a 58 62 66 69 69 69 69 59 1b 1f 5e 69 6b 69 69 69 69 67 51 20 29 5c 68 6a 68 68 6a 6a 6b 61 1e 16 58 6a 6b 6a 68 66 64 60 5a 4c 3f 44 53 5e 63 64
45 45 51 5b 62 65 65 5e 45 2d 3c 59 65 68 69 69 64 36 19 40 63 69 6a 69 67 56 25 24 54 66 69 69 69 63 44 23 35 5a 67 69 68 66 5d 41 2b 3f 5b 64 65 65 64 5e 49 37 3f 53 60 62 5f 5d 58 4e 4a 4e
5c 63 65 66 66 66 65 5f 4d 32 39 59 67 69 6a 6a 6a 6b 6b 6b 67 2c 13 4c 69 6a 6a 6a 69 68 69 6b 6a 6a 57 1b 21 5e 6a 6b 6a 69 66 66 65 64 62 5e 58 42 3b 4f 5f 64 65 65 65 64 62 5f 5b 56 51 51
50 53 59 60 64 66 65 65 66 63 4d 33 39 55 66 69 69 68 69 6b 6b 6b 59 f 1d 69 6c 6b 6a 69 67 68 6a 6a 6b 5d 25 1c 54 6a 6b 6a 68 67 64 62 60 5c 56 4c 4a 50 58 5d 5f 63 62 61 5f 5b 5a 5b 59 56
56 5d 61 62 61 5e 59 4f 45 4a 55 5d 62 64 66 68 69 69 3d 20 42 60 68 69 69 6a 6a 6a 50 f 26 6a 6b 6b 69 68 69 69 69 62 34 1a 45 67 6a 69 67 65 64 64 61 54 43 40 4b 58 60 64 65 65 60 5a 55 53
68 67 63 5c 53 48 44 4c 5b 66 68 68 6a 6b 6b 6b 6a 69 65 5a 38 1f 46 6c 6b 6a 6b 6b 69 6a 6b 6a 6a 6a 6b 66 41 28 40 5a 64 68 6b 6b 6a 6a 69 68 65 5f 56 50 4e 50 56 5b 5e 63 65 67 66 64 62 5e
5e 5d 59 55 52 50 57 5e 62 65 66 65 64 63 62 5a 43 38 47 5d 68 69 69 69 68 69 6a 6a 62 39 1c 40 65 6b 6b 6a 68 67 68 6a 6b 6b 6c 2c b 4a 6b 6c 6b 6a 69 68 66 64 5f 55 4a 48 4e 55 5c 61 64 65
5c 5b 58 56 58 57 55 55 57 5c 60 61 5b 53 4e 4d 52 5b 61 64 65 65 5b 3a 2f 4d 62 67 69 6a 6a 69 58 18 1f 60 6a 6b 69 6a 6a 6a 65 3d 18 3a 64 6a 6a 69 68 69 6a 65 44 23 39 5a 64 68 68 66 62 5d
62 5d 4a 31 38 55 62 67 67 5e 39 24 41 5e 68 69 65 49 21 31 5c 68 68 61 43 26 3a 5c 67 68 60 42 2b 3f 5a 65 67 5e 44 2e 3f 5c 64 62 5b 49 39 40 54 60 62 5c 51 40 3d 51 5b 5c 5e 55 4a 48 4d 54
65 64 60 58 47 3e 49 5b 65 67 69 6a 69 6a 6a 6a 5c 26 1e 53 6a 6b 6b 6a 68 68 6a 6b 6a 66 4c 1d 2e 60 69 6a 6a 69 67 66 67 68 69 68 5d 38 2a 48 60 69 69 68 67 66 65 64 5e 58 50 4d 4e 55 5d 61
48 48 51 5a 64 68 68 64 4b 2b 35 58 66 69 69 69 66 53 28 2a 56 66 69 6a 69 69 60 36 20 44 62 69 68 69 68 64 50 2b 30 54 62 67 67 67 68 65 54 2c 2b 53 63 67 66 66 66 60 4c 39 3c 51 60 64 65 61
49 4c 57 61 67 68 69 6a 6a 6b 69 43 10 34 6a 6b 6b 6a 6a 69 69 6a 69 64 45 27 39 59 66 69 69 69 68 68 6a 6a 69 5e 32 22 49 64 6a 6a 69 68 67 66 64 60 57 46 41 4f 59 5f 63 65 65 64 61 5e 5b 56
48 46 51 5d 63 64 65 65 5c 42 2d 41 5f 66 67 67 67 67 5b 35 26 48 63 68 69 69 68 64 50 28 2c 55 65 69 69 69 67 65 4f 23 2b 58 67 69 68 68 68 68 59 2d 25 4d 63 68 68 68 65 60 55 44 3f 49 58 60
54 56 58 5b 5f 62 63 62 60 5c 53 45 43 50 5b 62 66 68 69 6b 6b 65 3d 18 3c 65 6a 6a 69 69 69 6a 69 5c 30 1c 48 6a 6b 6a 67 64 65 69 6b 6b 6b 37 10 3f 66 6b 6b 69 67 66 63 5e 5a 52 48 49 52 5b
4d 4d 56 5c 62 68 69 69 6a 6a 69 66 62 58 40 2c 42 64 6b 6b 6b 6b 6b 6a 6b 6a 6a 6a 69 49 27 33 54 67 6b 6b 6b 6a 6a 69 69 6a 6a 6a 61 44 34 42 54 61 66 69 6a 69 69 69 66 62 5e 56 50 4f 52 58
52 59 61 66 68 69 69 69 68 66 5f 53 3d 2b 49 6b 6b 6b 6b 6b 69 6a 6a 6a 6b 6b 6c 31 b 46 6c 6c 6b 6b 6a 6a 69 69 68 64 58 4c 4b 4d 51 59 60 64 67 67 67 67 63 5e 59 57 57 56 57 59 5b 5e 61 62
5f 5f 5a 4e 40 41 52 60 66 67 66 66 5d 40 25 3b 60 69 69 69 68 67 62 42 21 39 5f 66 68 67 67 68 67 56 25 24 55 67 69 69 68 67 5f 37 21 44 63 69 69 68 63 54 40 37 44 5c 67 65 61 5c 53 4d 4e 52
62 63 5a 47 38 40 57 63 69 6a 66 4e 29 31 55 65 69 69 66 4d 25 31 59 66 6a 6a 69 58 21 20 55 67 6a 68 67 64 57 38 2c 44 5e 64 63 61 63 65 5c 43 2e 3c 59 64 67 67 64 5a 49 3d 43 53 5e 60 5f 5c
60 5c 4a 3c 44 56 60 66 69 69 69 50 1c 28 5c 68 6a 69 6a 68 54 24 27 57 67 69 69 69 68 58 2b 25 50 64 67 68 68 66 5f 44 2d 3d 59 64 66 67 67 63 56 3c 33 48 5c 64 65 62 5e 59 4f 48 4c 54 59 5b
63 64 5f 51 3a 3a 52 62 67 68 68 6a 6a 6b 66 23 10 53 6b 6b 6a 69 68 69 69 65 46 1f 36 5e 67 6a 69 68 68 69 6a 66 40 1f 3b 60 69 69 67 66 64 63 5f 57 4f 48 49 53 5c 60 62 62 60 5e 5b 58 56 56
5b 58 54 50 4f 55 5c 5f 60 60 5d 5b 55 4f 4b 4e 57 5a 5c 5e 61 65 68 65 53 2e 2f 54 65 69 6a 6a 69 67 46 1c 33 5f 68 6a 69 6a 6a 67 4b 16 2c 64 6a 6a 69 69 6a 6a 62 3a 20 41 60 66 69 68 65 60
65 64 5f 5a 50 48 48 53 5d 63 68 68 68 69 69 6a 6a 69 48 f 2f 6b 6c 6b 6b 6a 67 65 65 66 69 6a 6b 6c 35 e 43 69 6c 6b 6b 6a 69 67 65 63 5b 52 4e 4f 53 57 5c 60 61 64 65 63 60 5c 59 57 57 5a
5c 5e 5e 58 4e 47 49 53 5c 61 64 64 60 4f 37 39 52 60 66 69 69 65 49 25 33 5b 67 69 69 67 5d 3e 27 3e 5e 68 6a 69 68 61 40 22 3a 5e 68 68 68 69 69 5f 30 1e 48 64 69 69 68 67 5e 47 35 41 57 60
5a 62 66 63 5a 46 31 3a 58 67 69 68 65 5d 3d 28 42 5f 67 67 67 66 62 51 2d 2d 52 64 67 68 67 64 4b 2d 37 53 64 68 68 68 5b 30 24 4b 64 69 6a 67 54 29 2c 56 66 6a 66 5d 4c 3d 3d 4d 5d 62 60 5a
5c 5f 62 64 62 5f 59 52 47 41 50 61 65 64 65 66 67 66 57 3b 2f 45 60 68 69 67 68 69 69 68 48 1d 31 5d 69 6b 69 68 69 6a 6a 56 1d 21 5a 6b 6b 69 68 67 69 69 65 46 22 36 5c 68 69 69 67 65 61 59
5a 5e 61 63 63 61 5f 59 4e 43 46 55 5f 64 66 68 69 6b 6b 6a 3f 10 37 68 6b 6b 69 68 69 6a 6a 65 3d 18 3c 65 6a 6a 69 67 67 69 6a 6a 62 36 1d 43 63 6a 6a 69 67 66 64 63 5a 4b 46 4a 52 5b 61 63
57 5d 62 66 68 67 67 66 62 5c 50 47 45 4c 5a 65 69 6b 6b 6b 6b 6b 6b 6a 6a 48 d 2e 6c 6c 6b 6b 6b 6a 6a 6a 6a 69 6a 67 4d 35 3d 4e 5d 66 69 6a 6a 69 6a 67 64 5d 51 4d 51 53 58 5d 60 64 65 65
57 53 50 53 59 5d 62 65 65 64 62 5b 4a 35 3e 5b 66 68 69 69 6a 6a 6b 66 16 10 61 6b 6b 6a 69 69 6a 6b 69 58 2a 22 4f 68 6a 69 67 67 68 67 69 62 44 31 3e 56 63 67 68 66 64 62 5e 59 53 50 51 54
