5f 62 62 61 61 5b 48 3c 4b 5e 60 64 67 67 68 68 64 46 1f 39 64 67 69 6a 6a 68 69 68 48 1e 34 60 68 6a 6a 69 6a 68 63 3a 21 42 60 69 69 6a 69 69 69 64 39 17 41 6a 6b 6b 69 67 62 5f 5a 54 47 45
54 53 5a 62 66 65 64 61 59 51 44 3f 51 5e 65 67 69 69 6a 6b 6a 3e 15 3a 64 6b 6a 69 68 6a 6a 66 53 28 29 55 67 6a 6a 6a 6b 6a 6c 60 19 16 5f 6b 6c 6b 6a 68 65 66 57 42 3f 4a 57 61 64 64 65 62
56 5a 5e 5c 5e 63 62 60 5e 57 52 55 52 50 56 5f 64 64 63 67 6a 6b 67 38 1e 47 64 6b 69 6a 6a 6c 6a 6b 59 1c 1e 5d 6c 6b 69 68 68 6a 6b 6a 6b 63 23 14 56 6c 6c 6b 69 68 68 66 61 5d 56 4c 46 4b
64 64 62 4d 31 3c 5c 64 69 6a 6a 69 6a 64 20 14 57 6b 6b 69 68 66 62 60 5a 42 3a 52 5d 61 62 61 5b 58 5c 62 62 5c 51 3f 42 57 61 64 67 6a 6a 6b 67 31 14 4a 69 6b 6b 68 66 64 5d 4e 42 44 54 65
59 5d 57 55 54 51 55 5d 5a 57 5d 5f 61 5e 51 42 44 4f 59 61 66 66 67 64 3d 26 43 5d 68 6a 69 69 61 32 1b 47 66 6a 6a 6a 69 5a 28 21 53 68 6a 69 69 68 5e 3c 27 41 5c 66 69 67 63 5c 54 50 44 46
59 52 4b 4e 52 58 61 66 69 69 6a 6a 6a 6b 6c 3a c 3d 6c 6a 6a 6b 69 68 68 69 6b 68 65 51 24 2a 5a 6a 6c 6b 69 67 67 67 69 6a 6a 60 3f 2e 44 5b 64 67 67 69 66 66 66 61 5a 55 55 56 55 50 56 61
57 59 5b 5f 62 64 65 64 61 5d 57 4e 46 4b 59 62 67 67 69 6b 6b 6b 68 33 15 48 68 6b 6b 69 69 6a 6b 6b 6b 5f 12 17 66 6c 6c 6b 69 66 66 68 6a 6b 6b 57 36 2e 47 60 67 6a 6b 69 68 63 60 5b 52 4f
5a 61 65 65 61 58 4a 43 47 54 62 68 68 6a 6b 68 4b 21 30 5b 68 6a 6a 6a 6a 6a 62 38 1f 43 61 67 6a 6a 69 68 64 51 2d 2d 53 66 6a 6a 69 6a 6a 69 46 16 32 63 6a 6b 6a 69 68 64 5d 4b 38 41 57 61
67 65 64 5d 50 44 48 51 58 63 69 68 68 6a 6a 6b 6a 69 59 36 1e 42 6b 6c 6c 6b 68 66 66 68 69 6b 6a 6b 6c 33 e 45 6a 6b 6b 6a 69 68 69 68 62 5e 57 4e 49 4e 58 5f 60 64 66 65 64 5e 5d 5e 5b 5b
5e 5e 5e 55 4a 4b 59 63 64 66 65 66 68 64 60 5d 5a 46 34 4b 61 68 6b 67 66 67 68 6a 6b 6a 65 2b 14 4e 6b 6b 6a 6b 67 62 63 68 6b 6b 6b 6b 3e 14 3a 64 6c 6b 6a 69 68 65 63 64 61 5b 51 4b 4d 52
63 5e 4b 37 40 59 67 68 67 66 66 63 5a 44 32 43 5d 64 65 67 68 69 65 48 29 38 59 67 6a 6a 6b 6a 61 34 19 44 69 6a 6a 6a 6a 69 69 54 20 28 5d 67 68 68 66 63 65 66 5b 42 34 42 5a 64 68 67 65 62
55 38 36 53 64 68 6a 6a 6b 6b 69 4e 18 2a 61 6b 6b 6b 6b 6a 6a 69 56 2e 29 4e 64 6a 6a 69 68 68 67 5f 3f 29 43 5f 66 6a 69 6a 69 68 5f 36 22 46 65 6a 6c 68 66 66 65 57 3c 36 50 61 62 64 65 62
4c 56 62 68 66 64 63 5e 4d 37 38 52 68 69 68 68 68 69 65 4d 2b 31 57 68 6a 6a 69 69 66 55 2f 2b 52 66 6b 6b 6a 6a 68 43 1a 37 62 6a 6b 6b 6b 68 61 40 1f 3d 66 6a 6a 67 63 5f 5b 54 4d 4a 50 57
60 61 63 65 67 67 66 66 5f 51 45 45 51 5a 61 66 69 68 66 67 69 69 6b 6b 6b 5a f 1c 68 6c 6c 6b 6a 67 65 67 6a 69 68 68 68 5b 33 2a 4f 64 68 69 69 68 68 68 69 65 5e 57 53 50 50 53 59 62 63 62
59 51 45 49 58 60 65 69 6a 69 6a 6a 6a 68 68 61 3a 1b 41 69 6b 6b 6b 6b 6a 6a 6a 6a 6a 6b 6b 67 3d 1d 3f 62 69 69 6a 6a 68 6a 6a 67 63 5d 5b 5b 4f 48 50 5b 61 65 65 63 64 63 60 60 5e 5c 5b 5a
39 40 59 60 66 69 6b 6a 6a 68 43 1c 3a 62 68 6a 67 67 69 69 67 5f 2e 20 50 66 69 69 68 68 63 52 36 3a 55 5f 66 6a 69 64 50 32 34 54 67 6a 69 68 5c 47 33 41 60 67 66 64 5e 59 4e 46 4d 58 5d 60
5d 5c 57 4d 46 4c 58 62 67 68 69 6a 6a 6b 6b 47 19 31 5f 6a 6b 6b 6b 6b 6a 6a 6a 5e 35 27 48 5f 66 6a 6a 69 67 67 6a 6b 6b 6d 34 d 43 6a 6b 6b 6b 6b 67 64 60 56 51 4f 53 54 57 5c 5d 61 64 62
57 5b 5f 61 63 5c 4b 3f 3e 4f 63 68 69 64 5e 4b 39 42 59 67 68 66 5f 46 2d 42 5e 66 69 69 61 44 2c 3d 5b 67 68 69 69 5c 30 21 4b 65 68 6b 6a 64 4b 2d 37 58 66 67 67 66 63 51 34 3a 52 5f 66 64
55 56 4e 49 52 5e 66 66 64 63 60 55 3f 37 4f 63 65 65 67 6a 6a 6a 43 17 38 64 69 6b 69 69 67 65 43 22 3e 60 69 69 68 69 6a 67 44 19 35 63 69 6b 6a 69 68 64 4e 2c 3a 5c 67 65 61 5f 5f 5c 54 51
60 65 68 65 64 67 6c 4b 1f 36 60 6a 6b 6b 69 6b 6a 6b 5f 15 18 63 6b 6b 6a 69 69 69 6a 68 5d 38 1d 40 69 6b 6b 6a 69 69 68 67 60 45 30 45 5d 60 62 65 67 64 60 60 5f 59 4d 4b 51 59 5e 61 62 61
53 53 55 55 5a 5e 5f 60 5e 52 41 44 54 61 68 6a 6a 6a 51 21 29 59 69 6b 6a 6a 69 66 3c 1d 3f 63 69 6a 6a 69 67 56 27 28 56 66 68 67 6a 68 65 52 31 34 51 61 68 67 68 63 5a 50 40 44 58 5b 5f 62
5f 5d 5d 57 4b 46 4d 55 5c 60 61 64 61 4e 43 44 49 5a 66 69 69 57 30 30 55 67 69 69 64 4a 28 33 57 65 69 69 68 59 34 26 44 61 67 68 68 68 5d 36 22 43 60 66 69 67 64 60 4f 33 35 51 64 67 63 5c
4a 44 4b 58 62 66 69 63 4e 3b 3d 4e 5d 64 69 6a 69 5a 2d 24 4c 62 6a 6b 6a 63 41 23 3a 5d 69 6a 68 63 4e 2f 33 53 64 69 69 67 61 44 27 3e 5f 67 67 65 61 54 45 40 48 57 62 61 5f 5b 52 51 56 55
46 4b 5a 62 69 69 6a 68 68 69 64 37 20 47 66 6a 6a 6b 6a 6a 6b 6b 6b 5b f 1a 69 6c 6b 6b 6a 68 68 69 6a 6a 6b 5f 26 1c 53 6a 6b 6a 6a 69 68 66 65 60 52 49 4d 54 55 5b 61 63 65 65 64 5f 59 56
62 63 62 61 5f 58 4b 44 4b 58 62 67 69 6b 6b 6b 6b 55 22 25 56 6b 6b 6c 6a 6b 6a 6b 67 3b 18 3e 64 6b 6c 69 69 6a 6a 69 66 42 1b 3a 64 6a 6a 68 67 65 66 68 66 59 3e 37 4b 5b 63 67 66 66 66 61
57 51 52 5c 5e 5f 63 62 62 5a 4c 3f 46 55 60 69 6a 6c 6a 6c 6b 12 a 64 6b 6c 6b 6a 69 67 5e 3d 23 3f 62 69 6b 6b 6b 69 69 5f 36 1d 42 67 69 6b 69 67 68 64 5b 49 3f 49 57 59 5e 64 65 63 63 5c
64 63 60 5a 4e 40 40 53 60 65 69 6a 6a 6a 6a 38 14 40 64 69 6b 6b 6b 6a 6b 5c 1a 1c 5f 68 6a 6a 6a 69 66 63 49 28 37 5a 66 67 6a 69 68 68 60 46 2e 3c 5a 66 68 68 65 61 5e 5a 50 46 4b 56 5d 61
5b 5d 5a 5c 5e 5c 5a 53 4a 47 52 61 66 67 65 65 5c 40 32 4b 60 64 69 6b 6b 6a 60 27 1a 52 68 6b 6a 68 68 66 4d 2a 36 58 65 6a 6a 6a 6a 64 36 17 42 67 6a 6b 6a 67 65 5c 42 36 45 58 63 67 65 5f
61 55 44 3f 4b 5d 64 68 6b 6a 6c 55 1f 25 58 69 6a 6a 6a 68 56 29 2b 57 64 69 6a 69 67 58 32 25 4a 64 6a 6b 69 69 60 3c 25 43 61 69 6a 69 65 5f 4f 3a 3c 52 62 64 60 60 5c 5b 57 4f 51 52 56 5c
65 68 67 66 66 62 5b 51 46 45 4d 5c 66 68 6a 69 6a 6a 6a 6b 6b 6c 37 b 40 6c 6b 6c 6b 6a 69 69 69 6b 6a 6b 6c 44 1d 36 5b 69 6b 6a 69 68 66 66 66 62 5d 56 4c 4d 53 56 5b 61 63 66 66 65 62 5d
57 56 59 5c 5f 61 63 64 64 64 62 5b 50 4d 4c 4d 5c 62 62 66 67 68 69 69 69 6a 64 27 16 53 6b 6b 6b 6a 69 69 6a 6b 6a 6a 5c 19 1b 5f 6c 6c 6b 6a 67 67 68 67 66 67 5f 43 33 43 59 64 68 6a 68 66
59 60 5f 60 61 60 60 5c 53 51 50 51 59 5a 5b 65 6a 6a 6a 6c 6b 36 14 46 67 6b 6b 6a 6a 6c 6a 6b 5d d 19 6a 6b 6b 6b 69 69 68 6a 6b 6b 67 44 21 38 5c 67 6a 68 69 66 64 60 5e 5b 52 4f 4e 51 59
59 56 54 51 53 5a 5b 5e 60 5d 56 4a 49 55 5e 62 61 5f 58 45 3b 4a 5b 61 64 66 64 57 3f 34 4a 5d 66 69 69 69 4c 1f 2e 5a 66 6b 6b 68 5d 2b 23 51 66 6a 69 67 61 48 29 35 5b 68 67 66 60 56 4b 49
5f 61 63 65 62 60 60 54 4e 48 4b 58 5f 64 67 68 67 69 6a 6b 6c 31 10 4a 69 6a 6b 6b 69 69 6b 6b 6b 6c 1a b 5e 6b 6c 6b 69 68 66 64 67 67 5e 45 35 44 58 64 65 65 67 68 66 63 62 5e 4b 42 51 5c
61 61 5a 54 4e 48 51 60 64 64 63 65 66 66 61 44 2b 43 5f 66 69 6b 6b 6b 6a 6b 60 1a 17 5e 6b 6c 6b 6b 6b 69 68 64 42 1e 39 62 6a 6a 69 69 69 6b 6a 68 4c 23 33 5b 66 6a 69 69 67 66 5f 58 52 4e
5a 52 4f 56 5b 63 66 64 64 66 5f 56 51 44 3f 53 66 68 67 66 65 66 65 63 53 42 3f 4a 5c 66 65 64 66 6a 6b 6b 66 27 17 53 68 6b 6b 6a 6a 6a 6c 64 e 12 69 6b 6b 6a 68 67 67 67 5e 48 36 3f 55 61
60 60 5d 53 4c 4e 51 57 60 63 62 62 58 45 42 54 5e 5f 62 67 68 5c 36 30 52 63 68 6a 6b 6a 5d 30 23 4d 66 69 6a 6a 6a 68 52 1d 27 5e 6a 6a 6a 6a 68 69 60 37 22 44 62 69 69 68 68 66 5c 49 3f 48
63 66 66 64 60 5d 58 4d 41 44 58 65 68 69 6a 6a 6c 6a 6b 6c c a 6b 6c 6b 6b 6b 69 68 6a 6a 6a 67 33 11 44 6b 6b 6b 6b 6b 67 65 61 5b 57 50 4a 4e 58 5a 5f 65 64 62 60 5f 5c 5b 59 57 56 59 5c
4b 4b 52 5e 65 6a 68 67 69 69 6b 6a 6b 4b c 2c 6b 6c 6c 6b 6a 67 64 67 68 6b 6b 6b 6c 37 12 42 64 6b 6b 6a 69 6a 6a 68 62 59 53 52 51 50 55 5c 60 63 64 64 64 60 5e 5a 59 5b 5a 59 5b 5b 58 5c
66 69 6a 69 69 69 67 66 5b 34 24 4b 6a 6b 6a 6b 6b 69 68 69 6b 6b 6a 5d 27 1c 51 6a 6c 6c 6b 6a 68 68 69 6a 6a 67 63 47 2f 3b 56 68 69 6a 69 68 6a 69 66 61 5c 54 4e 4c 53 59 5e 65 65 64 65 64
5e 5f 5f 5b 56 53 4f 53 5a 5c 5f 5f 60 5f 59 55 4e 45 4c 59 5e 62 66 68 69 55 2a 30 55 63 6a 6a 6a 69 61 2d 18 4b 69 69 6a 6a 6a 69 5e 23 1c 56 69 6b 6b 6b 6a 68 62 35 1f 4a 65 66 68 67 61 5c
4d 53 5e 65 67 68 69 69 6c 6b 6b 49 11 2f 69 6c 6c 6a 69 69 6a 6b 6b 6a 66 34 19 46 63 6b 6c 6a 69 69 68 6a 6a 67 63 4d 2c 31 57 6a 6b 69 68 67 67 67 64 62 5a 4d 43 4a 58 5d 61 66 67 65 64 62
4b 4c 50 53 5f 68 68 69 69 6b 6b 6b 6c 3a b 3c 6c 6c 6b 6b 68 66 68 69 6b 6a 6c 4b b 2b 6b 6c 6b 6b 6a 68 63 62 61 5d 5a 5c 52 46 4a 56 60 65 66 65 63 5d 56 5a 5e 5d 5e 57 55 55 58 5d 5d 5f
60 62 62 60 5e 59 4c 49 51 57 5d 65 65 66 68 68 5f 3c 2a 48 63 67 6a 6a 6b 6a 6a 5f 27 1f 53 68 6a 6b 6a 69 69 6b 69 4c 1b 2c 5f 69 6b 6a 67 66 68 68 6a 6b 4c 23 2f 56 68 6a 69 6a 67 61 5e 5a
5a 5c 5f 62 62 5f 5f 5e 5a 4b 3f 4e 5e 65 67 68 6b 6a 6a 60 28 1c 54 6a 6b 6b 6a 6b 6b 6a 68 4b 12 2d 6a 69 69 6a 68 68 69 6a 6b 69 57 26 22 53 6a 6a 6b 6a 68 67 65 5f 54 45 46 54 5b 5e 62 62
53 5e 62 60 62 61 5e 5c 54 50 4e 55 61 58 55 60 62 65 66 69 69 5b 42 30 41 5e 67 69 69 6a 6a 6a 69 57 25 23 57 6a 6b 6b 6a 6a 6b 6b 6b 3c f 3b 6a 6c 6b 6b 6a 69 69 68 69 56 25 29 58 68 6b 69
65 66 68 69 65 49 27 35 58 66 69 6a 6a 66 44 2e 49 65 69 6b 6a 69 53 24 29 57 67 68 68 68 66 60 4e 39 41 5b 68 67 67 65 65 5d 49 38 42 55 5e 66 67 66 64 67 67 5f 3d 2a 4b 62 66 66 63 62 5e 58
5b 5d 5a 56 5b 5f 5f 64 61 60 60 5e 56 48 46 4f 5c 63 67 68 68 6b 6b 6b 5d 28 1e 52 6b 6b 6b 6a 6a 6b 6b 6b 69 47 11 2f 69 6b 6a 6c 69 67 66 6a 6b 6c 6b 43 1b 39 5e 67 6a 6b 69 67 65 62 5c 55
53 55 5d 61 5f 5f 61 5e 5c 51 42 45 55 61 68 69 6c 6a 6b 5e d 18 6b 6b 6c 6a 6a 69 69 65 4a 27 32 59 69 6b 69 68 6a 68 68 5b 31 24 4a 65 6b 6a 67 66 68 65 5e 4a 3c 45 53 5b 64 66 65 65 60 5a
54 59 5e 5b 53 50 51 57 5f 62 63 62 5f 53 4f 45 45 58 61 67 68 68 67 5d 3e 35 4c 59 63 67 69 6b 69 6a 53 16 25 63 6a 6b 6b 6b 6a 4e 23 31 5c 68 6b 6b 6b 67 5c 2f 1d 4b 69 6b 6a 67 5f 59 4c 46
54 4b 46 53 60 67 68 67 67 66 62 59 4a 3e 43 56 62 66 66 65 65 67 67 66 60 3f 28 43 5f 68 6b 6b 69 6b 6b 6a 5f 26 19 53 6a 6c 6b 6a 69 6a 6a 6b 6c 3d c 39 6b 6b 6c 6a 69 67 66 66 5c 50 43 41
64 64 63 5d 47 3c 48 5a 61 63 64 67 68 5e 43 2f 41 61 68 6a 6c 6a 6a 63 21 17 58 68 6a 6a 69 68 68 69 5e 40 25 3b 60 6b 6a 6a 69 68 69 5d 29 20 55 67 67 6a 69 68 63 57 4f 39 3d 5b 61 61 64 64
6a 6a 6a 69 64 49 18 31 68 6c 6c 6a 6b 6a 6b 6b 6a 64 31 13 47 6b 6b 6b 6b 6a 6a 6a 6b 6b 69 46 12 32 68 6c 6b 6a 69 6a 69 63 59 4a 46 49 51 5f 63 61 65 67 64 5d 59 58 56 57 55 52 5a 62 5f 5d
65 66 65 62 5b 4e 47 4c 55 5d 60 62 65 67 68 69 69 6b 6b 69 4f e 28 6c 6c 6c 6c 6b 67 5f 5e 64 68 6a 6b 6b 6b 41 1a 3a 5e 68 6c 6a 68 66 61 60 65 64 5e 55 52 53 57 55 54 5e 63 64 64 62 60 5f
54 4b 4a 4e 58 61 65 68 68 68 66 68 6b 4a 23 36 5a 69 6c 6a 69 6b 6a 6a 6a 58 1d 1f 5c 6c 6b 6b 68 69 6a 6a 6b 6a 67 3c 17 3d 63 6a 6b 6a 67 67 68 6a 6a 62 51 3d 38 49 5d 66 69 6a 69 67 62 59
61 66 68 6a 6a 6a 6a 6b 68 65 5a 3e 1f 3e 6d 6c 6b 6c 6b 6a 69 69 69 6a 6b 6a 6a 4a 26 36 53 64 6b 6c 6b 6a 6a 6a 6a 69 69 69 5f 47 39 46 55 5c 65 68 6a 69 69 69 67 64 5e 57 50 50 51 56 60 60
5c 63 68 69 69 67 56 23 23 58 69 6b 6b 6a 6a 61 37 28 51 68 6b 6b 6b 6a 60 1e 18 59 6a 6b 68 67 64 5b 50 4d 4b 4f 5b 63 65 60 57 52 4d 51 57 57 5a 5c 5f 61 5f 5a 54 56 57 56 59 5a 58 5a 5b 5a
63 66 66 65 63 61 5a 52 49 47 4e 5b 66 67 66 68 6a 6b 6b 6b 6b 3a b 3d 6c 6b 6b 69 6a 6a 69 6b 6b 6b 6c 3d b 3a 6c 6c 6b 6b 69 67 69 66 64 66 61 4c 3f 49 52 59 62 65 67 66 65 64 63 5d 56 52
64 63 5f 5b 51 4c 4e 51 58 60 64 68 69 69 6a 6c 6b 6c 46 c 31 6c 6c 6b 6b 6b 68 67 68 6a 6a 6b 6c 38 c 3f 6c 6c 6b 6b 69 69 68 66 63 5a 50 4e 52 50 53 5c 61 66 67 65 63 5f 5d 59 57 57 57 5a
62 60 5e 5b 47 41 50 5b 61 63 66 69 69 6b 6a 6b 6a 27 f 52 6a 6b 6a 6a 69 69 6b 6a 6a 58 2e 25 4c 66 6b 6b 6a 67 67 68 69 69 68 51 30 2d 4e 69 6b 6a 68 65 64 64 64 5e 56 51 50 4c 4f 5c 62 66
61 60 57 50 40 3f 57 67 68 69 6a 6a 6b 6a 6b 3e f 39 6a 6b 6c 6a 6a 69 6a 6a 66 5c 3c 27 41 61 6b 6b 69 6a 6a 6a 6a 68 48 10 30 6b 6c 6a 6a 69 67 67 65 5c 4d 47 4a 4e 5b 61 62 65 63 63 62 5d
5d 56 41 37 4f 61 66 68 68 68 69 6a 65 3e 1c 3d 64 69 6a 68 68 69 69 67 5a 27 27 57 63 69 6a 6a 6b 68 64 4f 1e 2a 62 69 6b 68 68 68 69 69 57 27 27 56 69 69 69 67 66 64 65 5e 46 3a 4b 5a 5f 61
53 54 58 5b 5d 5e 60 62 5b 52 4b 44 4c 5e 67 6a 6a 69 63 3e 1f 40 63 69 6a 6a 6a 6a 67 4d 1e 2b 5d 6a 6a 6a 69 69 68 62 3b 21 42 62 68 69 69 69 6a 6b 6b 4a 15 2e 63 6a 6a 6b 67 63 5f 57 4f 4a
49 51 5e 62 64 67 69 69 67 64 48 27 39 5c 69 6b 69 69 67 67 68 63 4d 30 3c 59 60 64 66 67 67 68 6a 6a 65 4a 21 31 5f 6a 6c 6a 6a 6b 6a 6d 5f 18 17 60 6c 6c 6b 69 69 68 63 5d 4e 3b 3e 54 63 67
