5e 61 61 5a 48 38 45 5c 65 68 67 61 53 41 44 53 5b 61 62 5a 4e 46 4e 5f 65 67 62 4b 34 3b 57 65 67 67 69 69 54 20 26 59 67 6a 6a 69 68 58 25 23 57 67 68 67 68 69 69 55 23 25 56 66 68 67 65 5c
66 66 65 62 5c 4e 43 42 4d 60 68 6a 6a 6a 6a 6b 6a 6b 6b 25 b 53 6c 6b 6b 6b 69 69 69 68 69 67 54 35 30 4a 61 68 69 69 68 67 66 66 67 64 57 43 3e 4b 5b 63 65 65 66 65 64 64 60 57 50 51 55 59
52 55 5c 5d 5f 62 60 5d 53 47 46 4d 56 60 64 66 67 68 68 51 1d 2a 5f 69 6a 69 68 68 69 5f 35 20 45 64 69 69 68 69 69 68 57 27 22 53 69 6a 68 67 67 67 66 56 33 2d 4d 63 66 67 66 65 60 58 4f 4b
61 54 3a 37 4e 61 65 66 68 67 5e 39 22 40 62 68 68 67 69 65 4d 22 2e 59 67 69 68 66 66 50 2c 2e 51 63 67 68 67 5a 3f 34 44 59 66 69 67 56 36 2d 4a 63 67 68 66 5b 3c 2d 45 60 67 66 5f 54 48 48
51 59 60 63 64 62 53 3a 36 4d 60 65 66 68 69 66 4f 22 2b 5b 68 68 67 6a 69 62 37 19 41 65 6a 6a 67 67 68 59 2b 24 51 63 67 67 65 65 65 5f 3b 26 45 60 65 65 64 64 64 5e 4b 3c 42 53 5d 61 61 5f
64 62 5e 56 45 40 4e 5e 65 66 68 68 68 69 6a 6b 4e 19 2b 62 6b 6a 6a 6a 69 69 6a 6a 6a 53 1f 24 5b 6b 6b 6b 69 68 68 68 67 67 64 4d 37 39 4e 63 68 69 68 67 65 65 65 5f 54 4d 4e 4f 54 5c 62 65
36 3f 58 66 68 68 5c 31 1d 46 65 6a 6a 67 52 26 27 53 66 69 67 60 45 26 36 5c 65 66 65 5b 3b 2a 40 5b 65 66 63 5a 45 2f 39 55 62 66 68 61 43 2a 3b 58 63 66 66 61 4d 33 36 52 5f 64 63 59 4d 42
59 61 64 65 65 64 61 59 47 3d 43 55 64 67 68 69 6a 6a 6a 66 37 16 40 66 6b 6a 69 67 68 69 69 65 45 23 35 5a 67 6a 69 68 68 69 69 6a 61 35 19 45 69 6b 69 67 66 65 63 61 5b 49 42 4c 57 5d 62 63
43 41 50 60 63 65 65 60 47 2c 3c 5b 66 67 66 65 60 43 29 3e 5b 64 66 67 66 5a 35 28 49 60 66 68 68 63 4e 27 2e 57 65 67 67 68 65 4c 22 2f 5b 68 69 68 69 67 4d 26 2f 53 65 67 64 62 5b 4b 42 46
51 54 5b 61 64 65 67 66 63 5d 4e 3a 3c 53 64 68 68 67 67 6a 6b 6b 5f 26 1b 53 6a 6a 6a 69 68 69 6a 6a 67 47 1b 31 62 6a 6b 69 66 67 68 69 69 5f 3c 2e 48 5b 65 68 66 65 64 64 62 59 53 4e 4f 55
50 4c 4d 55 60 66 68 68 68 69 69 68 67 5c 3c 21 40 69 6c 6b 6a 6a 69 6a 69 6a 6a 6b 6a 2d d 4b 6c 6c 6b 6a 6a 6a 68 66 62 5d 54 50 51 51 53 59 60 64 65 64 62 5f 5e 5c 5a 5a 5a 5b 5b 59 59 5e
54 4e 52 58 5d 60 61 61 60 5c 55 4a 43 4b 5a 60 64 66 68 68 66 56 32 28 4b 64 69 68 68 68 68 65 59 31 24 4b 65 6a 69 69 69 69 6a 66 19 e 5e 6b 6b 6a 69 66 62 60 56 44 3a 47 5b 63 64 63 63 60
4d 4e 57 5f 62 62 65 63 5f 54 3c 39 4f 60 67 68 69 69 69 69 4c 15 2a 64 6b 6b 69 69 68 68 63 48 22 33 5e 68 6a 69 69 69 69 66 47 1c 30 61 6a 6b 68 66 64 62 5c 51 46 44 4f 59 5f 62 61 62 60 5b
64 66 66 64 63 5e 59 54 50 4a 4d 5c 65 68 69 69 69 67 67 66 5e 4f 3b 3b 51 62 68 69 6b 6a 6a 6a 6a 6b 6a 6c 50 c 26 6c 6c 6b 6b 6b 69 68 67 66 65 63 5f 4e 3d 42 53 5f 65 67 67 68 66 65 61 5b
55 4f 4d 54 5d 62 63 63 61 5f 58 51 42 3f 54 64 65 66 67 6a 6a 68 4b 1d 2e 5e 6b 6b 68 67 68 69 68 57 2c 26 4e 66 6a 69 66 67 69 69 6a 4e 16 2a 63 6a 6b 68 66 64 63 63 5f 4c 39 40 54 61 64 64
44 46 57 62 67 68 69 69 6a 6b 69 4d 1d 2d 5e 69 6b 6a 6a 69 6a 6a 6b 68 3f 17 3a 64 6a 6a 6b 69 69 69 69 69 67 5b 2f 26 4e 64 6a 6a 69 68 67 65 61 5f 5c 4d 43 49 56 60 64 64 64 64 61 5d 5b 58
5c 5b 55 47 3b 44 57 60 63 61 4f 36 35 4e 60 65 66 57 2b 26 50 66 69 67 53 1e 23 59 68 69 66 54 26 25 54 68 69 66 54 2a 2b 56 62 64 60 54 3f 37 48 5a 5e 5e 5a 49 3d 4a 54 58 5d 57 4d 49 4b 4f
54 51 52 57 5f 66 67 67 68 68 65 5f 4f 43 3e 49 5f 68 68 69 6a 69 69 69 69 6a 54 2b 25 4f 6a 6b 6a 6a 6a 6b 6a 6a 6a 6a 6b 38 c 40 6c 6c 6b 6b 6a 68 66 65 62 5f 58 4e 4b 4a 53 5d 62 65 65 64
5e 62 61 5b 4e 3f 3e 4d 5f 66 67 65 61 54 31 2d 51 65 67 66 67 66 5b 32 24 4c 62 66 66 68 65 56 36 2e 4a 60 67 67 66 61 4c 2d 33 56 65 67 68 6a 68 39 14 3d 66 6a 69 67 64 57 3f 33 43 59 62 63
5b 52 44 42 4f 5b 63 66 68 65 4f 2e 34 53 65 67 68 68 65 4b 24 31 5b 66 69 68 68 64 4b 25 31 5b 66 67 67 69 67 54 23 26 58 66 68 66 66 67 62 41 26 3e 5d 64 64 66 68 64 50 35 37 4f 5f 62 63 61
64 63 5c 52 48 46 4d 5a 65 68 69 6a 6b 6a 6a 6b 6b 48 c 2e 6c 6c 6b 6b 6a 6a 6a 69 6a 6a 6a 5d 3a 2c 45 5c 65 69 6a 69 69 69 69 65 60 5a 4b 47 4e 56 5e 61 63 65 65 64 62 5f 5c 58 55 58 58 58
48 55 5e 62 66 65 54 34 2d 4d 63 67 68 67 63 4e 2f 32 52 65 67 64 65 67 5c 33 26 48 5f 67 68 69 68 5e 34 23 47 61 67 69 69 67 4f 1f 29 5c 67 68 68 68 5e 40 27 3d 5d 66 68 65 62 50 3a 3e 51 5c
5d 5c 5d 56 43 3a 48 5b 63 67 67 60 3a 23 41 5f 68 6a 68 5f 37 1f 42 63 68 68 64 5e 41 26 3c 5f 67 67 64 5a 3a 2a 45 5f 67 67 66 58 34 28 49 61 67 68 67 5b 37 23 43 61 66 67 63 57 4b 3f 42 52
63 64 65 63 5f 5c 57 4e 47 4e 5c 63 66 69 69 69 68 68 66 61 4c 30 34 57 6b 6a 6a 6a 6b 6b 6a 6a 6a 6a 5c 23 1c 56 6c 6b 6a 6a 6a 69 69 69 69 6a 61 40 29 41 5d 65 69 6a 69 68 66 64 62 5b 51 4e
5d 47 36 3e 52 62 68 68 5c 36 22 45 64 6a 6a 66 46 1d 31 5e 68 6a 66 4a 1f 2f 5d 68 69 65 4f 22 2b 59 64 67 66 5b 40 2f 42 5b 62 63 61 55 44 3a 42 57 60 60 58 50 4d 4e 4e 4f 55 56 57 56 50 50
62 5f 5c 55 49 43 4d 5a 63 67 65 63 63 63 58 38 2b 4c 65 67 68 69 69 68 66 5d 2e 1e 4e 66 69 6a 69 69 68 67 5c 30 21 4b 66 6a 6a 69 68 69 67 53 22 27 5c 69 6a 68 66 64 61 5e 54 42 3e 4d 5d 63
42 49 5a 63 67 68 60 40 1d 37 61 69 69 69 6a 5a 25 1e 51 67 68 69 69 60 36 1f 43 60 68 69 66 59 37 2b 48 5f 66 66 64 58 39 2c 45 60 66 67 66 5d 45 30 3b 57 64 62 5d 5b 59 4d 40 44 51 5d 60 5b
59 55 4b 4c 56 5c 60 63 64 64 63 62 5e 49 31 40 5d 65 66 66 67 68 6a 6a 58 27 22 53 69 6a 6a 68 67 6a 6a 69 52 20 27 59 69 6a 68 65 64 67 69 6a 66 44 1c 36 62 69 69 67 67 65 63 61 58 4d 48 4c
5d 5e 59 53 4f 51 55 5c 5f 61 60 63 65 62 56 3f 3a 4e 5e 64 65 64 65 69 6a 66 49 21 33 5d 69 6a 67 66 66 68 68 66 42 21 39 5d 68 6a 67 66 65 6a 6a 6b 67 22 f 55 6b 6b 69 68 65 63 5f 5b 50 47
53 5d 62 63 62 62 56 45 36 3d 58 65 68 67 64 65 60 49 26 32 5d 67 67 67 66 68 67 57 2b 23 4e 64 69 69 67 67 65 51 28 29 53 66 69 69 68 68 67 4c 1b 2a 5e 69 6a 67 64 63 5c 4b 3c 40 52 5b 62 62
42 38 48 5c 65 68 69 69 5e 34 1c 43 66 69 67 66 68 65 4b 27 31 57 65 68 66 68 66 52 2a 2b 51 64 69 67 65 65 55 31 2e 50 61 66 65 66 66 5b 31 25 4d 62 67 67 64 5d 54 3b 36 51 61 63 60 5a 55 51
5d 62 63 61 5e 5c 4e 41 44 54 5f 63 65 68 68 69 67 4d 22 2e 5b 69 69 69 68 68 68 67 4c 20 2f 5c 68 69 68 68 68 69 68 52 1b 25 5e 69 6a 69 67 66 67 64 5a 40 30 44 5c 64 67 68 65 63 5d 57 4e 4a
64 65 5f 54 41 3a 4c 5e 66 67 67 68 6a 6a 6a 55 20 22 59 6a 6b 6a 68 67 69 6a 69 5f 29 1c 50 68 6a 6a 68 66 66 68 69 65 51 2f 2f 52 65 69 67 66 65 66 65 61 58 47 42 4b 58 60 62 62 61 61 60 5c
64 68 68 68 68 68 67 63 59 47 37 40 5a 66 69 69 6a 6a 6a 6a 6a 6a 69 65 50 27 2b 58 6a 6b 6b 6b 6a 69 69 69 6a 69 69 63 46 2f 3c 57 65 68 69 68 6a 6a 69 67 65 60 58 4b 49 50 58 5f 61 63 66 65
58 5b 5f 61 64 66 67 68 67 65 5e 52 45 44 51 59 60 66 68 69 69 6a 6a 69 6a 69 60 3f 21 3c 64 69 6a 6b 6a 6a 6a 69 69 6b 6a 6b 6b 3d 1b 43 60 65 69 6a 6a 6a 68 68 66 61 5c 54 51 50 50 58 5f 62
57 52 51 4f 4f 58 5c 5d 61 61 5c 51 42 43 50 5c 62 63 65 67 63 45 27 3c 5e 69 69 69 6a 64 4a 1e 2f 60 67 68 69 6a 69 61 33 1b 44 65 69 68 68 69 6a 67 40 18 38 62 69 69 66 65 61 54 42 3e 4d 5a
3e 3b 36 3a 3e 38 3c 3e 3f 3d 36 37 39 37 3c 3c 3f 3d 34 3a 3a 36 35 39 3e 3d 39 3b 3a 34 39 3c 3c 39 35 38 3e 3b 3a 3a 3c 38 32 3a 3e 37 38 3b 3e 3d 37 3a 37 2f 3b 42 43 3c 34 3a 3c 38 39 3a
5c 60 5d 5b 57 4d 4b 52 5b 60 5f 60 60 5f 5e 59 48 3d 4c 5c 61 62 64 68 69 69 5f 34 1f 46 63 69 69 68 69 69 69 60 36 1c 42 65 6a 6a 69 69 6a 6a 6a 40 d 36 6b 6b 6a 69 68 65 62 5a 4d 46 49 50
60 62 63 63 61 5d 55 48 41 4b 5d 64 66 67 66 69 6b 6b 5c 22 1e 57 69 6a 6a 68 67 6a 6b 6a 5d 24 19 54 6b 6b 6a 67 66 68 69 69 67 4f 28 2d 55 68 6a 69 67 65 64 63 5f 55 4c 47 4b 54 5d 62 63 62
65 68 68 66 64 61 5d 56 4e 46 47 57 66 6a 69 69 6a 69 68 68 66 60 4d 32 32 53 6a 6b 6b 6a 6a 6a 6a 69 69 6a 6b 6c 37 11 43 67 6c 6b 6a 6b 69 68 67 64 60 5b 54 4e 4d 51 57 5e 63 65 67 65 64 61
51 46 3f 49 5a 63 65 66 5e 37 25 45 61 68 69 67 5a 2c 22 4c 64 68 67 64 57 33 29 4b 62 67 67 65 5a 3e 2c 3f 5a 65 68 69 61 44 2a 38 58 66 68 67 5c 38 27 46 60 67 66 60 53 42 3a 47 5a 60 60 5b
63 5e 45 2c 3c 5b 65 67 69 67 51 23 2b 5a 68 67 69 68 5a 25 1d 52 66 6a 69 68 5c 31 24 4a 63 67 68 67 5e 41 28 3c 5c 66 65 64 62 50 3b 3e 50 5b 5c 5f 65 67 58 38 31 49 5d 63 66 63 59 49 44 4c
4f 51 54 52 50 4c 4c 54 5a 5a 58 4e 41 40 4f 5d 62 60 52 3a 33 47 5f 67 68 5e 35 22 41 60 68 68 5d 33 20 46 63 69 69 60 30 19 45 65 69 68 60 3f 21 39 5d 68 68 5f 4b 35 38 50 5f 61 5e 53 47 47
5b 5e 5f 61 63 64 63 5f 55 49 46 4c 57 62 65 66 67 69 69 6b 66 3a 1c 43 65 69 6a 6a 68 69 6a 6a 68 4d 21 2d 5b 69 6a 69 67 65 66 69 6a 6b 65 2f 18 4c 67 6a 69 68 67 67 65 62 5e 54 46 46 53 5c
59 4d 3e 40 50 5d 64 65 60 50 38 37 4c 5d 64 65 66 5d 3d 2a 40 59 64 66 63 62 57 3b 2f 47 5d 63 63 67 64 49 22 34 59 65 68 67 60 3c 24 41 60 69 69 65 50 1d 26 5d 6a 6a 67 5a 3f 2e 42 5b 63 61
5c 5c 52 47 48 53 5d 62 64 65 61 56 41 33 47 5f 67 67 68 69 6a 61 22 18 56 69 6a 68 68 69 66 56 27 27 57 66 69 68 68 6a 69 50 1d 2a 5e 68 68 67 66 64 5d 55 3e 37 50 60 62 62 60 5e 5a 54 4a 4e
51 56 5c 56 4c 4a 44 48 57 62 62 5c 4d 3a 38 4a 60 68 66 5a 3d 27 3f 5f 67 68 63 48 28 33 58 67 68 65 53 25 27 56 67 69 68 58 29 22 50 66 6a 67 59 33 25 48 62 66 64 58 47 3b 41 53 5c 5d 58 4f
4a 52 59 5b 5c 5c 4d 3e 43 52 5d 61 62 5b 4a 37 3c 52 62 66 60 56 41 33 46 5c 62 62 5c 51 3f 37 4a 5c 65 66 61 44 29 38 58 67 6a 69 54 1f 22 57 68 6a 6a 60 35 19 42 68 6a 69 61 47 29 37 55 63
56 51 51 54 59 60 64 67 67 67 66 65 5b 43 33 44 5e 66 67 68 69 69 69 6a 6a 60 36 20 45 63 6a 6b 69 6a 6a 6a 6a 6a 68 40 12 38 6b 6b 6a 69 68 69 68 67 67 66 58 39 36 4e 5e 64 66 66 66 66 64 61
47 48 56 60 62 63 63 62 57 41 33 46 5e 64 66 66 66 67 60 3d 1f 3e 62 68 68 68 67 67 5d 39 23 42 61 68 69 68 67 67 61 36 1b 42 64 69 69 69 67 67 61 3c 1f 3e 62 69 68 67 62 5e 57 48 3e 47 59 5f
51 4a 4d 56 5d 64 67 69 6a 6a 6a 69 68 65 5a 43 24 3b 68 6c 6b 6b 6b 6a 69 6a 6a 6a 6a 6b 6a 3d 1c 3d 5e 6a 6b 6b 6a 6a 69 69 67 64 5e 57 4f 4d 50 54 5a 62 66 67 67 64 62 61 5d 5b 59 58 5a 5c
4f 4c 4b 53 5a 59 52 4c 45 43 50 5b 60 60 51 35 30 4b 60 67 67 59 2f 21 47 63 69 67 5d 3a 21 3e 61 68 65 5a 36 25 44 61 67 66 59 2f 24 4a 65 67 65 5a 3a 26 42 61 67 63 55 3f 36 47 5a 5e 5b 57
5c 58 51 4d 50 55 5c 62 62 62 63 63 5d 48 34 40 5a 65 67 67 67 67 69 64 41 1f 3b 61 68 69 68 68 69 69 67 47 19 31 62 69 6a 68 68 69 69 69 54 20 24 5b 6a 6a 68 68 68 65 61 52 3e 3f 50 5b 61 64
58 5a 58 55 51 4d 49 51 5f 5f 5d 5e 5b 4e 3f 41 50 5e 64 67 66 61 4b 2e 33 53 64 67 66 67 64 4c 27 31 56 64 68 6a 68 59 29 23 50 66 6a 69 68 52 1c 26 5d 69 6a 69 65 4e 27 2f 56 64 65 63 5c 51
56 5c 5e 60 59 4f 48 47 50 57 5e 63 63 60 50 3a 3c 4f 5d 65 6a 69 68 4c 1a 2d 60 69 69 69 68 60 40 23 3a 5f 68 68 69 68 63 4b 21 2f 5d 67 67 66 68 69 66 3a 1a 3d 60 69 68 67 64 5d 4b 3d 43 51
60 5f 5a 4a 35 3c 59 63 66 67 66 67 64 4b 1c 2c 60 6a 69 67 67 69 68 5c 21 1b 56 68 6a 68 67 68 66 5b 2c 20 4f 65 69 66 65 66 63 53 31 30 52 62 66 64 61 5f 56 4b 40 46 58 5c 5f 61 5c 59 54 50
5f 62 5b 4e 44 47 52 5b 63 66 65 5a 40 34 48 5c 63 65 66 66 5b 32 2b 4f 61 66 67 68 67 5d 31 22 4c 64 68 6a 68 67 59 30 2a 4d 61 68 68 69 69 67 3d 17 3b 65 69 68 68 68 62 4b 31 3b 55 61 65 63
5c 5b 57 4d 44 47 55 5f 61 5e 57 49 3f 48 58 62 67 63 4a 2d 3a 59 67 68 66 58 2b 28 54 65 68 69 65 4c 1c 2c 5e 68 6a 68 66 52 28 2b 53 63 65 66 68 65 4a 21 30 5a 66 67 66 5f 53 43 3b 4a 5a 5e
58 59 53 51 58 58 57 58 59 5d 5e 5c 56 51 4c 4b 54 5d 61 63 64 64 5b 35 2e 52 61 65 67 68 69 68 5b 24 20 57 67 6a 68 69 6a 6a 5e 13 19 65 69 6a 67 67 68 67 63 43 27 3d 5d 65 65 66 64 60 57 4e
5d 63 65 66 61 4a 29 33 57 66 68 69 68 68 64 37 18 40 64 6a 69 69 68 66 52 22 26 56 68 69 67 67 63 59 47 33 3c 58 63 65 65 65 63 5f 45 2f 3c 57 64 64 64 67 62 51 3b 3d 50 5c 60 62 61 5c 4f 49
54 54 56 5a 5d 5a 51 4d 4b 50 58 5c 5d 5a 5a 5a 54 48 42 4d 5a 5c 5b 5c 61 63 5a 3f 33 45 5b 65 67 68 68 65 36 18 41 64 69 69 69 69 5a 1a 1e 5d 6a 69 67 68 69 5a 1f 1c 58 6a 6a 68 64 5c 4c 40
5a 56 53 4f 53 5e 60 5f 5d 58 55 54 54 56 58 5a 5c 58 51 54 5c 60 62 62 59 43 37 49 5f 67 69 69 6a 69 55 1d 23 5d 6a 6a 68 69 6a 6a 61 1d 17 5b 6a 6b 68 67 69 6a 68 3f 1b 3c 61 69 69 67 65 5e
5f 65 66 61 50 2e 2a 51 67 6a 69 69 64 3b 18 3a 63 69 67 68 64 4c 29 2f 53 63 66 68 66 56 32 2b 4c 61 67 67 65 59 38 2b 47 5e 65 67 64 5f 41 28 40 5f 66 66 64 58 40 34 48 5a 60 63 5f 58 4a 45
62 64 64 64 61 57 46 41 4a 57 61 65 67 67 69 6a 69 5c 29 21 53 68 6a 69 67 67 69 6a 66 4b 23 31 5a 68 6b 69 67 67 6a 6a 69 4d 1b 2a 60 6a 6a 68 67 66 67 67 65 56 36 37 52 5d 63 65 65 65 64 5f
