3a 4a 5a 5e 64 6a 6c 6a 6a 6c 69 42 12 2f 63 6d 6c 6c 6a 6d 6b 69 64 4a 2b 34 52 67 6a 66 6a 6b 6b 6b 5d 38 24 45 61 66 69 69 6a 6c 6b 6b 5d 25 1b 50 6b 6b 6d 6a 62 63 67 5c 52 51 52 55 4f 53
63 5b 4d 45 43 54 64 63 66 67 67 69 6b 6a 69 58 27 23 53 67 69 6d 6c 68 68 6a 6a 69 64 3e 12 36 69 6d 6b 6c 6a 6a 67 68 69 69 65 57 31 27 47 61 6a 6c 6a 67 65 67 63 5e 5b 5b 52 44 47 55 5e 66
5d 65 6a 6b 69 6a 69 69 69 64 5a 46 37 3b 56 68 6c 6c 6b 6b 6b 6c 6c 6a 6a 69 67 51 2d 35 4d 5c 6a 6d 6d 6b 6a 6b 69 69 6a 69 6a 5b 3f 3f 47 4e 60 67 6b 6a 69 6a 6a 69 64 63 5d 54 4a 49 57 5c
58 5d 60 62 65 62 5a 51 48 4b 56 5a 5e 62 57 57 63 6a 6a 6a 6c 5f 2a 1c 4d 67 6a 6a 69 6b 6a 6b 6b 45 19 2e 5a 6a 6d 6b 69 65 64 6b 6b 69 50 1e 25 56 69 6b 6b 6b 68 65 64 62 5f 4f 3d 3d 53 60
55 58 60 65 6a 6b 69 5d 38 30 53 62 64 69 68 68 6d 6b 50 36 31 49 62 66 68 6b 6a 6c 6b 6b 5e 1b 17 58 6b 6a 69 69 66 66 68 6a 6a 6a 62 33 17 43 66 6a 6b 6c 66 64 5c 50 55 50 59 61 54 51 5f 5f
67 5c 3a 30 48 5e 67 62 60 60 65 62 58 48 44 50 5c 5e 62 64 5f 50 4d 5f 63 61 61 4c 3c 4b 58 5a 61 62 64 69 6c 6b 58 18 20 5c 6a 6b 6c 68 68 6a 67 37 13 3c 65 6e 6c 6c 69 6a 68 54 27 29 56 6c
65 52 44 46 4e 5b 63 62 66 64 67 64 5e 38 26 4c 64 6a 68 63 65 69 69 60 4a 3e 48 51 5a 64 5f 5b 62 6a 6a 6a 58 26 24 53 69 6b 6a 6a 6b 6a 6c 66 1b 14 58 6a 6b 6b 68 64 68 6b 62 34 1e 43 65 6b
56 44 36 4e 64 67 69 66 67 69 6a 68 68 60 31 1f 4a 63 69 69 6b 6a 69 69 67 6a 6b 6a 4f 1b 2b 5b 68 69 68 69 6b 6a 69 6a 66 63 55 3a 36 4f 61 64 66 67 69 69 66 67 66 61 56 3a 38 56 5f 61 65 65
52 55 56 56 5a 59 58 52 50 5f 66 66 5f 51 51 5c 51 3e 48 5e 65 65 69 6b 6b 65 47 16 2e 65 6c 6b 6b 69 69 69 47 1b 2f 5d 6b 6c 6c 6b 68 54 19 24 61 6c 6b 6d 69 5c 50 47 4b 57 57 59 58 59 5f 5b
55 5d 58 53 54 5a 64 60 5d 63 5f 60 61 59 50 4e 52 4d 54 62 68 62 63 60 63 67 69 68 5b 3f 23 3a 66 6a 6a 6a 6b 68 5e 41 37 53 61 63 66 67 66 66 67 5f 18 1d 61 6d 6c 6b 69 64 65 6a 6d 56 24 2a
51 5b 62 61 5e 61 62 53 4c 3f 3b 54 65 6a 6a 6b 68 5d 25 1d 50 65 69 69 6a 6a 69 59 1b 1c 58 6a 6b 6a 6c 69 6a 5d 1f 1e 55 66 68 69 68 64 63 69 60 50 39 2d 48 61 67 6c 6a 67 5d 4f 49 48 53 59
5e 65 69 6b 6b 6b 6b 69 66 45 22 32 56 6a 6a 6c 6d 69 69 6b 6c 6b 6d 57 1c 1f 56 6a 6c 6b 6c 6c 6a 6a 6b 6a 67 63 51 27 2b 57 6a 6c 69 6a 68 68 68 69 60 56 50 59 5d 47 48 58 61 68 67 64 69 66
67 62 5b 52 4b 53 51 57 65 6c 6c 6c 6a 64 60 67 66 35 1f 4f 68 67 6a 6b 69 69 6b 6a 6b 69 65 5f 39 21 43 65 6a 6b 6b 6b 6b 6b 6c 6c 6c 6b 67 43 1a 35 62 6b 6a 6b 6b 6a 68 6a 6a 68 64 3a 2f 53
68 6b 6a 5c 20 1d 55 6a 6b 6a 6c 6b 69 69 65 33 16 41 66 6b 6c 6c 69 69 69 63 41 14 35 66 6c 6b 6a 69 6d 6a 67 60 3a 2a 47 5b 62 64 63 69 69 6b 66 5f 52 3f 3f 4e 5b 63 62 67 64 63 62 61 56 4b
51 48 46 4d 5b 65 63 66 68 6a 6b 6b 66 39 16 3b 63 6c 6c 6b 6c 6b 6c 6a 6c 53 1c 23 58 69 6c 6b 69 6a 69 6b 6b 65 4d 25 31 53 62 6b 6c 65 65 6a 68 65 57 3d 36 4c 62 61 60 65 64 63 63 51 4d 59
63 64 5f 54 43 42 51 59 60 66 65 65 67 5f 41 2b 3f 5e 68 64 67 69 6b 5f 25 20 55 66 6b 69 6a 6b 60 2b 17 49 68 6b 6c 6a 66 57 3d 2f 49 62 69 68 67 60 57 43 3b 45 5a 67 65 60 60 58 4f 54 52 51
55 4a 49 55 5d 5d 64 69 58 50 57 4f 55 60 5c 59 5d 61 5b 4d 3d 4b 62 67 67 6b 6a 6c 5f 27 19 4d 6a 6b 6b 6b 68 69 6a 54 1f 20 55 6b 6c 6b 69 69 69 6b 6c 4f 14 26 60 6c 6b 6c 6a 66 62 5d 53 49
68 6d 6b 6a 6c 52 1b 23 57 6b 6b 6c 6c 6b 6c 65 44 16 2f 63 6c 6b 6b 6b 69 67 57 33 30 51 5a 62 6a 69 68 65 60 53 4a 35 40 5a 5f 63 66 6c 6b 6a 61 30 1b 49 65 69 6b 6b 68 65 63 4f 3a 46 55 55
58 5d 56 5d 65 69 6b 6a 6b 6c 6b 58 1c 20 5c 68 67 6c 6a 65 67 6a 6a 68 61 5b 3f 2a 40 5e 6b 6d 6b 6a 69 6b 6b 6a 6b 69 2a 11 4c 68 6b 6a 6b 6c 68 67 6a 69 60 49 2f 34 58 69 68 69 6b 69 61 5e
60 67 67 62 61 63 67 68 62 57 48 40 4e 5b 5e 64 69 6b 66 66 66 67 64 5b 51 33 38 5d 68 6b 69 68 69 67 69 6b 6b 5d 3a 2d 44 58 61 6b 6c 6c 69 69 6b 6c 6a 6c 5b f 19 63 6c 6c 6b 6c 6a 69 62 61
4c 4a 4a 49 52 61 6a 69 69 6a 6a 52 1e 25 57 69 6b 66 68 6a 66 66 5d 2d 23 4c 65 69 69 69 6c 66 5e 43 1e 37 64 68 6a 69 65 5b 56 53 4c 4a 52 5d 54 4c 58 5f 5f 62 67 67 6b 66 28 1a 4f 65 6b 6a
39 47 5b 66 6a 6a 6a 68 67 6b 68 48 20 32 5a 67 6b 6c 6c 6a 69 6b 6b 57 2a 28 4c 61 6a 6d 6a 69 69 6a 6b 68 5a 34 25 44 61 6b 6a 6b 6b 6a 6c 6b 6c 69 3c 1d 3c 60 69 69 68 69 69 69 69 5d 4c 47
64 51 45 48 52 50 52 5c 65 67 6b 62 42 2c 44 64 68 69 6b 59 2d 29 45 63 67 69 65 59 4a 27 3b 62 6a 6a 6b 66 2d 1b 47 5e 65 6b 6b 52 35 35 44 58 69 6b 63 58 4f 3e 3c 4b 60 6a 5e 4f 4e 4d 4e 47
4c 43 44 4b 58 62 66 66 68 67 53 27 29 55 67 6c 6a 69 69 4f 26 2f 54 66 68 69 68 66 55 37 2b 44 60 6a 6c 69 69 60 34 20 44 5e 63 64 66 69 66 5d 44 2a 3a 5d 67 68 64 5e 5b 5a 39 38 59 5e 5f 64
68 6a 63 56 4b 51 59 5a 51 50 5d 64 66 64 61 61 61 63 61 57 3f 38 50 60 61 65 65 6a 6c 6a 6b 66 2a 18 4a 67 6b 6b 6a 6d 6b 69 6a 5a 1b 1b 58 6c 6d 6c 69 6b 69 69 67 56 2b 23 50 67 6b 6a 6a 69
2a 3f 60 6a 69 6a 6c 6a 6b 5e 18 17 5b 6b 6d 6c 6b 6b 6a 6c 52 16 22 5c 6a 6c 6c 6a 6a 6b 6b 67 31 14 44 67 6c 6a 66 66 66 5e 58 58 5c 4e 42 4f 57 59 5e 62 66 67 63 5d 54 4f 49 4f 5b 5b 62 61
68 67 65 63 5a 48 3e 4b 57 5c 67 69 68 68 68 6a 68 6a 6b 5e 3c 21 40 64 68 6b 6c 6b 6a 6b 6c 6b 6a 6a 6c 59 31 27 46 64 6b 6b 6c 6a 67 6a 6a 6a 69 6a 5e 46 3a 43 4f 5c 68 67 69 68 67 64 63 62
65 64 67 60 48 35 3c 50 63 65 62 66 67 56 38 34 4b 5d 68 6c 69 69 4a 27 3a 57 60 69 62 63 5e 47 2e 3a 5c 67 6b 6a 6a 59 28 1e 4e 68 6a 6b 65 5f 39 27 43 59 68 68 68 66 66 55 2b 30 55 61 67 64
6b 6a 68 67 68 67 50 33 2f 49 65 6c 6a 6a 69 69 68 68 6a 6a 6c 6b 2c c 48 6a 6c 6c 6d 6b 6a 67 68 6a 67 64 51 30 39 50 5d 69 6b 6a 69 67 64 60 5e 5d 5a 4e 49 56 5d 5a 64 66 5d 5e 62 60 64 5c
63 51 26 2a 58 68 6d 6b 69 69 67 5d 44 2c 3c 5b 64 5e 5f 64 67 69 60 51 30 2a 51 6a 6c 6a 67 6b 63 34 1e 47 61 63 65 67 69 69 63 50 38 2f 46 62 67 65 69 68 67 62 47 1f 32 5f 69 68 69 5f 5b 5d
54 50 54 5f 61 63 57 51 4d 48 47 53 62 66 66 69 68 55 38 2d 44 5d 66 67 68 68 68 48 20 34 5e 69 6a 69 66 53 2f 28 48 62 69 6c 69 69 57 2f 2d 4a 5f 68 6a 6a 6a 69 62 35 21 40 5d 6a 69 67 65 5c
62 63 63 5f 4c 38 41 57 64 6b 69 66 67 69 68 6b 6a 68 42 13 32 66 6c 6c 6c 69 63 65 68 68 6a 6b 63 47 24 31 57 68 6a 6c 69 67 64 61 63 67 63 5f 5d 49 35 3d 58 67 6a 69 67 68 66 62 5a 54 55 55
60 48 30 3e 5c 69 6a 68 6a 6c 6c 6a 6b 69 69 47 17 30 62 6c 6a 6a 6c 6c 6c 6a 6b 6a 69 69 64 3d 24 3e 5d 69 6a 6a 6b 69 6a 6a 68 64 60 53 49 52 53 4b 54 62 65 64 67 64 5f 62 62 5e 59 53 56 59
54 65 67 64 60 5c 56 4c 3f 40 52 65 6b 69 67 67 4f 2d 38 53 60 64 66 66 68 6b 68 45 21 3a 58 62 69 6c 6a 69 63 4b 29 2c 55 69 6c 6d 6a 6b 6a 35 e 3d 68 6c 6c 6a 67 67 60 48 32 35 53 64 65 64
45 5d 68 6d 69 69 6b 6b 61 25 13 4d 6c 6c 6e 65 61 66 65 64 60 4c 4a 46 4e 59 52 58 65 6b 67 68 69 5f 3a 24 47 64 6a 6b 6c 6b 6a 68 68 38 11 40 69 6e 6c 6c 67 61 5f 62 59 48 3b 4a 5e 66 6a 65
66 5f 44 43 52 53 51 5c 64 67 66 66 69 6a 53 20 2c 5a 68 68 69 6b 69 6a 6a 59 17 1b 5b 6b 6c 6c 6a 6b 69 69 5e 19 1e 5d 68 68 69 6a 68 5f 5f 50 3d 46 50 55 65 6b 67 63 56 3e 40 55 60 61 64 62
50 55 5f 65 66 65 69 61 57 44 32 43 5a 65 6a 6a 6c 6a 69 57 14 1f 60 6b 6b 6b 6b 6a 6b 66 47 20 2e 59 6a 6c 69 68 69 69 69 63 42 27 33 55 6b 6b 66 66 6c 68 65 4f 39 3b 50 5a 5e 66 68 67 65 5a
65 67 64 51 33 35 53 64 69 67 68 6a 6b 69 62 41 1f 35 61 6a 6c 68 68 6a 69 6a 69 63 30 19 47 66 69 6a 6b 69 65 6b 6b 6b 63 33 17 45 67 6a 6a 69 68 68 67 66 64 56 3e 33 48 5e 67 68 68 66 62 61
55 57 61 66 5f 4c 3b 46 5f 65 66 69 6b 63 3e 2e 46 5c 65 68 6a 6a 5c 46 37 3e 55 66 68 65 68 69 61 45 29 36 57 67 67 6a 6c 6a 67 43 1b 36 5e 6a 6c 6a 69 6a 67 56 29 28 53 65 68 6a 68 62 59 50
4d 50 57 56 54 5a 5c 5a 62 66 60 4f 45 3f 47 59 61 68 6a 6a 6c 47 20 35 5a 69 6b 6a 6a 69 41 f 34 68 6a 6a 67 66 69 67 60 3c 1d 3b 62 69 68 68 65 62 61 54 33 32 54 62 65 66 63 61 56 4c 4c 53
4a 57 63 69 68 68 6a 69 6c 5b 21 1d 56 69 6b 6c 6a 6b 69 69 6a 64 3d 1c 3b 62 6b 67 68 6c 68 68 6b 69 69 4e 1a 29 60 6a 6d 68 69 6a 65 5e 5c 61 5a 4e 44 48 56 5b 5f 66 67 68 6b 66 56 50 52 52
53 58 61 66 68 6b 68 5b 3c 2b 42 5d 64 66 69 6b 66 66 63 38 1e 43 64 69 68 67 69 6a 62 5a 44 20 3c 67 6a 67 68 69 6b 48 1a 32 60 67 69 6c 68 66 5c 2a 21 4c 67 6a 6a 6a 5d 55 52 4d 49 4a 5b 5e
66 6a 69 61 5e 53 2f 32 59 67 6a 68 69 6b 69 65 44 22 35 59 69 69 6a 6b 6c 67 68 5a 26 20 52 67 6a 6a 68 67 6a 6a 6a 50 23 2f 55 63 6a 6b 6b 6b 68 69 6b 4f 28 2e 53 69 6b 66 63 65 61 5e 60 5e
6a 69 6a 68 42 1d 37 5e 6a 6b 6c 6b 6b 69 59 44 43 55 5d 5e 5d 59 5f 5e 55 53 4b 4c 60 65 67 66 68 6b 51 1b 28 5e 6d 67 63 67 6b 6c 6b 4d 28 2f 52 65 69 6b 65 67 69 65 62 59 33 2f 52 62 68 67
4e 55 5e 60 64 66 67 68 6a 63 5a 4a 43 4e 4d 55 63 6a 67 66 69 6b 6b 69 69 62 42 1e 35 60 6b 6b 6b 68 69 69 6a 68 6a 6a 6d 4d 19 28 5b 6a 6a 6c 6b 68 66 68 69 6b 63 59 48 48 50 4c 56 63 68 6a
5a 56 51 4b 4e 58 60 5f 60 66 62 52 42 3d 4d 5d 62 67 6a 6b 69 5d 2e 1c 4a 67 6b 69 6b 6a 6c 6d 2e c 45 67 6c 69 68 68 5e 3f 2b 3e 5c 67 69 6a 66 62 5f 50 33 31 54 67 67 65 66 64 57 49 4c 5b
65 61 3e 25 43 65 69 6a 67 6a 69 6b 68 2f 11 44 68 6a 69 6b 69 69 6d 61 2f 1c 43 60 6b 6c 6a 6d 6a 65 58 2a 20 51 69 6a 69 68 65 67 67 5a 3d 2d 44 5d 66 69 67 65 67 5f 56 48 41 4e 58 5e 65 65
61 67 60 3b 2d 44 5d 68 68 68 6b 5b 41 37 49 5d 65 65 68 68 64 3b 1b 3d 5e 69 6c 69 6a 68 4c 25 36 5c 65 6c 6b 69 4e 31 37 53 62 65 66 66 54 35 37 55 66 68 69 67 60 53 39 37 4a 59 60 62 67 67
4c 37 3e 55 64 66 67 68 6a 6a 67 55 22 26 58 6c 6b 6a 6b 69 6a 6a 41 19 37 61 6a 69 6b 69 69 66 66 5d 33 26 4d 64 6b 69 6a 6b 6c 69 47 2c 34 4f 69 6a 6b 65 63 69 67 66 44 17 3a 68 6b 6a 68 67
60 5d 52 50 49 53 56 54 5a 5c 63 64 64 69 68 65 60 26 19 52 6a 6b 6b 64 64 60 60 64 68 64 49 28 3a 57 66 69 69 68 6b 68 62 2c 24 52 5c 63 6a 6b 6b 6c 68 60 32 1a 48 68 6a 69 64 67 68 65 57 44
65 65 63 56 46 3d 49 5a 61 64 68 6a 6b 66 4b 1d 2c 5f 6c 6d 6a 6b 6b 6c 59 18 1c 5b 6b 6c 6b 6a 6d 6b 6e 5c 13 18 5f 6b 6c 6c 66 65 62 5e 54 46 46 51 53 5b 60 5f 55 56 60 66 64 5f 4c 35 44 62
57 4d 3a 43 53 61 64 66 67 4c 16 2a 61 67 6a 68 64 53 2d 2d 51 65 66 64 62 56 34 3b 63 60 59 51 4f 4a 4f 5f 66 61 33 2e 54 5d 62 5f 66 65 51 29 2c 4f 63 65 65 5e 65 62 36 29 44 55 66 63 5d 52
60 62 64 61 66 6a 60 3b 1d 3a 66 6c 6b 6a 69 5c 3b 31 4d 64 68 6a 6b 6c 5f 23 18 51 69 6b 69 65 67 67 5b 39 31 4b 5d 67 6a 65 5c 59 52 47 45 4d 56 63 66 67 67 61 5b 4c 3e 44 56 5f 63 66 64 5c
5e 4a 43 58 66 65 69 66 5a 53 53 38 3e 5a 64 6b 6b 6b 6a 6a 66 29 15 4b 67 6b 69 66 65 68 69 5f 56 3e 2f 47 60 67 66 68 6b 6b 67 43 1d 32 5d 69 69 6b 6b 6c 66 51 2c 2e 53 65 66 67 65 64 5d 55
62 64 66 52 35 37 54 63 6a 67 5f 56 56 58 4c 49 54 60 62 57 47 50 55 55 5e 64 68 63 3e 20 3c 64 6b 6a 69 69 60 20 14 4f 6a 6b 6a 6a 69 6a 5f 2b 1c 47 61 6c 69 67 65 5b 44 36 45 5b 61 5c 63 62
45 47 58 63 65 68 66 63 53 4f 59 59 57 58 57 53 51 56 5e 61 64 69 69 66 55 31 2d 4e 60 67 67 67 6a 6a 6b 63 52 35 23 47 67 69 6c 6b 69 6b 6a 68 58 13 1e 63 6a 6b 66 60 64 6a 67 68 62 4c 2c 31
67 6b 69 66 65 63 56 35 2e 4a 61 6a 69 6a 69 69 6b 6c 6b 49 13 2a 60 6c 6c 6b 6a 66 66 6a 6b 6a 53 20 25 56 68 6c 6b 6b 6a 69 64 62 5e 46 36 42 57 65 68 67 66 65 64 5d 60 56 42 43 58 64 62 61
65 66 64 62 5e 53 46 43 4b 57 63 67 69 6a 69 6b 66 4e 26 2f 5a 6a 6a 6c 69 68 6a 6a 65 45 28 35 57 6a 6b 69 69 6c 6a 6a 6a 5e 2a 19 4a 6b 6c 6a 68 6b 6a 6a 6a 64 49 2c 36 54 68 67 65 6a 6a 66
5e 4d 47 4a 4b 59 60 60 65 63 53 4b 4b 54 5c 5b 56 51 56 50 49 59 67 67 64 62 45 24 3d 61 69 6c 6a 67 58 1c 1e 59 6a 6c 6b 67 62 3c 27 3c 58 69 6a 67 6a 67 4f 2b 27 4a 64 6b 68 64 62 5b 50 46
50 5b 62 64 65 64 60 56 44 3d 4e 62 6c 68 60 60 5f 60 58 50 59 5e 5b 5c 5f 63 60 50 44 4e 59 5b 62 69 67 67 6b 6b 6b 66 22 10 51 6b 6d 6b 6b 64 5c 5f 69 6b 6a 68 3e 18 37 60 6d 6c 6b 69 64 5e
5c 60 66 68 65 64 59 4c 45 44 4d 5b 5f 63 67 68 6b 6b 61 31 14 40 67 6b 6c 6a 69 69 6a 69 46 1c 32 5b 68 6b 6c 6d 6b 6c 52 17 27 59 68 6b 67 67 6a 6b 69 3c 25 40 54 63 69 6b 6c 66 5d 55 4e 48
48 49 56 64 68 69 67 5d 2f 25 51 61 66 67 69 65 5a 46 2c 3f 62 67 6a 66 5b 3b 2e 48 5d 61 67 68 5b 4a 3d 44 57 60 65 68 63 4f 3a 35 46 5f 6a 69 64 66 55 32 31 51 63 68 69 63 66 5f 31 2c 4c 5f
6a 6a 69 68 5e 36 1c 45 67 6c 6a 6c 6c 6b 69 6b 6a 4d 21 2a 56 68 6a 6c 6c 6c 6b 6b 6b 69 55 33 29 46 64 6c 6b 6a 67 65 67 6b 6b 5f 48 33 33 4e 67 6a 6a 6a 68 67 61 5c 5e 56 4c 48 4b 5b 61 5f
63 68 69 67 67 65 5a 49 2f 3d 5b 64 6a 6c 6b 6b 69 6b 6b 66 4b 1f 2d 5c 69 6a 6b 6c 6a 6a 6a 6b 69 68 51 22 29 57 69 6c 6b 68 67 69 6b 6b 6a 63 47 27 31 57 6a 6a 6a 68 67 67 66 62 61 57 41 42
