47 4f 5e 61 57 49 3a 41 57 62 63 62 52 35 30 4b 63 69 68 5d 38 21 41 62 68 68 60 43 26 37 5b 68 68 62 49 25 31 59 66 68 63 4b 26 33 5a 67 68 5f 4a 32 38 53 62 63 5c 4d 43 44 4e 59 5b 57 51 4a
62 63 5d 55 4b 46 4b 56 5f 63 64 66 69 6b 69 50 26 2b 54 68 69 68 67 68 69 69 62 3a 1d 3f 62 6a 69 68 67 68 69 6a 6a 36 d 3f 6a 6b 6a 69 67 65 64 62 55 49 46 47 52 5e 61 63 63 61 5d 5a 57 55
67 69 69 68 69 68 66 63 53 37 2c 4b 6a 6b 6b 6b 6b 6a 69 6a 6a 6a 68 5a 3c 2c 3f 5d 6a 6b 6b 6b 6a 6a 6a 69 6a 6a 6a 53 33 36 4e 5f 66 68 69 69 6b 6a 68 66 62 58 4f 4c 4e 54 5c 61 64 64 66 65
57 46 3c 4b 5d 64 68 69 6a 69 68 51 19 26 60 6a 6b 69 68 69 69 68 51 21 29 59 68 69 69 69 69 67 61 3f 22 3d 60 68 69 68 67 67 65 56 32 2d 4f 64 68 67 65 62 61 5c 50 47 43 4f 5b 5e 61 62 61 5d
57 58 57 5a 60 63 66 67 67 66 61 5d 57 4d 47 46 55 65 68 68 69 69 69 69 69 6a 65 4d 31 32 4f 66 6b 6b 69 69 69 69 69 6a 6b 6b 6c 32 b 45 6c 6c 6b 6b 6a 6a 68 65 60 5a 55 51 51 53 55 5b 60 63
52 5b 60 60 5f 57 43 38 47 5a 64 67 67 66 53 2f 2e 4f 64 69 69 69 65 43 1d 36 5f 68 69 69 65 54 30 2b 4d 63 69 68 68 64 4f 29 2b 53 66 68 68 68 66 54 2f 28 4c 64 68 67 65 60 55 41 39 48 5a 60
5a 56 55 57 55 52 59 61 65 66 66 64 60 5b 53 43 3e 50 62 68 68 67 66 67 69 6a 65 4a 2b 36 54 65 6a 6a 69 69 68 6a 6a 6b 69 c c 6a 6b 6b 6a 69 68 67 65 60 5a 53 4c 4b 50 56 5c 62 64 64 62 5f
59 5d 60 61 61 62 62 5d 55 4d 49 4c 56 5e 61 65 66 68 6a 6b 66 3d 1d 3e 62 69 6a 6a 68 69 6a 6a 68 45 11 30 69 6b 6b 69 67 66 68 69 6a 6b 58 2f 27 49 63 6a 69 68 65 66 67 65 62 52 41 43 51 5c
5d 60 61 61 5b 4f 3e 3e 52 5e 64 66 65 66 63 4d 2e 33 55 65 67 66 66 67 62 44 25 38 5b 65 68 68 67 66 62 49 26 31 58 66 68 68 68 68 69 5b 1d 1b 5a 68 69 69 67 66 63 58 38 31 4e 5c 62 64 62 5e
5d 62 64 64 65 64 63 5e 56 4a 40 4a 5c 61 64 67 69 68 69 6a 6b 6c 3f 14 39 64 6b 6b 6b 6a 6a 6b 6a 6b 69 40 11 36 69 6b 6b 6a 68 68 67 67 67 67 57 3d 3a 4b 5a 62 66 66 66 67 67 63 5d 54 4f 50
45 46 50 5b 63 64 64 5f 49 2d 38 5a 68 68 67 67 66 4a 20 2f 5a 67 67 66 66 66 62 42 21 39 5e 67 68 66 66 65 50 28 2f 57 63 67 67 68 66 4b 23 30 5b 68 68 65 65 60 48 2c 3a 58 64 67 64 5e 54 4a
4d 55 60 65 68 69 6a 6a 6b 6b 6a 41 d 34 6a 6c 6b 6b 6b 6a 6a 6a 6b 6a 63 40 22 3b 5e 68 6b 6b 6a 6a 6a 69 69 66 57 41 3a 49 59 5f 65 68 68 67 67 67 64 5b 52 4d 4d 53 5a 5d 60 63 63 64 61 5e
65 65 55 34 2b 48 60 66 68 69 5f 2c 1d 49 63 69 69 67 55 22 24 57 67 69 67 60 4b 29 30 56 64 67 64 59 44 35 3f 55 60 64 63 5a 43 2e 3f 5c 66 68 63 50 37 34 4a 5d 64 63 5c 4c 3f 43 50 5c 5e 59
51 58 5c 5f 63 65 66 62 57 47 3a 44 5b 62 64 66 65 66 66 66 64 44 23 3b 5e 66 67 66 66 67 69 68 61 43 1f 35 60 6a 6b 69 68 69 69 6a 5c 24 1b 52 6b 6b 69 67 66 67 65 61 50 35 32 50 65 68 68 65
48 52 5b 5f 5d 59 4d 3f 3e 50 5f 63 65 5f 4c 38 36 4d 61 66 65 61 57 3d 2d 42 5d 64 64 64 5f 48 29 37 59 64 68 68 63 47 1e 30 5c 69 6a 69 5c 2c 1e 4a 66 6a 69 65 51 27 28 53 66 68 64 59 4b 3e
66 64 5d 55 4b 44 4a 57 61 67 69 6a 6a 6a 69 6a 6a 6b 48 e 2e 69 6c 6b 6b 6b 6a 6a 69 69 69 6a 6a 52 30 33 4e 5f 67 6a 6a 6a 69 67 66 67 62 57 4e 4b 4d 54 5c 61 62 65 65 65 65 60 5d 5a 56 56
55 59 57 51 4d 4b 49 51 5d 61 60 54 40 3c 45 56 61 62 5f 56 48 40 46 51 55 55 59 5f 61 5e 48 2e 38 57 65 69 66 52 29 2b 57 69 6a 67 44 1a 33 61 6a 69 67 4b 20 2e 5a 68 68 65 5c 3d 28 43 5e 63
53 4f 4d 4e 54 5d 64 68 69 6a 6a 6b 6b 40 11 36 65 6b 6b 6b 69 68 69 6a 68 58 32 2c 4b 5e 67 6a 69 68 68 6a 6a 6b 6b 41 16 36 61 6b 6b 6a 68 68 65 62 5e 56 4f 49 4d 55 5b 60 62 62 62 61 5e 5a
58 5b 5a 5a 5d 59 53 50 4e 53 58 5d 60 60 5f 60 56 42 3e 4d 5c 64 67 69 69 69 52 1d 28 5d 69 69 68 68 6a 67 49 19 2f 62 69 69 67 68 69 6a 63 30 19 47 64 69 68 69 69 68 61 4a 33 38 50 63 67 65
60 5f 5a 52 4b 49 55 5e 60 62 64 65 68 5f 3c 2b 46 60 67 69 69 6a 69 69 51 1e 28 5b 68 6a 69 69 6a 69 68 56 1b 21 5e 69 6a 68 66 67 67 68 67 49 24 35 5a 65 66 67 66 63 63 60 55 47 45 4e 58 5f
5c 5f 61 64 63 61 5e 4e 39 3f 57 63 65 67 68 6a 6a 6a 59 21 20 58 68 69 6a 68 68 6a 6a 69 51 18 25 60 6a 6b 6a 68 67 69 69 68 5d 37 22 44 63 69 69 67 67 65 62 60 59 4c 47 4b 53 5b 5f 62 62 5f
47 47 54 5f 63 67 69 69 6a 6a 69 6a 69 63 48 1e 30 62 6b 6c 6b 6b 6a 69 6a 6a 6a 6a 6a 6a 4d 24 2f 55 66 6a 6b 6b 6a 6a 69 69 68 64 5b 4f 4b 4e 50 55 5e 64 66 67 67 65 62 60 5f 5b 59 56 55 59
59 57 53 4d 46 43 4d 5d 64 63 56 3f 2e 3f 5c 66 67 62 41 25 38 5b 66 67 62 42 22 38 5b 66 68 64 47 23 33 5b 66 67 62 49 2c 37 56 64 66 61 47 2e 39 58 63 64 61 4f 38 39 4e 5d 61 5d 57 4a 44 4b
5a 59 52 4c 4f 56 5c 5e 60 62 5e 56 44 39 4a 5d 63 64 65 66 67 5b 32 26 4b 63 67 67 67 69 66 57 2d 25 4f 65 69 68 68 6a 68 4d 18 29 62 6a 69 68 68 69 66 54 29 29 53 66 67 66 65 63 5b 4d 41 48
5d 5b 52 4a 4e 52 55 5c 61 65 5e 49 3c 46 56 60 65 65 5b 3d 34 4e 62 68 69 66 52 27 2d 58 66 68 69 68 65 4a 21 2e 5b 68 68 68 69 69 58 1b 20 5d 68 69 67 66 68 63 48 29 36 58 66 67 63 61 59 4f
57 5c 5f 61 60 5e 55 49 42 45 54 5f 65 66 65 67 66 49 23 32 5b 66 68 69 68 69 67 57 1f 1e 58 69 6a 69 68 68 68 5e 29 1c 4e 66 6a 69 67 67 67 5f 3f 2d 41 57 62 65 65 65 61 58 4d 48 4c 51 58 5e
4c 4a 4b 51 5c 61 62 5e 4d 38 38 4f 62 67 67 66 59 34 29 47 5f 65 67 66 5d 42 2a 3c 5d 65 67 66 5f 4d 2b 32 58 64 68 69 67 57 26 23 53 66 68 67 67 66 3e 1a 39 61 68 68 65 61 4e 35 38 50 60 63
4a 4c 58 5f 60 61 61 60 55 44 3a 48 5d 63 65 65 64 65 5f 42 26 3f 5f 66 66 67 67 66 5f 3f 24 3d 5f 68 69 68 67 67 61 35 1b 43 64 69 69 69 69 68 5f 32 19 44 68 6a 68 67 65 61 56 42 38 47 5c 61
62 63 5f 58 4c 43 48 55 5f 64 64 66 69 6a 6a 41 19 39 62 6a 69 69 69 69 69 5f 35 20 44 62 68 69 68 68 69 6a 68 48 15 2d 64 6a 6a 69 67 66 65 63 59 42 37 47 59 62 64 63 64 62 5f 5b 51 4c 51 55
66 66 67 64 5f 56 50 4c 4c 53 5a 63 67 69 69 6a 6a 6a 6b 6a 5f 40 18 38 6b 6b 6b 6b 6a 69 69 69 69 6a 6a 6b 6a 3e 1e 3e 5c 67 6b 6b 6a 6a 68 66 64 61 5c 55 50 50 53 57 5c 5e 62 65 64 63 62 5e
66 65 64 5f 58 4c 3b 40 5a 67 68 68 69 69 6a 6a 6b 69 2f e 47 6b 6b 6b 6a 69 68 69 6a 6a 67 4f 1d 28 5e 6b 6b 69 68 67 68 67 66 64 5a 41 35 49 5c 63 66 66 66 66 64 62 5d 58 50 4c 52 58 5d 60
4b 4e 56 5d 60 63 5f 4e 3a 3e 53 5f 66 69 67 59 35 2d 4d 60 67 69 69 60 39 20 41 63 69 6a 68 67 55 23 25 56 67 68 67 66 66 5f 43 24 38 5d 66 65 64 66 69 64 4a 27 32 56 65 67 65 62 5c 50 47 49
4a 3e 41 53 61 66 69 68 5c 37 22 41 62 68 67 66 69 63 39 20 3f 5d 66 68 68 66 52 29 2a 51 64 69 68 65 54 2e 2b 50 63 66 65 66 61 44 24 3a 5e 65 66 63 62 59 44 35 42 59 63 62 5e 56 4f 48 4a 51
63 65 66 63 60 5e 56 49 43 4b 5b 64 68 69 69 6a 69 6b 6b 6b 42 c 34 6b 6c 6b 6b 6a 69 69 69 6a 6a 6a 5e 2f 1b 48 6a 6b 6b 6b 6a 69 68 66 63 5f 57 49 43 4e 59 5e 63 66 66 64 64 61 5d 59 56 55
5c 51 44 43 4f 5b 61 65 66 68 6a 6b 6a 46 10 2f 68 6b 6b 69 67 67 69 6a 63 3e 24 3d 5b 66 6a 69 67 68 6a 6a 67 44 12 32 69 6b 6a 67 65 64 65 64 5c 4e 40 42 54 5c 5e 63 63 62 61 5d 57 54 52 52
5e 64 66 67 68 67 64 60 5a 4b 3c 40 57 66 68 69 69 68 68 6a 6a 6b 6b 3b 13 3d 64 6a 6b 6a 6a 6a 6a 69 6a 6b 69 44 16 33 63 6c 6b 6b 69 68 67 66 64 60 59 4b 43 4a 57 5d 61 66 67 65 63 62 5e 57
46 3f 4b 5c 65 67 68 69 6a 6a 6a 57 1e 21 5a 6b 6b 69 69 68 69 69 68 61 32 1f 4c 64 68 69 68 67 67 69 69 66 50 29 2f 56 66 69 68 68 68 67 67 64 53 39 37 4c 5e 66 67 67 65 64 61 5d 56 4d 4b 52
51 55 5c 5e 5e 61 63 60 5a 49 3c 45 57 60 63 67 69 6a 6b 58 1f 1f 57 69 6b 6a 69 68 69 63 3b 1c 3d 62 69 69 68 69 69 69 60 3c 1b 3b 65 6a 69 67 66 66 67 5e 47 34 3d 57 62 64 64 64 61 5c 55 52
57 5c 62 61 5d 4f 3a 3c 54 64 66 65 65 5d 49 2f 3c 5c 65 65 61 5b 5b 5e 54 3f 3d 4c 59 63 67 6a 6a 66 38 17 3e 65 69 69 6a 67 57 2b 27 52 63 68 6a 6a 66 45 1e 32 5d 69 6a 67 62 54 41 3e 4d 5a
4e 56 5c 5f 61 62 5a 45 33 42 5b 64 67 67 68 67 4e 1d 2a 5d 69 69 68 68 69 5d 24 1e 55 66 69 68 68 69 64 42 1e 38 5f 67 68 68 66 58 35 2e 4f 63 66 65 63 5e 4e 39 3d 54 60 5f 61 62 5f 52 45 48
63 64 65 62 5d 53 43 3f 4b 5a 65 68 69 69 6b 6a 69 4e 18 28 5f 6b 6b 69 68 69 6a 6b 64 3b 1d 3c 60 6a 6b 69 68 69 6a 68 5d 36 1e 43 66 6a 6a 68 64 64 65 66 60 4b 36 3e 56 60 64 65 63 62 63 5f
62 5f 50 3c 3c 50 5e 65 69 69 69 53 20 25 58 66 6a 68 68 65 4a 24 30 59 67 68 68 66 5e 49 2d 36 57 63 67 68 68 62 49 26 34 5a 65 68 67 68 68 56 27 25 52 66 68 66 65 5e 4b 3f 44 51 5b 5e 5e 5b
60 58 4d 48 4c 54 5d 66 69 69 6a 6a 6a 6b 6b 6b 4e c 27 6b 6c 6b 6b 6a 6a 6a 69 6a 6a 6a 6a 54 33 32 4e 60 65 68 69 69 67 68 67 65 62 59 51 4d 4f 55 59 5e 61 65 65 64 63 61 5e 5b 57 56 59 5a
3e 3a 34 39 3e 38 3d 3e 3e 3b 35 37 3a 36 3c 3c 3f 3c 34 39 3b 36 35 38 3d 3c 38 3b 3a 34 38 3a 3c 39 36 38 3c 38 39 3a 3d 39 31 37 3c 37 3a 3c 3d 3b 36 3a 37 31 3b 40 42 3c 33 39 3c 38 39 39
53 46 42 4e 5c 62 65 65 63 58 35 2b 4e 63 65 66 67 69 65 40 1d 37 60 69 68 68 68 65 49 25 34 57 65 67 67 68 63 48 24 33 58 65 68 68 68 64 49 27 33 59 66 66 65 64 5b 4d 3c 3d 51 5e 62 60 5c 59
60 64 65 66 64 60 5b 4e 3b 3f 55 63 67 68 68 69 6b 6b 6b 5f 12 15 64 6c 6b 6b 69 68 69 6a 6a 65 40 1b 37 62 6b 6b 69 68 67 66 66 62 5b 49 3b 45 56 60 64 65 66 64 61 5f 5a 55 53 53 53 59 5d 5d
5f 51 3d 3b 4c 5d 66 67 5f 44 28 3a 5c 67 69 69 58 29 22 50 68 6a 68 56 27 26 54 65 6a 69 5a 26 1f 52 66 68 67 5e 47 2c 3a 59 62 64 62 57 47 3e 44 52 5b 5d 59 51 4f 53 4f 4d 54 54 55 56 54 53
60 5b 48 37 42 57 63 67 67 68 68 68 65 31 15 46 66 6a 69 69 69 69 67 54 22 25 57 67 6a 69 69 69 67 64 48 24 32 59 68 69 68 67 66 65 62 45 29 3c 5c 65 66 64 62 5d 5b 5d 55 4a 47 4f 5b 61 60 5c
60 64 61 55 40 35 47 5b 66 68 67 69 68 52 1f 26 59 69 6a 6a 69 67 5c 2f 20 4a 64 69 69 69 67 66 54 23 26 56 67 69 68 68 67 66 58 31 29 4c 62 68 65 62 5f 5c 58 4d 41 43 52 5e 62 61 5d 5b 55 50
63 64 62 54 3b 35 49 5d 66 69 6a 69 61 2a 19 4d 67 6a 69 68 67 5b 2c 23 4d 63 68 68 68 67 5c 39 25 42 5e 67 69 68 66 5b 39 2d 46 5c 66 68 67 65 56 38 2e 49 60 66 65 64 5b 4c 3f 44 53 5c 5e 5e
5a 5d 60 5f 5c 59 54 4b 48 50 5a 5f 61 63 61 61 62 5b 42 33 47 5c 62 66 67 69 69 68 5b 2c 22 4e 66 69 68 68 69 69 67 51 1c 25 5c 69 6b 69 67 67 68 69 5e 30 1d 47 67 6a 69 68 66 64 5e 53 43 41
49 4a 55 5f 62 63 64 65 65 63 57 39 2f 4c 63 67 66 65 64 68 69 68 58 2c 25 4f 65 69 68 67 67 69 6a 69 5f 2a 1b 4e 67 6b 69 67 67 6a 6a 68 4e 1e 29 5d 6b 6a 69 68 66 65 5f 50 42 40 4e 5b 62 65
4b 49 4f 58 5e 60 5d 53 43 3d 47 58 61 63 63 5c 4a 36 3c 51 5f 63 65 63 55 36 2c 4a 61 67 68 66 52 2e 2b 4e 64 69 68 64 48 23 32 59 65 68 69 67 48 17 2d 61 69 6a 68 62 4e 31 32 4f 61 65 62 5a
60 5b 52 49 42 47 55 60 64 65 60 4f 37 37 4e 5f 66 68 66 5a 32 24 49 63 68 69 68 64 39 1b 3d 63 69 69 68 60 36 1f 43 62 68 69 68 5b 36 28 47 60 67 68 66 5d 41 28 3b 5d 66 66 62 5b 51 42 40 4e
57 5b 60 5f 58 52 48 47 54 5e 60 64 65 63 58 40 37 4c 5c 64 67 68 68 66 4a 1f 32 5f 68 68 68 68 67 60 36 1f 44 64 68 68 68 69 69 60 31 1a 46 67 6a 69 67 68 69 62 41 25 3e 5e 65 67 65 64 5c 52
46 43 50 5e 63 63 5a 43 30 42 5a 65 69 68 5b 2f 23 4a 64 69 68 63 46 26 37 5c 67 67 62 4d 32 34 51 62 66 65 5c 3e 30 42 57 64 67 67 5a 32 24 49 63 69 69 66 53 2d 2d 50 60 65 64 5f 50 40 42 50
55 4c 43 49 58 61 64 66 67 65 5a 35 25 4a 65 68 68 67 68 68 5d 33 23 48 62 69 69 69 69 65 4f 23 2c 59 66 68 69 69 69 63 3b 1c 3e 63 6a 69 67 65 62 59 3d 2f 48 60 64 64 62 62 5d 52 49 47 4e 58
4c 4e 57 5e 62 63 64 62 60 58 3f 36 4b 5f 65 67 68 69 69 6a 5d 24 1a 52 69 6b 69 69 69 69 67 56 26 24 53 66 6a 69 68 67 68 68 5d 31 1f 48 65 6a 69 67 66 64 62 5a 46 3c 48 57 60 63 63 62 60 5b
5c 5b 55 52 57 5d 5e 61 64 66 64 62 60 59 4d 48 49 53 65 69 69 69 67 66 67 66 60 4d 37 3b 51 63 69 6a 6a 69 6a 69 6b 6a 6c 6c d a 6a 6c 6c 6b 6a 69 67 65 61 5e 57 4f 4e 4f 54 59 5e 64 64 63
4f 49 49 53 5a 5a 55 4e 48 46 4f 59 5e 5d 4f 3a 3a 4d 5d 64 65 54 31 2b 4c 63 69 67 59 35 22 44 64 68 66 59 31 23 49 64 69 67 58 2b 23 4d 65 68 66 5a 36 23 44 62 68 63 57 43 37 43 57 5d 5c 58
5d 60 60 5b 4a 39 3b 53 64 67 68 64 55 31 28 4c 65 68 67 66 61 3f 23 3b 5b 67 69 68 61 47 29 35 57 66 68 67 61 47 2c 36 54 63 68 69 66 55 26 25 52 66 68 68 67 5e 40 2a 3d 57 65 67 63 5d 4d 43
5b 5b 5c 5d 5f 64 67 68 65 64 61 5a 52 4d 4c 4e 54 60 68 69 69 69 6a 6a 6a 69 69 60 48 24 30 5f 6a 6b 6a 6a 69 66 65 68 69 6a 6a 6b 6c 49 1b 32 5e 69 6a 6a 6a 69 68 68 64 62 5c 52 4d 4f 55 5b
62 62 5f 55 44 3d 4d 5e 66 68 69 69 69 69 6a 68 42 19 35 63 6b 6b 69 69 68 6a 6a 6a 69 50 1d 27 5c 6a 6b 6a 69 68 68 69 69 69 65 44 27 3a 59 67 69 6a 69 67 64 64 62 5c 52 4b 4b 50 58 5f 63 65
50 55 5d 60 60 5a 49 3c 43 54 5f 65 68 65 51 37 38 50 61 65 66 5e 48 31 40 5d 67 69 68 59 30 26 4d 65 68 68 68 63 43 1e 35 5f 67 68 68 68 65 4d 23 2c 58 66 68 68 67 65 58 39 2c 44 5e 67 66 61
