6a 69 68 65 64 63 5a 4a 40 44 53 64 69 6a 6c 6a 69 68 6b 6b 6b 65 25 14 51 6a 6d 6c 6c 6b 6a 68 68 6b 69 68 63 38 29 46 5a 67 6b 6a 68 69 68 67 68 65 63 55 42 44 52 5a 61 66 63 63 65 66 65 5f
60 65 67 69 69 69 6c 65 21 13 52 6c 6b 6a 69 6b 68 6a 62 4b 43 57 5b 5b 63 63 58 47 46 57 64 68 64 66 66 53 39 3d 58 66 6b 69 66 6a 68 67 51 1a 25 5d 6b 6c 68 68 69 63 55 4b 4d 54 5a 5b 5e 5f
5c 54 49 4c 52 5c 66 67 6b 68 62 58 4c 31 35 5b 67 6b 6b 68 6a 6b 6c 69 3b 1a 3d 5c 67 6c 68 68 68 6a 6a 6c 43 11 32 63 6b 6c 69 6a 6a 6a 69 54 1a 24 5c 6a 6c 69 63 61 64 66 5f 4b 3d 44 4f 5e
5d 4f 45 4f 59 57 57 5a 64 66 5e 47 34 40 57 68 67 64 60 52 42 3e 4f 5d 60 67 67 58 36 26 44 61 6a 6a 69 69 60 28 17 4b 67 6b 6b 67 67 52 24 2a 54 63 68 6a 65 5e 4b 3d 41 4c 55 5e 65 64 63 56
52 5d 5c 54 55 5d 65 63 63 66 62 54 3e 3b 4d 5c 68 69 68 6c 6b 6a 63 2d 1a 48 64 6c 68 66 6b 6b 6b 6a 4a 13 29 62 6c 6b 69 69 66 68 6b 6c 67 3d 19 38 61 6a 6b 6a 67 64 62 5e 5d 57 54 4c 47 56
3f 4f 5c 5c 60 64 66 66 5c 33 24 4c 64 6b 6a 69 67 64 3b 20 3f 5d 66 68 6a 6b 6a 61 20 17 50 67 6b 68 69 6a 6a 62 23 16 51 66 6a 6a 69 63 61 63 57 47 3c 46 57 5a 61 64 66 67 5d 54 4e 43 4b 59
69 68 68 64 4b 2d 36 57 67 67 6a 6c 6a 69 6b 6a 6a 6a 6b 5d 26 19 4f 6a 6c 6a 6b 6b 69 69 69 68 6a 69 6a 60 47 37 3b 52 64 6a 6b 6a 68 62 60 61 64 68 63 53 4a 4e 55 5a 5d 62 65 62 64 64 63 5e
4f 4f 4d 51 5b 64 67 65 65 66 68 6a 6a 6d 4c d 29 65 6d 6c 6a 6a 68 64 65 67 69 69 66 54 2c 27 4e 66 6b 6b 6a 67 64 66 69 68 68 5e 53 3d 3b 52 5f 64 63 66 66 61 61 60 5d 60 5c 5a 5a 4a 46 59
5f 63 67 60 60 60 42 2c 46 61 66 66 65 68 69 66 59 3c 2a 44 64 68 6a 6b 6c 69 68 48 19 30 61 6a 68 6a 6a 69 69 6a 62 42 1f 36 5e 69 6c 6b 6b 6a 6a 6a 68 3c 1f 3d 5d 6a 68 68 62 61 5e 61 5d 51
51 50 56 62 68 6b 67 52 28 25 51 67 69 69 6a 69 68 59 1d 1e 58 66 68 67 62 56 50 59 56 4b 4f 56 5a 57 53 4f 56 5c 5e 64 5f 4d 35 3b 52 61 67 67 69 6c 5f 1b 17 5a 68 69 6b 6a 6a 51 31 3b 49 55
56 5f 61 62 61 61 54 3c 39 4c 5b 62 64 68 6a 69 5b 31 1e 43 66 6a 6b 67 67 63 51 2e 2a 51 68 69 69 67 68 60 33 1d 44 62 6a 6b 6a 69 63 42 1e 35 5f 69 6b 6b 69 63 58 41 35 45 59 61 5f 64 61 52
4f 4e 58 5d 56 53 54 56 5e 66 6a 6a 6c 66 1b f 58 6a 6b 6c 67 61 46 38 53 64 67 68 58 46 3d 44 57 5f 64 64 5e 47 3b 4c 5e 68 6b 67 69 68 5f 37 20 41 60 69 67 64 66 64 5f 50 43 40 49 5b 68 63
64 60 53 4a 4b 4f 5c 5f 61 65 66 66 67 5b 35 2f 4f 5f 66 68 69 6a 69 68 56 33 2e 49 60 6a 6a 6b 6c 6a 65 33 17 41 65 69 6b 6a 6b 6a 6b 64 2d 15 47 66 6c 6b 68 67 67 67 64 57 37 33 52 60 65 67
60 55 44 47 54 62 65 65 68 6a 69 65 66 67 66 62 3e 27 44 61 68 68 6a 6a 68 67 6b 6a 69 6a 6a 5e 2e 1f 49 65 6b 6b 6c 6c 67 67 6a 6a 6a 68 67 5b 37 27 47 64 68 68 69 69 68 67 62 61 62 58 53 53
57 5d 65 6a 6a 65 66 57 2d 2c 53 68 6a 6c 6a 6b 6b 6b 51 11 25 64 6c 69 6a 6c 6c 6a 6b 64 31 15 44 68 6c 6b 6a 68 68 66 5d 50 50 4e 42 4b 5b 64 64 64 66 69 67 5c 44 3e 50 59 60 60 5e 64 62 5b
4c 51 59 62 64 63 62 4f 30 30 52 66 63 5f 67 65 3e 29 43 5c 64 68 69 67 60 2d 19 48 67 69 6b 64 43 2d 3f 58 69 69 63 52 3f 36 3e 5b 67 69 63 62 4f 35 3c 50 5c 66 67 69 5f 3c 31 48 54 5c 65 67
4b 59 62 65 6a 6b 6a 67 69 6a 5b 32 1f 46 69 6c 6c 6b 6a 6a 6a 6b 6c 66 44 1a 33 60 6a 6c 6a 6a 6a 6a 6b 69 68 54 25 29 55 65 67 69 6a 6a 69 68 67 64 5d 49 37 42 58 63 63 66 69 6a 67 5e 58 57
54 4a 47 4d 5a 67 6a 6b 6b 69 6a 69 6a 52 1c 25 5c 6b 6c 6b 6a 69 69 69 69 6a 65 54 3a 28 42 66 6c 6b 6a 69 69 6a 6a 6a 68 5a 27 1f 52 6b 6c 6a 6a 6b 68 66 67 65 58 45 3c 49 59 60 62 65 66 68
3e 3e 52 5b 5e 61 63 61 60 59 50 3e 44 56 61 64 64 64 5e 4d 3b 41 52 62 65 5f 62 64 54 41 3e 4a 5c 61 61 61 5f 5c 63 5f 36 27 48 5a 67 6a 6a 6b 60 27 1a 50 69 6b 69 69 69 5e 18 18 59 67 6b 6a
62 5a 4b 47 46 52 62 61 65 66 66 67 6a 6a 6c 6c 2b c 48 6b 6d 6c 6b 68 66 69 6a 6a 66 48 24 31 57 69 6a 69 65 65 69 6a 69 69 65 52 2e 2f 4f 63 6b 69 69 67 65 66 64 5d 59 53 49 49 50 58 62 6a
5a 3c 2d 4b 5f 64 6b 6a 6b 66 52 25 24 53 68 6c 69 68 68 6b 56 13 1e 61 6a 6b 65 61 64 65 5e 4b 2f 39 51 60 67 67 67 66 59 49 43 43 51 5f 5f 64 68 65 5a 4b 33 3b 5e 68 6b 6a 65 45 32 48 61 61
63 65 51 34 39 53 60 64 69 69 68 68 69 6b 60 13 17 61 6c 6c 6b 6a 6b 6a 6b 68 40 1a 34 5d 6a 6a 6a 6a 68 69 68 56 33 2b 4d 63 6a 68 69 68 63 60 57 45 3e 49 62 6a 64 5e 64 60 56 56 58 57 56 54
57 5d 65 64 5d 56 36 28 4d 64 68 6a 66 62 5a 3d 2e 4a 66 68 68 69 68 4b 23 31 59 64 69 6c 66 5a 46 31 3d 58 63 69 69 69 50 1c 2a 5e 6a 69 68 61 4b 37 3e 53 65 65 62 58 54 54 51 4c 4c 58 5e 59
5e 61 5e 5a 4b 46 55 5e 5e 5e 5f 62 63 64 67 58 3e 3d 50 5b 62 66 68 6a 6c 6b 69 55 21 20 54 6b 6c 6b 6a 69 69 6c 6b 6b 3c c 36 69 6d 6b 6b 68 62 64 69 6b 6b 60 33 24 45 5e 6a 6b 6a 6a 65 66
50 4a 43 4e 62 67 68 67 69 56 1f 27 5b 69 6a 6b 69 66 54 32 32 4f 61 65 62 63 62 60 63 54 35 37 53 61 61 68 66 62 4f 31 36 56 64 68 6a 69 5c 41 2d 3d 5b 66 6b 68 68 5d 3c 29 41 5e 67 67 68 62
65 64 5d 56 54 4f 54 59 53 53 60 67 67 5e 4f 49 54 5c 5b 60 60 56 54 55 50 5a 59 58 5b 57 65 6a 64 49 34 41 5b 6a 69 6a 6b 6a 6a 66 24 12 50 6c 6c 6b 6a 68 69 6a 6b 6a 3e 10 37 67 6d 6a 6b 6a
61 5f 55 4d 50 5b 60 57 55 5a 63 62 40 3c 5b 66 69 6a 6c 5f 36 23 43 62 64 69 6a 68 5b 44 35 41 58 67 69 69 69 60 3d 20 3a 61 69 6a 69 6a 6a 69 4f 17 26 5e 69 69 68 69 68 63 57 4a 3e 3e 53 61
5d 5e 5d 5e 5b 55 4b 4d 4f 50 60 62 62 64 68 69 4b 33 3a 48 61 6b 6b 6a 69 6a 5f 2f 1e 47 64 6b 6b 6b 6a 6a 5c 37 21 3e 62 6a 6b 6b 6b 69 6c 66 23 11 4f 67 6c 6b 69 69 67 67 5c 3c 2a 40 5d 67
54 5c 61 68 6a 6a 64 62 62 59 46 35 42 5b 66 69 69 6b 6a 6a 6a 6b 5e 1d 1c 58 67 6c 6b 6c 6b 6b 6c 6b 69 53 23 29 57 65 6a 6b 6c 6c 69 69 69 69 63 41 29 3b 59 68 6b 68 67 6a 6a 67 61 5e 4f 3b
6a 69 60 39 1b 3e 65 6a 6b 6a 66 64 65 66 69 6a 6b 57 13 1f 60 6b 6b 6b 68 66 64 63 63 56 53 59 51 48 50 58 59 60 67 69 6b 6b 5c 40 31 4b 67 6a 66 68 5d 57 51 4d 57 58 53 5a 5c 5e 60 5f 5f 5c
44 50 59 60 66 6b 6b 6a 67 68 6a 62 3b 1f 40 63 6b 6c 6a 69 6a 6b 6b 6a 66 59 31 20 4a 69 6a 6c 6a 6a 69 6a 69 69 69 61 35 1e 46 65 6b 6a 69 69 66 68 69 64 60 55 48 3f 4b 58 60 63 66 6a 67 64
45 44 4f 58 64 67 67 66 65 66 4c 28 35 55 67 6c 63 5c 62 67 6b 6c 50 1b 28 5a 6a 6b 6b 69 6b 5d 2e 24 4c 63 68 69 68 69 69 53 1e 23 59 69 6c 69 68 5f 57 5c 4e 37 42 5e 65 5d 5f 64 64 5c 52 54
59 55 54 5a 5f 5f 52 49 4b 52 59 5f 62 66 68 6b 4f 22 2f 5c 68 68 6b 6b 6a 61 18 17 5d 69 6b 68 68 68 65 5f 43 2e 37 51 65 67 5f 59 5d 5e 61 64 62 41 34 49 57 59 5e 62 62 64 62 63 63 48 2d 3e
60 65 60 60 51 4a 4b 48 4f 59 5e 64 69 6a 69 65 35 15 41 64 69 68 64 66 65 62 4e 3c 3b 49 58 61 63 62 68 67 64 53 27 2b 55 68 6a 6c 67 6a 5d 14 1b 60 6a 6c 69 68 66 65 4f 2f 2f 4e 64 6a 6b 62
59 64 69 6b 6c 6c 6b 6b 6b 6a 66 5c 3f 1b 3a 68 6d 6c 6c 6c 6c 6c 6b 6a 6a 68 69 65 51 3e 33 41 60 6c 69 6c 6b 6c 6b 6b 6a 69 67 61 4a 40 45 55 5e 5f 67 68 66 69 6b 67 65 62 5a 52 4b 4d 57 5f
5c 58 53 4c 53 54 58 5d 5f 64 67 66 62 48 2b 40 60 69 6a 6a 68 64 4b 28 37 58 63 69 69 6a 69 68 5b 21 1e 56 67 69 69 6c 6b 6a 61 2d 1b 49 64 6a 6a 69 68 68 6a 60 35 1f 40 61 69 6a 6a 68 62 58
62 63 66 62 44 37 48 55 63 69 6a 6b 64 38 1d 44 64 6a 68 69 6b 5c 2c 26 51 64 68 67 69 68 68 6a 34 11 42 66 6b 68 65 62 58 44 3f 51 59 54 5b 63 64 66 65 54 39 2f 4b 63 68 69 68 5e 53 54 4d 4e
63 66 66 67 67 66 5b 3f 31 47 5f 66 68 6a 6a 6a 6b 6b 6a 6b 5e 20 17 54 6c 6c 6c 6a 6a 6a 6a 6b 69 6a 5f 2f 1a 47 6a 6c 6b 6a 6a 69 69 69 6a 69 58 3e 30 46 60 64 66 68 68 67 64 62 61 5a 50 50
5a 56 59 53 53 4f 4d 4f 5a 64 65 66 54 30 35 53 5e 63 69 66 68 5e 36 20 44 63 67 6a 6b 6a 59 15 1b 5b 69 6b 6c 6a 69 61 42 24 31 54 6a 6a 69 6a 6a 59 3a 2b 41 5c 65 67 69 62 5b 56 4f 48 49 4d
5e 61 61 5e 48 3a 47 5b 66 66 65 66 68 67 65 52 3c 39 49 5a 65 68 63 64 64 65 64 64 62 41 2f 40 56 66 69 68 68 68 6a 6a 5d 16 19 5f 6b 6b 6a 69 6a 6a 69 5e 24 1a 54 6a 6b 69 68 68 64 61 52 44
60 62 54 51 50 50 5d 5a 51 56 5e 61 64 5e 48 33 40 59 66 64 67 69 6a 5d 2a 1f 4a 66 6a 69 69 68 5f 3d 28 42 5d 65 67 69 6b 65 3d 1d 3a 60 69 6b 6b 65 5b 39 29 47 61 6b 68 65 61 54 40 43 54 5b
5c 57 56 57 4b 4a 5a 66 68 69 69 69 69 5d 32 27 4b 60 68 6a 6c 6b 68 67 67 58 3a 36 49 57 61 69 6b 6b 6b 6b 6a 6a 60 2a 1a 4b 67 6c 6a 6b 67 68 6a 6b 6b 59 35 21 43 65 69 6b 6b 6a 68 61 5c 5b
5f 66 64 39 27 48 5f 65 67 69 6a 64 51 2f 31 51 63 69 68 66 64 51 30 32 4f 63 66 67 66 5f 49 33 3c 56 60 65 6a 69 5f 44 25 3a 5f 68 69 67 51 3a 39 4d 62 65 68 67 64 57 39 28 45 60 6a 68 66 5b
59 48 41 4f 54 5d 67 6a 69 6b 6a 6c 64 2c 13 46 6b 6c 6c 69 6a 6a 6a 67 53 36 35 45 5a 69 6b 6a 6a 69 68 6a 62 41 22 38 5e 69 69 6a 6a 69 69 6a 69 52 26 2b 56 68 69 67 68 69 62 5e 57 4c 48 4c
45 4f 5c 5c 64 6a 6c 69 68 5e 36 1d 41 65 6b 6c 69 6b 6b 6b 6c 58 17 1f 5c 69 6a 69 68 66 65 64 5e 49 3a 4a 58 56 58 5f 60 61 67 67 69 68 60 3b 1a 3e 67 6b 6c 6a 68 6a 66 61 49 31 3f 57 62 66
67 67 68 6a 65 50 2c 31 55 65 69 6b 6b 6b 6a 6b 64 43 22 3c 61 6a 6a 6b 69 65 65 67 66 52 36 34 4e 65 6b 6a 6a 6c 6b 6a 69 60 31 1f 48 63 6a 69 67 6a 6b 6a 6b 62 47 31 3b 53 63 65 66 6a 69 63
65 64 61 5c 51 40 3b 51 62 68 6a 6a 6a 6b 6a 6c 69 43 15 36 63 6b 6c 6c 6b 6c 6a 6a 69 67 5b 37 28 46 5f 68 68 6a 68 65 68 69 6c 6b 68 54 26 25 52 68 6b 6b 68 68 68 68 66 64 61 4e 3a 46 54 57
4f 59 64 66 66 5c 43 39 48 57 66 69 69 67 60 33 23 49 5f 68 6b 6b 68 63 46 29 3d 5a 64 66 67 69 68 5a 37 25 41 61 68 6b 6c 68 60 45 2c 3d 5d 67 69 6a 69 69 5f 3d 24 3c 60 6a 68 69 65 5e 55 4d
55 4e 4f 56 5f 5d 5b 61 66 5c 47 3e 4a 57 60 66 69 68 61 45 28 3d 5e 68 6a 6b 69 6a 68 3f 19 39 60 69 6c 6b 6b 6b 6a 5d 1e 1a 57 69 6a 6c 6b 6b 6a 6a 58 2d 20 48 67 69 6b 6a 65 62 5c 52 4e 4a
5e 5f 5c 5b 55 4a 48 50 5b 64 67 68 6a 6b 6c 51 18 24 5c 6a 6e 67 68 68 68 6b 69 4d 11 29 64 6c 6c 6a 63 58 54 5c 66 69 6b 65 30 17 47 69 6a 6a 6a 68 57 52 54 4a 55 63 65 62 5a 53 4c 4f 59 63
5b 67 64 68 6c 6b 6b 5e 2d 18 48 6a 6d 6c 6b 67 6b 6c 6b 65 21 16 55 6a 6c 6b 6b 6a 69 68 5b 36 35 51 57 63 66 67 69 62 61 56 37 38 54 5e 64 67 69 65 65 62 4f 3d 42 56 5f 61 64 65 61 59 5a 59
64 5f 63 67 52 32 38 55 61 66 6a 6a 6b 6b 58 17 1f 5d 6a 6b 6a 6c 6a 6a 65 2b 13 4a 67 6a 6a 6b 6a 6b 6c 68 3e 12 37 64 6a 6b 6c 6b 64 5e 54 50 48 44 54 5b 5e 65 62 5d 4f 48 53 5e 5e 59 5f 5e
62 69 63 5e 59 48 3b 42 51 66 6b 69 69 68 67 68 53 24 2d 59 67 69 69 69 66 63 69 63 46 31 36 4f 67 6b 6b 6c 6a 6c 5d 12 18 5e 6a 6c 6a 6d 6c 6a 65 46 1b 30 60 6b 69 6a 69 66 61 5d 58 50 45 43
5d 64 6a 6b 69 6a 6a 6a 69 63 51 2a 2c 53 67 6c 6b 6c 69 67 67 6a 6c 6a 6b 66 4f 28 29 52 6a 6c 6a 6a 6b 69 6b 69 68 68 6a 61 45 2d 3d 5d 68 65 65 6a 6a 69 6a 67 63 62 5b 56 54 4e 4f 55 5e 61
69 69 68 68 66 5b 49 35 3c 55 62 6a 6a 6a 69 6a 6b 6b 64 35 19 3f 63 6b 6a 6b 6a 6a 6c 6b 69 5a 28 1e 4d 67 6b 6b 6b 6b 69 68 69 67 50 2b 33 55 62 66 69 69 69 68 65 63 62 49 33 41 5c 65 65 66
62 67 66 64 5f 5b 5b 58 47 39 50 63 67 67 66 68 68 69 6b 6a 49 1b 31 5e 68 6b 6a 68 68 6a 6b 6a 63 31 12 44 69 6c 6c 6a 6a 68 6a 6b 67 60 3f 23 3b 5d 69 6a 67 64 64 62 65 64 60 58 4a 47 4d 51
48 48 56 60 64 68 6a 68 64 54 34 34 51 61 68 6a 69 6a 69 69 43 18 34 61 6b 6c 6a 6b 6b 69 68 57 22 22 55 69 6c 6a 69 69 69 64 5e 44 31 3e 54 64 66 68 6a 6c 6a 6a 57 2c 2c 52 64 68 68 69 68 5e
5e 42 29 3f 5e 6a 6a 6a 6b 6a 6b 5e 1f 1a 54 68 69 69 69 6a 6b 68 5a 38 20 40 65 6a 6b 6a 6b 68 62 49 2b 36 56 64 67 69 68 68 6a 60 49 34 32 4e 66 6a 6a 61 60 64 64 60 55 40 38 4e 5d 61 62 63
54 44 46 53 5b 60 62 65 66 5d 49 3c 45 4f 5a 64 64 63 60 4b 3f 4d 52 58 60 64 59 39 3a 52 60 6b 6a 67 62 37 19 40 63 68 6a 6b 6a 51 1f 24 55 68 6a 69 6a 66 53 37 31 45 5b 68 67 62 5d 55 4c 43
62 61 60 61 5d 47 3b 4a 5d 68 6a 69 69 6a 68 6c 6a 69 55 19 20 5e 6c 6d 6b 6d 69 66 66 68 6a 6b 69 57 25 23 53 69 6c 6c 6b 69 67 63 65 68 63 5e 51 3a 3e 50 60 66 66 68 69 67 66 62 5b 51 4b 51
63 6a 69 69 6a 6b 67 65 5d 34 22 47 66 6b 6a 6a 6b 6b 6b 6a 6a 6a 69 56 2c 25 4a 66 6c 6c 6b 6b 6a 6a 6b 69 68 64 60 47 2a 3d 5e 6a 69 68 68 6a 6b 69 65 62 61 54 4b 43 49 59 61 65 67 65 69 68
3c 4d 60 68 68 68 6b 67 67 50 29 30 59 66 66 66 67 67 68 69 6a 55 37 29 43 64 6a 68 68 6b 69 6a 69 5a 38 24 40 63 6c 6c 6a 6b 69 69 64 2f 15 48 6b 6b 6a 6b 69 67 64 59 4e 41 39 4d 62 68 6c 67
5b 58 5b 5d 4d 45 50 60 65 61 5d 5d 5c 54 50 58 5d 52 46 53 60 66 68 69 61 36 24 4a 66 6b 6a 69 68 64 39 19 3c 63 6a 6a 67 6a 6a 6b 5b 1a 19 57 6a 6b 6a 6b 69 62 43 22 3a 63 69 65 63 63 5d 53
4f 5b 63 54 4f 5b 5f 65 6b 6c 56 34 33 4a 62 69 6b 6c 6c 64 27 12 4b 69 6b 6a 6c 6a 67 61 3f 18 37 65 69 69 68 66 65 63 60 59 31 2f 50 5c 62 66 69 6a 6a 66 56 30 31 56 65 60 61 69 63 57 50 51
