55 4f 45 46 58 63 65 65 64 61 58 40 2b 41 63 67 66 65 66 68 67 53 21 27 58 67 69 69 67 68 68 59 22 20 56 67 6a 69 68 68 64 46 1a 32 63 69 69 67 64 61 5a 4f 38 38 55 63 64 64 61 5c 56 53 4d 4c
66 62 46 28 34 56 66 6a 6a 60 2f 19 45 64 69 68 63 42 1d 36 61 69 67 5d 3d 25 3d 5d 66 66 5f 44 2e 3e 57 61 64 5f 4b 36 3e 55 5f 60 5c 4f 41 40 4b 5a 5f 5c 56 4a 44 4d 52 55 5c 58 51 4e 4e 52
4c 4b 51 5b 64 68 6a 6a 6a 69 69 67 65 4f 27 2d 58 6b 6b 6b 6b 6a 6a 6b 6a 6a 6a 6b 5b 21 1d 56 6b 6c 6b 6b 6b 69 67 66 65 63 5c 54 4b 47 4e 59 60 63 64 65 65 64 62 60 5e 5a 59 58 56 56 58 5c
63 5d 52 48 47 4e 58 62 67 69 69 6a 6a 6a 6b 6a 6a 4d f 28 68 6c 6c 6b 6b 6a 69 68 6a 6a 6a 6a 66 3d 29 43 57 63 68 6a 69 69 69 67 65 62 5d 55 4d 4d 52 59 5d 60 64 64 64 62 61 5f 5e 5b 58 56
4c 4a 55 5e 5b 55 47 3e 46 55 5f 60 5f 50 39 36 4d 5e 64 63 59 3c 2c 42 5e 66 67 5d 3e 28 40 60 67 66 5c 3e 27 3d 5e 68 68 61 3d 20 3d 61 68 68 60 42 24 38 5c 67 66 5e 4f 36 33 4e 60 61 5d 56
5f 61 61 5e 57 47 3b 48 5a 61 65 67 67 68 5f 39 24 42 60 68 69 69 68 68 58 2a 22 4e 66 69 68 68 68 66 5e 39 23 41 60 68 68 67 68 68 68 53 1f 26 5a 68 69 68 66 65 61 54 3a 39 51 5c 61 62 61 5d
59 60 65 64 5c 49 39 3d 53 61 66 69 6a 69 4c 22 30 5a 68 6a 6a 68 63 3f 1c 3a 61 68 6a 69 69 65 4a 20 30 5c 69 69 69 68 65 58 31 28 4d 62 65 67 66 64 5e 4c 3c 3e 4f 5d 63 64 62 5e 54 4c 4b 4e
65 67 68 68 66 62 5b 51 48 44 4b 5b 65 69 6a 6a 6b 6a 69 6b 6a 66 42 12 34 6a 6c 6c 6b 6b 6a 6a 6a 6a 69 6a 69 51 2e 33 52 61 66 69 69 69 69 67 66 65 62 5d 53 4b 4d 53 58 5e 62 65 66 66 64 60
49 4b 56 5d 56 40 34 42 55 61 62 5a 37 23 42 5b 63 63 55 2f 23 47 60 65 5e 42 22 34 5b 63 61 54 35 2a 44 5c 5f 59 4c 3a 39 4b 56 59 56 49 3c 3e 4d 5a 58 52 4c 40 3e 4e 59 56 54 4f 43 3f 4b 55
61 5d 4b 39 41 56 61 66 68 69 6a 69 4a 19 2d 60 6a 69 68 69 69 68 5c 29 20 51 67 69 69 68 69 69 5d 2a 21 4f 64 69 68 68 67 64 55 33 2f 50 65 66 65 64 5f 57 55 4f 4a 4e 56 5d 5d 5d 5c 5a 57 56
46 3f 48 58 62 67 69 67 51 2a 2b 51 65 69 69 68 65 48 25 35 59 65 67 68 68 61 38 1f 41 60 67 69 68 67 5b 33 26 4a 61 66 67 68 66 51 27 2d 57 66 67 65 63 5c 48 36 43 59 62 61 5c 59 56 4e 49 4e
55 5f 66 68 6a 6a 69 69 67 66 5f 47 2b 38 5e 6a 6a 6a 69 6a 6a 6a 6a 6a 6a 69 56 2f 27 4c 66 6a 6b 6b 6a 6b 6b 6a 69 69 66 5c 43 32 43 5b 64 66 69 6a 6a 69 67 66 62 5b 53 4c 4d 53 58 60 64 65
65 68 69 69 69 68 67 63 5a 45 31 3f 5e 6a 6b 6a 6a 6a 6a 6a 6a 6a 6a 68 4d 25 2e 55 69 6c 6b 6b 6a 69 69 69 6a 6a 69 5a 3e 32 44 5b 67 69 68 69 6a 6a 68 66 64 5a 4e 49 4e 56 5c 61 63 64 66 65
50 4f 51 51 4f 4f 52 56 5b 59 53 49 41 47 53 5d 62 60 53 3f 37 43 59 63 65 61 49 2c 35 56 65 67 61 45 2c 3b 57 66 69 64 3e 1f 3b 5e 68 69 65 4a 23 2e 59 68 69 65 55 30 28 4c 64 66 62 5a 47 3e
50 4f 4a 4d 57 5a 58 53 49 40 45 55 5e 62 5b 44 32 3c 55 62 62 5f 4c 2b 30 55 65 66 60 4d 2c 2f 53 63 65 61 4f 2b 2c 51 62 64 63 59 33 20 45 62 66 66 5d 45 2b 36 55 64 63 5c 4e 3f 3d 4a 59 5b
61 5c 4e 3b 3a 4e 5e 65 67 63 4f 2f 33 51 62 68 68 64 48 20 2f 5b 68 69 67 61 40 23 39 5c 66 68 66 5a 39 27 41 60 67 68 66 59 36 26 47 62 66 67 65 57 3a 30 47 5d 63 65 60 52 44 3f 49 5a 5f 5c
5b 5e 5d 5d 58 53 53 53 55 59 5c 5f 5f 60 61 61 4e 3b 45 56 5f 64 66 69 6a 69 5b 2b 20 4e 66 69 69 69 6b 6a 69 51 19 25 5e 69 6b 6a 68 68 69 6a 68 33 14 44 65 6a 69 68 67 64 60 58 4c 44 4a 54
54 4f 4d 4f 57 60 61 63 63 60 52 39 36 51 64 66 65 64 64 63 4b 2a 38 5a 65 67 68 69 67 60 3e 1f 3c 62 67 68 68 68 67 5e 33 20 47 65 69 68 68 69 69 63 2d 17 49 68 6a 68 65 65 63 59 44 3a 47 59
58 4d 45 49 53 5c 64 65 64 5d 47 34 41 58 61 65 66 68 68 53 23 28 58 66 69 69 69 66 50 2c 31 52 64 68 68 68 64 4e 27 2f 56 64 68 68 68 67 59 2c 25 51 65 67 67 68 67 59 38 2d 49 5d 63 64 62 5e
5e 62 61 5a 4a 3d 3e 4e 61 65 64 65 63 52 30 2f 50 63 68 68 67 65 53 2b 2a 50 63 67 69 66 5d 41 2a 3f 5c 65 69 67 5d 42 29 3a 5c 68 6a 69 61 3d 20 3d 61 69 69 67 62 49 29 33 56 65 66 61 5a 52
47 48 50 5a 60 62 65 5e 42 2e 40 5a 65 68 68 65 4e 2a 30 54 64 68 68 66 56 2e 29 4e 62 67 68 67 5d 41 28 3c 5c 65 68 69 67 55 26 24 53 67 68 67 67 68 53 2a 2a 4f 63 67 67 66 5d 46 3b 46 54 5b
54 5b 5f 60 62 61 63 61 59 4d 40 47 5a 5d 5f 64 65 67 69 6a 69 50 22 2a 58 69 6b 68 66 66 68 68 64 49 29 34 56 66 6b 69 66 67 6a 6a 6b 59 11 1c 65 6b 6c 69 67 66 65 65 61 52 3b 3b 4f 5c 63 65
3e 46 58 63 65 62 56 36 29 48 60 67 69 66 51 26 2a 55 65 68 67 5c 3b 25 3f 60 67 67 65 59 30 22 48 63 67 66 63 57 35 28 45 60 66 66 65 58 32 28 48 60 66 65 61 53 3f 36 47 5c 60 5e 5a 51 4a 47
5f 62 60 5e 5c 52 46 45 52 5f 63 65 65 66 65 63 4e 30 37 55 65 68 68 68 69 69 67 4b 22 2f 59 68 69 69 68 69 69 69 63 2b 16 4b 68 6b 6a 69 67 68 6a 68 52 29 2d 52 63 68 68 68 64 62 5f 58 4c 47
4e 57 5f 63 65 60 52 3c 3b 4e 5f 66 67 67 67 55 31 31 52 63 67 68 69 67 4f 1f 2b 5d 68 69 68 68 66 51 2c 2f 53 64 67 67 69 69 67 51 21 28 58 68 68 67 67 67 65 54 36 34 4f 5f 63 65 61 5f 57 4f
56 4a 41 49 59 64 68 69 69 6a 6a 6b 6b 50 16 26 60 6b 6b 6b 6a 6a 6a 6a 6a 68 53 27 24 53 69 6a 6a 69 69 69 68 69 69 65 49 2a 35 56 66 68 69 69 68 66 63 60 5a 52 4c 4e 53 57 5e 61 62 62 61 60
5c 5e 61 63 62 63 62 5c 51 46 46 4f 5b 64 66 67 68 69 6a 6a 64 32 19 48 67 6a 6a 6b 6a 69 6b 6a 68 51 21 27 59 6a 6a 6a 69 68 67 69 6a 6b 6a 40 1c 3a 5c 69 6a 69 68 68 66 63 61 58 4b 47 50 57
62 61 61 56 3d 38 4c 5c 65 6a 6a 6b 63 2b 18 4c 67 6a 69 69 69 54 20 28 5a 67 69 6a 6a 68 50 21 2a 58 67 69 67 66 65 61 54 3a 32 49 5d 64 64 65 65 64 5a 44 3a 47 56 5f 61 60 5e 5d 58 50 4b 4e
5b 5d 5c 59 58 52 4e 4d 50 5a 5f 5b 59 59 5b 5b 55 4b 46 4b 55 5e 63 67 69 66 47 23 35 5b 68 69 69 69 68 4e 1f 2b 5a 68 6a 69 6a 69 56 16 1f 60 6a 6b 69 69 68 5c 3a 27 43 5f 68 68 66 60 56 4c
54 5c 63 64 62 56 3b 33 4a 61 67 66 65 5e 51 40 3e 4e 5c 61 5e 59 5c 63 62 51 37 34 4c 61 69 6a 69 68 4a 1f 31 5d 68 6a 6a 69 5a 22 1f 55 66 69 69 68 63 49 26 31 59 66 68 67 65 57 42 39 48 59
62 61 5d 52 43 41 4f 5f 66 67 68 69 6a 6a 6b 48 18 30 60 6a 6b 6a 69 69 6a 6a 67 55 25 27 56 66 6a 6a 69 68 68 68 69 67 50 29 2c 54 67 6a 68 67 67 67 65 64 5d 4a 3e 48 56 5e 61 63 63 63 62 60
62 60 58 49 3f 4a 59 61 65 67 66 68 6a 6a 4c 1c 2d 5e 6a 6a 69 69 69 6a 6a 5c 24 1b 52 69 6a 6a 68 67 69 6a 6a 60 33 1f 46 63 6a 69 67 65 65 66 67 64 51 3c 3e 4f 5b 62 64 64 63 61 5f 5d 58 51
62 63 62 62 5f 5b 53 47 42 4f 5f 65 66 66 67 69 69 68 4f 25 2f 58 67 6a 69 68 68 69 69 67 53 28 29 52 67 6a 69 68 68 6b 6a 6b 54 d 21 68 6c 6b 6a 68 66 64 5f 5b 53 46 45 50 59 60 64 64 61 5e
61 5b 4c 3d 40 53 60 65 69 6a 67 4d 1d 2c 5d 68 69 67 68 67 57 31 29 4b 62 67 68 68 66 50 2d 30 53 64 68 68 61 4d 38 3e 51 5f 67 68 64 4e 29 30 57 67 69 68 65 5a 3a 2f 49 5f 65 63 60 58 4e 4a
68 66 64 5f 54 44 3f 4d 5a 63 69 6a 6a 6a 6a 6b 6b 6b 6c 3f b 36 6a 6c 6b 6b 6b 6a 69 69 6a 6a 68 63 49 34 3f 51 5e 66 69 69 69 69 69 67 66 62 56 4a 49 50 58 5d 61 64 63 64 63 61 60 5d 59 58
5f 59 4d 43 3c 44 5a 63 64 63 5c 44 27 34 5a 66 66 66 62 4e 23 27 56 67 66 65 63 51 29 26 4f 65 67 66 63 51 27 27 52 64 66 65 62 4e 27 2c 56 64 64 61 5e 4f 36 36 50 5f 5f 5d 57 50 47 44 4d 55
58 52 4b 4e 57 5d 62 63 63 63 64 63 5c 46 32 44 5d 64 68 68 69 6a 6a 69 54 1d 23 5b 6a 6b 6a 69 69 6a 6a 67 47 1d 2f 5d 6a 6b 69 67 67 69 69 6b 62 36 1d 42 63 69 69 68 67 65 63 60 56 4a 46 4e
63 65 65 65 62 5f 57 45 3b 4a 5d 65 68 6a 6a 6b 6b 6b 69 3e 10 37 68 6b 6b 6b 69 69 6a 6a 6a 65 43 1e 36 60 69 6a 6a 6a 68 68 68 69 6b 5e 35 29 49 60 66 68 69 68 67 66 62 5d 55 4e 4b 50 59 5c
45 40 4e 5d 64 68 65 54 2d 25 4d 65 69 69 68 60 32 1b 44 63 68 69 67 55 26 24 54 65 69 68 5f 43 27 39 5b 66 68 66 5c 3d 27 40 5e 67 67 63 58 42 32 44 5b 63 62 5a 52 4a 48 4c 52 58 5b 59 53 4e
4d 47 4a 56 5e 5d 58 50 46 41 45 54 60 61 60 57 44 34 3d 54 62 62 61 60 51 31 2b 4c 62 66 65 63 53 2e 28 4b 62 66 65 64 54 28 23 4e 65 67 66 65 53 20 20 55 69 68 66 63 52 2f 2a 4b 61 64 61 59
62 5f 57 4d 43 46 57 62 67 68 69 69 6a 6b 6b 5b 2a 1e 4c 69 6c 6b 6a 69 69 6a 6a 69 62 40 1b 3a 65 6a 6b 6a 69 68 68 6a 69 69 5e 36 28 47 5f 67 6a 69 68 67 66 65 62 5b 4b 43 4c 54 5b 61 64 66
56 5b 5d 5b 58 51 46 45 53 5e 63 64 61 57 42 38 49 5c 63 65 67 67 59 31 27 4e 64 68 68 67 60 45 26 39 5d 66 69 68 67 5d 36 20 42 62 68 68 69 69 65 3b 1a 3b 62 69 6a 68 68 62 44 28 38 58 65 66
5a 61 62 61 56 37 29 46 60 66 67 67 64 38 18 3d 63 69 66 64 59 2f 21 48 64 69 67 64 50 29 2b 50 66 68 65 61 54 32 28 47 62 66 63 63 5a 3f 2d 3f 5a 63 64 60 56 44 3b 45 54 5d 5f 5b 57 50 45 47
50 55 5f 64 66 67 66 66 63 5d 52 3c 37 50 63 69 6a 69 6a 69 6a 6a 6c 65 1b 12 5c 6b 6b 6b 6b 6a 69 69 6a 6a 63 45 25 35 5b 69 6a 6a 68 67 67 66 64 61 57 41 3c 4f 5d 63 65 65 67 64 61 5e 5b 57
56 59 5c 5b 5b 5d 5e 59 4f 4a 4f 56 5d 63 64 63 62 63 57 3a 35 4f 60 67 68 69 69 69 65 3f 1c 3a 61 69 6a 69 6a 69 69 5c 23 1b 53 69 6b 69 67 68 69 6a 6a 4f 1b 28 5d 69 6a 69 68 65 61 5a 4e 48
5d 5d 56 4c 49 4d 55 5e 63 64 61 56 3d 38 4d 5d 63 67 68 68 5c 2f 24 4e 64 68 68 68 66 59 33 2a 4d 62 68 6a 69 68 57 2a 28 51 64 69 69 69 6a 62 35 1b 44 65 69 69 68 67 5f 44 2d 3e 5a 63 65 62
62 63 64 63 60 57 47 3f 46 57 64 68 68 69 6a 6a 6a 4f 1a 28 5e 6a 6b 6a 69 69 6a 69 5d 2f 1e 4a 66 6a 6b 68 67 69 6a 6a 5f 35 1d 43 66 6a 68 67 66 66 65 62 5e 50 3b 41 54 5d 62 65 63 63 61 5d
5d 60 61 61 5f 5c 53 4c 4c 50 58 60 63 66 67 69 6b 6b 51 22 2b 5a 6a 6a 6a 69 69 6a 6a 69 52 23 26 56 69 6a 6a 68 67 67 69 6a 6b 6c 30 c 47 6a 6b 6b 69 67 65 63 5f 58 52 4b 4a 51 58 5e 62 64
50 4b 4c 55 5f 66 69 6a 6b 6b 6a 69 68 66 5d 3b 1c 40 6b 6c 6b 6c 6b 6a 6a 6a 69 6a 6a 6b 61 3d 2a 41 5b 65 69 6b 6a 6a 69 69 67 67 63 58 4f 4a 4d 54 5b 61 64 66 66 65 64 63 61 5d 59 56 56 58
49 4b 57 60 63 62 62 5f 51 3f 3a 4d 61 65 66 67 66 66 55 2e 27 4e 66 68 68 68 67 66 59 33 27 49 62 68 69 69 67 67 5e 31 1f 47 63 68 69 6a 69 68 60 31 1a 46 67 6a 69 68 64 60 55 42 3b 49 5a 60
4f 53 5b 61 64 65 66 66 65 60 4c 36 3c 54 63 68 68 68 68 6b 6a 6b 5b 1d 1c 5a 6a 6b 6a 69 68 6a 6a 6a 64 3d 1c 3c 62 6a 6a 69 68 68 69 6a 69 5c 3d 2c 43 5d 66 69 67 67 65 65 63 59 50 4c 4d 54
63 67 67 66 64 61 58 4e 46 44 51 61 67 68 69 6a 69 6a 6a 6b 69 38 13 40 67 6b 6b 6a 6a 6a 6a 6a 6a 6b 68 4e 24 2b 55 69 6b 6b 6a 6a 69 69 69 67 63 55 3f 3c 4c 5a 62 66 68 68 66 65 63 5f 59 54
65 63 5e 58 4b 40 45 58 66 69 69 6a 69 6a 6a 6b 6a 28 d 4d 6b 6c 6b 6a 68 68 6a 6a 6a 69 5e 35 1b 43 69 6c 6b 69 68 67 66 65 64 63 5e 4a 3c 46 56 60 64 66 65 64 64 63 60 5c 57 53 51 54 59 5b
63 64 5e 4c 32 37 55 63 67 68 67 69 69 59 1c 1c 59 6a 6a 68 67 68 66 5c 30 21 4a 63 69 68 66 68 65 5a 31 26 4b 61 68 66 65 67 65 5b 37 28 48 61 66 65 63 62 5f 54 44 40 4c 59 5f 60 5e 5e 58 53
53 58 5a 5c 5f 5d 59 50 43 47 55 5f 63 64 64 66 58 34 30 4f 61 66 68 69 6a 68 4f 1c 29 5d 68 6a 69 68 69 63 43 20 37 5f 68 69 68 69 69 67 40 18 37 62 69 69 67 66 66 5e 47 36 40 56 60 64 64 60
58 5c 61 62 5e 5b 50 45 45 4c 59 61 64 65 65 65 5e 4a 2f 36 59 67 67 67 66 68 68 5e 30 1f 48 62 69 6a 69 69 68 59 2a 22 4f 66 6a 68 68 68 67 4e 14 28 64 6a 6a 68 66 63 5c 4e 3d 3e 4f 5b 63 63
50 55 5b 61 64 65 63 5f 56 40 39 4c 5d 63 66 67 69 6a 6a 5d 26 1c 51 68 6b 6a 69 68 69 65 4b 27 32 57 66 69 69 69 69 69 68 48 14 2f 65 6b 6a 68 66 64 65 61 54 40 3b 4d 5b 61 63 64 62 61 5c 55
47 46 51 5c 64 64 65 65 65 5d 40 2a 41 61 68 68 67 67 68 68 5e 38 25 44 5f 67 67 67 66 66 65 5d 44 2c 3c 5a 66 68 68 69 69 6a 65 20 12 55 69 6b 69 68 68 64 5e 4a 36 3c 54 62 65 66 64 5f 58 54
49 43 49 57 61 65 67 67 5d 3d 27 3f 60 68 67 67 68 66 4f 23 2b 5a 67 68 66 69 68 59 28 23 52 65 69 67 66 65 55 2f 2e 51 61 67 67 66 62 4c 2b 37 5c 65 67 66 63 54 3e 37 4a 5f 63 63 61 57 4e 4f
60 5f 5c 56 51 4b 4c 55 5e 64 65 64 63 63 58 3d 31 4a 62 66 68 68 69 68 67 56 29 25 53 66 69 6a 6a 69 68 65 49 21 32 5a 66 69 69 69 6a 69 69 54 16 21 60 6a 6a 69 68 67 65 61 50 3c 3d 4e 5b 62
4d 3f 45 58 62 65 67 67 67 65 5e 43 29 3a 5e 68 68 68 67 67 67 66 57 2f 29 4e 63 69 68 68 68 68 67 5c 36 23 44 62 6a 6a 68 69 69 69 55 1f 24 59 69 6a 69 68 66 63 5e 4f 3a 3b 52 61 62 64 65 61
5a 5e 61 63 62 60 5e 5a 4e 46 4a 55 5d 61 64 65 68 6a 6a 6a 50 1f 28 59 69 6b 6a 69 69 69 6a 64 3b 1f 3d 5e 69 6b 6a 69 69 6a 6b 66 32 11 43 69 6c 6b 6a 68 65 64 60 55 44 3e 4c 5b 60 63 66 64
5c 55 49 47 52 5c 62 65 66 65 64 62 54 36 31 4f 64 68 68 68 69 69 68 5d 30 1f 49 65 69 6a 69 69 6a 69 62 40 20 3a 5f 68 6a 69 69 69 6a 69 53 1f 25 5a 6a 6b 69 68 68 65 63 56 3e 3b 4c 5a 63 64
48 47 52 5e 65 68 69 6a 6a 6b 6b 62 34 17 42 67 6b 6b 6b 6b 6a 6a 6a 6a 67 41 1b 37 60 6a 6b 6b 6a 6a 6a 6a 69 67 54 2f 2b 4e 66 6a 6a 69 67 67 65 63 61 57 4d 44 47 56 60 63 63 64 64 62 5f 5c
