4a 4f 56 60 66 68 6a 6b 6c 6b 5d 2e 1f 49 66 6b 6b 6b 6b 6a 6a 69 5e 2f 22 4d 63 68 69 68 6a 6b 6a 6b 6b 64 1a 12 5e 6a 6b 6b 6b 6c 68 67 67 61 52 40 40 49 57 66 67 69 67 66 65 5f 59 59 4e 48
58 5e 5f 5e 5e 5f 5c 5d 52 4f 54 52 58 59 58 64 67 68 6b 6c 6b 3e 18 39 60 6b 6b 6a 6a 6c 6a 6c 61 d 15 68 6a 6b 6a 67 66 66 6b 6b 6b 6a 3e 16 38 60 6a 6c 6a 69 65 62 60 5c 58 4e 4b 4e 54 5a
62 68 6a 6a 6b 6a 69 6a 67 60 4f 38 2f 4a 68 6c 6b 6c 6b 6b 6a 6b 6b 6a 6a 69 62 42 2f 3e 51 64 6b 6c 6b 6a 6b 69 68 6a 6a 69 6b 5a 37 38 49 52 65 6b 6a 6a 6a 69 69 67 63 5d 54 54 4e 4d 5c 5e
64 68 6a 67 64 5d 51 3f 3b 4f 63 67 69 67 68 68 63 64 66 59 49 3c 3c 53 64 69 68 65 64 67 6a 69 6b 6c 23 c 55 69 6d 6a 6a 68 69 6b 6b 66 37 11 3e 69 6c 6d 69 67 67 61 60 60 5b 4e 43 47 56 60
56 50 4d 51 56 5c 5d 61 60 5d 4f 42 4a 57 5f 67 67 64 45 28 3d 5b 63 67 68 66 59 3a 2c 44 5d 69 6b 67 68 5f 29 1d 4d 63 6a 6b 6a 66 4d 22 30 59 65 6b 69 67 5b 3b 33 49 57 61 65 63 5c 50 4a 4e
6a 68 68 64 5c 49 37 41 58 61 68 69 67 65 65 68 69 6a 6b 6a 34 12 45 67 6a 6c 6a 68 67 67 6a 6a 6a 69 67 38 17 40 65 6c 6b 6a 6a 66 64 63 63 65 62 5c 4d 41 46 57 60 66 66 65 65 63 62 5f 5c 5d
67 66 64 61 56 42 32 47 64 69 6a 68 69 68 6a 6a 67 54 1f 27 5c 67 6b 6a 69 68 69 69 6b 6b 6b 5c 17 1c 5f 6b 6c 6a 69 6a 68 69 68 58 3a 31 48 5e 67 67 68 69 66 62 60 5c 50 45 49 54 5d 61 63 64
3f 3f 50 61 69 69 69 68 69 68 6a 6a 6a 5c 29 1a 4d 6a 6c 6b 6b 68 67 68 69 6a 69 68 59 30 29 4e 63 68 69 69 6a 69 69 69 69 67 63 52 32 2d 51 68 6a 6a 68 68 66 66 63 5f 5b 4e 45 4c 5a 5d 5c 62
68 6a 69 6a 68 67 62 54 2f 29 53 6a 6c 6c 68 69 68 66 68 6a 6a 58 32 2b 48 5f 6a 69 6a 6a 6a 6a 6a 6b 6d 59 1a 1f 5c 6b 6c 6a 6a 69 69 69 69 64 56 32 30 54 66 67 64 66 68 66 63 5b 59 5a 54 4d
63 5d 51 4c 4c 4d 51 5f 69 6a 6a 69 6a 6b 6b 62 46 28 34 5a 67 69 6b 6a 6a 6a 6a 6b 6a 67 51 14 24 64 6c 6c 6b 6a 67 67 69 68 69 6a 67 4a 2d 3c 55 62 66 67 68 67 68 67 65 63 5a 53 4d 4a 52 5b
5d 57 4a 46 4f 5a 62 68 6a 69 69 6a 6b 6b 33 11 46 67 6b 6b 6b 6a 6a 6b 67 57 35 31 51 60 62 67 67 68 6b 6a 6b 67 5c 38 25 46 60 69 6a 6b 68 69 6a 6b 6b 6b 58 22 21 55 69 6a 6a 6a 6a 66 64 5e
68 69 6a 67 61 5e 5a 4f 43 40 51 64 68 6a 6b 67 66 66 68 67 66 5b 38 2d 4a 61 67 67 68 68 68 67 68 68 69 6a 6d 4b 18 2f 5f 6b 6c 6c 6a 68 68 69 6a 66 4d 1c 35 69 6c 6c 65 61 64 65 64 62 5f 53
58 59 54 5b 63 62 63 5e 4a 37 43 5b 65 69 65 68 5e 47 36 42 5b 66 66 63 65 62 57 3a 34 4f 5e 65 64 65 66 66 5b 3a 2c 44 5c 67 6a 6b 6a 69 5b 1f 1d 59 68 6c 6a 6a 6b 6a 5c 31 1e 45 67 6b 6a 66
57 4b 45 4f 5c 67 68 69 69 67 60 56 48 3f 3f 52 65 6a 69 65 66 67 66 65 58 3e 36 48 5b 65 66 66 68 6b 6b 6c 6a 2a d 4a 69 6c 6b 6a 6a 6c 6b 67 35 10 3f 69 6b 6b 69 67 69 68 64 58 40 38 48 59
5b 52 4c 53 5a 5a 5c 58 4c 48 4d 4f 52 5a 63 65 64 57 39 2b 43 5a 66 68 65 5e 49 34 3b 50 5e 65 63 5c 4c 36 3d 58 64 66 68 58 31 27 4c 66 69 67 65 60 3b 1f 40 60 68 69 65 61 56 39 33 4b 5e 62
4b 4a 52 5d 64 63 64 64 63 5b 47 38 47 5d 65 68 68 69 69 6a 59 25 22 55 68 6b 6b 68 68 6a 67 59 31 25 4a 64 69 69 69 69 6b 69 62 26 16 51 6a 6c 6a 69 68 69 67 61 46 2e 3e 5b 64 65 65 67 66 60
60 61 5d 5b 5b 4e 45 49 53 5f 65 67 6a 6a 6a 63 25 15 51 69 6b 6a 6a 6b 6b 67 39 18 40 63 6b 6b 6b 6a 67 62 50 3f 35 44 5c 64 65 64 65 68 6a 69 61 3b 23 40 5f 63 69 69 67 66 64 5d 4f 48 48 4e
4c 4b 59 63 68 68 69 6a 6b 6b 6c 39 e 3b 68 6b 6c 6a 69 69 6a 6b 6b 68 43 16 34 66 6a 6a 6a 6a 6a 6a 6a 6b 6a 67 4a 26 2f 55 69 6b 6a 6a 69 64 63 65 65 62 50 42 46 55 5d 61 63 64 66 64 62 5e
60 5d 55 4a 49 4e 59 65 67 66 65 67 68 5a 32 29 4e 65 6a 6a 69 6a 6a 68 4d 20 2f 5c 67 69 6a 6b 6c 6b 69 55 13 1f 64 6a 6c 6a 69 67 68 69 63 43 26 3f 5d 64 67 68 68 66 67 62 4f 40 47 4e 58 61
46 55 61 65 67 68 6a 6a 6a 50 21 2a 58 68 6b 6a 6a 6a 6a 68 48 1e 35 5d 64 68 69 69 69 6b 6b 61 38 20 3f 5f 6a 6a 69 68 68 6a 6c 6c 5d 23 1c 55 68 69 6b 68 62 62 65 5b 56 50 4a 4b 52 5c 65 62
56 58 5e 5e 5c 5a 47 3f 53 60 64 65 65 5e 52 38 3b 5c 66 66 69 69 67 54 2b 29 52 66 68 67 68 67 66 48 29 37 58 67 69 6b 6a 6a 68 1f 10 56 6a 6b 6a 68 66 61 52 40 3d 4c 5c 62 64 64 5d 54 4d 4f
69 69 65 58 2d 25 50 65 6b 6a 6a 6a 6a 69 55 19 23 5f 6a 6a 69 69 68 69 68 5b 33 27 47 5e 66 6a 69 68 68 69 69 49 20 35 5c 65 69 6a 68 67 60 55 49 3f 4a 5c 61 63 66 64 5f 55 4b 46 51 60 62 5c
67 68 66 62 49 2c 3b 59 65 69 6b 6a 6b 6a 6b 5f 27 19 4f 69 6b 6b 6b 69 69 68 66 60 3c 27 44 5d 65 6a 68 67 68 69 6b 69 56 25 24 54 69 6a 6a 68 68 69 67 5c 44 39 4d 59 5e 62 62 62 61 63 5f 56
4f 59 5f 61 67 6b 68 69 69 6a 68 66 63 4f 36 2f 4c 69 6b 6b 6c 6b 6b 69 69 68 6a 6a 68 5f 40 30 3e 54 68 6b 6c 6c 6a 69 69 69 6a 6a 6a 67 53 3c 3a 48 58 65 69 69 6a 69 66 67 69 63 58 4d 4f 57
57 51 52 52 52 57 5d 66 68 66 65 65 65 65 41 29 43 5d 67 68 68 68 6a 6a 6a 68 58 27 25 52 67 6b 6a 69 69 69 69 67 58 32 29 4d 62 67 6a 6b 6a 6b 6b 6a 5b 18 1a 5d 6a 6c 6a 6a 6a 69 63 5e 4f 40
68 6a 69 69 6a 68 67 49 19 30 63 6c 6c 6b 69 69 6a 69 69 5d 35 2b 4c 5f 66 68 69 67 66 67 68 67 52 2d 2f 53 66 6a 6a 6a 6c 6a 6a 67 3f 13 39 67 6c 6c 6b 6b 68 64 5e 59 53 3c 3b 55 64 66 68 67
6b 64 23 16 57 6a 6c 6b 68 6c 6b 6c 65 20 12 55 69 6c 6a 64 67 68 6a 6b 68 41 13 33 65 6b 6b 6a 65 5f 59 5c 5e 58 4a 4d 5c 59 52 5d 61 5c 59 54 57 5e 57 56 5b 5c 5b 5d 60 5a 4c 48 57 61 64 5d
57 5c 5a 5b 5c 60 62 5d 57 58 5b 5a 5c 5d 5e 5d 5b 53 4d 53 5d 63 66 69 6a 6b 6b 53 25 28 55 69 6b 6b 6a 69 6a 6b 6b 69 39 10 3b 68 6c 6b 6b 68 65 67 6b 6b 6b 5b 24 1f 53 68 6b 69 6b 69 63 62
65 67 66 64 5e 57 3f 32 4a 65 69 69 6a 6b 6a 6a 61 36 1a 3f 66 6a 6b 6c 6a 67 69 5e 38 26 45 61 68 6a 6a 6b 6a 6a 61 23 18 53 68 6b 6a 6b 69 68 68 5f 43 36 46 55 5d 66 68 66 62 63 5f 56 4f 4a
5c 5f 5d 55 50 4c 4f 57 5c 63 5e 5b 5c 4f 46 49 56 60 65 68 6a 5b 2c 26 4e 65 6a 69 67 5c 3e 31 46 5b 66 69 68 65 53 28 26 52 66 69 6a 6b 64 48 21 32 5e 68 68 69 68 63 55 3d 2f 3f 5d 68 69 65
38 49 5d 62 65 68 69 69 5a 2e 28 50 63 69 6a 69 66 63 48 28 3a 5c 67 6a 6a 69 68 64 38 18 3f 66 6b 6b 6b 6a 69 60 35 21 48 64 66 67 68 66 67 68 60 38 27 48 5e 64 69 6a 67 64 5a 4d 4c 4a 4d 58
66 69 68 67 68 68 67 65 56 36 28 4a 6a 6c 6a 69 6a 69 6a 6b 6b 69 64 52 34 30 4b 61 6a 6c 6b 69 68 69 6a 6a 6a 6b 6a 45 15 32 64 6c 6a 6a 6a 6b 6a 68 64 60 5e 53 4e 4b 4d 58 60 64 65 64 65 64
5a 44 36 47 5f 67 69 6b 6c 68 66 55 25 28 56 66 67 68 6a 6a 69 69 54 24 27 54 65 69 6b 6a 6b 69 61 37 20 42 62 68 69 6b 6a 69 68 5d 2f 20 4c 64 69 69 69 65 64 61 56 4d 43 45 51 5a 64 67 65 61
52 56 61 62 5c 52 44 43 51 5c 64 63 5f 5d 54 41 3b 4d 5d 65 66 6a 6b 57 2c 28 4d 63 6a 6b 68 5a 35 25 45 61 68 6b 69 62 3f 1e 38 61 6a 6a 65 63 54 3a 35 47 5e 67 65 63 5f 55 42 43 51 56 5a 5c
65 65 41 25 3e 61 6b 6a 6a 6a 6a 6b 6b 6a 59 20 20 57 68 6a 6c 6a 6a 6b 6b 6a 69 57 2d 2b 4e 62 6b 6b 69 66 68 69 68 68 63 51 38 35 50 64 65 67 68 66 65 64 64 5f 5e 50 40 48 5b 61 61 5f 62 65
63 68 69 6a 69 65 61 5a 54 50 4b 47 52 63 68 68 69 68 6a 6b 6b 6a 68 66 5f 3b 1c 42 6a 6c 6b 6a 6b 6a 69 69 6b 69 6a 6a 6b 43 1b 39 5e 69 6b 6a 6a 6a 6b 6b 69 64 5b 54 52 4c 52 59 5b 61 64 65
53 58 5e 64 67 68 6a 6a 6b 5a 28 20 52 69 6c 6b 6b 6b 6b 6c 6b 5d 21 1a 55 69 6b 6b 6a 6a 69 6b 6b 6b 58 1d 1f 59 6a 6b 6b 6b 68 66 61 54 44 47 59 5b 56 5a 66 66 60 5b 5a 56 52 52 56 5f 60 5f
50 55 59 5d 5f 5d 5f 5c 50 4d 4f 54 5b 61 5e 53 4c 4e 56 5f 65 65 5e 4d 3a 3d 4f 5f 67 69 69 6a 59 29 23 50 67 69 6a 69 6b 5d 17 1b 5f 6a 6b 6a 68 69 67 56 27 26 54 64 6a 69 68 63 58 4b 47 4e
37 3c 5a 67 66 69 68 69 6a 6b 69 69 50 14 27 63 6b 6b 6a 6a 6a 6b 6b 6b 6a 62 35 1a 44 65 6a 69 69 6c 69 6b 69 6a 68 43 1c 36 61 6b 6a 69 67 67 62 61 62 5f 57 4b 49 4b 54 61 66 64 65 63 5f 62
68 60 51 3a 3e 58 5e 5e 65 69 69 60 44 3a 4f 5e 60 61 69 64 53 34 38 5a 62 64 69 6b 68 55 28 29 56 69 6a 6a 6a 6a 61 2d 1d 4b 63 69 6a 66 66 66 63 47 25 3d 63 65 62 62 62 64 60 5c 4e 3b 43 57
5e 61 64 65 65 61 5a 4a 3c 43 58 63 68 69 6a 6b 6a 6b 5e 1e 19 58 6a 6b 6a 6b 6b 6a 6b 6a 4f 14 26 62 6b 6c 6b 69 68 69 68 68 66 4c 2a 34 52 64 6a 68 69 68 65 62 59 52 51 4f 54 54 57 5f 62 62
64 65 66 62 5e 5d 5a 54 5a 54 4c 58 63 66 69 69 66 66 68 64 5f 58 46 3a 47 5c 66 68 6a 69 68 66 69 6a 6b 6b 6a 42 15 34 63 6b 6c 6b 69 67 66 67 6a 6a 6b 6b 6c 42 1a 34 5c 6c 6b 6c 6a 68 64 63
50 4a 4d 5e 62 65 66 6a 68 69 64 57 42 30 40 5c 68 6c 6b 6a 6a 6a 6a 65 3e 22 3e 5b 68 6a 6b 6a 6a 6a 6a 68 63 3a 18 3d 66 6a 6a 6a 6b 6b 6b 6c 6b 6c 36 c 3f 69 6b 6b 6b 6a 68 6a 67 59 49 49
53 4c 4a 4f 5b 62 60 5e 63 65 5c 47 38 3f 56 66 68 68 69 6a 6a 50 1d 29 5a 68 6b 6b 6b 69 63 36 1a 42 65 6a 6c 6b 69 68 53 25 27 53 67 6a 6a 6a 65 62 56 3a 34 49 5b 67 67 66 65 5e 56 4f 49 4b
54 5d 5a 56 59 5f 64 64 61 62 5c 4e 43 47 54 5e 66 66 66 6b 6b 6b 61 2e 1e 4c 65 6a 69 68 6b 6b 6b 6a 43 f 32 69 6c 6b 68 67 67 69 6b 6c 6a 3a 10 3b 67 6c 6c 6b 69 65 65 61 5b 57 4d 43 4b 5b
62 65 65 62 5b 56 44 40 51 5c 63 69 6a 6a 69 67 64 56 27 28 58 6b 6a 69 69 68 6a 6b 68 55 29 27 51 67 6c 6c 6a 69 6b 6b 6a 53 16 24 62 6a 6b 69 69 68 68 68 6a 5b 3d 33 43 57 65 69 69 68 66 62
60 5d 59 57 4a 43 53 5f 62 65 68 69 69 6a 6b 69 40 19 37 60 6b 6c 6b 69 67 68 6a 6a 64 3c 1a 39 63 6c 6c 6a 68 68 69 6a 6a 6b 69 3d 16 39 62 6b 6b 6b 69 66 64 63 61 5c 56 50 4e 4a 4f 5c 62 67
65 5b 4a 45 49 55 5f 64 68 67 69 6a 6b 6b 6a 6a 56 21 20 56 6c 6c 6b 6a 6a 6a 69 68 6a 6a 6a 6c 50 17 28 5f 6b 6b 6b 6a 67 68 6a 67 66 65 5e 4e 45 4b 51 59 61 65 64 64 69 69 65 5f 5a 57 54 52
5e 61 65 66 5b 56 46 37 4c 5f 69 6a 69 69 67 59 2d 28 52 63 68 6a 6a 6b 65 44 29 3c 59 66 68 6a 6a 67 68 54 19 26 5f 67 6a 69 6a 69 66 5f 35 1f 46 65 6b 6b 6b 67 67 5f 3b 33 4a 56 60 65 65 62
50 52 5c 5e 60 60 5b 51 45 44 54 5f 64 67 69 69 5d 33 25 46 61 6a 6b 69 67 4e 29 31 54 65 6b 6a 69 66 45 17 31 61 69 6b 69 6a 68 59 33 27 49 63 6a 69 69 66 5d 4b 43 47 4e 59 5e 62 60 5f 5f 58
5c 5e 64 66 67 66 66 57 41 3c 4d 5b 63 67 69 68 68 6a 6a 69 50 1d 28 5f 6b 6b 6a 68 68 69 6c 6a 6a 65 20 13 58 6a 6b 6a 69 63 61 64 68 6c 6b 6a 44 20 39 5d 67 67 68 6a 68 64 5f 61 5b 53 4d 4c
55 5a 5e 5e 5c 5f 5f 5c 59 56 4e 4a 4e 58 63 67 6b 6b 6c 66 27 15 50 69 6b 6a 69 69 69 64 4a 26 32 59 68 6b 69 69 6b 6a 6a 5c 1d 1d 5b 68 6b 6b 69 69 69 62 58 3e 36 50 5f 5d 60 65 66 60 5a 57
3f 48 5a 60 65 67 67 65 5c 4a 30 34 58 68 6a 6a 69 68 65 52 23 29 58 66 6a 69 6a 68 64 57 37 29 47 61 69 6a 68 69 6a 59 21 22 57 66 6a 6c 6a 64 55 35 31 51 66 68 65 5b 56 52 49 4a 55 5d 61 5d
4a 50 5e 66 68 69 68 69 69 67 67 5f 47 2d 39 5a 68 69 68 6b 6a 6a 69 6a 6a 6b 65 33 1a 45 63 6b 6b 6b 6a 6a 6a 69 6a 6b 6b 53 1e 24 59 6b 6b 6b 69 69 68 69 66 66 63 53 47 4c 51 51 5a 64 67 68
4d 56 5e 64 65 63 5d 47 37 45 5b 67 67 63 62 5e 4f 3e 43 5a 65 62 5e 5a 5a 5a 58 4e 49 50 56 59 62 69 69 69 5c 27 20 52 67 6c 6b 69 66 51 26 30 5c 69 6a 6b 6a 68 53 1a 27 5f 68 6a 67 66 5e 4b
63 5e 5b 55 43 3e 50 60 66 6a 6a 6a 6a 6a 6a 6b 6b 6a 44 e 32 6a 6c 6c 6b 6b 69 67 68 69 69 6a 6b 6c 41 1b 37 5c 69 6c 6b 6b 6a 67 65 64 62 60 56 49 4a 51 5a 5f 60 64 64 62 62 63 62 60 5d 5a
66 66 63 4f 2e 35 57 64 68 69 69 69 65 40 24 42 60 68 6b 6b 6b 67 43 18 33 62 69 6b 6b 6a 64 5b 36 27 4d 65 68 67 67 69 68 5e 41 2b 40 5c 66 68 67 62 57 58 5b 53 51 52 54 58 5b 5d 5c 5b 57 57
64 64 63 63 64 60 5b 5b 54 4b 47 55 63 62 65 66 62 64 65 66 65 5d 4a 40 4a 54 5f 66 66 62 62 67 67 68 6a 68 57 38 2a 45 63 6a 6b 6a 67 65 66 68 6b 6a 6c 6c c a 69 6b 6c 6c 6b 69 68 65 5f 5a
64 63 65 60 4b 34 3d 57 63 69 6a 69 69 67 41 1d 39 62 69 6c 69 63 5e 59 4c 3f 41 4f 61 64 68 69 64 59 41 30 40 5a 67 6a 6a 6b 6a 69 45 12 30 65 6a 6b 69 69 67 5e 43 33 44 59 62 63 63 61 5a 55
68 66 65 62 5a 56 51 45 47 55 5f 67 6a 6a 6a 6b 6b 6b 68 36 e 3f 6a 6c 6c 6b 69 6a 6b 6b 6b 6a 4b c 2a 6a 6c 6c 6a 6a 69 66 66 68 69 65 4b 37 43 52 5d 62 66 67 69 66 65 67 60 55 52 50 51 53
4d 4c 4d 52 56 5c 66 6a 69 69 65 5f 47 25 35 5e 69 6b 69 6a 6a 6a 66 57 28 25 56 65 68 6a 69 69 68 68 53 27 2b 53 64 6a 69 6a 6b 69 6b 57 17 21 62 69 6b 6b 69 65 60 58 52 42 41 53 5e 63 65 61
5d 5a 5b 5e 5f 5a 56 59 52 50 56 53 58 5f 63 67 69 67 54 34 31 4e 61 68 6a 6a 69 69 68 4b 1f 30 5b 68 6c 6b 6a 6a 69 64 35 16 42 68 6b 6a 6a 6a 6a 6b 67 43 18 33 62 6b 6b 6b 67 64 60 5b 54 49
5c 53 4f 49 48 52 5f 67 69 65 56 3f 38 4b 61 67 69 67 68 5f 2d 1e 4c 67 68 69 6a 64 4f 34 39 53 63 69 6b 6a 65 47 1b 2f 5d 68 6b 69 68 61 43 33 44 56 63 69 67 64 5b 50 40 40 4f 59 61 62 61 5f
63 67 68 68 64 57 39 30 47 5f 68 67 67 65 65 66 5d 49 37 3c 52 61 68 6a 68 67 65 58 34 31 4f 5f 67 69 6a 69 63 46 27 38 5b 68 6a 6a 6b 6a 6b 61 1b 15 59 6a 6b 6a 68 69 64 62 5a 3e 39 4a 56 63
