62 5d 57 51 4b 4c 54 5e 65 67 68 69 68 69 6a 62 43 25 38 5e 6b 6b 69 6a 69 68 69 69 67 5b 3e 2f 42 5b 66 69 69 69 68 69 6a 6a 6b 6b 3e b 38 6b 6c 6b 6b 6a 69 68 65 60 57 4c 49 4e 52 59 61 65
5c 58 50 4b 4d 54 5c 60 62 62 5f 56 46 3c 47 59 62 64 66 68 69 5e 31 22 49 64 69 68 68 69 66 51 27 2a 54 66 69 68 69 6a 67 4f 1e 29 5c 69 69 68 67 69 6a 63 36 1e 44 62 68 68 67 65 60 56 46 44
5c 5a 58 54 51 53 59 61 66 68 69 68 67 65 62 58 48 37 42 5e 67 68 69 69 69 6a 6a 6a 69 66 52 31 34 51 5f 67 6a 6a 69 68 69 69 6a 6b 6b 6c 3a c 3c 6b 6c 6b 6b 6a 69 68 65 62 5c 54 4f 4d 51 57
5d 63 63 5d 48 30 37 55 66 69 6a 67 57 29 23 50 67 68 67 67 61 44 27 38 59 65 67 67 66 54 32 2d 4d 62 66 67 63 56 3b 31 47 5c 64 67 67 60 3c 25 42 60 67 68 68 63 48 28 35 57 66 68 64 5c 4d 44
5f 62 62 63 63 5f 56 46 3d 49 5b 64 66 66 67 6a 6b 6b 58 1c 21 5c 69 6b 6a 67 67 6a 6a 69 54 19 22 5f 6a 6b 6a 67 66 68 69 69 64 40 23 3d 5e 67 69 68 66 63 62 61 5b 50 49 4b 53 5a 5e 60 61 61
42 47 56 60 65 65 5a 39 26 43 61 69 69 68 5a 2c 22 4c 63 69 69 63 49 28 31 57 66 68 67 5a 3a 29 41 5e 66 67 65 59 3b 29 40 5e 65 67 67 5f 3f 27 3b 5b 67 68 65 60 4c 33 38 50 5f 63 63 5b 4f 47
50 59 62 64 61 4f 32 32 4f 62 68 68 68 5a 2a 22 4e 65 68 66 5f 52 3a 36 4d 5e 62 5e 57 50 49 46 4d 58 60 61 5b 46 36 41 57 64 68 67 55 2a 27 51 65 69 69 64 44 1d 33 5f 69 69 64 58 43 36 43 57
5a 54 4c 4b 53 5c 60 62 63 64 64 5b 43 34 44 5a 64 68 69 69 6a 69 52 1f 26 5b 69 6a 69 6a 69 68 5e 2e 1e 4a 66 6a 6a 69 69 69 68 54 24 26 57 68 69 68 68 67 64 5d 4f 3d 3c 4f 5f 64 65 64 61 5d
5e 5c 57 51 4a 4b 56 5e 61 64 64 63 61 5a 45 33 45 5e 63 65 67 68 68 67 5d 30 21 4a 63 69 69 69 69 69 67 57 23 21 57 68 6a 69 68 69 69 69 60 29 19 4f 67 6a 69 68 67 65 61 58 42 38 49 5b 62 65
50 51 57 5e 63 64 64 64 63 62 5a 44 35 46 5e 66 68 68 68 69 6a 6a 68 3d 15 3b 67 6a 6a 69 68 69 6a 6b 6b 6a 20 b 57 6b 6b 6a 69 68 66 65 62 59 4b 43 46 51 5e 63 64 64 63 61 5f 59 54 54 55 55
63 5f 5b 53 48 45 50 5c 63 67 68 68 68 6a 6a 62 3b 1c 3f 68 6a 6a 69 68 67 68 69 68 5d 3e 2e 43 5a 65 6a 69 67 68 69 6a 6b 6b 46 e 31 6a 6c 6b 69 68 68 66 64 61 5a 4d 43 49 55 5b 61 65 66 64
4d 47 4b 54 5e 64 67 68 69 6a 6a 6a 61 2b 17 4c 6a 6b 6b 6a 6a 6a 6a 6a 69 5d 2e 1f 4b 66 6a 6b 69 68 68 69 69 6a 67 4c 24 30 5a 68 69 69 68 68 67 65 63 5b 51 46 47 52 5b 61 63 64 64 63 60 5d
5a 50 45 47 53 5f 64 68 69 69 6a 6a 6b 64 39 14 3e 6a 6b 6b 6a 69 68 69 69 69 65 52 2e 2f 51 63 69 6a 6a 69 69 69 6a 6a 61 39 1d 40 64 6b 6a 6a 69 68 66 64 5f 55 48 48 4f 54 5e 63 64 65 64 61
56 4f 45 47 55 5f 63 60 54 3a 35 4e 60 65 63 5f 4d 35 38 53 64 65 62 5c 47 35 3f 53 5e 63 64 5e 44 2f 3c 58 66 69 67 51 22 29 59 69 6a 69 60 2c 18 4a 67 6a 69 63 4f 31 32 4f 62 66 63 58 49 44
64 68 68 69 69 67 63 5b 4f 3b 37 51 67 6a 6a 6a 6a 6a 69 6a 6a 6b 6c 30 c 48 6b 6b 6b 6b 6b 6a 6a 69 69 6a 67 4e 2f 37 53 63 67 69 68 68 67 66 65 62 5c 54 4e 4d 53 59 5c 62 65 65 64 63 61 5d
51 56 5b 5f 62 63 5d 4e 3b 3b 51 5f 64 67 66 67 65 51 26 2a 57 67 69 69 67 67 65 50 28 2b 54 65 68 68 68 67 62 4b 26 2f 57 66 69 68 68 68 64 42 1b 35 61 69 69 68 65 63 5a 41 33 43 59 62 65 63
4b 49 54 5d 60 60 60 61 59 49 3a 43 58 61 65 66 66 67 5c 3a 26 43 62 68 69 68 67 64 55 32 29 4a 63 68 69 69 67 66 56 2e 26 4b 64 69 69 69 69 69 5f 2b 18 4a 68 6a 69 69 65 61 56 42 3a 45 59 62
47 4e 59 61 64 65 5e 49 2f 38 58 65 67 67 67 60 48 2a 34 57 65 66 65 67 67 57 2a 25 50 64 67 68 69 68 59 2c 24 4e 63 67 68 67 5f 3f 26 3d 5f 68 68 67 62 50 2d 2e 54 66 67 63 5f 56 4b 42 46 54
47 49 53 5b 60 61 5d 54 41 38 46 5b 64 67 67 60 47 27 36 5a 65 66 67 66 58 2e 26 4d 62 68 69 67 5a 35 26 45 60 67 69 68 5d 35 21 44 62 68 67 68 5e 35 21 43 61 69 6a 65 59 44 34 41 55 5f 62 5f
5d 62 64 64 5a 3d 29 40 5f 68 69 69 67 58 26 23 54 67 69 69 68 66 56 2d 25 4c 63 68 68 68 64 52 2d 2f 52 62 67 68 67 5e 40 26 3c 5e 68 68 66 5e 47 2e 3c 5b 65 67 63 58 46 3f 4a 55 5a 5d 5a 56
55 53 50 52 5a 61 65 69 6a 6a 6a 68 67 65 60 53 3e 2d 48 6a 6b 6b 6b 6b 6a 69 69 6a 6a 6a 66 54 3d 3b 49 57 63 68 6a 6a 69 69 6a 6a 6a 6a 6a 6b 4d 2f 3d 52 5e 64 67 69 6a 69 69 67 64 5e 58 54
65 63 5c 56 4e 47 4b 56 60 66 69 69 6a 6a 6a 6b 6b 6b 49 c 2c 6b 6c 6b 6b 6a 68 67 67 68 69 6a 6a 6c 43 24 3e 57 63 68 6a 6a 6a 68 67 65 5f 58 54 52 52 53 58 5d 60 63 63 63 62 5f 5c 5b 5a 5a
4b 4c 54 5c 61 62 64 64 63 5b 43 32 44 5d 66 67 67 69 69 69 5f 28 19 4f 69 6b 69 69 69 68 66 54 2c 28 50 64 69 69 68 68 69 69 61 2a 17 4c 69 6a 69 68 67 63 60 56 46 3e 48 58 61 63 63 61 5e 5a
63 63 5f 57 4e 44 46 54 60 65 67 68 69 6a 6b 69 38 12 3f 68 6a 6b 69 69 69 69 68 59 31 28 4b 62 68 6a 68 67 68 6a 6a 67 3e 15 39 66 6b 6a 69 67 66 64 62 5c 4e 42 47 52 5c 61 63 63 61 60 5f 5a
5e 61 62 61 5a 4b 42 48 55 5f 63 64 67 69 69 60 2e 1f 4e 66 6a 6a 69 69 69 62 3e 22 3d 5f 67 69 69 69 69 68 5c 2f 20 49 65 6a 69 67 68 68 69 61 3d 24 40 5f 67 67 66 66 63 60 57 4b 45 4c 56 5b
56 5a 5b 54 48 3d 43 57 62 66 64 4b 25 2f 57 66 6a 69 56 24 22 52 67 6a 67 53 25 26 54 67 6a 66 51 26 2a 56 65 67 64 55 3a 30 47 5e 63 60 57 48 3d 46 55 5c 5d 56 4c 49 4e 52 53 56 57 51 4e 51
54 45 3d 4b 5e 65 67 66 65 5b 3b 27 44 62 68 67 67 68 66 53 2d 2b 4f 64 67 67 68 68 65 45 23 37 5a 67 69 69 68 5e 39 29 45 5d 67 69 68 66 53 29 29 54 67 69 67 67 61 4c 33 39 54 60 63 62 5e 59
62 62 58 46 3d 47 56 5e 64 66 65 5e 45 32 40 57 62 66 67 67 5e 3e 28 41 5e 66 68 68 66 5a 36 28 47 61 68 69 68 67 58 2b 25 4f 64 67 68 69 69 5f 31 20 49 62 67 67 68 68 5f 42 2a 3c 5a 64 66 63
4a 4b 55 5e 65 68 69 6a 69 69 69 67 64 51 2d 2c 53 6b 6b 6b 6b 6a 6b 6a 69 6a 69 68 58 2b 25 51 67 6a 6a 6a 6a 69 68 68 69 6a 68 5a 41 36 48 5b 62 64 67 68 68 67 66 64 60 5a 55 52 52 54 58 5d
65 66 66 64 5d 56 50 4a 49 53 5d 65 69 6a 6a 6b 6a 6b 6b 6b 47 c 2f 6c 6c 6b 6b 6a 69 6a 6a 6a 6a 6a 6b 4a 2d 3d 50 5f 66 69 6a 69 69 69 66 61 5a 52 50 51 54 59 5d 61 63 63 63 61 5f 5e 5b 59
56 5a 5c 5c 5c 5e 5d 59 4e 4b 51 56 5b 5f 60 61 64 65 59 41 39 49 5a 64 68 69 69 69 63 3e 1e 3c 63 69 69 69 6a 6a 6a 5c 1b 1a 5b 6a 6b 69 68 68 68 69 63 3d 1e 3c 61 69 69 68 67 64 5e 55 48 45
50 54 58 57 59 5c 5c 57 51 4e 4e 53 58 5c 61 63 5d 49 3b 46 59 60 64 66 66 5a 37 2b 49 62 68 69 69 68 5d 33 20 45 63 69 69 69 6a 68 4b 16 2b 63 6a 6a 68 69 6a 64 38 18 3e 64 69 69 67 63 59 4c
57 54 4b 47 51 5b 60 64 65 63 5c 45 32 42 5a 63 66 65 66 65 5e 3e 27 41 5f 67 68 68 68 68 59 2a 23 4f 64 69 68 69 69 65 49 1e 2f 5e 69 69 69 69 67 5b 31 21 4a 66 69 66 64 62 5b 50 44 41 4d 5b
50 54 5c 5f 62 63 62 60 59 46 3b 47 59 62 65 67 69 6a 6a 5f 24 19 53 69 6b 6a 69 68 69 64 44 21 36 5d 68 6a 68 69 69 69 67 46 18 32 62 6a 6a 69 67 65 65 60 50 3c 3c 50 5e 62 63 63 61 5e 59 55
4d 4c 53 59 5d 61 62 5b 4d 40 46 55 5e 63 64 60 4e 3a 41 56 63 68 69 62 49 28 37 5c 67 69 69 69 5f 35 1d 43 65 69 68 68 69 66 51 1e 26 5b 67 69 66 66 68 67 56 2d 27 4d 62 68 69 66 5f 55 48 44
65 65 60 4e 2f 34 56 67 69 69 69 67 5d 37 21 45 65 67 66 64 64 63 5e 46 2c 3e 5a 63 66 67 66 63 54 35 31 4e 62 67 66 66 63 56 35 2e 4e 64 68 69 69 65 43 1f 38 60 68 68 66 60 54 44 3f 4c 5a 5e
48 4a 56 5f 60 5a 47 38 41 54 61 64 65 55 32 2b 4b 64 67 67 5c 36 22 44 63 68 68 60 3e 23 3b 5e 67 68 62 49 2b 34 56 65 67 65 51 2b 2f 55 64 67 65 59 38 2d 49 5e 64 60 5b 4e 3f 41 4f 59 5c 5c
47 4a 57 62 68 69 69 6a 6a 6a 69 49 14 2f 66 6b 6b 6a 6a 69 69 69 69 65 49 28 36 57 65 69 6a 69 69 69 6a 6a 6a 5f 32 20 48 64 6a 6a 69 69 68 66 63 5f 58 49 42 4d 58 5f 64 64 64 64 61 5e 5b 58
61 63 64 63 61 5c 4b 3e 42 53 62 67 67 67 6a 6a 6a 63 22 14 55 6b 6b 6a 68 68 6a 6a 63 3f 1e 38 60 6a 6b 69 67 68 69 69 61 3d 1e 3d 65 69 69 67 66 64 62 60 5b 4e 3f 44 56 5e 62 63 62 61 5f 5c
3c 39 37 39 3d 3a 3c 3e 3d 3c 38 3a 3a 37 37 39 40 3d 38 3c 3b 39 35 37 3b 38 3c 3d 3d 39 36 3b 3b 36 36 38 40 3d 39 3c 3c 37 34 39 3e 39 3a 3c 3e 3b 38 3c 3a 34 38 3c 41 3c 3a 3e 3d 39 35 38
5e 59 4d 41 43 4f 5b 61 64 65 63 4d 2a 31 54 66 67 67 67 63 49 23 31 5a 66 68 68 68 5d 2c 1f 4d 64 69 69 66 4f 29 2e 54 65 68 68 62 48 25 34 5c 67 67 64 5e 4f 37 35 4f 61 66 63 5b 54 4b 45 4b
64 68 69 69 69 68 66 63 5d 4c 34 39 58 67 6b 6b 6b 6a 6a 6a 6a 6a 6a 6b 59 29 21 4e 69 6b 6b 6b 6a 6b 6a 69 69 68 66 5d 45 35 43 59 63 66 68 69 6a 69 68 64 61 5c 54 4d 4f 54 5a 5f 61 64 66 64
4f 4e 53 52 51 50 4c 50 58 5c 58 50 47 42 47 55 5e 63 63 52 33 2f 4c 61 68 68 5d 39 24 41 5f 67 69 62 3d 1d 39 60 69 69 62 41 1e 37 5f 69 69 62 43 23 36 5c 68 67 5f 4c 36 38 4f 5f 61 5d 52 48
47 3b 45 59 64 67 69 69 5e 34 1f 43 63 6a 69 67 68 64 43 1f 36 5e 68 69 68 69 66 46 20 32 5a 67 6a 68 66 62 44 2b 3e 5a 63 66 66 63 56 3e 33 49 62 65 65 63 5b 46 39 45 57 60 63 60 5c 55 4d 4a
5e 5d 56 4b 42 42 51 5f 66 67 5f 45 2c 39 57 65 69 69 63 41 1f 38 60 69 69 67 5f 3a 20 3f 61 69 69 69 5f 3a 20 3e 61 67 69 67 62 40 20 38 5e 68 68 66 61 4d 32 35 51 62 64 61 5b 52 46 43 4d 57
61 64 64 5f 50 3a 38 4f 60 66 67 69 69 65 4a 22 30 5a 68 69 68 67 68 64 46 22 36 5c 67 68 68 68 66 5d 3a 24 43 61 67 68 68 69 68 58 2b 25 50 66 67 66 66 67 65 53 35 33 4e 60 64 65 63 5e 56 4f
63 66 67 66 65 62 5c 52 48 43 49 5b 67 69 6a 69 6a 69 6b 6a 6b 6c d a 6b 6c 6b 6b 6b 69 69 69 68 68 65 5a 46 3b 46 56 61 65 66 67 68 67 67 64 5d 56 4f 51 55 57 5c 5d 60 61 61 61 60 5f 5c 59
5c 4f 3a 38 4e 5f 66 68 65 56 2f 25 4b 64 69 69 69 5e 2c 1c 4a 65 69 68 65 58 33 27 47 60 68 68 64 5a 34 28 48 5f 65 66 66 5c 3e 2b 41 5b 65 67 65 60 44 2a 3c 5b 65 66 62 59 49 3c 42 54 5e 5e
54 56 57 5c 61 63 63 62 61 5c 52 45 42 4e 5b 63 66 67 68 6a 6a 6a 51 21 28 58 69 6a 6a 69 69 6a 6a 6a 50 e 25 6a 6c 6b 69 67 65 67 68 69 67 4d 2d 35 53 63 68 68 67 67 66 63 5e 55 4c 49 50 57
54 5e 65 68 69 69 69 69 68 67 61 4a 29 34 5c 6b 6b 6b 6a 6a 6a 6a 6a 69 6a 6a 5b 2c 21 4e 67 6a 6a 6b 6b 6a 6a 69 69 68 64 59 44 38 47 5b 63 66 68 68 68 68 67 65 61 5b 56 4f 4e 54 59 5f 62 64
5c 55 4c 4a 52 5a 60 62 63 63 62 5e 54 3f 3a 4e 5d 64 67 67 68 69 6a 5b 23 1d 55 68 6a 69 69 69 69 68 4b 1b 2d 60 69 6a 68 69 69 68 67 47 1a 31 62 69 69 68 66 64 62 5d 4d 3f 42 51 5d 62 63 62
5e 61 60 5f 5d 57 4b 43 4b 58 60 63 64 66 66 68 5c 35 29 4a 63 68 68 68 69 68 64 4a 24 33 5a 66 69 69 68 69 69 67 52 19 24 5f 6a 6b 69 68 67 68 68 5f 3b 26 43 5e 65 67 67 66 63 60 59 4f 47 4a
51 5b 63 66 66 5b 3b 29 44 60 66 68 69 69 5e 2d 20 4d 65 69 69 67 66 55 2d 29 4e 63 68 69 68 63 4e 2d 30 53 65 68 67 67 66 56 30 29 4d 62 67 67 67 67 5c 37 29 48 60 66 66 64 5f 53 43 42 4f 59
5d 61 63 65 64 61 5e 53 43 3f 4d 5d 63 65 67 68 6a 6b 6b 64 27 14 50 69 6b 6a 69 68 69 69 69 61 30 1c 4a 66 6a 6a 67 67 68 69 69 67 52 25 29 58 69 69 69 68 67 65 63 5e 4f 42 48 54 59 5f 64 62
5c 59 50 40 3c 4e 5e 63 62 59 3d 2d 44 5d 67 67 5c 3e 29 40 5e 66 65 5a 38 27 45 61 67 67 5d 36 22 44 62 68 68 5e 3b 22 3f 61 66 66 5e 40 27 3c 5c 64 64 60 4a 31 39 56 62 60 5f 51 40 40 4e 58
62 64 65 65 63 60 5a 4d 41 44 54 60 66 68 68 68 6a 6b 6b 6a 3f 10 38 68 6b 6b 6a 69 6a 69 6b 6a 69 48 10 2e 68 6c 6b 6a 68 67 66 66 64 64 5b 41 3b 4c 57 60 64 65 65 64 65 64 61 59 4f 4d 52 56
5b 53 44 43 52 5d 64 66 66 66 67 68 65 44 1d 39 62 6a 6a 68 68 69 6a 69 5d 2e 20 4b 65 69 6a 68 68 69 6a 69 5e 2f 1b 49 69 6b 69 67 66 66 67 67 5b 3f 34 46 5b 63 65 65 64 63 63 60 56 4c 49 50
65 65 63 5c 54 4a 45 4b 57 62 67 69 6a 6a 6a 6b 6b 6b 3e d 38 6a 6c 6b 6b 6b 6a 6a 6a 6b 6b 6b 3a c 3d 6b 6c 6b 6a 6a 68 66 64 61 5d 54 4c 4b 4e 56 5d 62 64 64 65 63 60 5d 59 56 56 56 58 5b
64 63 5b 4b 39 40 57 64 68 68 67 69 6a 6b 5e 1b 18 5c 6b 6b 69 68 68 69 69 65 44 1d 35 5f 68 6a 68 67 68 69 68 64 45 23 38 5d 68 68 65 65 64 64 61 5c 52 45 44 51 5b 60 62 61 60 60 5d 5a 56 54
51 49 43 47 57 5e 61 5e 4c 32 35 53 62 65 63 51 31 2f 4f 61 65 63 56 2f 26 4e 64 68 66 53 27 28 55 65 68 64 4d 28 2e 56 66 65 63 4f 2f 2e 52 64 65 60 4f 35 37 51 5e 61 5b 4e 44 43 4f 57 58 55
48 48 54 5d 64 67 61 49 2f 3a 57 63 67 68 66 4e 2c 34 56 65 68 68 60 3f 24 3d 5f 67 69 68 60 3c 20 3d 62 69 69 69 67 53 20 25 56 67 68 67 66 63 4f 32 34 50 5f 62 65 64 5f 4f 3c 3c 4d 5c 63 60
4e 4f 58 5f 62 65 67 66 62 57 3e 34 49 5c 65 68 67 68 69 69 69 55 1c 22 5d 6a 6b 69 66 67 69 69 64 43 21 36 5d 68 6b 68 66 66 69 6a 67 48 1d 30 5e 69 6a 69 67 66 65 63 57 46 3e 48 57 60 64 64
5e 5f 58 49 40 47 56 5f 64 66 62 4d 37 3d 53 61 66 66 63 4b 2b 37 5a 65 69 6a 69 55 1e 23 5a 69 6a 69 69 68 58 25 21 52 66 68 68 68 68 61 41 27 3c 59 64 67 67 66 5e 4a 3a 3f 51 5e 61 5f 5d 59
57 5b 5e 60 60 58 47 40 49 55 5f 63 64 65 64 5b 40 2b 41 5f 67 67 66 68 67 5b 33 22 45 62 69 69 67 67 64 54 2c 27 50 64 69 68 68 68 68 58 1c 1c 5b 69 6a 68 67 65 5f 53 35 33 51 60 64 63 61 5c
