5a 5f 60 60 5f 5b 51 45 48 55 5e 63 64 65 65 65 62 47 2b 3c 5a 67 69 69 69 69 69 5b 27 1e 51 68 6a 6a 68 69 68 68 5a 27 1f 51 67 6b 6a 69 67 68 6a 65 42 21 39 5d 67 69 68 67 63 61 5a 4e 45 4a
5c 59 51 47 4a 54 5d 61 64 64 61 55 40 36 48 5d 65 66 68 69 68 55 22 27 59 67 69 69 69 69 63 3a 1e 3e 60 68 6a 69 69 68 5e 33 1e 46 65 68 68 68 68 68 62 41 26 3d 5e 66 66 66 62 5f 58 4d 45 4c
5d 62 64 64 62 5b 55 4f 47 46 52 61 65 68 68 6a 6b 6b 6a 3b e 3b 69 6b 6b 69 67 68 69 68 61 45 2d 37 54 66 6a 69 67 68 69 6b 6b 6b 3e d 37 68 6c 6b 69 68 67 65 62 5c 52 44 44 51 5a 60 65 64
4d 4b 4e 56 5e 62 5f 55 46 3b 43 57 62 66 67 5f 47 2a 38 5a 64 65 66 64 4f 2d 30 52 63 67 68 65 4d 2b 31 51 64 69 69 65 4f 25 2d 56 64 68 68 67 4f 22 2a 58 68 69 67 62 53 3a 35 4a 5c 62 62 5b
5b 5e 5d 5c 59 50 47 4b 54 5e 63 65 64 61 5e 54 3b 36 4f 62 65 65 66 68 69 66 43 1a 35 61 6a 6a 69 69 68 65 46 20 35 5e 68 69 69 6a 6a 69 44 10 31 67 6b 6a 67 66 64 5f 52 41 3c 4a 59 62 66 63
63 63 63 62 5f 59 51 49 47 51 5c 64 68 69 69 6a 6a 6b 6b 3a d 3c 6a 6b 6b 6b 6a 69 6a 6b 6b 65 42 15 34 67 6b 6b 6a 69 66 64 66 68 6b 68 49 31 40 53 5f 64 67 68 68 67 63 5f 5b 56 50 51 55 58
56 54 57 59 59 5f 65 67 68 68 68 64 5f 57 4e 45 41 51 64 69 69 6a 6a 6a 6a 6a 6b 6a 6a 41 e 35 6a 6c 6c 6b 6a 69 68 69 69 6a 6a 6b 6c 48 28 3d 54 60 67 69 6a 6a 69 68 63 5e 5b 56 54 53 53 57
58 5a 5c 5b 53 46 3f 49 58 62 66 64 5e 43 2b 3b 5a 65 67 67 66 51 29 29 50 65 69 68 67 59 30 26 4b 61 67 68 64 54 34 2d 48 5f 68 6a 68 5b 2c 20 4c 65 68 68 67 5e 41 2b 3e 59 63 66 64 5a 49 43
48 45 4d 59 62 65 67 66 56 32 29 4d 65 68 68 68 68 5f 3d 24 3d 5f 68 69 66 68 64 4a 26 33 58 65 69 69 68 64 51 2a 2e 55 64 68 67 68 68 5b 29 21 52 66 69 67 65 60 56 3e 3a 4f 5b 5f 61 5f 5a 56
55 52 4f 4e 53 58 5c 5c 56 4d 45 4a 57 5d 60 60 5b 47 38 41 56 62 67 68 62 47 25 34 5a 67 69 68 64 52 25 27 55 67 69 69 69 5c 28 1d 4e 65 68 69 68 67 47 1f 31 5b 67 68 67 61 52 3c 39 4e 5d 60
59 5f 63 63 5e 51 3a 38 4f 61 66 68 67 67 63 3b 1c 3e 63 69 69 67 66 66 57 2c 27 4e 63 68 67 68 67 62 43 25 37 5a 66 69 69 68 66 4e 24 2f 56 65 68 68 66 62 56 44 35 41 5a 64 66 63 5c 56 4f 4c
5e 5e 58 4b 43 49 55 5f 64 65 63 59 3f 33 46 5b 64 66 67 68 60 39 23 43 5f 67 68 68 67 60 3e 24 3e 5d 66 69 69 67 5b 38 28 45 5f 67 69 69 6a 64 31 18 46 66 69 68 66 65 5a 45 35 41 57 61 64 61
52 51 58 5d 60 60 61 60 5d 58 4a 40 48 58 61 66 68 6a 6a 6b 66 25 12 51 69 6b 6a 6a 6a 69 69 58 21 20 57 69 6a 6a 68 67 67 69 66 4b 23 2e 58 69 6a 67 67 64 63 61 59 4a 42 4b 57 5c 5e 61 64 61
63 64 64 61 54 3f 3d 4e 5c 63 64 67 69 6a 6a 60 26 19 51 68 6a 69 69 69 68 65 4f 22 2c 5c 66 69 68 67 69 69 68 5d 25 1c 53 67 6a 69 67 66 66 67 5e 41 30 42 59 62 66 65 66 64 5f 55 4b 4b 51 57
48 45 51 5d 61 62 63 63 5b 46 34 42 5a 63 66 66 66 67 5d 39 24 44 63 68 68 68 67 65 56 31 28 4c 64 68 68 68 67 65 57 2f 27 4b 62 68 68 69 69 68 5b 21 1e 56 68 6a 69 68 63 5c 4e 3d 3f 4f 5d 62
63 62 5d 54 4b 46 4b 58 63 67 68 69 69 6a 6b 6a 6b 41 c 34 6b 6c 6c 6a 68 67 68 69 6a 6a 6b 6c 36 c 41 6a 6c 6b 69 69 68 68 65 5f 58 52 4f 50 54 56 5c 61 63 64 64 61 5d 5b 5a 5a 59 58 58 59
5b 60 62 5c 50 41 3d 4c 5f 66 68 66 60 4b 2b 34 59 67 68 67 67 67 56 2e 28 4f 63 67 68 69 68 58 2b 24 4f 64 6a 68 68 63 49 27 32 57 67 68 68 68 62 3c 20 40 62 67 67 64 5f 56 46 3e 47 57 5e 5f
52 56 5b 55 4a 44 45 51 5e 63 61 57 41 34 42 56 65 69 66 50 2a 2a 50 66 69 69 5d 36 21 42 62 69 69 60 44 22 34 5e 68 68 63 4a 2b 36 57 64 66 62 51 35 35 50 61 64 60 52 42 3f 4d 5a 5d 59 54 4e
67 66 65 63 5b 51 4b 4a 4c 57 63 67 69 6a 6a 6a 6a 6a 6a 6a 47 e 2f 6b 6c 6b 6c 6b 68 69 6a 69 6a 69 6b 6b 44 24 3c 57 64 68 6a 6b 6a 6a 67 64 5f 58 53 53 53 54 58 5d 5f 62 63 63 61 5f 5d 5b
60 5e 59 50 4a 4b 53 5d 62 63 64 67 65 56 38 30 4b 62 68 68 69 69 69 65 3b 1a 3e 62 69 6a 69 6a 69 67 53 26 27 55 67 69 68 68 69 6a 69 4b 16 2c 62 6a 6a 68 67 63 5f 58 48 40 46 54 60 65 62 5f
5f 5e 5b 59 55 54 52 53 5a 61 64 65 65 62 5c 59 54 4d 43 4a 5f 65 67 65 66 68 6a 6b 67 38 14 41 69 6b 6b 69 69 68 6b 6a 6b 69 c b 6a 6c 6c 6a 68 67 64 61 5f 59 50 4f 4b 4b 57 60 63 64 64 62
43 4a 5a 64 67 69 69 6a 6a 6a 4d 11 28 67 6c 6c 6a 67 66 67 68 66 55 36 31 4d 60 66 66 66 67 68 69 69 5d 3a 28 43 61 69 6a 69 68 69 6a 69 57 2f 28 4e 66 69 68 68 67 65 60 59 53 4a 46 50 5c 62
5d 5c 58 56 56 53 58 5f 62 65 66 65 63 61 5d 55 49 41 46 5a 68 69 69 69 68 6a 6b 6b 6a 3c e 3a 6a 6c 6b 6b 6a 69 69 6a 6b 6b 6c 3a b 3c 6b 6c 6b 6b 6a 69 66 64 60 59 52 4d 4e 51 56 5d 62 65
54 4f 4f 55 5f 66 6a 69 69 69 67 63 5b 49 35 3b 58 67 69 6a 6a 6a 6a 6a 6b 6a 6c 5c c 19 6a 6c 6c 6b 6a 69 69 68 68 69 64 5a 45 3a 47 56 60 66 69 68 68 67 64 61 5c 56 52 51 54 58 5b 5f 63 62
50 58 5e 62 62 5f 50 3a 3a 50 61 67 69 69 64 41 22 3c 60 68 6a 69 69 58 25 22 53 66 6a 6a 69 65 4a 25 32 5a 67 68 68 68 64 54 2a 28 52 65 68 66 65 66 5e 44 32 41 58 61 64 63 61 59 4d 47 4a 52
50 4c 50 55 5a 63 68 6a 6a 6a 6a 6a 69 66 5c 3e 1c 3d 6b 6c 6c 6c 6b 69 69 6a 69 6a 6a 6b 6c 43 1f 3a 59 66 6b 6b 6b 6a 6a 69 67 62 5b 53 51 51 50 55 5d 62 64 66 65 62 60 5f 5e 5c 5a 58 5a 5b
55 5e 65 67 69 69 69 68 66 5b 37 1f 47 6b 6b 6b 6a 69 68 68 69 6a 67 51 2d 2f 51 63 6a 6b 6a 69 6a 69 6a 6a 68 41 14 37 67 6b 6b 6a 68 68 68 68 66 5e 50 45 45 4f 5b 62 65 67 67 66 63 60 5b 56
60 5e 58 51 4d 4d 54 5b 5f 62 65 67 67 5f 44 2c 3f 5d 67 69 69 6a 6a 69 59 1f 20 5a 68 6a 69 68 69 69 67 53 22 27 59 67 69 68 66 67 69 6a 69 45 19 33 60 69 69 68 68 65 63 5f 50 41 42 4f 5d 62
54 5a 5f 60 60 5e 56 46 3e 4c 5b 60 64 66 67 65 52 29 2f 58 66 68 68 68 67 56 2b 2a 53 63 67 69 68 67 60 3c 20 3f 63 68 68 68 6a 69 5c 26 1d 51 68 6a 67 65 65 65 5e 43 2f 42 5b 62 65 65 61 5a
59 60 66 66 67 67 67 65 61 5b 52 49 43 4c 5e 66 68 68 69 6a 6a 6b 6a 6b 69 59 31 1e 47 6b 6c 6b 6b 6b 69 69 69 69 6a 6b 6b 6b 43 23 3c 58 64 68 6a 6a 6b 6a 68 66 62 5c 57 51 50 53 55 5b 60 63
5a 55 4a 48 52 5b 60 62 65 67 69 6b 45 20 3b 5f 67 68 68 6b 6a 6a 5b 20 1e 58 6a 6a 69 67 68 6a 6a 66 40 1a 38 62 6a 6b 67 63 63 64 67 67 57 33 31 4f 60 64 65 65 66 64 61 59 50 4a 4b 52 59 5e
59 57 56 51 51 59 5e 62 63 64 63 61 61 5a 4a 37 42 5e 65 68 67 67 68 6a 6a 67 42 1a 38 62 68 6b 6a 68 68 6b 6a 6c 64 e 11 68 6b 6b 6a 68 66 66 63 63 61 58 46 3a 46 5b 63 65 65 64 63 62 60 5b
3d 3a 36 3a 3e 3a 3d 3e 3f 3c 36 37 39 38 3e 3e 40 3b 33 3a 3c 39 37 38 3c 3d 3b 3d 3a 34 38 3c 3e 3b 37 37 3b 3b 3b 3d 3d 39 32 3a 3e 39 3b 3b 3c 3e 39 3c 37 31 3b 43 44 3d 34 39 3d 3a 3b 3b
5a 5a 5a 5c 5d 5b 57 54 53 57 5e 60 60 60 5e 5c 5e 57 45 44 53 5e 63 66 67 69 6a 6b 5f 2d 1b 4b 68 6b 6a 69 68 6a 6b 6a 4f e 26 69 6b 6b 69 67 64 66 68 6a 6b 4e 27 32 55 64 68 68 66 66 64 60
5d 59 50 49 49 51 59 5e 62 63 5b 46 39 47 5a 60 63 63 5c 46 36 46 59 61 66 66 60 49 30 3a 55 63 67 67 67 5d 35 23 45 62 68 6a 6a 69 51 19 25 5d 68 69 69 6a 69 4c 1d 2b 5a 68 69 68 62 56 46 41
54 4c 4c 55 5b 5f 64 66 67 65 67 66 41 22 3f 62 69 69 69 69 6a 6a 6a 5b 1c 1d 5c 69 6b 6a 69 68 6a 6b 6b 64 25 12 51 6b 6b 6a 68 65 63 62 62 5f 59 4c 43 48 53 5e 65 64 64 62 60 5f 5a 55 53 54
5c 55 48 41 4a 59 63 65 65 63 53 37 33 4c 60 64 67 68 68 5c 2e 20 4b 64 67 68 69 67 56 2f 29 4b 62 68 68 68 66 50 29 2c 52 63 69 69 68 66 4d 23 2e 5a 66 67 66 65 60 4f 36 37 52 60 63 60 5d 5a
61 63 5f 52 3f 39 4b 5c 65 68 69 69 68 51 18 25 5f 6a 6a 68 68 67 62 47 25 35 5a 66 69 69 68 67 5e 37 22 42 61 68 69 68 67 67 5f 3e 23 3d 61 69 67 66 63 5c 53 4e 46 42 52 5e 61 61 5c 59 56 55
56 58 5c 5d 5c 5d 5a 57 50 4d 52 57 5e 62 62 61 62 60 53 3d 3c 51 60 65 67 69 6a 6a 68 44 1a 34 60 69 6a 69 6a 69 69 61 34 18 44 68 6a 6a 68 68 69 6a 6a 45 10 30 67 6b 6a 69 68 64 5e 57 4e 48
5a 58 51 48 46 49 53 5e 62 5f 50 3c 37 48 5d 65 67 60 3d 27 41 5d 66 67 5f 40 25 39 5c 67 68 61 45 27 36 5a 67 69 64 49 26 33 58 66 67 62 50 2f 30 53 62 64 62 57 42 39 46 58 5f 5d 59 50 47 48
57 54 52 54 57 5d 5e 5d 5b 59 54 4c 4a 54 5d 5d 5e 5f 60 5c 4f 3e 43 54 60 66 68 69 69 61 36 1d 43 63 68 69 69 69 68 54 25 27 56 67 69 68 68 6a 6a 64 18 11 5d 6a 6b 68 67 66 61 56 42 3c 4a 59
50 48 49 53 5e 65 67 67 66 62 57 45 36 40 5c 67 66 67 67 67 67 65 51 2e 2f 51 64 69 69 69 69 68 67 54 22 25 58 68 6b 6a 6a 6a 69 68 45 14 31 64 6b 6b 6a 68 66 65 5f 4a 36 3d 52 60 65 67 66 63
53 4d 4b 4e 57 5f 5e 57 48 40 45 52 5f 63 61 56 42 36 46 5c 64 66 60 41 2a 3d 5c 67 68 64 4e 29 32 57 65 69 67 55 2e 29 4d 65 6a 69 5d 2f 20 49 64 69 68 62 48 28 34 5a 65 65 61 54 44 41 4a 55
5f 54 43 3b 48 5a 62 64 65 5f 48 2f 39 57 63 64 66 66 59 33 27 48 62 69 68 66 5f 3d 24 3f 5e 66 67 67 62 42 24 3b 5c 66 68 67 63 3b 21 3f 5f 68 69 66 5b 37 28 47 61 66 64 5e 51 43 44 4e 56 5a
56 59 5d 61 62 64 64 5f 57 4c 43 47 56 5e 62 66 68 69 6a 6b 6a 40 13 36 64 6b 6b 6a 68 69 6a 6a 60 26 17 50 69 6b 6b 68 66 66 68 6a 6a 59 2c 24 4e 66 69 69 67 65 63 63 60 56 48 45 50 58 5d 60
5e 62 64 65 64 61 59 43 36 47 5e 66 67 66 66 69 6a 6a 59 23 21 56 68 6a 69 67 67 69 69 67 55 28 27 53 66 6a 69 68 68 6a 6a 68 50 14 26 65 6b 6b 69 67 66 65 61 5a 4c 3e 44 54 5e 63 65 64 61 5d
65 66 62 57 45 3a 45 59 65 68 69 69 6a 6a 69 54 20 23 57 6a 6b 6a 69 69 6a 6a 6a 55 19 22 5e 69 6a 6a 69 67 66 67 69 67 48 23 35 5a 67 69 68 67 66 65 63 5d 50 46 4a 53 59 5e 60 62 62 60 5e 5a
65 62 59 52 4a 47 50 5d 64 69 6a 69 6a 6a 69 69 68 5e 40 1d 39 68 6c 6c 6b 6b 69 68 69 69 6a 6a 6b 6b 42 1e 3b 5b 67 69 6b 6b 6b 69 69 68 64 5b 53 4f 4f 52 56 5b 60 64 65 65 65 62 5f 5d 5a 59
4a 4a 4f 59 5f 5d 55 46 3c 44 56 60 64 63 53 30 2e 50 61 67 67 5d 32 21 47 63 69 67 5b 38 25 42 62 68 65 5a 39 27 45 60 67 66 5a 36 2b 4a 60 66 64 58 3a 2f 48 5e 64 60 56 49 3e 45 55 5b 5b 58
65 63 5f 59 50 45 42 52 61 67 68 69 68 69 6a 6b 69 38 f 3f 6a 6c 6b 6a 68 67 69 6b 6a 6b 5b c 1a 6a 6c 6b 6a 69 67 65 63 61 5f 5e 57 48 44 4d 5a 62 65 65 63 5f 60 61 5c 57 53 53 56 5a 5b 5c
50 51 58 5e 62 64 64 64 5f 4a 36 3e 54 61 66 68 69 6a 6a 65 30 14 46 68 6b 6a 69 68 69 68 54 29 27 51 66 6a 69 69 69 68 66 51 1f 28 5c 69 6a 69 67 66 66 62 51 38 38 50 60 64 65 65 62 5e 57 52
4e 46 46 53 62 66 68 68 69 6b 6b 6a 37 e 40 6a 6b 6b 6a 69 67 69 69 67 58 31 2a 4c 61 68 69 69 68 69 6a 6a 6b 5d 25 1b 53 6a 6b 6b 69 66 65 65 60 54 4a 46 4e 5a 5d 5f 62 63 61 5f 5d 59 56 56
53 51 50 51 59 5f 61 63 62 5f 57 49 3f 47 5a 62 61 63 64 67 65 61 43 25 3c 60 67 67 67 6a 6a 68 4f 1e 2b 5d 68 6a 69 6a 6a 69 4c 16 29 62 6a 6a 68 68 68 66 5c 3a 2a 46 5f 67 67 66 64 5f 55 4e
4a 4d 54 5b 5f 60 58 47 3b 44 56 61 67 66 5d 41 2d 3f 5b 67 68 66 5e 39 22 40 60 68 68 67 5a 32 24 47 61 68 69 66 5b 3a 23 3f 60 68 6a 69 62 3c 20 3d 5f 67 67 65 5d 46 35 3f 53 5e 61 5f 58 4e
54 56 57 5b 61 61 5c 51 4b 50 59 5b 5d 5e 62 65 57 42 3d 4d 60 68 69 6a 6a 62 39 1f 43 65 69 68 68 69 6a 69 4c 13 2a 64 6a 6a 67 63 66 69 6b 6b 43 16 34 60 6a 6a 68 65 63 5a 54 50 50 51 51 55
58 5c 5e 5b 4e 40 40 4e 5d 65 67 65 53 2f 2b 4d 63 69 69 67 53 22 27 58 66 6a 67 63 51 2b 2d 54 64 68 65 5e 4c 33 37 52 63 67 66 5b 41 2e 42 5e 65 65 64 56 33 2b 4e 65 65 64 5d 4d 41 43 4e 5a
69 69 69 68 66 62 58 49 3e 3f 54 68 69 69 6a 6a 6a 6a 6a 6b 6a 6c 41 e 35 69 6c 6b 6b 6b 6a 6a 6a 6a 69 6a 68 4d 34 3d 50 5d 64 69 69 69 68 67 66 65 62 5c 54 50 50 53 57 5c 61 65 65 65 65 60
60 65 66 66 66 66 62 5d 54 3f 38 4e 62 68 6a 69 69 69 6b 6a 6b 6a 2a f 4d 69 6b 6b 6a 6a 6a 6b 6a 6a 62 3a 1b 3d 65 6b 6b 6a 69 69 68 66 65 63 54 3d 3c 4f 5d 63 67 67 67 66 63 60 5c 55 50 51
56 55 54 58 5f 63 66 66 65 63 60 5d 53 48 42 4b 5d 66 67 68 69 69 6a 6a 6b 6a 3b d 3b 6a 6b 6c 6a 6a 6a 6a 6a 6b 6b 6c 38 b 3d 6b 6c 6b 6a 6a 69 67 66 5e 58 52 4d 4e 52 56 5d 63 64 65 64 61
5b 5f 64 66 67 66 66 64 5e 54 48 42 4a 5a 64 67 6a 6a 69 6a 6b 6b 6b 69 3e e 38 6b 6c 6c 6c 6b 69 69 6a 6a 6a 6b 6b 4d 24 2d 54 69 6b 6b 6a 6a 6a 68 65 61 58 4f 4c 4f 55 5a 5f 62 64 65 65 63
61 64 66 66 64 60 58 4b 41 45 54 62 67 6a 69 68 69 6a 6b 6c 45 d 30 6a 6b 6b 6a 6a 6a 69 6a 6b 6b 69 33 e 43 6b 6c 6b 6a 69 68 65 62 5e 5a 55 4e 4a 4f 58 5e 63 64 63 63 61 5f 5d 59 56 55 56
41 41 50 5e 64 65 66 61 48 2c 38 57 64 66 67 67 63 46 24 37 5b 66 68 67 66 59 38 28 45 60 67 68 68 62 4b 2e 33 52 62 67 68 67 63 49 21 33 5c 67 68 67 67 63 4a 2a 33 54 65 67 64 61 5a 49 41 49
60 5a 4f 44 43 4f 5d 64 67 68 6a 6a 6b 69 2d e 49 6a 6c 6a 69 69 69 69 63 44 21 37 5f 67 6a 69 67 68 69 69 66 41 19 38 65 69 6a 67 65 64 66 67 61 4f 3b 3b 51 5f 62 65 65 64 62 60 58 50 4c 4e
59 5d 60 60 5d 59 51 49 47 4d 5b 61 63 64 62 60 5d 4f 38 38 54 63 65 66 67 68 69 63 34 1b 45 63 6a 6a 69 68 68 58 29 23 51 66 6a 69 69 69 69 4f 14 26 63 6b 6a 68 65 63 5c 4b 3b 41 52 5c 62 62
