66 68 68 66 62 59 50 4a 48 4f 5a 63 67 69 6a 6a 6a 69 6a 6a 63 4c 1b 2d 66 6b 6b 6b 6b 6a 6b 6a 69 6a 6a 69 65 39 22 47 5f 66 69 6a 6a 6a 69 67 66 63 5d 53 4b 4e 54 59 5e 60 63 66 65 64 62 5d
52 59 5d 60 63 5f 58 4a 38 41 59 65 66 66 66 67 5e 30 25 4f 64 68 69 69 69 69 5c 22 1e 57 67 6a 67 68 6a 67 50 1f 2a 5c 68 69 67 69 68 62 44 25 3b 5d 65 67 65 63 61 59 48 3f 48 56 5d 61 5f 5c
62 63 64 65 61 5c 4e 3f 45 56 61 66 68 68 68 69 6a 6a 5a 2c 20 4d 69 6b 6b 6b 68 67 69 69 69 64 32 18 47 66 6b 6a 68 68 68 69 69 6a 6b 4f 21 2e 59 68 69 69 68 68 67 64 60 55 4d 47 4b 58 60 62
64 64 5f 4e 37 39 52 61 67 68 68 67 51 23 2a 59 67 68 68 68 65 4a 27 34 59 66 68 68 69 65 44 24 38 5b 65 69 69 68 5f 41 2b 3e 5c 66 68 68 69 61 34 21 48 64 68 65 62 60 55 43 3d 4b 5c 5f 5f 5b
44 3e 4b 5b 64 65 67 66 5e 3c 23 40 62 68 65 66 68 69 56 26 24 53 67 69 67 69 68 5e 32 21 48 63 69 67 66 67 5e 39 26 45 60 68 67 67 64 56 35 2e 4e 62 65 64 63 5f 52 3e 3c 4f 5d 62 63 5c 53 4f
5d 61 66 67 68 67 65 62 5a 49 3f 44 52 63 6a 6a 6b 6a 6a 6a 6a 6b 6b 49 c 2d 6c 6b 6b 6b 6b 6b 6b 6a 69 69 68 5b 41 36 45 57 62 67 68 69 69 68 68 65 61 58 50 4f 51 55 59 5e 62 66 65 62 62 5f
52 4e 4d 50 5c 61 63 63 65 64 55 38 34 4e 60 65 66 67 68 69 67 44 19 34 62 69 69 68 67 69 66 56 29 25 52 65 69 69 68 69 68 62 3d 1b 3b 64 69 69 68 66 67 64 52 38 39 4d 5b 62 65 66 63 5d 53 4f
62 63 5e 57 49 43 4c 58 60 64 64 66 68 68 62 48 27 35 5c 68 69 68 68 6a 69 6a 5a 19 1c 5f 6a 6a 69 68 69 69 68 63 3e 1f 3c 60 69 69 67 66 65 66 65 57 3d 33 48 5e 65 66 65 63 61 5e 55 50 50 52
5f 5c 53 44 42 4d 56 5d 62 65 64 51 33 34 4f 61 65 66 64 5c 3f 2b 40 5c 66 67 67 65 4d 26 31 58 64 68 69 65 4b 24 31 5b 66 69 68 65 51 20 28 5b 68 69 6a 69 5e 2e 1e 49 62 68 68 65 5c 45 39 46
42 47 58 64 65 5f 4e 37 35 50 64 68 66 60 4d 32 36 50 61 67 67 65 58 2f 28 4c 62 68 68 66 5c 34 26 49 62 69 69 5f 43 2a 3c 5c 67 68 61 3f 27 41 60 68 69 67 50 23 28 57 67 68 65 5d 4b 3d 3e 4e
62 60 5a 47 3b 46 58 62 64 66 68 6a 6a 5d 1e 1a 59 6b 6a 68 69 6a 6a 64 3a 1a 3d 63 69 69 68 69 69 69 59 30 21 4a 68 68 67 66 64 63 60 4f 3d 40 4f 5d 60 61 61 61 5e 5b 52 4a 4c 53 59 5d 5f 5d
5f 60 61 61 5f 5b 56 4e 48 4f 5d 61 63 65 65 66 68 6a 55 2b 2d 54 66 69 69 67 67 6a 6a 6a 5c 29 1d 4f 69 6b 6a 67 66 69 6a 6b 6a 44 e 33 6a 6b 6a 69 67 65 63 62 5d 51 47 48 50 57 5d 62 64 63
59 5e 64 67 68 6a 69 68 67 63 58 4a 3a 40 59 66 6a 6a 6a 6a 6a 6a 6a 69 6a 63 4f 30 2e 52 68 6a 6b 6b 6a 6b 6b 6a 69 6a 6a 68 46 2a 3f 5a 63 65 69 6b 6a 6a 68 67 63 5c 55 4f 50 52 55 5e 62 64
5b 60 63 63 5f 53 3b 37 50 60 64 66 66 68 68 57 25 25 57 67 69 69 67 68 61 3d 20 3d 61 66 68 69 67 65 5f 46 25 35 5e 66 68 67 66 66 65 57 2d 29 52 63 66 67 65 63 61 57 40 3e 4f 58 5f 62 5f 5c
4e 4a 47 4e 5b 5f 60 5c 4a 33 3c 54 61 66 65 51 2d 2f 51 62 67 67 50 28 2a 53 66 68 64 4e 25 2c 5a 66 6a 66 4c 1e 2b 5c 67 68 64 53 33 29 4c 63 66 65 58 42 39 48 52 5a 5b 56 4e 4a 4f 54 56 53
61 61 5c 59 52 4f 52 59 61 63 66 67 65 66 65 5f 53 3f 3b 4f 5f 66 69 69 68 68 6a 6a 6a 67 46 18 32 64 6a 6a 6a 6a 68 68 69 6a 6b 6b 6c 2d d 4a 6a 6b 6b 6a 68 67 67 64 60 5a 50 4d 4d 50 5a 60
60 5d 57 4e 48 4a 54 5e 62 65 66 65 65 64 4f 2b 30 57 68 68 69 6a 6a 68 66 51 24 2a 59 68 68 6a 6a 6a 68 68 56 23 23 56 68 6a 69 68 68 68 67 59 2d 24 51 66 69 68 67 66 64 60 57 47 3d 48 59 61
5e 54 46 3f 46 58 63 67 60 48 2d 3a 59 65 68 69 5a 29 20 50 67 69 68 58 29 24 52 65 6a 69 59 23 1f 54 66 69 69 61 41 22 39 5d 65 65 62 55 47 3c 41 52 5d 5f 5a 52 4b 4d 50 52 56 53 54 55 52 51
57 50 4c 4e 56 60 65 68 69 69 69 69 69 66 62 58 3e 29 44 68 6b 6b 6b 6a 6a 6a 69 69 6a 6a 68 57 31 2b 4f 64 67 69 6a 6a 69 69 69 69 68 66 5f 48 3c 48 55 60 64 67 68 67 67 66 63 60 5b 56 55 57
51 57 5d 60 63 64 64 61 5d 57 47 41 4f 59 5e 64 67 69 6a 6a 6b 66 30 15 48 67 6b 6b 6a 6a 6a 6a 68 57 2c 25 4e 65 6a 69 69 69 69 6a 6a 63 36 1b 43 64 6b 6a 6a 68 67 66 61 56 44 40 4d 59 61 64
61 65 60 51 3a 38 50 62 67 67 66 69 61 3c 24 40 60 68 69 69 6a 69 5f 2b 1c 4f 66 69 69 69 67 65 52 27 2e 58 66 67 67 69 68 61 43 24 3b 5f 67 68 67 65 62 53 3d 3a 4f 5e 5f 60 61 5f 58 52 4b 4d
63 61 5d 55 43 3d 50 60 66 68 68 69 69 6a 6a 6a 46 15 32 65 6b 6b 6a 69 68 69 69 68 63 48 2c 3a 56 64 69 69 68 68 69 69 69 69 63 39 19 43 69 6a 69 69 68 66 64 63 60 5a 4f 47 4c 54 5a 62 65 65
5a 58 58 53 45 3a 46 5c 65 64 5f 48 2c 37 58 65 68 63 44 24 37 5d 66 68 61 3a 1f 3e 61 68 68 62 3e 1e 3b 62 69 67 5d 3d 29 43 5e 65 64 57 3a 2f 47 5f 62 62 5b 47 33 42 58 5e 5f 5a 50 43 43 4e
49 4a 55 60 5e 57 45 39 42 55 62 64 62 52 32 2d 4b 62 68 67 5e 37 20 42 63 68 67 5e 3d 24 3e 60 68 69 62 40 21 38 5d 67 69 63 46 24 38 5d 66 66 60 4c 2f 35 56 64 64 5b 4f 3e 3c 50 5c 5b 58 56
44 42 4e 5c 63 65 63 59 3e 2e 41 5d 65 66 68 63 48 28 37 59 65 67 67 63 4e 2a 2d 53 65 68 68 63 4c 2e 34 54 63 66 67 63 4f 2d 2f 51 63 67 68 67 56 28 25 54 68 68 67 64 58 3c 30 47 5c 62 63 5c
53 4b 47 53 61 63 65 66 66 67 66 5f 4b 34 3a 55 66 68 69 67 67 68 6a 68 55 2d 2a 50 65 69 6a 69 68 6a 6a 6a 61 38 1a 40 68 6b 6a 69 68 68 69 6b 69 53 2a 29 51 67 6a 68 68 68 67 65 5d 52 47 47
5a 60 63 63 5d 49 2f 39 58 65 69 69 69 61 36 20 45 61 67 67 67 67 5c 35 24 49 62 66 67 68 63 4d 2d 34 53 63 68 67 66 5e 3f 26 3e 5f 66 66 67 68 64 3e 20 3d 5f 68 68 66 62 59 44 39 44 56 60 62
63 65 66 64 60 5c 53 49 46 4e 5a 63 67 69 69 6a 69 6a 6b 6c 47 e 30 6a 6c 6b 6b 69 68 69 69 69 6a 6b 6c 33 c 46 6c 6c 6a 6b 6a 69 69 64 5e 5b 55 4d 4a 50 58 5e 63 66 66 62 60 5e 5c 59 57 57
4f 4b 4d 57 62 67 69 6a 69 69 68 67 65 59 35 25 4a 69 6c 6b 6b 6b 6b 6a 69 6a 6a 69 5a 29 1e 52 6b 6b 6b 6a 6a 69 67 66 67 67 60 51 43 46 51 58 60 64 66 67 68 67 64 60 5b 55 53 56 59 58 59 5e
62 5f 4a 32 3d 58 66 69 6a 5e 35 24 49 64 69 69 64 40 21 3c 61 6a 69 67 54 29 27 53 68 67 66 67 5e 42 26 38 5d 67 68 67 66 5b 38 27 44 5f 66 67 65 62 54 36 35 51 5e 60 5f 5c 55 49 49 51 57 5a
55 56 56 56 58 58 58 58 53 53 51 52 56 59 5d 60 5e 51 42 44 52 5e 63 67 68 61 3f 25 3d 5e 68 69 68 69 66 45 1d 34 5e 68 69 69 6a 69 55 16 20 60 6a 6a 68 69 69 5e 33 1e 46 65 6a 68 65 60 55 46
5f 4e 34 39 56 66 67 68 69 68 55 28 27 52 67 67 67 68 69 63 48 22 32 5d 68 69 68 67 66 50 2b 31 54 63 67 68 67 60 41 29 3e 5c 67 68 67 67 56 2f 2b 50 63 67 67 64 5d 4e 3e 40 51 5c 61 5f 59 58
62 64 65 65 60 54 42 3f 4a 59 65 67 68 67 69 6a 69 5a 22 20 58 6b 6b 69 68 68 69 6a 66 48 24 35 5a 67 6b 69 66 67 6a 69 67 46 19 33 64 69 6a 67 65 65 66 66 63 54 3a 3b 52 5d 62 64 64 64 63 5f
4a 53 5d 64 65 64 5a 3a 2b 45 60 68 69 6a 65 48 22 34 5d 67 69 68 67 5c 36 24 46 61 68 69 68 66 4e 2d 31 51 64 67 68 69 66 56 28 25 52 66 68 66 65 65 5a 38 2e 47 5c 65 67 63 5f 51 40 43 51 5a
5e 5e 5c 5c 5a 54 51 56 58 58 5e 62 62 62 5f 5d 58 4b 43 4c 59 62 66 68 6a 6a 6a 65 3a 1a 40 65 69 6b 6a 69 6a 6a 69 54 19 22 5f 6b 6b 6a 68 66 68 69 6b 6b 41 1a 39 5f 68 69 69 68 65 60 5b 57
63 66 63 4f 2e 32 54 64 68 6a 68 58 28 27 54 66 6a 6b 6a 55 1d 24 5a 68 69 69 68 5d 2d 21 4e 65 69 66 64 63 56 40 34 42 59 61 60 5c 5e 61 5d 50 41 3d 4b 5c 61 64 64 5c 4d 42 46 51 58 5c 5f 5b
5b 5f 62 63 5f 4f 37 39 53 64 67 67 66 62 58 38 2e 4d 60 66 67 66 65 64 58 34 2b 4c 61 66 67 68 68 65 49 23 34 5c 67 69 69 68 66 44 21 38 5c 69 6a 69 67 60 45 24 38 60 69 69 67 61 57 49 40 47
3d 38 32 38 3d 3a 3f 3d 3d 3e 36 39 3a 34 38 38 42 42 37 38 37 35 38 3d 3d 37 37 3c 3f 3b 39 37 38 39 38 39 3e 38 38 3c 3f 3d 32 34 38 34 3e 43 41 3b 32 39 38 34 3a 3d 42 3c 36 3c 3e 38 37 38
51 55 57 59 5b 57 4d 4a 4a 4e 58 5e 62 5f 54 44 39 46 5a 62 64 66 62 4b 2c 33 55 63 67 69 68 57 23 21 54 67 6a 69 68 57 23 20 53 68 6a 6a 64 3e 1a 39 62 69 6a 68 5b 34 22 44 62 68 66 5e 51 47
63 59 3d 2d 47 60 67 69 69 60 33 1b 46 66 69 69 6a 63 31 18 45 64 69 69 68 65 4b 24 31 58 64 65 62 61 5f 4c 38 3f 52 5c 5e 5b 58 52 53 59 5d 59 4e 3d 3c 52 61 66 65 61 53 3d 3a 4c 5c 62 60 5b
3f 3d 4d 5e 66 6a 69 61 3b 1c 3b 63 69 69 68 67 61 3a 1e 3e 62 69 69 68 68 5c 2c 20 4d 64 69 68 68 63 4b 2b 33 55 64 66 67 67 5d 3f 2a 41 5c 65 67 66 61 52 3e 38 4b 5f 62 60 5c 52 4c 4d 50 54
5b 60 62 60 50 35 32 50 63 66 68 68 5e 3a 22 3f 61 68 67 67 63 45 25 36 58 66 67 67 61 4b 2e 34 55 64 67 67 60 49 2d 36 56 63 67 68 64 58 29 22 51 66 68 68 67 63 46 25 36 58 65 68 63 5c 4d 44
53 4c 48 45 47 51 5b 60 55 3a 34 46 58 62 5f 4f 33 30 4b 61 63 59 39 27 44 63 65 5a 32 23 47 66 67 55 33 2b 4d 66 65 53 2f 2b 4d 65 66 5a 3b 2a 3f 5d 64 5d 4c 38 3c 52 5b 59 53 4d 46 48 4d 51
56 57 58 5d 60 62 65 67 65 61 5b 57 51 49 45 52 64 68 69 6a 69 6a 6a 6a 6a 51 27 28 52 6b 6b 6a 69 6a 6a 6a 6a 6b 6b 6b 33 c 43 6b 6c 6b 6b 6a 69 69 67 61 59 52 4a 4a 52 58 5f 63 64 65 65 62
4f 4a 4d 56 5f 63 64 66 67 65 64 59 34 25 4d 6a 69 68 67 67 69 69 69 5d 29 20 53 66 69 69 67 68 69 69 67 50 25 2b 58 67 6a 69 69 69 69 68 5b 37 27 48 64 67 66 67 67 65 62 5b 4d 46 4c 56 5d 60
57 57 56 55 55 5a 5b 5c 5c 5b 55 4d 4c 53 5a 5f 63 62 62 58 44 3c 48 5b 62 66 68 6a 6a 62 32 1a 46 66 69 68 69 69 6a 67 4b 1b 2c 60 6a 6a 68 68 69 6a 69 3c 13 3b 65 6a 69 67 67 65 5d 4d 42 45
54 56 5b 5d 5c 58 52 4e 4f 56 5e 64 66 61 4f 40 45 56 5e 61 62 63 62 58 3c 32 4f 62 66 68 69 6a 65 41 1c 38 62 69 68 68 69 69 66 49 20 30 5b 69 69 67 67 6a 6b 67 34 14 43 66 69 69 67 65 5f 56
5b 61 60 5d 5c 59 50 47 4c 58 5d 61 62 64 63 62 5f 4a 31 3e 5b 63 66 67 68 68 68 66 45 1e 35 5e 67 69 68 68 68 67 63 40 20 3a 5e 68 69 69 69 69 6a 65 38 12 3d 6a 6b 6a 69 68 64 60 57 4c 43 45
59 52 48 46 4d 57 5f 62 62 5c 4a 38 3c 51 60 64 66 66 5e 3c 23 3f 60 68 69 69 63 3d 1d 3b 60 68 69 69 62 40 1d 39 62 68 69 68 65 42 1d 36 5e 68 69 68 66 52 2c 2b 4e 65 68 66 5e 53 46 3d 47 56
59 46 3b 49 5b 64 67 68 69 68 66 52 26 29 57 68 69 68 67 67 68 66 50 27 2d 55 66 69 68 68 68 67 62 4b 2b 33 56 66 68 69 68 68 67 64 42 1d 3a 63 69 69 68 65 64 61 5b 4e 3b 3f 53 5f 64 65 65 61
59 5f 62 64 65 65 65 62 5c 50 42 41 52 60 66 68 67 68 69 6b 6b 6c 4c 17 2d 62 6a 6a 6a 6a 69 6a 6a 6a 67 43 1a 35 63 6b 6b 6a 68 67 68 68 69 67 51 34 38 51 5f 65 67 67 66 65 64 61 5b 51 4d 4f
55 5c 61 63 62 5d 4f 45 44 4b 5a 62 65 65 62 63 5e 49 2f 39 5b 65 66 67 67 68 66 5c 2f 1f 4c 64 68 69 68 68 68 5e 2a 1c 4e 66 6a 68 68 68 69 59 25 1e 53 69 6a 68 65 64 61 54 40 3b 49 57 61 63
46 48 57 60 63 63 62 61 55 43 39 44 5a 62 66 65 65 67 65 47 22 34 5d 67 68 67 67 68 63 4a 24 31 5b 67 6a 68 67 67 60 3a 1f 3e 62 68 69 69 68 67 5c 30 1f 48 66 69 68 66 63 5b 51 44 3e 4a 5d 61
57 5a 5a 56 4d 42 46 54 5e 60 5f 58 46 3e 4b 5a 62 63 5b 3b 2c 49 62 68 68 63 40 24 3c 5c 67 69 66 53 28 26 50 66 69 69 66 54 28 24 50 64 68 68 69 5d 2e 1e 49 64 69 68 64 56 41 35 41 58 61 5f
54 56 5a 5a 5d 61 64 65 66 64 5e 55 4f 48 44 51 61 68 68 69 69 69 6a 6b 6a 3e 19 3b 61 6a 6b 6b 6a 6a 6a 6b 6a 69 4b f 2b 6c 6b 6b 6a 69 67 67 67 66 66 60 48 38 44 55 5f 65 66 66 66 65 64 5e
53 57 59 59 55 4d 43 46 56 60 65 63 56 40 31 41 5e 68 69 65 55 2c 28 52 64 66 63 62 5a 3e 30 45 5c 63 62 63 5b 43 2f 41 5f 68 69 5e 39 2a 47 60 68 69 66 43 1a 34 65 6a 69 67 5c 39 27 46 61 65
61 5c 53 49 48 50 5b 62 66 68 69 69 68 65 5b 3c 26 43 65 6b 6b 6a 69 6a 6a 69 69 59 27 23 53 67 6a 6b 6a 69 68 69 6a 6a 65 34 17 45 67 6b 6a 6a 69 67 66 64 60 58 49 42 4b 56 5f 63 63 64 64 62
4f 57 5f 64 65 65 65 62 59 44 32 44 60 67 66 66 67 69 6a 6a 57 22 23 58 68 6a 69 67 68 69 6a 66 45 20 34 5c 69 6b 69 68 68 69 6a 62 39 1b 40 66 6a 6a 69 65 63 63 5f 58 4e 42 47 56 5e 62 65 64
66 64 60 58 4a 3f 47 59 63 69 6a 6a 6a 6a 6a 6a 6a 69 3e f 39 6c 6c 6b 6b 6b 69 69 69 69 69 68 64 53 3b 37 4a 5e 67 69 6a 6a 69 68 67 67 66 5c 4e 46 4a 54 5d 62 63 65 65 65 66 62 5d 59 56 57
62 64 65 64 62 60 5e 51 3e 41 55 60 65 68 69 69 6a 6a 6a 69 41 14 37 67 6b 6b 6a 6a 6a 6a 6b 6a 68 43 f 34 6c 6b 6b 6a 68 67 67 67 68 67 5d 44 39 46 55 60 65 66 67 67 67 64 61 5a 51 4c 4f 55
42 4d 5c 62 65 63 56 34 2a 4c 63 68 6a 69 59 30 26 4b 65 69 68 61 45 27 38 5c 67 6a 69 5d 2e 1e 4b 66 68 69 65 5d 3f 27 3d 5d 64 66 68 68 5a 3b 29 40 5c 65 67 69 62 51 3f 3b 46 57 63 63 5c 50
4d 4c 52 55 55 53 4d 4c 54 5c 5b 54 4b 42 47 56 5f 63 5e 4b 35 39 54 65 68 65 49 23 32 5a 66 69 64 4c 2b 2f 51 65 6a 66 50 2a 2e 54 65 69 66 52 2a 2a 52 67 6a 66 58 34 27 46 63 68 63 59 47 3d
5a 56 4b 42 4a 5b 63 65 66 63 5f 4e 33 36 54 63 65 65 66 68 66 55 26 28 55 66 69 68 68 67 60 3f 26 3d 5c 67 69 68 68 66 50 29 2d 54 66 69 69 69 67 59 26 22 54 67 68 67 66 64 56 42 39 46 57 61
4f 52 5b 63 64 64 64 5f 52 3c 39 50 61 63 64 66 69 69 6a 5a 1f 1d 5a 6a 6a 68 67 67 68 65 51 2a 2c 53 66 6a 69 68 68 68 68 53 1d 26 5d 6a 69 68 66 63 64 62 59 43 39 49 58 5f 65 66 63 61 5c 56
