4b 4d 55 5d 63 68 69 6a 6a 6a 69 67 63 57 3f 2a 42 65 6b 6b 6b 6b 6b 6a 6a 6a 6a 6a 67 4b 29 32 53 66 6b 6b 6b 6b 69 69 69 6a 69 68 5a 42 38 45 58 63 66 68 69 69 68 67 65 61 5c 55 51 4f 51 59
59 56 53 53 4f 4b 52 5b 5f 5f 59 4c 40 40 50 5f 66 68 65 4e 29 2f 55 66 69 68 62 4a 2a 33 55 66 68 69 64 49 21 31 5b 66 69 68 67 4b 20 2e 5a 67 69 68 67 50 23 2b 58 67 66 64 5f 54 41 3b 49 58
5e 5e 5a 56 52 4f 4d 54 5d 5f 5f 60 5d 5a 52 48 45 4e 5a 60 65 67 66 66 59 2d 27 50 63 69 69 69 68 65 4e 22 2a 59 68 69 69 69 69 69 5a 16 1b 60 6a 6a 69 68 67 68 60 3a 28 44 5c 64 67 68 63 5c
46 4b 56 5e 63 62 56 40 33 45 5c 65 68 66 5c 3d 28 40 5f 68 68 65 58 34 29 4a 63 67 68 62 4c 2f 33 52 64 68 67 60 49 2e 33 53 63 69 6a 67 4d 20 29 57 68 6a 68 62 51 34 31 4c 5f 66 64 5c 50 47
4c 4a 55 5e 5d 5a 48 39 43 57 62 64 64 53 33 2d 4b 63 68 68 5f 34 1f 45 63 68 68 5d 3f 29 3f 5f 68 68 60 42 28 39 5a 66 69 63 48 27 37 5b 66 66 60 4d 34 37 52 62 64 5c 53 45 3e 4a 58 5a 5a 58
4e 52 59 60 63 62 50 39 3b 51 60 65 66 67 58 35 32 4f 61 66 66 63 53 2e 2f 56 66 69 69 65 4b 25 30 59 66 68 69 67 64 4a 23 30 58 65 68 67 66 68 5e 37 26 45 5d 64 66 66 66 5f 46 2f 3d 58 63 64
5e 5f 5d 52 42 40 4e 5b 63 66 65 66 63 52 2e 2a 50 67 69 68 67 66 65 5d 32 22 4a 61 68 67 66 67 67 63 38 1b 41 62 69 68 67 69 66 4c 1e 2c 5c 69 69 67 67 64 59 3d 2b 42 60 67 67 63 5c 58 4f 4b
45 48 54 5e 61 61 5f 58 42 31 44 5e 64 66 66 64 56 33 2e 4c 5e 64 67 68 63 4e 2a 30 56 64 67 67 65 57 31 2c 4e 61 68 69 67 5a 2e 23 4c 64 67 67 68 65 47 1f 31 5c 68 68 66 62 56 3e 35 49 5c 61
40 3b 50 61 66 68 69 6a 6a 53 18 24 60 6a 6b 68 69 6a 69 54 1a 23 5e 69 6a 68 68 69 68 62 3a 1e 41 64 6a 68 66 64 61 5a 49 3f 49 58 5f 60 5c 59 57 54 55 58 5b 5e 5c 52 4d 52 57 58 5a 5c 5d 5a
65 62 5a 49 39 41 56 63 67 68 67 68 6a 6a 4f 1e 28 5a 6a 6b 69 68 69 69 69 5f 2a 1b 4d 66 6a 69 68 68 69 68 68 52 22 29 59 67 69 68 65 64 65 65 5f 4b 38 42 57 60 62 62 63 61 5f 5d 57 51 50 51
5f 63 63 5e 4e 3b 3c 4f 60 66 68 67 65 59 34 29 4a 61 66 67 67 68 65 4b 24 32 59 65 68 68 68 64 49 29 33 57 67 68 66 67 62 49 2b 36 58 65 68 68 69 62 43 1d 36 62 69 68 66 61 58 48 3d 49 58 5b
64 61 5b 52 46 42 4d 5d 66 68 68 69 6a 69 6a 6a 6b 68 d d 69 6c 6c 6b 6b 69 67 68 6a 6a 69 66 51 37 3b 4e 5b 63 66 68 68 69 69 65 62 5f 58 50 4c 51 57 5c 5f 61 64 63 62 61 5f 5c 5a 58 57 57
63 65 64 63 5c 50 3f 41 52 5e 65 67 67 67 69 69 68 56 24 26 57 69 6a 69 68 69 6a 6a 66 4e 24 2d 59 67 6a 69 68 68 6a 6a 6a 58 1b 1f 5c 6a 6b 6a 68 67 67 67 64 58 3f 38 4a 58 61 66 67 66 64 61
61 5f 55 49 41 48 5b 64 67 68 67 68 6a 6a 6a 56 28 25 50 69 6b 6a 69 68 68 69 69 69 5d 36 24 46 63 6a 6a 69 67 67 69 6a 6a 6b 5e 28 1d 50 68 6b 6a 69 68 67 65 64 60 57 49 44 4e 57 5c 62 64 65
5b 59 52 4b 4c 54 5a 5e 62 62 5e 5a 4d 3d 43 55 60 62 64 66 68 65 44 23 39 5d 66 67 68 69 67 5a 3a 28 43 60 68 68 69 69 67 54 26 27 55 66 68 68 68 69 6a 65 2f 15 47 68 6b 69 68 65 61 53 3f 41
54 5a 5d 5f 61 63 64 60 58 50 48 44 50 5c 62 67 68 69 6a 6b 6a 44 14 33 63 6b 6b 6a 68 68 6a 69 64 41 21 39 5c 67 6b 69 67 67 68 6a 6b 6a 3a 12 3c 65 6b 6b 69 67 65 65 62 59 4c 43 49 54 5d 61
4c 4c 56 5f 5f 5f 61 61 58 47 3f 49 56 5d 63 66 67 68 5f 3b 26 43 5f 68 69 69 67 66 52 29 29 52 66 69 69 68 68 67 55 23 22 54 67 6a 69 69 68 69 64 37 17 40 65 69 69 69 66 63 57 46 3d 45 56 5f
62 61 5e 55 49 42 4b 5a 63 67 68 68 69 6a 6a 4f 24 2b 55 69 6a 6a 69 69 69 6a 68 56 2c 28 4f 65 69 6a 69 68 68 69 6a 6a 52 1d 25 5c 6a 6a 69 68 67 66 65 63 5c 48 3c 47 58 5f 61 63 64 63 62 5f
62 5d 4c 3b 3c 50 60 64 67 68 65 46 20 34 5d 68 68 69 68 5b 31 23 48 62 68 69 67 60 4a 29 34 58 64 67 68 67 55 2d 29 50 64 68 67 66 59 34 2a 4c 61 65 65 64 5f 4a 32 3b 54 61 65 61 5b 52 4a 4c
60 5d 55 4e 4c 4f 55 5d 62 65 66 67 68 5f 36 26 49 61 68 69 69 6a 6a 69 5c 1f 1d 59 69 6a 69 69 6a 6a 6a 65 2d 15 4a 66 6a 6a 67 67 67 68 64 51 32 34 52 60 63 66 66 63 62 5d 54 4a 48 50 5a 5e
5b 59 56 52 50 54 59 5e 60 60 5e 50 48 4d 52 58 61 65 68 65 49 2f 3e 5c 66 69 6a 6a 69 4e 1a 2a 5f 6a 6a 67 69 69 6a 62 32 19 44 65 6b 69 66 66 68 69 66 4a 24 30 57 66 69 69 67 63 5c 52 4a 4a
58 61 68 6a 6a 6b 6a 69 68 66 5d 3f 21 3d 67 6c 6b 6b 6b 6b 6a 6a 6a 6a 6a 69 55 2f 2b 4d 63 6a 6b 6b 6a 6a 6a 6a 68 67 64 59 49 3d 43 57 63 65 67 68 69 69 67 65 62 5b 55 50 50 54 58 5e 63 64
5f 62 64 65 65 64 61 58 4b 3d 45 58 62 67 69 69 69 6a 6a 6b 69 3c 16 3c 63 6a 6b 6a 6a 69 6a 6b 6a 69 52 1e 24 5a 6b 6b 69 69 68 67 68 69 68 65 4d 31 38 51 61 67 69 68 68 67 65 62 5b 50 4b 4f
58 5b 5c 5d 5c 57 51 4e 4d 52 5b 5e 62 62 62 5f 46 37 44 56 62 66 67 69 68 67 49 18 2e 61 69 6a 68 69 68 67 53 22 27 57 66 6a 68 68 69 6a 67 36 13 3e 65 6a 69 68 66 65 5f 50 3d 3a 4b 5d 64 65
67 68 68 67 63 5c 51 45 41 4c 5d 66 68 69 6a 6a 6a 6a 6a 6b 6a 4b 14 2c 64 6b 6b 6b 6b 6a 6a 6a 6a 6a 6a 6a 5c 33 2a 4a 5f 66 69 6a 6a 69 68 67 64 62 5c 53 4d 4e 53 59 5d 60 63 66 65 64 62 5d
5a 5b 58 54 54 54 56 5b 5e 5f 5e 5c 5e 59 46 40 4f 5c 64 68 69 69 69 54 29 28 50 66 69 68 67 6a 6a 69 4f 14 26 64 6b 6a 67 66 67 69 6a 6a 44 16 32 61 6a 6a 68 65 63 62 5e 56 4a 44 4c 55 5d 61
4b 46 48 57 65 68 68 68 68 69 68 5e 38 22 43 63 6a 6a 6a 69 69 6a 6a 69 5a 27 20 50 66 6a 6a 6a 69 6a 6a 6a 66 46 1c 31 60 6a 6b 6a 69 67 67 67 62 51 3d 3c 4f 5e 63 65 66 65 64 62 5d 53 4e 52
57 5e 61 63 64 64 61 58 45 36 46 5e 64 63 64 66 68 69 69 59 2d 23 4c 66 6a 6a 68 67 68 67 5d 34 23 48 62 69 6a 6a 69 69 69 52 19 25 5e 6a 6b 6a 69 68 67 61 51 36 33 4e 61 66 67 66 64 61 59 51
5d 5e 59 56 55 54 53 55 5a 5e 61 63 63 63 5f 52 3e 3d 52 5f 63 66 67 68 69 6a 65 38 1a 40 63 6a 69 68 68 6a 6a 6a 5e 22 18 54 6a 6b 6a 68 65 68 6a 6b 60 33 22 46 61 6a 68 68 66 65 61 5b 51 4a
63 66 67 67 68 67 65 61 56 44 3c 49 5b 65 6a 69 69 6a 6a 6a 6a 6a 69 62 45 27 36 5b 69 6b 6b 6b 69 69 68 68 6a 6a 6b 6b 4a 24 34 57 66 69 69 6a 6b 6a 69 66 64 5e 54 4c 4d 52 59 5f 61 62 65 65
62 64 65 65 62 5c 51 42 42 4f 5c 63 65 68 69 6a 6a 6b 66 39 12 3d 69 6b 6b 6a 67 67 69 69 66 58 38 2e 47 5c 66 69 68 67 68 6a 6b 6b 6c 3b c 3b 6b 6b 6a 69 67 66 63 61 5d 54 4d 4b 4d 54 5c 61
4c 44 48 56 60 63 65 65 57 3a 2d 47 63 66 64 66 66 5c 3c 29 41 5e 65 66 66 68 67 49 1f 31 5c 67 69 68 67 64 48 25 34 5a 65 69 67 68 63 3f 1f 3c 61 68 67 66 65 5b 41 2d 40 5d 65 66 63 5c 51 4a
51 46 45 52 5f 67 69 6a 6a 6a 6a 6b 6b 4e 19 28 5e 6b 6b 6b 6a 6a 6a 6a 6a 6a 66 4d 25 2e 57 67 6a 6b 6a 69 69 68 68 69 66 50 31 36 50 60 68 69 69 67 66 64 62 5f 5a 52 4d 4c 55 5d 5f 62 62 62
53 4a 47 4d 57 60 67 69 6a 6a 6b 6b 33 d 42 69 6c 6a 69 6a 6a 69 65 3d 16 3a 67 6a 69 68 67 68 69 69 65 4f 26 2b 57 69 6a 69 66 64 65 65 5e 4f 42 44 52 59 5d 63 64 63 61 5d 56 53 54 54 55 59
5e 5f 59 52 50 4f 51 58 5d 60 63 65 5f 50 3e 3e 52 62 66 68 68 68 55 28 29 56 66 69 69 69 69 68 4b 16 2c 64 6a 6a 68 69 69 68 5e 36 22 43 62 69 67 66 67 68 6a 64 45 24 39 5d 64 67 66 65 61 59
51 50 51 53 53 4d 4d 54 5b 58 54 4e 46 47 52 5b 5d 5d 51 3e 3c 4b 5b 63 64 5b 39 2a 43 5d 68 68 5c 34 26 4a 62 69 69 5b 2c 1e 4b 67 6a 69 5e 33 1c 43 64 6a 68 60 49 2e 35 54 64 64 5d 51 46 46
4d 4d 4d 54 5d 60 5b 51 43 3e 4b 5c 62 64 5a 3f 30 42 5c 65 65 62 4a 28 32 57 66 68 64 52 31 2d 4f 63 68 67 57 31 27 49 62 68 69 61 3d 1d 3b 61 68 69 63 50 33 30 4d 62 64 5f 56 4a 41 47 55 5a
48 53 60 65 66 63 50 34 37 51 60 65 67 69 66 4d 26 31 58 67 69 68 68 65 47 1c 32 61 68 6a 68 68 5e 3c 27 3f 5e 67 66 66 66 63 53 28 2d 57 64 66 65 66 66 5c 3d 2e 44 5b 64 65 63 5f 56 49 45 4c
51 4f 4f 53 5a 62 66 68 69 69 69 67 58 33 27 4a 65 6a 6b 6a 69 6a 6a 6a 6a 5a 25 20 53 67 6a 6b 69 69 69 69 69 6a 69 4b 1d 2e 5d 6a 6a 69 68 68 68 66 65 5f 54 42 3e 4f 5d 62 63 63 64 65 63 5f
60 5a 49 3c 43 55 61 65 67 67 64 49 25 34 5a 65 67 67 68 67 58 29 26 51 64 68 68 68 66 58 2c 26 51 64 68 69 68 65 4d 25 2f 59 66 69 68 68 65 4d 29 2f 55 66 68 68 65 5d 4b 3f 43 50 5d 60 60 5c
50 5b 61 63 64 60 4f 37 35 50 63 66 67 68 68 62 41 1f 39 61 67 67 67 68 68 5e 2b 1f 4f 64 67 67 68 68 67 4f 23 2d 58 66 69 68 67 5f 3f 2b 44 5f 65 64 63 62 56 42 39 48 5d 63 64 64 60 55 46 44
5c 60 5d 4d 3d 3c 4b 5b 64 67 66 50 29 2d 54 65 69 69 63 35 18 40 64 6a 6a 64 4a 28 33 56 64 68 65 52 38 31 48 60 65 65 62 4c 2e 37 55 62 66 66 5c 3e 31 44 5a 62 64 5e 52 41 40 4e 58 5e 5c 54
60 64 64 63 60 5d 54 46 3e 4b 5f 66 67 66 66 69 6a 69 55 26 27 54 67 6a 6a 68 67 69 69 68 59 2d 22 4d 66 6a 6a 68 67 69 6a 6a 69 3f 10 36 69 6b 6b 69 67 65 63 62 5f 53 46 44 4c 58 5f 63 65 63
4b 41 49 56 60 63 68 69 6a 69 51 24 2a 55 67 6b 6a 69 69 6a 60 30 1a 48 67 69 68 6a 6a 69 66 50 29 2c 53 64 69 68 68 68 67 67 5a 2c 23 4f 65 69 68 66 66 64 5f 52 42 43 4f 5a 5f 60 60 60 5d 59
5f 64 65 66 60 4e 3b 3e 4e 5c 64 67 69 69 69 6a 52 1f 26 58 69 6b 69 69 68 66 5e 44 2a 3b 59 64 68 69 69 69 67 5c 37 23 41 61 69 6a 6a 69 68 68 5a 30 21 49 67 69 68 66 66 62 5d 53 45 44 50 58
58 50 47 4a 58 63 66 68 69 6a 6a 69 68 68 67 5d 36 1c 45 6b 6c 6b 6b 6b 6a 6a 6a 6a 6a 6a 69 5f 3b 2c 47 5c 64 67 6a 6a 68 69 68 68 67 64 5f 55 48 45 4f 5a 61 64 65 66 66 66 64 62 5f 5a 58 57
59 5b 5d 5e 5b 53 4d 4f 53 56 5c 5f 60 60 5f 57 4b 44 4c 5a 60 60 62 66 66 5b 3e 2f 45 5d 67 69 69 68 68 5a 2a 22 50 66 69 69 6a 6a 6b 63 17 12 5e 6a 6b 6a 69 69 68 5c 37 2b 47 5e 66 67 67 61
50 46 46 51 5c 64 67 68 67 65 5e 47 30 38 56 66 68 68 68 69 68 68 51 20 27 59 69 6b 69 68 69 68 65 51 24 28 58 69 6a 69 68 69 68 66 4f 1f 2b 5c 69 69 68 65 64 62 60 59 46 3b 46 58 60 65 66 63
58 54 4b 46 4d 5a 61 64 67 65 5f 4e 33 35 52 64 67 66 67 68 64 4c 21 30 5c 68 69 69 69 68 5f 34 22 45 60 68 69 69 68 65 51 2b 2b 52 66 68 69 69 68 61 35 1e 46 65 67 66 65 64 5c 50 43 41 4e 5b
5e 58 4b 40 42 50 5c 63 61 57 41 35 44 58 64 67 62 43 26 39 5c 68 68 61 3c 1f 3d 61 69 69 61 3d 20 3b 5f 68 69 64 4c 29 31 56 64 66 64 54 37 31 4a 60 65 62 58 42 3a 4b 57 59 5e 58 50 4b 4a 4e
67 66 61 5c 53 47 45 4f 59 62 68 6a 6a 6a 69 6a 6b 6b 6b 3f d 37 6a 6c 6b 6b 6b 6a 6a 69 6a 69 66 5e 4c 40 44 4d 59 63 67 68 69 69 68 6a 6a 6b 6a 54 3d 42 51 5a 5f 64 65 66 67 66 65 63 5d 56
59 5e 63 64 62 60 57 45 38 44 5a 65 68 69 69 69 69 5f 2a 18 4c 6a 6b 6a 69 69 69 69 5b 2c 21 4d 65 69 6a 69 68 68 68 60 2e 19 4a 68 6a 69 67 65 63 63 5b 45 3a 47 56 5f 64 64 64 63 5c 55 4f 4f
3f 3b 36 3a 3e 3b 3d 3e 3e 3c 37 38 3b 37 3d 3d 3f 3c 35 3a 3b 37 36 38 3d 3e 3a 3c 3a 34 38 3b 3d 3b 37 39 3d 39 39 3c 3e 3a 32 38 3e 39 3b 3c 3d 3c 37 3c 38 31 3b 42 43 3d 35 3a 3d 39 39 3a
64 5b 3a 26 44 60 68 69 69 62 2f 18 46 67 6a 69 68 5b 29 1d 4d 67 69 66 5e 54 46 3b 42 55 5e 60 5e 5c 53 44 3e 4c 57 5e 61 5f 51 3c 3e 51 60 67 64 57 3c 2d 44 62 68 68 5f 4f 3c 3a 4f 5f 61 5d
52 53 56 58 5b 5e 5d 58 52 4a 4a 50 5a 5f 61 63 63 61 4e 34 39 53 62 66 68 69 6a 67 39 16 3e 63 69 69 69 69 67 52 21 27 59 68 69 69 6a 6a 63 38 15 3e 67 6a 69 67 66 61 50 3d 3b 4c 5c 61 62 60
61 64 63 59 43 35 43 58 64 67 67 67 62 38 20 44 62 69 69 68 66 5c 3e 2e 40 59 65 67 67 66 60 44 27 3a 5b 66 6a 69 65 54 2f 2e 51 63 68 69 67 60 38 20 43 64 69 68 65 5f 4a 37 3c 52 60 64 60 5a
59 5f 64 62 53 37 30 4b 60 66 69 69 63 3d 1d 3a 60 69 69 68 63 43 21 36 5c 68 68 68 61 45 27 37 59 65 68 68 61 4a 2a 31 56 65 68 68 63 51 2d 2f 52 62 66 65 60 54 42 3b 4a 5a 5f 5e 5c 55 4c 4b
5c 61 65 66 67 66 65 62 5c 4f 42 3e 4e 64 68 68 6a 69 68 69 6a 6a 6a 4e 24 2d 55 67 6b 6b 6b 6b 6a 6a 6a 6a 6b 69 3a f 3b 6a 6c 6b 6a 6b 69 68 68 66 62 59 4b 44 4a 54 5b 62 66 68 67 64 64 60
4c 45 4b 54 5b 62 65 64 59 3c 32 46 5a 62 66 67 69 5b 2f 24 4b 63 68 68 68 5e 3b 23 3f 61 68 6a 69 61 42 22 38 5e 67 67 67 67 63 45 22 36 5b 67 67 66 68 68 59 34 28 47 61 66 65 62 5a 4e 49 4c
4a 46 4c 57 60 63 5f 56 43 37 43 58 62 66 67 5e 41 28 3c 5b 65 67 66 61 45 26 37 59 65 67 68 64 44 25 37 57 65 68 68 64 4c 26 2f 56 65 68 69 66 4b 21 2e 5a 68 69 66 5f 4e 39 38 4d 5d 62 61 5a
58 5f 63 65 65 64 62 5b 4b 3a 3f 56 65 65 66 66 68 69 6a 6b 58 1c 1f 5b 6a 6b 6a 68 67 68 69 68 52 2a 28 50 67 6a 6a 69 69 6a 6a 63 36 16 41 69 6b 6b 6a 66 62 61 5c 53 4c 45 4b 57 5e 62 65 63
65 66 65 63 5e 57 50 48 45 50 5f 66 69 69 68 69 6a 6b 6b 3f 12 39 66 6b 6b 6b 6a 69 68 69 69 64 53 39 36 4a 5a 64 69 69 67 67 69 69 6b 6b 6c 3c f 39 67 6c 6b 6a 6a 68 65 62 60 56 4b 49 50 57
53 5b 62 67 68 68 67 66 63 58 38 26 49 6b 6b 6a 69 68 69 6a 6a 6b 61 2c 19 4b 68 6a 6b 6a 69 69 6a 6a 69 5e 30 1c 4a 69 6b 6a 69 68 67 67 65 5f 50 43 45 51 5a 5f 63 64 64 65 63 5e 5a 56 54 54
63 62 5f 5a 4b 40 47 59 64 67 69 6a 69 6b 6a 6b 5d 1f 19 57 6b 6b 6a 6a 68 68 6a 6b 6a 66 4a 1f 2f 5d 69 6a 6a 69 67 66 67 67 68 67 57 34 2f 4d 62 69 69 68 67 65 65 63 5e 56 4d 4b 4e 57 5f 60
