66 67 68 67 66 62 55 3c 32 49 63 69 6a 6b 6a 69 6b 6a 6b 63 13 12 63 6c 6b 6b 6a 69 68 69 6a 68 65 4d 2d 37 53 61 68 69 67 66 66 65 67 63 5c 52 44 44 52 5d 63 64 64 63 63 62 60 5d 56 50 52 55
54 54 58 5c 5e 61 63 63 5e 56 49 48 51 58 5e 63 65 66 69 6a 5e 3b 2b 46 60 68 69 69 69 6b 6b 69 49 e 2b 69 6b 6b 6a 67 66 68 6a 6b 6b 3d d 38 69 6b 6a 6a 67 65 62 5f 58 51 4d 4a 50 58 5e 63
62 63 61 5d 51 44 43 4f 5d 62 62 64 67 69 6a 5e 2a 1e 50 66 69 6a 6a 69 68 66 4e 24 2e 58 65 68 69 69 6a 69 67 53 1b 22 5d 6a 6a 6a 68 67 67 65 5b 3a 2c 47 5e 64 66 66 66 64 60 56 4a 49 4e 55
56 51 4e 51 57 5d 5e 5d 5d 55 48 44 4e 5a 60 63 65 65 5a 3c 2e 47 61 66 67 69 69 65 41 1e 38 5c 68 68 68 69 67 52 1f 27 5b 67 69 69 6a 69 61 32 18 44 67 69 68 67 65 5e 48 38 42 54 5e 60 61 5f
52 51 52 57 5d 5d 5f 5d 53 45 40 4e 5e 62 62 63 65 58 3b 36 4b 5f 66 68 68 68 5d 2c 21 4e 65 69 69 68 67 5f 3f 26 3e 5f 67 69 69 6a 69 50 19 26 5e 69 6a 69 69 68 5b 35 29 49 62 68 66 63 5c 53
58 5d 61 61 59 4b 35 39 56 65 68 69 68 5c 32 22 48 64 69 69 69 67 5a 33 23 45 61 68 69 68 64 50 2b 2e 53 64 69 68 66 57 33 29 4a 62 68 69 66 56 34 2b 4c 65 67 65 60 54 43 3e 48 56 5f 5d 59 56
5c 61 64 65 65 64 5f 58 4f 44 46 53 60 66 68 69 69 6a 6b 6b 6a 3d d 39 6a 6b 6b 6a 6a 6a 6a 6a 6b 6a 62 35 16 41 69 6b 6b 6a 69 68 68 68 69 66 58 40 39 48 58 60 66 67 68 67 65 63 5e 54 50 52
63 60 51 33 30 4d 61 67 68 63 41 22 39 5a 67 69 66 4e 23 2c 58 67 69 62 44 23 37 5d 67 67 61 45 2c 3a 57 64 66 5e 47 31 3f 5b 62 61 5b 47 36 40 55 60 61 5c 54 41 3a 4f 5a 5b 5e 56 4c 48 4c 53
55 56 55 51 4d 47 4b 59 5f 5d 5a 4d 38 3b 54 63 67 64 51 2e 2d 50 64 68 67 58 2e 27 4e 65 69 68 57 2a 24 50 65 69 68 5c 33 21 46 64 68 67 5f 44 2a 3b 59 65 67 60 4f 3e 3e 4d 5a 5e 5d 57 4c 4a
48 47 53 5c 60 63 64 63 5a 47 38 41 56 62 67 66 65 66 5d 3e 29 42 5f 66 68 68 67 63 54 34 2c 4b 63 68 68 68 68 66 55 29 27 50 65 69 69 69 69 69 5f 28 18 4d 68 6b 69 68 64 60 51 3d 3d 4c 5c 62
56 50 4a 4f 59 60 63 65 65 64 5f 56 43 38 47 5d 65 67 67 66 67 67 65 52 31 31 4f 61 67 69 68 68 69 6a 66 49 1e 2f 5d 69 6a 6a 6a 6a 6a 6b 55 15 20 61 6b 6b 69 69 69 66 62 55 3e 37 49 5b 64 66
62 5e 55 48 42 4a 58 62 65 67 68 67 63 4f 29 2f 58 68 68 66 67 68 68 65 49 23 31 59 67 6a 69 6a 69 67 56 27 24 53 67 69 69 69 69 68 5f 2d 1d 4b 66 69 69 67 64 5f 57 46 3c 49 59 60 63 62 5e 5a
5f 62 61 5e 58 4e 49 4e 54 5c 63 64 65 66 67 65 5b 44 32 41 5b 66 69 68 68 69 69 69 5a 2d 23 4e 65 6a 6a 6a 69 6b 6a 6b 5e 11 16 64 6b 6b 6b 69 66 65 66 64 5c 46 35 42 59 63 66 66 63 63 62 5d
5a 52 46 41 4c 5a 63 64 60 53 3c 33 4a 5f 66 68 68 5a 2e 20 49 65 69 69 66 59 30 23 4b 64 68 68 65 56 2e 28 4c 63 68 68 66 5c 38 24 43 60 67 68 66 61 44 29 3a 59 64 67 64 5b 4b 3a 40 56 5e 5d
5f 58 50 48 4a 53 5b 62 68 69 69 6a 6b 6a 51 21 26 57 6a 6b 6b 6a 6a 6a 6a 6a 66 44 15 33 67 6b 6b 6a 69 67 67 68 69 6a 69 42 1f 3b 5d 67 68 69 69 67 64 62 5e 59 55 50 4e 50 56 5e 60 61 62 61
51 54 5a 5d 5f 62 62 5f 52 45 43 4a 59 63 66 66 67 68 5e 3c 29 40 5d 68 68 69 69 69 68 50 20 28 5a 68 6a 69 69 69 69 5d 24 1b 53 69 6a 68 65 66 67 68 59 36 28 45 62 68 67 67 67 63 59 4d 47 4a
5b 5e 5c 58 4d 48 4f 57 5d 5e 5f 62 5e 51 41 40 4f 5c 62 65 68 67 5e 3c 24 42 61 68 69 69 69 68 49 1c 2f 5e 69 6a 69 6a 69 5d 20 1b 57 68 6a 69 69 68 62 47 2b 38 56 65 67 67 64 5d 52 4a 48 4d
65 68 69 68 69 68 67 62 56 43 36 43 5d 68 6b 6a 6b 6b 6a 6a 6a 6a 6a 63 4a 2b 32 54 67 6b 6b 6b 6a 6a 69 69 6a 6a 6a 63 46 2c 3a 57 66 69 69 69 6a 6a 69 67 65 5f 55 4b 4b 50 58 5e 61 64 66 66
53 5a 5e 60 62 60 5a 4b 38 3f 57 62 65 68 68 69 5f 36 20 43 62 69 6a 6a 68 67 53 27 27 51 65 69 69 69 69 67 50 26 2a 53 64 68 67 67 67 67 63 43 22 38 5c 66 67 67 66 66 60 4a 36 3e 55 5f 61 63
48 4a 52 5a 62 65 64 5a 43 33 43 5b 65 67 67 66 5b 31 26 4d 64 68 68 68 67 53 23 27 58 68 68 68 68 64 55 2f 28 4e 64 68 68 68 67 5a 2e 24 4e 64 68 66 66 64 5c 45 33 41 59 62 63 62 5f 57 4d 4a
54 57 5a 5b 54 4a 44 4a 55 60 62 61 5d 49 34 3b 55 64 67 67 61 4f 2e 2f 51 64 68 68 67 5e 30 1e 48 63 68 69 66 5b 36 26 44 60 68 69 68 5f 32 1e 46 63 69 69 68 62 45 27 37 57 65 68 65 5b 4a 41
61 65 66 67 68 66 63 5e 54 42 3a 4a 5e 68 69 69 6a 6a 69 6a 6a 6b 6b 2e c 48 6b 6b 6b 6b 6b 6a 6a 6a 69 6a 68 46 24 35 57 6a 6b 6a 68 69 67 66 64 60 59 50 4b 4c 53 5b 5f 64 65 65 64 62 60 5b
5e 63 64 65 63 5d 4a 36 3e 57 63 67 68 69 69 6a 69 43 18 34 61 6a 6a 69 6a 69 68 5b 30 24 4b 63 68 69 68 69 69 69 5d 2c 1d 4c 67 6a 6a 68 65 64 61 5b 48 37 43 59 61 64 65 64 61 5e 57 51 4d 4f
3a 3c 43 40 30 29 37 3b 45 4a 3f 36 2d 29 36 3d 47 40 3a 38 30 31 3c 3f 37 33 3e 3f 3b 32 33 34 43 45 39 2f 30 30 3e 41 40 3e 38 38 30 2a 3a 40 43 40 3d 3a 30 2b 33 37 44 46 40 39 2f 2e 3b 40
49 39 27 33 54 59 4e 45 38 2f 32 47 54 4b 42 32 3b 4a 41 46 45 38 35 41 4e 48 32 2f 45 53 4d 42 2a 24 3e 57 5b 44 30 38 47 44 34 38 44 44 49 4e 47 3a 2a 36 4a 4d 4e 4a 40 2e 30 4c 5a 4e 38 31
5a 4f 41 43 51 5f 66 67 69 68 67 5e 35 1f 45 65 69 69 68 69 69 68 5c 29 1e 4f 66 6a 6a 69 69 68 64 44 20 35 5d 68 6a 69 69 68 65 53 2c 2c 53 65 68 68 66 63 61 59 4d 45 44 4d 59 62 63 62 5f 5c
5f 5b 4e 43 45 52 5c 60 63 65 63 4c 31 3a 53 60 65 66 66 5f 40 2a 40 5b 65 69 68 64 4a 25 33 5a 67 69 6a 67 4d 22 2e 5a 67 6a 69 68 5b 2c 20 4c 64 68 68 67 63 4e 30 35 51 61 66 64 5f 55 4a 48
4d 52 5d 63 64 63 63 60 5a 53 43 40 52 5e 63 66 66 67 67 67 66 52 34 32 4b 60 67 69 67 67 69 6a 6a 6b 32 10 44 65 6c 6b 69 6a 6b 6b 67 40 10 34 6a 6b 6b 69 68 67 64 60 55 42 3c 4c 5a 61 65 64
65 66 66 65 60 56 42 3a 49 5a 65 69 69 69 6a 6b 6b 6a 52 16 22 60 6b 6c 6b 6b 68 68 69 69 68 58 2d 25 4d 65 6a 6a 69 68 68 68 69 6a 69 4a 26 34 58 68 68 68 67 66 63 62 61 5b 50 48 4c 55 5d 60
55 5c 64 68 69 6a 6a 6a 68 67 61 4c 30 32 53 68 6b 6b 6a 6a 6a 6b 6a 6a 6a 69 58 35 28 46 63 69 6b 6b 6a 6a 6a 69 69 6a 69 66 4d 2f 39 55 62 65 68 69 69 69 68 67 64 5e 57 4e 4d 52 56 5d 61 64
66 67 67 65 5f 58 50 49 49 52 5c 63 67 69 6a 6a 6a 6a 6a 6a 61 42 16 35 6b 6b 6b 6b 6b 6a 6a 69 69 6a 6a 6b 67 3d 24 41 5a 65 69 6a 6b 6a 69 67 64 62 5e 56 50 50 53 57 5a 5d 61 64 64 64 63 5e
5f 5a 4c 3f 45 55 60 63 65 66 62 4c 2d 35 56 63 66 67 67 67 5a 2d 25 4d 62 68 68 68 68 63 3a 1e 40 60 68 69 68 67 5c 34 26 47 60 68 68 68 67 59 2d 26 4f 64 68 68 65 61 50 3b 3c 4f 5d 61 61 5c
5e 59 4d 43 48 57 60 64 67 68 69 69 6b 60 28 18 50 69 6b 6a 69 69 6a 6a 69 58 28 22 51 67 6a 6a 68 67 68 6a 6a 65 40 1c 3b 62 69 69 68 67 67 67 66 61 4e 3b 43 53 5b 62 64 64 63 61 5f 5b 56 50
60 5e 56 52 4d 50 5a 62 66 65 67 67 66 66 65 5f 49 31 3c 5c 69 6a 6a 69 68 68 6a 6a 69 62 41 25 3a 5c 68 6a 6a 69 68 68 69 6a 6b 6b 6c 31 c 46 6a 6c 6b 69 69 69 68 64 5d 58 53 4e 4d 51 5a 60
51 4a 46 4f 5c 63 66 67 68 68 66 60 4a 29 33 5c 6a 69 68 66 66 68 69 67 54 2c 2c 51 63 68 69 68 68 6a 6a 6a 5f 23 19 54 69 6b 6a 68 67 68 68 68 56 32 2d 4c 62 67 68 66 65 64 63 5f 53 47 46 51
62 60 5e 54 42 3e 4f 5d 63 66 68 69 6a 6b 4f 17 28 60 6a 6b 69 6a 69 69 62 3e 23 3d 5e 67 68 68 69 6a 68 60 41 20 39 60 68 69 68 68 68 68 65 4d 2a 34 57 63 66 68 66 65 61 5b 50 45 47 52 5a 61
63 63 5d 52 44 42 50 5c 62 66 67 68 6a 6b 67 4c 1c 2c 5f 6a 6a 69 69 69 68 68 63 43 28 3b 59 66 68 68 68 69 6a 6a 6a 49 10 2c 67 6b 6b 6a 68 67 64 64 5f 4e 3f 41 50 5d 62 64 63 62 61 5f 5a 56
5b 5f 63 66 65 62 60 59 42 39 4b 5c 64 67 67 67 69 6a 6a 5c 2a 21 4f 65 69 6a 69 69 69 69 67 4d 28 2f 53 65 6a 69 68 68 6a 6a 6b 5b 1c 1c 5a 6a 6b 6a 69 68 67 65 5f 54 42 39 4a 5d 64 66 67 64
55 57 5a 5e 62 64 64 63 61 5c 52 47 48 50 57 61 67 67 68 6a 6a 6b 6b 38 11 40 67 6b 6b 6a 6a 6b 6b 6b 68 43 11 32 69 6b 6b 69 68 67 67 68 69 69 4f 32 3a 4f 5e 66 67 67 67 67 66 60 59 53 4f 4e
5c 61 64 62 56 43 3b 47 5a 63 66 68 69 67 49 23 34 5a 66 68 68 67 64 56 30 2c 50 62 67 68 68 67 60 42 27 3a 5b 67 67 67 69 69 67 47 1e 34 5e 68 67 67 67 67 64 4d 30 37 54 62 65 65 62 5e 57 4e
4e 4b 50 58 5f 60 63 63 64 61 4c 35 3e 56 61 66 67 68 69 6a 67 3f 17 39 63 69 69 69 68 69 68 5d 36 23 44 61 68 69 68 69 69 6a 5a 21 1c 55 6a 6b 69 67 65 62 5d 4f 40 40 4e 5e 63 63 61 5f 5b 57
5f 5f 5c 58 51 4e 52 58 5f 64 66 65 65 66 67 64 4f 3e 3b 48 61 6a 68 68 68 67 67 69 66 58 40 34 43 5a 65 69 69 68 69 69 6b 6a 6c 6b d a 69 6c 6b 6b 6b 69 67 65 63 5b 53 4d 4a 50 54 5b 63 65
5b 57 51 4c 4f 57 5b 5d 62 64 60 54 43 3e 4c 5d 64 64 65 67 67 4f 26 32 5b 66 68 69 6a 68 5a 2d 23 4d 65 69 69 69 6a 69 5b 23 1e 55 68 6a 68 68 68 69 68 45 21 37 5a 66 68 67 64 63 5d 50 45 48
56 59 5d 60 61 61 62 5f 5b 54 4d 48 4e 5c 62 65 67 68 68 69 68 45 23 3a 5b 68 6a 6a 69 6a 6a 6a 66 4c 1d 2c 5f 6a 6a 69 68 67 68 6a 6a 6b 6b 2c e 4a 69 6b 6b 6a 68 67 64 61 5b 4f 44 4a 57 5d
49 4b 55 5d 61 61 55 41 38 48 5b 64 65 62 55 37 32 4a 5f 66 65 64 51 2b 2f 54 63 66 65 5a 41 31 43 5d 66 67 5f 42 2a 3b 5a 66 69 67 50 25 2c 57 66 69 68 61 3c 1f 3e 62 67 66 63 53 3c 3c 4b 58
4c 45 48 56 62 68 6a 69 69 6a 6a 6a 6b 5e 2f 1a 47 6b 6c 6b 6b 6a 6a 6a 6a 6a 6a 6b 64 30 17 47 69 6c 6b 6a 6b 69 68 68 65 61 58 4d 4b 50 55 5a 5f 63 64 64 64 63 61 5e 58 56 58 59 5a 59 59 5e
5a 5b 59 52 4c 4d 54 5b 5f 61 61 5c 4f 43 45 4e 59 62 64 65 64 5c 40 2f 44 5e 66 68 69 68 5d 39 25 42 5e 67 6a 69 68 60 3c 26 3f 5d 68 68 69 6a 69 52 13 23 62 6a 6a 68 68 65 53 37 33 4c 5f 65
52 55 59 5d 60 63 63 60 5a 48 3d 45 55 5f 65 67 69 6a 6a 65 28 12 4e 69 6b 6a 69 68 69 65 4c 25 2f 57 67 69 69 68 68 69 69 54 1c 24 5c 6a 6a 68 66 65 64 61 54 3f 3c 4e 5b 60 63 63 60 5d 59 56
5f 5f 58 4f 44 41 4c 5a 63 68 67 52 33 33 4e 60 67 68 62 47 29 38 5a 67 68 66 5b 37 29 46 5e 67 68 66 61 41 1f 38 60 67 68 67 67 4b 22 2f 58 66 69 67 66 53 2f 2e 4f 61 64 63 5f 56 47 40 49 55
47 46 51 5e 66 67 67 69 69 6a 6a 65 4d 23 2b 5a 6b 6b 6a 6a 69 69 6a 69 68 60 40 27 3b 5b 69 6b 6a 6a 6a 6a 6a 6a 6a 61 2d 18 4b 69 6b 6a 6a 69 68 66 66 62 5a 4a 3f 48 56 5f 63 65 66 65 64 60
48 48 51 59 60 62 5f 55 43 3a 46 59 63 67 68 5e 40 27 3d 5e 66 67 67 63 48 27 34 59 65 68 68 65 4d 29 2f 52 64 68 69 68 57 2c 25 4c 63 68 68 68 5b 32 24 49 64 68 66 61 58 46 38 43 57 60 62 5c
66 62 5a 51 46 3f 4d 61 68 6a 6a 6b 6a 6a 6a 6a 69 64 43 1b 35 63 6b 6c 6b 6b 6a 6a 6a 6a 6a 6a 69 5e 42 33 3f 54 64 69 6a 6a 6b 6a 69 68 68 63 5c 4f 44 49 54 5c 60 64 66 67 67 65 63 60 5c 57
5a 56 53 53 56 58 5c 64 68 69 69 68 68 66 63 5a 48 33 3c 5b 69 6b 6b 6a 6a 6a 69 6a 6a 6a 66 4d 2e 2f 4f 66 6a 6b 6a 6a 69 6a 6a 6a 6b 6b 69 4b 2a 38 54 62 67 69 69 69 69 68 66 63 5f 57 50 4f
50 45 40 4a 51 56 5c 5f 53 39 32 45 5b 64 5f 4b 30 34 4e 62 65 58 34 26 47 63 66 5f 37 1e 42 66 69 5b 39 2b 48 62 64 59 39 2b 46 60 64 5e 46 30 38 57 65 60 52 3f 3d 4a 54 56 56 55 50 4d 4a 4a
53 57 5c 56 4a 46 47 4e 5a 62 62 5a 49 3a 3c 4f 63 69 67 57 36 29 46 62 68 67 60 44 28 3a 5d 68 69 64 4c 24 2d 59 68 6a 67 53 24 28 57 67 69 66 59 36 27 46 61 67 64 5a 4b 3c 40 53 5c 5e 5b 52
5d 62 64 60 4b 31 37 53 62 68 6a 69 5c 2d 20 4b 65 6a 6a 69 59 20 20 58 68 6a 69 68 56 24 25 55 65 68 67 66 63 52 36 32 4b 5f 64 63 5c 57 55 53 52 50 51 4d 4a 51 5e 63 61 5e 4f 42 49 53 5a 5d
4b 57 5f 61 64 61 51 3c 3a 50 60 65 67 66 60 4d 32 35 53 65 67 66 66 67 5c 31 25 4a 61 68 69 68 66 5b 33 27 49 60 68 69 69 64 4c 22 30 5d 67 69 68 68 61 3f 23 3c 5e 68 69 66 63 54 40 40 4e 58
4e 4c 50 56 5b 5b 52 47 46 4b 55 5c 5f 5f 4f 37 37 50 5f 64 66 5b 35 26 47 61 69 69 5e 3c 22 3e 63 69 67 5c 33 23 48 62 68 68 5b 2f 25 4c 64 68 65 5b 3a 27 44 61 67 63 57 46 38 42 57 5e 5d 59
4c 50 5a 62 66 67 68 69 69 68 64 43 22 38 60 6b 6b 6a 69 69 69 6a 6a 69 4f 24 2d 56 66 6a 6b 6b 6a 6a 6a 6a 6a 64 3c 18 3c 66 6b 6b 6a 69 68 67 66 65 5f 4b 3f 46 53 5c 62 65 66 66 65 63 5f 59
46 3b 44 57 63 68 68 68 60 39 1d 3d 62 6a 68 68 69 66 4e 21 2b 59 66 69 68 6a 68 51 22 2a 57 66 68 68 63 56 3d 39 4c 5b 63 66 63 54 3a 35 4d 60 65 64 63 5b 4a 3a 3f 54 61 63 60 5b 55 4d 49 50
5d 62 64 65 61 52 34 32 4f 63 68 68 67 69 69 5b 23 1d 53 67 6a 68 67 68 63 48 29 35 56 64 68 69 68 66 5f 49 28 34 59 65 68 68 67 68 65 50 26 2d 58 65 67 68 65 61 5c 52 42 41 50 5a 60 61 5f 5a
63 5f 5b 53 49 45 4e 5a 62 66 68 69 69 6a 6b 69 43 11 32 68 6c 6b 6a 68 67 68 68 68 5f 41 30 42 56 63 69 69 68 67 69 6b 6b 6b 44 d 31 6a 6c 6b 69 69 67 64 61 5c 55 50 4b 4c 56 5a 5e 63 64 62
48 45 4e 5b 63 65 64 55 33 2c 4b 60 68 69 69 60 37 21 43 62 68 68 65 4f 29 2e 56 66 6a 69 59 33 26 47 62 69 69 66 57 2d 24 4e 65 67 68 67 5a 39 2c 47 5e 64 65 60 56 48 40 47 53 5c 5e 5c 55 50
62 63 63 62 60 5a 4e 43 44 51 60 66 68 68 69 6b 6b 6b 3e f 38 68 6b 6a 69 68 68 69 68 5e 41 2b 3c 59 66 69 69 68 69 6a 6b 68 3c f 39 69 6b 6a 69 66 66 64 5f 59 4d 43 49 53 5a 61 64 65 62 5e
