64 61 57 46 39 45 5c 66 69 69 6a 6a 6a 6a 6b 5e 15 17 61 6b 6c 6b 6a 69 69 6a 69 69 60 37 21 44 63 6a 6b 69 66 67 68 68 66 62 51 3a 3d 54 5e 62 66 67 66 65 63 61 5e 5a 52 4b 4f 55 5a 5f 63 64
62 64 65 62 54 3d 36 4b 60 66 66 67 69 6a 6a 57 1c 21 5b 69 6a 69 69 68 69 64 46 24 36 5b 66 69 68 6a 69 68 62 37 1d 41 63 69 68 68 68 67 63 54 39 35 4c 5e 65 65 65 64 61 5a 51 49 47 51 5c 60
61 5f 5c 56 4f 4f 51 57 61 65 68 69 67 66 66 65 5b 49 38 3c 54 67 6a 69 69 69 68 6a 6a 6a 66 4c 2d 32 51 64 6a 6a 6a 69 69 6a 6a 6b 6b 6c 37 b 3f 6b 6c 6b 6b 6a 68 66 65 63 5c 53 4e 4d 51 57
52 52 55 5c 61 63 64 66 64 61 5e 51 40 40 51 62 67 67 67 68 6a 6a 69 56 22 26 5a 69 6a 6a 6a 69 6a 6a 6a 66 47 22 35 5b 66 6a 6a 68 66 67 69 6b 6b 69 44 1a 34 5f 6a 6a 6a 69 68 65 62 5c 54 4e
65 68 67 67 68 67 62 44 24 39 5f 69 6a 6a 69 69 6a 6a 6b 5b 15 1a 61 6b 6b 6a 69 67 67 69 6a 69 62 37 1e 45 64 67 67 68 67 65 66 65 63 5d 4f 41 42 52 5f 63 66 66 64 60 5c 5b 5b 56 51 53 58 5a
59 57 4b 41 4a 58 61 66 66 67 66 5a 3a 28 45 64 68 66 64 66 68 65 4a 24 32 59 66 67 68 68 68 64 46 21 35 5d 67 69 68 69 69 5f 2b 1b 4d 67 69 68 67 67 66 5c 3e 2c 43 5c 65 66 64 61 5d 54 4a 4a
52 53 57 5f 63 65 66 67 67 64 61 59 47 3b 43 5b 67 68 69 69 69 69 69 69 69 58 2d 24 4c 67 6b 6b 6a 6a 6a 6a 6a 6a 6b 68 33 f 42 6a 6c 6b 6b 6a 69 68 67 62 5d 54 49 48 4f 55 5d 63 65 66 66 64
4b 57 5f 62 64 62 52 3b 36 4c 5f 65 66 66 66 56 31 2c 4d 62 67 66 66 68 5d 34 24 45 61 68 68 68 66 59 36 2b 47 5f 66 68 68 63 4a 25 33 5b 66 68 68 69 62 39 1d 3f 63 6a 6a 66 63 52 3b 3d 50 5b
58 57 52 4f 53 57 58 5a 59 5b 58 51 4f 52 57 5c 5e 5b 51 45 47 54 5d 62 66 65 58 3b 33 4c 60 67 69 69 67 54 24 27 56 67 6a 69 6a 65 44 18 34 66 6a 69 68 69 6a 68 2d 10 47 68 6a 69 66 64 59 4b
5b 58 56 55 52 53 57 5d 61 62 5d 52 4e 51 53 5a 60 5f 62 64 52 3e 3f 53 63 68 69 6a 6a 5d 2d 1e 4b 68 6a 69 68 69 6b 68 44 14 31 64 6b 6a 68 65 67 69 6b 67 3b 1b 3b 5f 6a 6a 68 66 63 5d 55 4c
59 4d 3b 40 51 5c 63 65 5e 3b 28 42 5c 66 67 66 4e 22 29 58 68 68 65 52 2d 28 4b 64 67 64 5c 45 29 36 57 64 65 63 5b 43 2e 3c 54 61 65 64 62 47 26 35 55 63 65 62 59 4a 3d 3c 4d 5c 5f 5a 54 4f
4f 48 48 54 60 64 66 67 60 40 27 3f 61 67 67 67 66 60 43 2c 40 5f 67 68 67 67 5f 3a 21 41 63 6a 69 67 65 5e 48 2a 39 5d 66 68 67 68 68 5c 25 1e 53 66 68 68 67 63 59 41 35 4a 5e 62 61 5e 59 54
4b 4b 4f 59 5d 5f 60 5b 50 40 40 52 5f 63 64 65 61 48 2e 3a 58 64 66 67 68 60 38 23 44 60 68 69 68 66 58 2c 26 4f 63 67 67 68 66 54 28 28 53 67 69 69 69 66 4f 1f 2b 5c 68 68 66 64 5e 48 39 43
51 51 54 55 51 43 42 51 5e 61 5c 4d 38 37 4f 60 63 61 4e 34 33 4d 5f 65 63 51 2b 2b 50 63 68 64 50 29 28 50 63 67 64 54 2f 27 4a 63 67 63 53 33 2b 4a 61 65 61 56 41 36 43 56 5f 5d 57 4d 44 48
56 4a 40 47 52 57 5e 5f 5c 56 47 3f 43 4c 5a 5e 61 61 59 43 2f 39 58 64 64 65 60 48 26 31 58 64 65 66 63 49 20 2d 5a 65 66 66 64 43 1a 30 5f 68 67 66 61 3c 19 37 64 69 65 62 57 40 33 3f 57 60
69 67 65 60 50 38 35 4f 65 6b 6b 6a 6a 6a 6a 6a 6b 6b 63 2f 13 47 6b 6c 6b 6b 6a 6a 69 68 69 69 69 64 4b 32 3a 52 61 67 6a 69 69 69 69 68 64 5f 57 4f 4c 4d 53 5b 61 65 65 65 64 60 5f 5c 59 5a
53 4f 4f 4e 50 57 5b 59 4f 48 48 4a 54 5d 61 5c 4a 39 3e 51 5f 65 62 4e 2d 30 52 64 68 66 56 2c 27 4e 64 68 67 58 30 24 49 64 69 67 5c 2f 1e 48 64 68 67 61 46 27 33 59 66 65 60 51 3f 40 4c 55
5d 60 62 64 61 5e 57 4d 45 48 53 5d 63 64 65 69 6a 6b 6b 33 e 43 69 6b 6a 68 68 69 69 61 3f 23 3b 5e 68 6a 68 66 67 6a 6a 62 35 15 40 69 6b 6a 67 65 66 66 63 56 41 3f 4d 58 5e 62 63 64 63 5e
4f 58 60 63 64 65 5c 3f 2c 45 5f 66 67 69 6a 69 59 1f 1f 58 68 69 68 69 69 60 38 20 42 61 67 69 68 68 68 59 2d 24 4d 65 68 67 65 65 63 5b 43 30 42 5c 63 63 63 63 62 5d 4f 41 44 52 5d 61 60 5c
52 57 5e 63 64 64 63 62 5b 49 35 40 5a 64 68 69 69 6a 6a 6b 60 17 16 5f 6a 6b 6b 68 68 69 69 67 50 27 2b 54 66 69 6a 68 66 67 68 6a 60 3c 25 3f 5e 68 69 68 65 64 62 61 5a 4a 44 4b 55 5c 61 61
57 49 40 4a 5a 62 65 65 64 5b 40 2c 41 5e 67 67 65 65 63 52 34 31 4e 60 64 67 68 69 68 40 1c 37 5c 68 69 69 66 59 30 29 4e 62 68 69 69 65 40 1a 38 63 69 68 66 64 59 44 38 44 57 60 62 5e 5a 57
5a 56 53 50 54 5a 5e 62 66 69 69 68 68 67 64 5e 52 3f 35 4a 65 6a 6b 6b 6b 6b 6a 6a 6a 6a 69 5d 40 2f 3f 58 64 69 6a 6a 68 69 6a 6a 6b 6a 6b 6b 47 27 3a 55 63 68 6a 6b 6a 69 68 66 61 5b 55 51
50 54 5a 5c 60 61 5a 4e 49 4e 58 5f 62 60 5d 56 48 45 50 5d 65 66 67 67 51 25 30 5b 67 69 69 69 68 55 28 29 55 67 69 69 69 69 66 4c 20 2d 5b 68 69 68 68 6a 6a 67 3c 1b 3e 60 67 68 66 65 60 56
64 67 68 66 64 60 59 4f 49 4b 50 5a 64 69 6a 6a 6b 6a 69 6a 69 5b 2c 1d 4c 6b 6c 6b 6b 6a 6a 6a 6a 6a 6a 6a 65 3e 20 3c 5f 69 6a 6a 6a 69 68 66 66 66 61 58 4b 47 4f 56 5b 61 64 67 66 66 65 5f
50 53 59 5d 61 64 66 67 68 66 61 4e 3a 3d 50 60 68 68 67 68 69 6a 6b 6a 5e 27 1e 52 68 6a 6b 6b 6b 6a 6b 6b 6b 65 36 13 40 69 6b 6b 6a 69 66 66 68 68 67 5b 44 37 43 56 62 68 68 68 67 64 61 5c
65 64 59 36 2a 46 5e 66 67 68 61 2f 1c 49 65 69 69 66 56 23 1f 55 68 69 66 5f 4c 29 31 58 63 66 63 56 41 33 42 5b 61 63 62 55 3e 32 45 5d 64 66 62 4f 39 37 4d 5e 63 62 58 47 41 49 52 5c 5d 56
5b 55 47 3e 4a 5a 63 66 65 64 61 4b 2a 33 57 67 67 66 66 66 60 43 23 38 5d 67 68 69 67 65 58 2f 27 4b 60 67 68 67 66 63 49 26 32 57 65 67 68 68 66 5e 32 1c 45 65 69 68 65 64 5b 4b 3d 40 4e 5a
61 63 63 5e 53 41 37 49 5e 65 67 68 68 67 5a 33 24 48 64 69 69 68 67 67 56 2f 26 4a 64 69 69 68 67 66 5d 38 23 42 60 68 69 68 68 68 64 3f 18 38 64 69 68 67 64 61 5b 4c 38 3f 56 5f 62 62 5f 5b
64 66 62 4b 28 2f 57 66 68 67 67 68 66 51 19 23 5f 6a 69 65 65 68 67 5f 2a 1c 4e 65 68 67 66 68 66 4f 21 2a 5b 69 69 64 61 5f 51 40 3d 4d 5c 5f 62 5e 53 4b 4e 58 56 51 57 59 59 54 50 56 5a 58
5e 5c 56 4c 42 4d 5d 63 65 65 65 67 68 65 4c 27 31 59 68 6a 69 68 68 6a 6a 69 4b 18 2b 60 6a 6b 68 67 68 69 69 68 57 26 24 55 67 69 68 67 66 68 67 66 5d 3e 30 46 5c 65 65 66 65 63 5f 5d 56 50
51 48 46 4f 5c 64 66 66 66 64 5f 52 3b 32 4a 63 69 68 67 67 68 68 60 3b 25 40 5d 67 68 68 67 67 69 69 4b 1a 2d 5f 6a 6a 68 6a 6a 69 63 2e 15 48 69 6b 6a 68 66 62 5e 56 47 3f 49 5a 5f 63 62 5f
43 4d 5d 62 62 5e 50 34 2f 4f 65 67 67 64 53 2c 28 4f 65 67 67 63 54 2c 28 50 65 67 66 63 4e 2c 2d 51 63 67 66 62 51 2f 2a 4c 63 68 69 66 50 29 2a 51 65 67 64 5f 50 39 36 4c 5b 60 60 5b 50 48
57 5c 63 65 64 63 5e 4a 33 3d 58 64 68 6a 6a 6a 6a 64 30 16 46 67 6a 6a 68 69 6a 68 5d 2f 21 4b 63 68 68 68 68 69 69 66 3d 15 3b 67 6a 69 66 65 64 64 5f 4f 3f 42 4f 59 62 64 65 62 5c 57 55 54
58 5c 61 61 5c 4c 3f 45 54 5f 63 67 69 68 4f 21 2c 5b 68 6a 69 66 60 46 2d 3d 5a 64 67 65 66 64 55 37 33 4b 5c 64 66 68 68 66 5b 32 25 4b 63 69 68 68 69 69 53 1f 25 59 69 6a 68 66 63 55 41 3f
61 64 66 65 64 63 5b 4f 44 42 50 5f 66 69 69 6a 69 6b 6a 6b 66 29 10 4e 6b 6b 6b 6b 6a 6a 6a 6a 6a 6b 5c 30 20 48 66 6b 6a 6a 69 68 68 67 67 64 57 41 38 49 5c 62 66 68 68 66 64 62 5d 55 52 52
66 68 69 69 69 68 66 62 55 3b 30 49 64 6a 6b 6b 6b 6a 6a 6a 6b 6b 6b 59 21 1e 56 6b 6c 6b 6b 6b 6a 68 68 68 68 67 61 4c 3a 40 50 5e 67 69 68 67 69 68 66 64 60 57 51 4f 51 54 5b 61 63 63 66 65
5a 60 62 5f 52 3b 2f 44 5f 66 67 66 61 41 1d 34 60 67 65 66 64 49 1f 2d 5a 67 66 65 61 4b 28 2f 57 64 66 66 60 46 24 32 5b 66 65 64 60 4d 27 2e 58 65 64 62 5e 55 3e 32 49 5b 60 5f 5b 55 48 45
4a 4a 52 5d 64 68 6a 69 69 69 69 68 65 59 35 23 49 6a 6c 6b 6b 6a 6b 6a 6a 6a 6a 69 61 40 26 3b 5c 69 6a 6a 6b 6a 69 69 69 6a 65 5d 4b 3c 43 53 5f 65 67 68 68 67 67 65 5f 59 56 53 53 54 57 5d
60 61 5a 4b 40 46 57 60 65 67 64 53 39 38 4e 5f 68 6a 69 56 2b 2d 57 67 6a 6b 69 5d 22 1d 56 69 6a 68 68 67 5f 3c 27 40 5c 65 67 66 67 67 5f 40 27 3f 5d 66 67 66 64 5c 49 3a 45 57 5f 5e 5f 5c
44 4c 5c 64 66 65 5b 3e 27 3f 60 68 68 68 67 54 2b 29 51 64 67 66 66 62 46 26 37 5a 65 68 67 62 4a 2c 36 58 65 67 67 62 4d 2c 30 55 64 67 68 66 56 2d 29 51 65 67 66 62 57 43 39 44 56 61 63 5d
64 63 63 61 59 4b 3f 45 56 60 65 68 69 69 6a 6b 6a 45 d 30 6a 6c 6b 69 67 67 68 69 65 51 34 35 4c 5d 68 69 68 67 69 6a 6a 65 37 13 40 69 6c 6a 68 67 66 65 62 59 4b 45 48 50 5b 61 64 65 63 60
5b 54 4e 50 58 5e 61 62 62 60 5d 51 44 43 4e 5b 63 67 6a 6a 69 65 3a 18 3f 65 6a 6a 69 6a 6a 69 59 23 1f 55 68 6a 6a 69 6a 69 6a 62 2a 19 4d 66 6a 6a 68 66 65 64 5c 49 3c 46 52 5a 62 66 66 63
54 5a 5f 62 64 65 66 64 61 58 42 37 49 5c 64 67 67 66 68 6a 6a 6b 5d 24 1e 54 68 6a 69 69 68 69 69 69 64 43 26 3b 5b 66 69 69 67 67 69 6a 6b 68 44 19 36 63 6b 6a 68 67 65 65 64 5e 54 4a 49 50
60 62 62 5a 43 35 44 58 62 66 68 67 60 3b 24 43 61 68 68 67 66 5f 42 2b 3b 57 64 67 68 67 62 48 27 35 58 67 68 68 67 5d 34 24 47 61 68 69 68 64 4c 23 2f 5b 67 69 66 64 57 41 32 42 5a 63 63 5f
64 67 66 63 5c 46 32 3e 58 66 68 68 68 69 6a 69 4e 16 28 5f 6a 6b 6a 69 6a 69 68 53 22 27 56 67 69 69 68 68 68 68 64 41 21 38 5d 68 69 69 66 63 62 5d 50 46 45 4b 57 60 64 64 61 5f 5a 55 52 52
51 43 3b 47 5b 61 63 66 5e 3c 20 3c 62 68 67 65 62 41 1e 34 5e 66 66 65 60 44 22 34 5e 66 66 64 5e 4a 2a 31 56 63 65 65 62 51 2b 2b 55 63 63 64 5f 50 34 33 50 60 61 62 5d 51 3e 3a 4f 5b 5d 5c
61 5f 5b 56 4f 4a 4f 57 5f 63 66 68 69 69 6a 6a 60 35 17 42 6b 6b 6a 6a 68 67 68 69 69 63 50 36 34 4b 60 68 6a 69 68 68 69 6a 6b 6a 3f e 38 6a 6b 6b 6a 68 66 66 65 5e 53 4b 4a 4e 51 5b 63 65
62 5d 54 48 43 4c 57 5f 63 65 67 69 6a 68 33 12 44 66 6b 6a 69 6a 69 66 54 28 28 53 65 69 68 69 6a 69 67 53 26 28 54 65 69 68 66 67 67 67 63 3d 23 40 5f 67 67 67 66 64 61 5a 4b 41 49 54 5d 61
47 4f 5a 62 65 65 65 64 5f 41 28 3e 5f 67 68 66 65 65 64 5a 3a 2d 46 5e 66 65 64 64 65 65 63 4a 27 34 59 66 69 69 68 67 64 4b 23 2f 5a 69 6a 69 69 69 67 48 1d 30 5d 69 69 68 68 63 59 4d 44 48
51 57 5c 60 62 64 60 52 3c 36 4b 5e 67 69 68 68 68 55 23 23 57 68 6a 69 68 69 68 51 23 27 56 67 69 69 67 68 68 58 26 21 52 67 6a 68 67 66 65 59 38 30 4a 5b 63 65 63 64 60 55 48 45 4d 56 5f 5f
55 5e 63 65 62 52 35 33 4f 61 66 69 6a 66 44 22 39 5c 67 69 6a 68 5c 30 22 4b 64 68 69 68 62 4f 31 32 51 63 68 67 68 64 55 36 2b 47 62 66 67 68 68 62 44 26 39 5b 67 66 66 65 5f 49 36 43 58 5f
5a 54 4d 4d 52 57 5e 64 66 66 67 67 67 63 4e 30 35 53 65 69 69 68 68 69 6a 6a 6a 59 20 1f 57 6a 6b 6a 69 69 69 6a 6b 6a 5e 28 1c 50 67 6b 6a 69 67 67 66 66 61 53 41 3f 4d 59 61 66 66 65 63 61
59 5a 58 58 57 58 58 58 58 59 55 53 57 5c 5d 5e 5e 5f 5b 4c 42 49 58 62 66 68 69 69 5d 33 23 48 64 6a 69 69 6a 6a 62 2c 17 4b 69 6a 69 68 68 6a 6b 68 36 12 3f 66 6b 6a 68 67 65 62 5b 4d 3e 41
5f 5d 55 48 40 47 52 5d 62 64 62 54 35 2f 4b 62 66 66 64 5c 3d 26 3d 60 67 67 65 62 4e 26 2f 59 64 65 65 61 4e 2a 30 57 63 67 66 63 4f 24 2a 58 67 68 67 63 4f 22 29 59 66 67 64 5e 53 3f 39 4b
52 4b 49 52 5c 63 66 67 68 68 65 59 3a 21 44 6a 6a 6a 67 66 68 69 69 60 37 23 45 5e 67 69 68 68 68 6a 68 5a 32 25 49 63 69 69 69 69 6b 6a 5d 30 1d 46 66 6b 6a 69 68 65 61 58 46 40 4a 57 5e 61
5e 61 62 63 60 5b 54 4e 48 49 56 60 63 66 68 6a 6a 6b 6a 34 10 42 67 6b 6b 6a 67 68 69 69 61 3f 20 39 60 69 6a 68 67 67 69 6a 6b 67 36 13 41 68 6b 6a 68 67 66 64 60 5c 52 44 45 52 5b 60 64 64
56 5c 62 66 68 69 6a 69 67 64 5d 4f 3b 3b 52 62 68 6a 6a 6a 6a 6b 6a 6a 6a 67 52 31 2e 4c 63 69 6b 6b 6a 6b 6b 6a 69 6a 6a 6a 48 26 38 58 65 68 6a 6a 6a 6a 69 67 64 5e 56 4f 4e 4f 53 5d 63 65
52 57 5d 5e 5f 60 60 60 5d 57 4d 45 4a 56 5d 63 64 66 67 6a 6b 64 2d 16 4a 68 6b 6a 66 65 68 6a 6a 5b 28 20 4f 67 6a 69 66 64 66 6a 6b 6a 4b 1b 2c 5d 6a 6a 68 65 64 65 63 5d 51 44 44 4f 5b 62
58 51 47 49 55 5e 64 65 63 64 64 61 5c 4b 36 3c 59 65 66 65 64 65 68 6b 68 50 22 2a 58 67 69 68 66 68 6a 6a 65 44 1b 33 61 6a 69 67 65 67 6a 6a 63 34 18 42 67 6b 6a 67 65 63 64 5f 51 44 43 4e
52 4e 51 59 5f 5f 63 62 61 5c 4d 3d 45 56 60 65 67 69 69 6b 62 2b 18 4d 68 6b 6a 6a 6a 69 65 47 22 34 5a 66 6a 69 69 69 68 66 50 20 27 59 69 6b 68 66 67 67 68 5d 44 34 41 56 62 65 66 66 63 5d
4c 48 48 51 5b 5e 5a 4d 3a 39 4c 5c 63 65 57 33 28 47 60 66 65 5b 2f 1f 45 61 67 65 5d 3a 1e 3a 5f 66 63 5d 45 27 35 57 62 63 5f 48 30 37 52 5f 61 5c 4a 3b 3e 4f 5f 5e 58 4b 3e 44 51 58 59 55
49 4e 5c 61 5b 4d 39 3c 51 60 64 65 5d 3c 26 3d 5d 68 67 61 4b 26 30 5a 67 68 63 48 29 33 56 66 67 64 53 2b 29 50 64 68 67 59 33 26 49 62 66 64 5b 42 30 42 59 62 61 57 4c 42 44 52 5a 57 55 50
5f 5f 56 48 45 4d 55 5c 62 66 66 5b 3c 32 49 5b 64 65 66 65 5f 37 27 4b 61 67 68 68 68 5a 2c 24 4f 65 69 69 69 68 53 1f 29 5b 66 69 68 69 69 5b 27 1f 51 67 6a 68 65 61 56 44 3c 48 57 5e 62 5e
43 40 51 5f 64 64 64 63 5d 46 2e 3c 5b 64 67 64 64 67 64 45 1f 36 5e 66 67 67 66 65 5d 45 2f 3a 56 65 67 66 65 65 5e 3e 25 3d 5e 67 69 68 68 68 56 1f 21 58 68 69 68 66 61 5a 4d 3c 3b 4e 61 64
