00000001110111101100000111000011111111110111111100000000000000001000010100000101010000000000000000000000000000000000000000000000111000001101110111000001110000111111111101111111000000000000000001101000111001011000101101110110000010100111111100000000000000000000000000000000000000000000000000000000000000000000000000000000011010001101000100001010100010100000101001111111000000000000000000001000110111101100000111000011111111110111111100000000000000000001111100001011111010011000100100001010011111110000000000000000