00000100110111101100000100000001000001001101111011000001000000100000010011011110110000010000001100000100110111101100000100000100000001001101111011000001000001010000010011011110110000010000011000000100110111101100000100000111000001001101111011000001000010000000010011011110110000010000100100000100110111101100000100010000000001001101111011000001000100010000010011011110110000010001001000000100110111101100000100010011000001001101111011000001000101000000010011011110110000010001010100000100110111101100000100010110