5 de c1 c3 ff 7f 0 0 5 de c1 c3 ff 7f 0 1 5 de c1 c3 ff 7f 1 2 5 de c1 c3 ff 7f 3 4 5 de c1 c3 ff 7f 5 6 5 de c1 c3 ff 7f 6 7 5 de c1 c3 ff 7f 7 8 5 de c1 c3 ff 7f 8 9
