6 de c1 c3 ff 7f 0 0 6 de c1 c3 ff 7f 0 0 6 de c1 c3 ff 7f 0 0 6 de c1 c3 ff 7f 0 0 6 de c1 c3 ff 7f 0 0 6 de c1 c3 ff 7f 0 0 6 de c1 c3 ff 7f 0 0 6 de c1 c3 ff 7f 0 0
