Before After
64 16
64 16
64 16
64 16
64 16
64 16
64 16
64 16
