0x4005a7: W 0x7fffc3c1dc90 0 0 0 0 0 0 0 0 0 0 0 0 0 0 0 0 0 0 0 0 0 0 0 0 0 0 0 0 0 0 0 0 0 0 0 0 0 0 0 0 0 0 0 0 0 0 0 0 0 0 0 0 0 0 0 0 1f b e9 89 a 7f 0 0
0x4005a7: W 0x7fffc3c1dc98 1 de c1 c3 ff 7f 0 0 85 5 40 0 0 0 0 0 e0 dd c1 c3 ff 7f 0 0 68 e5 8b 76 a 7f 0 0 0 0 0 0 0 0 0 0 68 d1 a 8a a 7f 0 0 8 de c1 c3 ff 7f 0 0 1f b e9 89 a 7f 0 0 
0x4005a7: W 0x7fffc3c1dca0 2 de c1 c3 ff 7f 0 0 85 5 40 0 0 0 0 0 e0 dd c1 c3 ff 7f 0 0 68 e5 8b 76 a 7f 0 0 0 0 0 0 0 0 0 0 68 d1 a 8a a 7f 0 0 8 de c1 c3 ff 7f 0 0 1f b e9 89 a 7f 0 0
0x4005a7: W 0x7fffc3c1dca8 3 1 3 2 3 3 3 4 3 5 3 6 3 7 3 8 3 9 3 10 3 11 3 12 3 13 3 14 3 15 3 16 3 17 3 18 3 19 3 20 3 21 3 22 3 23 3 24 3 25 3 26 3 27 3 28 3 29 3 30 3 31 3 32
0x4005a7: W 0x7f8fc3c1ecb0 4 de c1 1 4 de c1 2 4 de c1 3 4 de c1 4 4 de c1 5 4 de c1 6 4 de c1 7 4 de c1 8 4 de c1 9 4 de c1 10 4 de c1 11 4 de c1 12 4 de c1 13 4 de c1 14 4 de c1 15 4 de c1 16
0x4005a7: W 0x7f8fc3c1ecb8 5 de c1 c3 ff 7f 0 0 5 de c1 c3 ff 7f 0 1 5 de c1 c3 ff 7f 1 2 5 de c1 c3 ff 7f 3 4 5 de c1 c3 ff 7f 5 6 5 de c1 c3 ff 7f 6 7 5 de c1 c3 ff 7f 7 8 5 de c1 c3 ff 7f 8 9
0x4005a7: W 0x7f8fc3c1ecc0 6 de c1 c3 ff 7f 0 0 6 de c1 c3 ff 7f 0 0 6 de c1 c3 ff 7f 0 0 6 de c1 c3 ff 7f 0 0 6 de c1 c3 ff 7f 0 0 6 de c1 c3 ff 7f 0 0 6 de c1 c3 ff 7f 0 0 6 de c1 c3 ff 7f 0 0
0x4005a7: W 0x7f8fc3c1ecc8 7 de c1 c3 ff 7f 7f 1 0 0 0 0 0 0 0 0 0 0 0 0 0 0 0 0 0 0 0 0 0 0 0 0 0 0 0 0 0 0 0 0 0 0 0 0 0 0 0 0 0 0 0 0 0 0 0 0 0 0 0 0 0 0 0 0
