0x4005a7: W 0x7fff3abcdef0 1 de c1 c3 ff 7f 0 0 85 5 40 0 0 0 0 0 e0 dd c1 c3 ff 7f 0 0 68 e5 8b 76 a 7f 0 0 0 0 0 0 0 0 0 0 68 d1 a 8a a 7f 0 0 8 de c1 c3 ff 7f 0 0 1f b e9 89 a 7f 0 0
0x4005a7: W 0x7fff3bcdefa8 2 de c1 c3 ff 7f 0 0 85 5 40 0 0 0 0 0 e0 dd c1 c3 ff 7f 0 0 68 e5 8b 76 a 7f 0 0 0 0 0 0 0 0 0 0 68 d1 a 8a a 7f 0 0 8 de c1 c3 ff 7f 0 0 1f b e9 89 a 7f 0 0 
0x4005a7: W 0x7fff3cdefab0 3 de c1 c3 ff 7f 0 0 85 5 40 0 0 0 0 0 e0 dd c1 c3 ff 7f 0 0 68 e5 8b 76 a 7f 0 0 0 0 0 0 0 0 0 0 68 d1 a 8a a 7f 0 0 8 de c1 c3 ff 7f 0 0 1f b e9 89 a 7f 0 0
0x4005a7: W 0x7fff3defabc8 4 de c1 c3 ff 7f 0 0 85 5 40 0 0 0 0 0 e0 dd c1 c3 ff 7f 0 0 68 e5 8b 76 a 7f 0 0 0 0 0 0 0 0 0 0 68 d1 a 8a a 7f 0 0 8 de c1 c3 ff 7f 0 0 1f b e9 89 a 7f 0 0
0x4005a7: W 0x7f8f3efabcd0 5 de c1 c3 ff 7f 0 0 85 5 40 0 0 0 0 0 e0 dd c1 c3 ff 7f 0 0 68 e5 8b 76 a 7f 0 0 0 0 0 0 0 0 0 0 68 d1 a 8a a 7f 0 0 8 de c1 c3 ff 7f 0 0 1f b e9 89 a 7f 0 0
0x4005a7: W 0x7f8f3abcdef8 6 de c1 c3 ff 7f 0 0 85 5 40 0 0 0 0 0 e0 dd c1 c3 ff 7f 0 0 68 e5 8b 76 a 7f 0 0 0 0 0 0 0 0 0 0 68 d1 a 8a a 7f 0 0 8 de c1 c3 ff 7f 0 0 1f b e9 89 a 7f 0 0
0x4005a7: W 0x7f8f3bcdefa0 7 de c1 c3 ff 7f 0 0 85 5 40 0 0 0 0 0 e0 dd c1 c3 ff 7f 0 0 68 e5 8b 76 a 7f 0 0 0 0 0 0 0 0 0 0 68 d1 a 8a a 7f 0 0 8 de c1 c3 ff 7f 0 0 1f b e9 89 a 7f 0 0
0x4005a7: W 0x7f8f3cdefab8 8 de c1 c3 ff 7f 0 0 85 5 40 0 0 0 0 0 e0 dd c1 c3 ff 7f 0 0 68 e5 8b 76 a 7f 0 0 0 0 0 0 0 0 0 0 68 d1 a 8a a 7f 0 0 8 de c1 c3 ff 7f 0 0 1f b e9 89 a 7f 0 0
